============================= test session starts =============================
platform win32 -- Python 3.12.10, pytest-9.0.3, pluggy-1.6.0 -- C:\Users\balab\AppData\Local\Programs\Python\Python312\python.exe
cachedir: .pytest_cache
rootdir: c:\Users\balab\OneDrive\Documents\Projects\LLove\love
plugins: anyio-4.13.0, langsmith-0.8.5
collecting ... collected 39 items

tests/test_evolution_systems.py::TestEvolutionEngine::test_singleton PASSED [  2%]
tests/test_evolution_systems.py::TestEvolutionEngine::test_record_interaction FAILED [  5%]
tests/test_evolution_systems.py::TestEvolutionEngine::test_generate_performance_report FAILED [  7%]
tests/test_evolution_systems.py::TestEvolutionEngine::test_create_hypothesis FAILED [ 10%]
tests/test_evolution_systems.py::TestEvolutionEngine::test_create_mutation FAILED [ 12%]
tests/test_evolution_systems.py::TestMetaEvolutionEngine::test_singleton PASSED [ 15%]
tests/test_evolution_systems.py::TestMetaEvolutionEngine::test_initialize_strategies PASSED [ 17%]
tests/test_evolution_systems.py::TestMetaEvolutionEngine::test_record_strategy_outcome FAILED [ 20%]
tests/test_evolution_systems.py::TestMetaEvolutionEngine::test_get_best_strategy PASSED [ 23%]
tests/test_evolution_systems.py::TestMetaEvolutionEngine::test_update_evolutionary_pressures FAILED [ 25%]
tests/test_evolution_systems.py::TestMetaEvolutionEngine::test_get_evolutionary_priorities FAILED [ 28%]
tests/test_evolution_systems.py::TestSwarmEvolutionEngine::test_singleton PASSED [ 30%]
tests/test_evolution_systems.py::TestSwarmEvolutionEngine::test_spawn_swarms FAILED [ 33%]
tests/test_evolution_systems.py::TestSwarmEvolutionEngine::test_update_swarm_performance FAILED [ 35%]
tests/test_evolution_systems.py::TestSwarmEvolutionEngine::test_start_competition FAILED [ 38%]
tests/test_evolution_systems.py::TestSwarmEvolutionEngine::test_optimize_swarm_allocation FAILED [ 41%]
tests/test_evolution_systems.py::TestSelfCoder::test_singleton PASSED    [ 43%]
tests/test_evolution_systems.py::TestSelfCoder::test_safety_rules_loaded PASSED [ 46%]
tests/test_evolution_systems.py::TestSelfCoder::test_check_safety PASSED [ 48%]
tests/test_evolution_systems.py::TestSelfCoder::test_analyze_file PASSED [ 51%]
tests/test_evolution_systems.py::TestSelfCoder::test_generate_modification PASSED [ 53%]
tests/test_evolution_systems.py::TestCrossInstanceLearning::test_singleton PASSED [ 56%]
tests/test_evolution_systems.py::TestCrossInstanceLearning::test_instance_id_generation PASSED [ 58%]
tests/test_evolution_systems.py::TestCrossInstanceLearning::test_share_mutation PASSED [ 61%]
tests/test_evolution_systems.py::TestCrossInstanceLearning::test_share_pattern PASSED [ 64%]
tests/test_evolution_systems.py::TestCrossInstanceLearning::test_discover_mutations PASSED [ 66%]
tests/test_evolution_systems.py::TestCapabilityGapDetector::test_singleton PASSED [ 69%]
tests/test_evolution_systems.py::TestCapabilityGapDetector::test_detect_health_gaps PASSED [ 71%]
tests/test_evolution_systems.py::TestCapabilityGapDetector::test_detect_career_gaps PASSED [ 74%]
tests/test_evolution_systems.py::TestCapabilityGapDetector::test_prioritize_gaps FAILED [ 76%]
tests/test_evolution_systems.py::TestCapabilityGapDetector::test_mark_gap_resolved PASSED [ 79%]
tests/test_evolution_systems.py::TestAutonomousCICD::test_singleton PASSED [ 82%]
tests/test_evolution_systems.py::TestAutonomousCICD::test_rollback_triggers_initialized PASSED [ 84%]
tests/test_evolution_systems.py::TestAutonomousCICD::test_create_deployment PASSED [ 87%]
tests/test_evolution_systems.py::TestAutonomousCICD::test_check_rollback_triggers FAILED [ 89%]
tests/test_evolution_systems.py::TestEvolutionIntegration::test_meta_evolution_with_base_evolution FAILED [ 92%]
tests/test_evolution_systems.py::TestEvolutionIntegration::test_swarm_with_hypotheses FAILED [ 94%]
tests/test_evolution_systems.py::TestEvolutionPerformance::test_interaction_recording_performance FAILED [ 97%]
tests/test_evolution_systems.py::TestEvolutionPerformance::test_hypothesis_generation_performance FAILED [100%]

================================== FAILURES ===================================
_________________ TestEvolutionEngine.test_record_interaction _________________

self = <test_evolution_systems.TestEvolutionEngine object at 0x00000000073365A0>
engine = <core.evolution_engine.EvolutionEngine object at 0x00000000074D67E0>

    def test_record_interaction(self, engine):
        """Test recording an interaction."""
        interaction = InteractionRecord(
            interaction_type="conversation",
            user_satisfaction=0.8,
            response_quality=0.7,
            latency_ms=500,
        )
        engine.record_interaction(interaction)
    
>       assert len(engine._interactions) == 1
E       assert 470 == 1
E        +  where 470 = len([InteractionRecord(id='e2f3da450bf4', timestamp='2026-05-25T19:14:24.068595', interaction_type='test query', user_satisfaction={'response_time': 100, 'mode': 'general'}, response_quality='test response', latency_ms=0.0, tokens_used=0, was_proactive=False, context_relevance=0.5, error_occurred=False, tags=[], metadata={}), InteractionRecord(id='525ae9afde7b', timestamp='2026-05-27T01:07:36.950688', interaction_type={'id': 'f89520ae7416', 'timestamp': '2026-05-27T01:07:36.950688', 'interaction_type': 'conversation', 'user_satisfaction': 0.8, 'response_quality': 0.7, 'latency_ms': 500, 'tokens_used': 0, 'was_proactive': False, 'context_relevance': 0.5, 'error_occurred': False, 'tags': [], 'metadata': {}}, user_satisfaction=None, response_quality=0.5, latency_ms=0.0, tokens_used=0, was_proactive=False, context_relevance=0.5, error_occurred=False, tags=[], metadata={}), InteractionRecord(id='8a7476e778f6', timestamp='2026-05-27T01:07:37.081324', interaction_type={'id': '5bf89541dc64', 'timestamp': '2026-05-27T01:07:37.081324', 'interaction_type': 'conversation', 'user_satisfaction': 0.7, 'response_quality': 0.6, 'latency_ms': 400, 'tokens_used': 0, 'was_proactive': False, 'context_relevance': 0.5, 'error_occurred': False, 'tags': [], 'metadata': {}}, user_satisfaction=None, response_quality=0.5, latency_ms=0.0, tokens_used=0, was_proactive=False, context_relevance=0.5, error_occurred=False, tags=[], metadata={}), InteractionRecord(id='31cbedddbe59', timestamp='2026-05-27T01:07:37.081324', interaction_type={'id': '2da4e70d940f', 'timestamp': '2026-05-27T01:07:37.081324', 'interaction_type': 'conversation', 'user_satisfaction': 0.7999999999999999, 'response_quality': 0.8, 'latency_ms': 450, 'tokens_used': 0, 'was_proactive': False, 'context_relevance': 0.5, 'error_occurred': False, 'tags': [], 'metadata': {}}, user_satisfaction=None, response_quality=0.5, latency_ms=0.0, tokens_used=0, was_proactive=False, context_relevance=0.5, error_occurred=False, tags=[], metadata={}), InteractionRecord(id='34b8fe0379a2', timestamp='2026-05-27T01:07:37.081324', interaction_type={'id': 'f4ab18965d6f', 'timestamp': '2026-05-27T01:07:37.081324', 'interaction_type': 'conversation', 'user_satisfaction': 0.8999999999999999, 'response_quality': 0.6, 'latency_ms': 500, 'tokens_used': 0, 'was_proactive': False, 'context_relevance': 0.5, 'error_occurred': False, 'tags': [], 'metadata': {}}, user_satisfaction=None, response_quality=0.5, latency_ms=0.0, tokens_used=0, was_proactive=False, context_relevance=0.5, error_occurred=False, tags=[], metadata={}), InteractionRecord(id='f8eb52a200a7', timestamp='2026-05-27T01:07:37.081324', interaction_type={'id': '6fe10ef5cf7f', 'timestamp': '2026-05-27T01:07:37.081324', 'interaction_type': 'conversation', 'user_satisfaction': 0.7, 'response_quality': 0.8, 'latency_ms': 550, 'tokens_used': 0, 'was_proactive': False, 'context_relevance': 0.5, 'error_occurred': False, 'tags': [], 'metadata': {}}, user_satisfaction=None, response_quality=0.5, latency_ms=0.0, tokens_used=0, was_proactive=False, context_relevance=0.5, error_occurred=False, tags=[], metadata={}), InteractionRecord(id='f8fa6c8b1fd8', timestamp='2026-05-27T01:07:37.092250', interaction_type={'id': '030ca84ffde5', 'timestamp': '2026-05-27T01:07:37.092250', 'interaction_type': 'conversation', 'user_satisfaction': 0.7999999999999999, 'response_quality': 0.6, 'latency_ms': 600, 'tokens_used': 0, 'was_proactive': False, 'context_relevance': 0.5, 'error_occurred': False, 'tags': [], 'metadata': {}}, user_satisfaction=None, response_quality=0.5, latency_ms=0.0, tokens_used=0, was_proactive=False, context_relevance=0.5, error_occurred=False, tags=[], metadata={}), InteractionRecord(id=inf, timestamp='2026-05-27T01:07:37.092818', interaction_type={'id': '3253838b53d3', 'timestamp': '2026-05-27T01:07:37.092818', 'interaction_type': 'conversation', 'user_satisfaction': 0.8999999999999999, 'response_quality': 0.8, 'latency_ms': 650, 'tokens_used': 0, 'was_proactive': False, 'context_relevance': 0.5, 'error_occurred': False, 'tags': [], 'metadata': {}}, user_satisfaction=None, response_quality=0.5, latency_ms=0.0, tokens_used=0, was_proactive=False, context_relevance=0.5, error_occurred=False, tags=[], metadata={}), InteractionRecord(id='fe5ae29f38fe', timestamp='2026-05-27T01:07:37.092818', interaction_type={'id': '0163153cb2b4', 'timestamp': '2026-05-27T01:07:37.092818', 'interaction_type': 'conversation', 'user_satisfaction': 0.7, 'response_quality': 0.6, 'latency_ms': 700, 'tokens_used': 0, 'was_proactive': False, 'context_relevance': 0.5, 'error_occurred': False, 'tags': [], 'metadata': {}}, user_satisfaction=None, response_quality=0.5, latency_ms=0.0, tokens_used=0, was_proactive=False, context_relevance=0.5, error_occurred=False, tags=[], metadata={}), InteractionRecord(id='a94266b0e6dc', timestamp='2026-05-27T01:07:37.092818', interaction_type={'id': '6ef735dc7502', 'timestamp': '2026-05-27T01:07:37.092818', 'interaction_type': 'conversation', 'user_satisfaction': 0.7999999999999999, 'response_quality': 0.8, 'latency_ms': 750, 'tokens_used': 0, 'was_proactive': False, 'context_relevance': 0.5, 'error_occurred': False, 'tags': [], 'metadata': {}}, user_satisfaction=None, response_quality=0.5, latency_ms=0.0, tokens_used=0, was_proactive=False, context_relevance=0.5, error_occurred=False, tags=[], metadata={}), InteractionRecord(id='5ebebf2085dd', timestamp='2026-05-27T01:07:37.092818', interaction_type={'id': 'a3e7b6f22bc4', 'timestamp': '2026-05-27T01:07:37.092818', 'interaction_type': 'conversation', 'user_satisfaction': 0.8999999999999999, 'response_quality': 0.6, 'latency_ms': 800, 'tokens_used': 0, 'was_proactive': False, 'context_relevance': 0.5, 'error_occurred': False, 'tags': [], 'metadata': {}}, user_satisfaction=None, response_quality=0.5, latency_ms=0.0, tokens_used=0, was_proactive=False, context_relevance=0.5, error_occurred=False, tags=[], metadata={}), InteractionRecord(id='eddded8b8029', timestamp='2026-05-27T01:07:37.092818', interaction_type={'id': 'ed9cfb60e2f0', 'timestamp': '2026-05-27T01:07:37.092818', 'interaction_type': 'conversation', 'user_satisfaction': 0.7, 'response_quality': 0.8, 'latency_ms': 850, 'tokens_used': 0, 'was_proactive': False, 'context_relevance': 0.5, 'error_occurred': False, 'tags': [], 'metadata': {}}, user_satisfaction=None, response_quality=0.5, latency_ms=0.0, tokens_used=0, was_proactive=False, context_relevance=0.5, error_occurred=False, tags=[], metadata={}), InteractionRecord(id='46426420335e', timestamp='2026-05-27T01:08:05.544697', interaction_type={'id': '49c42f07784c', 'timestamp': '2026-05-27T01:08:05.544697', 'interaction_type': 'conversation', 'user_satisfaction': 0.8, 'response_quality': 0.7, 'latency_ms': 0.0, 'tokens_used': 0, 'was_proactive': False, 'context_relevance': 0.5, 'error_occurred': False, 'tags': [], 'metadata': {}}, user_satisfaction=None, response_quality=0.5, latency_ms=0.0, tokens_used=0, was_proactive=False, context_relevance=0.5, error_occurred=False, tags=[], metadata={}), InteractionRecord(id='167b795ddba3', timestamp='2026-05-27T01:08:05.544697', interaction_type={'id': '1715974d7018', 'timestamp': '2026-05-27T01:08:05.544697', 'interaction_type': 'conversation', 'user_satisfaction': 0.8, 'response_quality': 0.7, 'latency_ms': 0.0, 'tokens_used': 0, 'was_proactive': False, 'context_relevance': 0.5, 'error_occurred': False, 'tags': [], 'metadata': {}}, user_satisfaction=None, response_quality=0.5, latency_ms=0.0, tokens_used=0, was_proactive=False, context_relevance=0.5, error_occurred=False, tags=[], metadata={}), InteractionRecord(id='2b4fe625b581', timestamp='2026-05-27T01:08:05.544697', interaction_type={'id': '8c416908236f', 'timestamp': '2026-05-27T01:08:05.544697', 'interaction_type': 'conversation', 'user_satisfaction': 0.8, 'response_quality': 0.7, 'latency_ms': 0.0, 'tokens_used': 0, 'was_proactive': False, 'context_relevance': 0.5, 'error_occurred': False, 'tags': [], 'metadata': {}}, user_satisfaction=None, response_quality=0.5, latency_ms=0.0, tokens_used=0, was_proactive=False, context_relevance=0.5, error_occurred=False, tags=[], metadata={}), InteractionRecord(id='858e39dc93dc', timestamp='2026-05-27T01:08:05.544697', interaction_type={'id': '8f752f06899d', 'timestamp': '2026-05-27T01:08:05.544697', 'interaction_type': 'conversation', 'user_satisfaction': 0.8, 'response_quality': 0.7, 'latency_ms': 0.0, 'tokens_used': 0, 'was_proactive': False, 'context_relevance': 0.5, 'error_occurred': False, 'tags': [], 'metadata': {}}, user_satisfaction=None, response_quality=0.5, latency_ms=0.0, tokens_used=0, was_proactive=False, context_relevance=0.5, error_occurred=False, tags=[], metadata={}), InteractionRecord(id='5e9b93b49461', timestamp='2026-05-27T01:08:05.544697', interaction_type={'id': '7f1ea2d502ef', 'timestamp': '2026-05-27T01:08:05.544697', 'interaction_type': 'conversation', 'user_satisfaction': 0.8, 'response_quality': 0.7, 'latency_ms': 0.0, 'tokens_used': 0, 'was_proactive': False, 'context_relevance': 0.5, 'error_occurred': False, 'tags': [], 'metadata': {}}, user_satisfaction=None, response_quality=0.5, latency_ms=0.0, tokens_used=0, was_proactive=False, context_relevance=0.5, error_occurred=False, tags=[], metadata={}), InteractionRecord(id='d51836a9cb0c', timestamp='2026-05-27T01:08:05.636825', interaction_type={'id': '82d74f817772', 'timestamp': '2026-05-27T01:08:05.636825', 'interaction_type': 'conversation', 'user_satisfaction': 0.7, 'response_quality': 0.6, 'latency_ms': 0.0, 'tokens_used': 0, 'was_proactive': False, 'context_relevance': 0.5, 'error_occurred': False, 'tags': [], 'metadata': {}}, user_satisfaction=None, response_quality=0.5, latency_ms=0.0, tokens_used=0, was_proactive=False, context_relevance=0.5, error_occurred=False, tags=[], metadata={}), InteractionRecord(id='30bf3a63473d', timestamp='2026-05-27T01:08:05.636825', interaction_type={'id': '7a27c5c07dc5', 'timestamp': '2026-05-27T01:08:05.636825', 'interaction_type': 'conversation', 'user_satisfaction': 0.7, 'response_quality': 0.6, 'latency_ms': 0.0, 'tokens_used': 0, 'was_proactive': False, 'context_relevance': 0.5, 'error_occurred': False, 'tags': [], 'metadata': {}}, user_satisfaction=None, response_quality=0.5, latency_ms=0.0, tokens_used=0, was_proactive=False, context_relevance=0.5, error_occurred=False, tags=[], metadata={}), InteractionRecord(id='c3669c27856f', timestamp='2026-05-27T01:08:05.636825', interaction_type={'id': '1c838961accb', 'timestamp': '2026-05-27T01:08:05.636825', 'interaction_type': 'conversation', 'user_satisfaction': 0.7, 'response_quality': 0.6, 'latency_ms': 0.0, 'tokens_used': 0, 'was_proactive': False, 'context_relevance': 0.5, 'error_occurred': False, 'tags': [], 'metadata': {}}, user_satisfaction=None, response_quality=0.5, latency_ms=0.0, tokens_used=0, was_proactive=False, context_relevance=0.5, error_occurred=False, tags=[], metadata={}), InteractionRecord(id='a0df3745705d', timestamp='2026-05-27T01:08:05.636825', interaction_type={'id': 'c516a733cd7e', 'timestamp': '2026-05-27T01:08:05.636825', 'interaction_type': 'conversation', 'user_satisfaction': 0.7, 'response_quality': 0.6, 'latency_ms': 0.0, 'tokens_used': 0, 'was_proactive': False, 'context_relevance': 0.5, 'error_occurred': False, 'tags': [], 'metadata': {}}, user_satisfaction=None, response_quality=0.5, latency_ms=0.0, tokens_used=0, was_proactive=False, context_relevance=0.5, error_occurred=False, tags=[], metadata={}), InteractionRecord(id='ed4882e0a997', timestamp='2026-05-27T01:08:05.643119', interaction_type={'id': '7bff6b1dc9d2', 'timestamp': '2026-05-27T01:08:05.643119', 'interaction_type': 'conversation', 'user_satisfaction': 0.7, 'response_quality': 0.6, 'latency_ms': 0.0, 'tokens_used': 0, 'was_proactive': False, 'context_relevance': 0.5, 'error_occurred': False, 'tags': [], 'metadata': {}}, user_satisfaction=None, response_quality=0.5, latency_ms=0.0, tokens_used=0, was_proactive=False, context_relevance=0.5, error_occurred=False, tags=[], metadata={}), InteractionRecord(id='c6f558e5aa22', timestamp='2026-05-27T01:08:05.643119', interaction_type={'id': 'a7fb16a569d3', 'timestamp': '2026-05-27T01:08:05.643119', 'interaction_type': 'conversation', 'user_satisfaction': 0.7, 'response_quality': 0.6, 'latency_ms': 0.0, 'tokens_used': 0, 'was_proactive': False, 'context_relevance': 0.5, 'error_occurred': False, 'tags': [], 'metadata': {}}, user_satisfaction=None, response_quality=0.5, latency_ms=0.0, tokens_used=0, was_proactive=False, context_relevance=0.5, error_occurred=False, tags=[], metadata={}), InteractionRecord(id='2b4a6ed38ed3', timestamp='2026-05-27T01:08:05.643119', interaction_type={'id': '422b6e731613', 'timestamp': '2026-05-27T01:08:05.643119', 'interaction_type': 'conversation', 'user_satisfaction': 0.7, 'response_quality': 0.6, 'latency_ms': 0.0, 'tokens_used': 0, 'was_proactive': False, 'context_relevance': 0.5, 'error_occurred': False, 'tags': [], 'metadata': {}}, user_satisfaction=None, response_quality=0.5, latency_ms=0.0, tokens_used=0, was_proactive=False, context_relevance=0.5, error_occurred=False, tags=[], metadata={}), InteractionRecord(id='17d3d749ca42', timestamp='2026-05-27T01:08:05.643119', interaction_type={'id': '8a09eaacc5d1', 'timestamp': '2026-05-27T01:08:05.643119', 'interaction_type': 'conversation', 'user_satisfaction': 0.7, 'response_quality': 0.6, 'latency_ms': 0.0, 'tokens_used': 0, 'was_proactive': False, 'context_relevance': 0.5, 'error_occurred': False, 'tags': [], 'metadata': {}}, user_satisfaction=None, response_quality=0.5, latency_ms=0.0, tokens_used=0, was_proactive=False, context_relevance=0.5, error_occurred=False, tags=[], metadata={}), InteractionRecord(id='784e5df63966', timestamp='2026-05-27T01:08:05.643119', interaction_type={'id': '738a902dedbc', 'timestamp': '2026-05-27T01:08:05.643119', 'interaction_type': 'conversation', 'user_satisfaction': 0.7, 'response_quality': 0.6, 'latency_ms': 0.0, 'tokens_used': 0, 'was_proactive': False, 'context_relevance': 0.5, 'error_occurred': False, 'tags': [], 'metadata': {}}, user_satisfaction=None, response_quality=0.5, latency_ms=0.0, tokens_used=0, was_proactive=False, context_relevance=0.5, error_occurred=False, tags=[], metadata={}), InteractionRecord(id='b2a675444082', timestamp='2026-05-27T01:08:05.643119', interaction_type={'id': '5474d20f8c84', 'timestamp': '2026-05-27T01:08:05.643119', 'interaction_type': 'conversation', 'user_satisfaction': 0.7, 'response_quality': 0.6, 'latency_ms': 0.0, 'tokens_used': 0, 'was_proactive': False, 'context_relevance': 0.5, 'error_occurred': False, 'tags': [], 'metadata': {}}, user_satisfaction=None, response_quality=0.5, latency_ms=0.0, tokens_used=0, was_proactive=False, context_relevance=0.5, error_occurred=False, tags=[], metadata={}), InteractionRecord(id='f15520c6760d', timestamp='2026-05-27T01:08:05.643119', interaction_type={'id': '8cc9e98a4366', 'timestamp': '2026-05-27T01:08:05.643119', 'interaction_type': 'conversation', 'user_satisfaction': 0.7, 'response_quality': 0.6, 'latency_ms': 0.0, 'tokens_used': 0, 'was_proactive': False, 'context_relevance': 0.5, 'error_occurred': False, 'tags': [], 'metadata': {}}, user_satisfaction=None, response_quality=0.5, latency_ms=0.0, tokens_used=0, was_proactive=False, context_relevance=0.5, error_occurred=False, tags=[], metadata={}), InteractionRecord(id='16477f0f45eb', timestamp='2026-05-27T01:08:05.643119', interaction_type={'id': '1b6e214b527f', 'timestamp': '2026-05-27T01:08:05.643119', 'interaction_type': 'conversation', 'user_satisfaction': 0.7, 'response_quality': 0.6, 'latency_ms': 0.0, 'tokens_used': 0, 'was_proactive': False, 'context_relevance': 0.5, 'error_occurred': False, 'tags': [], 'metadata': {}}, user_satisfaction=None, response_quality=0.5, latency_ms=0.0, tokens_used=0, was_proactive=False, context_relevance=0.5, error_occurred=False, tags=[], metadata={}), InteractionRecord(id='76d0f0ebf171', timestamp='2026-05-27T01:08:05.643119', interaction_type={'id': '2f9f95717a85', 'timestamp': '2026-05-27T01:08:05.643119', 'interaction_type': 'conversation', 'user_satisfaction': 0.7, 'response_quality': 0.6, 'latency_ms': 0.0, 'tokens_used': 0, 'was_proactive': False, 'context_relevance': 0.5, 'error_occurred': False, 'tags': [], 'metadata': {}}, user_satisfaction=None, response_quality=0.5, latency_ms=0.0, tokens_used=0, was_proactive=False, context_relevance=0.5, error_occurred=False, tags=[], metadata={}), InteractionRecord(id='656cde98d85c', timestamp='2026-05-27T01:08:05.643119', interaction_type={'id': '815a202c7e1c', 'timestamp': '2026-05-27T01:08:05.643119', 'interaction_type': 'conversation', 'user_satisfaction': 0.7, 'response_quality': 0.6, 'latency_ms': 0.0, 'tokens_used': 0, 'was_proactive': False, 'context_relevance': 0.5, 'error_occurred': False, 'tags': [], 'metadata': {}}, user_satisfaction=None, response_quality=0.5, latency_ms=0.0, tokens_used=0, was_proactive=False, context_relevance=0.5, error_occurred=False, tags=[], metadata={}), InteractionRecord(id='8a1a5bce7188', timestamp='2026-05-27T01:08:05.643119', interaction_type={'id': '2008d25e6167', 'timestamp': '2026-05-27T01:08:05.643119', 'interaction_type': 'conversation', 'user_satisfaction': 0.7, 'response_quality': 0.6, 'latency_ms': 0.0, 'tokens_used': 0, 'was_proactive': False, 'context_relevance': 0.5, 'error_occurred': False, 'tags': [], 'metadata': {}}, user_satisfaction=None, response_quality=0.5, latency_ms=0.0, tokens_used=0, was_proactive=False, context_relevance=0.5, error_occurred=False, tags=[], metadata={}), InteractionRecord(id='cebf16722aa4', timestamp='2026-05-27T01:08:05.643119', interaction_type={'id': '86dfdaa44116', 'timestamp': '2026-05-27T01:08:05.643119', 'interaction_type': 'conversation', 'user_satisfaction': 0.7, 'response_quality': 0.6, 'latency_ms': 0.0, 'tokens_used': 0, 'was_proactive': False, 'context_relevance': 0.5, 'error_occurred': False, 'tags': [], 'metadata': {}}, user_satisfaction=None, response_quality=0.5, latency_ms=0.0, tokens_used=0, was_proactive=False, context_relevance=0.5, error_occurred=False, tags=[], metadata={}), InteractionRecord(id='c76bcb7e61b3', timestamp='2026-05-27T01:08:05.643119', interaction_type={'id': '29c2dae9544b', 'timestamp': '2026-05-27T01:08:05.643119', 'interaction_type': 'conversation', 'user_satisfaction': 0.7, 'response_quality': 0.6, 'latency_ms': 0.0, 'tokens_used': 0, 'was_proactive': False, 'context_relevance': 0.5, 'error_occurred': False, 'tags': [], 'metadata': {}}, user_satisfaction=None, response_quality=0.5, latency_ms=0.0, tokens_used=0, was_proactive=False, context_relevance=0.5, error_occurred=False, tags=[], metadata={}), InteractionRecord(id='b827e76baca2', timestamp='2026-05-27T01:08:05.643119', interaction_type={'id': 'ce158d3fba21', 'timestamp': '2026-05-27T01:08:05.643119', 'interaction_type': 'conversation', 'user_satisfaction': 0.7, 'response_quality': 0.6, 'latency_ms': 0.0, 'tokens_used': 0, 'was_proactive': False, 'context_relevance': 0.5, 'error_occurred': False, 'tags': [], 'metadata': {}}, user_satisfaction=None, response_quality=0.5, latency_ms=0.0, tokens_used=0, was_proactive=False, context_relevance=0.5, error_occurred=False, tags=[], metadata={}), InteractionRecord(id='d91e2d0180c1', timestamp='2026-05-27T01:08:05.643119', interaction_type={'id': 'bb024e24cadf', 'timestamp': '2026-05-27T01:08:05.643119', 'interaction_type': 'conversation', 'user_satisfaction': 0.7, 'response_quality': 0.6, 'latency_ms': 0.0, 'tokens_used': 0, 'was_proactive': False, 'context_relevance': 0.5, 'error_occurred': False, 'tags': [], 'metadata': {}}, user_satisfaction=None, response_quality=0.5, latency_ms=0.0, tokens_used=0, was_proactive=False, context_relevance=0.5, error_occurred=False, tags=[], metadata={}), InteractionRecord(id='1ed2480e1e2e', timestamp='2026-05-27T01:08:05.659216', interaction_type={'id': '43ac1dbcd36e', 'timestamp': '2026-05-27T01:08:05.659216', 'interaction_type': 'conversation', 'user_satisfaction': 0.7, 'response_quality': 0.6, 'latency_ms': 0.0, 'tokens_used': 0, 'was_proactive': False, 'context_relevance': 0.5, 'error_occurred': False, 'tags': [], 'metadata': {}}, user_satisfaction=None, response_quality=0.5, latency_ms=0.0, tokens_used=0, was_proactive=False, context_relevance=0.5, error_occurred=False, tags=[], metadata={}), InteractionRecord(id='ec4133fef290', timestamp='2026-05-27T01:08:05.661049', interaction_type={'id': 'b207efc947ea', 'timestamp': '2026-05-27T01:08:05.661049', 'interaction_type': 'conversation', 'user_satisfaction': 0.7, 'response_quality': 0.6, 'latency_ms': 0.0, 'tokens_used': 0, 'was_proactive': False, 'context_relevance': 0.5, 'error_occurred': False, 'tags': [], 'metadata': {}}, user_satisfaction=None, response_quality=0.5, latency_ms=0.0, tokens_used=0, was_proactive=False, context_relevance=0.5, error_occurred=False, tags=[], metadata={}), InteractionRecord(id='61507604b7d0', timestamp='2026-05-27T01:08:05.662521', interaction_type={'id': '293bdbb651fe', 'timestamp': '2026-05-27T01:08:05.662521', 'interaction_type': 'conversation', 'user_satisfaction': 0.7, 'response_quality': 0.6, 'latency_ms': 0.0, 'tokens_used': 0, 'was_proactive': False, 'context_relevance': 0.5, 'error_occurred': False, 'tags': [], 'metadata': {}}, user_satisfaction=None, response_quality=0.5, latency_ms=0.0, tokens_used=0, was_proactive=False, context_relevance=0.5, error_occurred=False, tags=[], metadata={}), InteractionRecord(id='03495f42b6e4', timestamp='2026-05-27T01:08:05.663520', interaction_type={'id': 'b70c9f23914e', 'timestamp': '2026-05-27T01:08:05.663520', 'interaction_type': 'conversation', 'user_satisfaction': 0.7, 'response_quality': 0.6, 'latency_ms': 0.0, 'tokens_used': 0, 'was_proactive': False, 'context_relevance': 0.5, 'error_occurred': False, 'tags': [], 'metadata': {}}, user_satisfaction=None, response_quality=0.5, latency_ms=0.0, tokens_used=0, was_proactive=False, context_relevance=0.5, error_occurred=False, tags=[], metadata={}), InteractionRecord(id='574ad9cd127b', timestamp='2026-05-27T01:08:05.664520', interaction_type={'id': '8f2126cf23bc', 'timestamp': '2026-05-27T01:08:05.664520', 'interaction_type': 'conversation', 'user_satisfaction': 0.7, 'response_quality': 0.6, 'latency_ms': 0.0, 'tokens_used': 0, 'was_proactive': False, 'context_relevance': 0.5, 'error_occurred': False, 'tags': [], 'metadata': {}}, user_satisfaction=None, response_quality=0.5, latency_ms=0.0, tokens_used=0, was_proactive=False, context_relevance=0.5, error_occurred=False, tags=[], metadata={}), InteractionRecord(id='6df77f3acb62', timestamp='2026-05-27T01:08:05.665521', interaction_type={'id': '4bf234ce4f07', 'timestamp': '2026-05-27T01:08:05.665521', 'interaction_type': 'conversation', 'user_satisfaction': 0.7, 'response_quality': 0.6, 'latency_ms': 0.0, 'tokens_used': 0, 'was_proactive': False, 'context_relevance': 0.5, 'error_occurred': False, 'tags': [], 'metadata': {}}, user_satisfaction=None, response_quality=0.5, latency_ms=0.0, tokens_used=0, was_proactive=False, context_relevance=0.5, error_occurred=False, tags=[], metadata={}), InteractionRecord(id='8f7cf32e6937', timestamp='2026-05-27T01:08:05.668029', interaction_type={'id': 'a5a98d11ca6e', 'timestamp': '2026-05-27T01:08:05.668029', 'interaction_type': 'conversation', 'user_satisfaction': 0.7, 'response_quality': 0.6, 'latency_ms': 0.0, 'tokens_used': 0, 'was_proactive': False, 'context_relevance': 0.5, 'error_occurred': False, 'tags': [], 'metadata': {}}, user_satisfaction=None, response_quality=0.5, latency_ms=0.0, tokens_used=0, was_proactive=False, context_relevance=0.5, error_occurred=False, tags=[], metadata={}), InteractionRecord(id='0f2efd2a800d', timestamp='2026-05-27T01:08:05.669029', interaction_type={'id': '84c89938d665', 'timestamp': '2026-05-27T01:08:05.669029', 'interaction_type': 'conversation', 'user_satisfaction': 0.7, 'response_quality': 0.6, 'latency_ms': 0.0, 'tokens_used': 0, 'was_proactive': False, 'context_relevance': 0.5, 'error_occurred': False, 'tags': [], 'metadata': {}}, user_satisfaction=None, response_quality=0.5, latency_ms=0.0, tokens_used=0, was_proactive=False, context_relevance=0.5, error_occurred=False, tags=[], metadata={}), InteractionRecord(id='95892095ed0f', timestamp='2026-05-27T01:08:05.671029', interaction_type={'id': '49f09f6dc103', 'timestamp': '2026-05-27T01:08:05.671029', 'interaction_type': 'conversation', 'user_satisfaction': 0.7, 'response_quality': 0.6, 'latency_ms': 0.0, 'tokens_used': 0, 'was_proactive': False, 'context_relevance': 0.5, 'error_occurred': False, 'tags': [], 'metadata': {}}, user_satisfaction=None, response_quality=0.5, latency_ms=0.0, tokens_used=0, was_proactive=False, context_relevance=0.5, error_occurred=False, tags=[], metadata={}), InteractionRecord(id='088a63ad4f4f', timestamp='2026-05-27T01:08:05.672030', interaction_type={'id': '773fb033b2d4', 'timestamp': '2026-05-27T01:08:05.672030', 'interaction_type': 'conversation', 'user_satisfaction': 0.7, 'response_quality': 0.6, 'latency_ms': 0.0, 'tokens_used': 0, 'was_proactive': False, 'context_relevance': 0.5, 'error_occurred': False, 'tags': [], 'metadata': {}}, user_satisfaction=None, response_quality=0.5, latency_ms=0.0, tokens_used=0, was_proactive=False, context_relevance=0.5, error_occurred=False, tags=[], metadata={}), InteractionRecord(id='4efc85db78dd', timestamp='2026-05-27T01:08:05.674034', interaction_type={'id': '868a504c893d', 'timestamp': '2026-05-27T01:08:05.674034', 'interaction_type': 'conversation', 'user_satisfaction': 0.7, 'response_quality': 0.6, 'latency_ms': 0.0, 'tokens_used': 0, 'was_proactive': False, 'context_relevance': 0.5, 'error_occurred': False, 'tags': [], 'metadata': {}}, user_satisfaction=None, response_quality=0.5, latency_ms=0.0, tokens_used=0, was_proactive=False, context_relevance=0.5, error_occurred=False, tags=[], metadata={}), InteractionRecord(id='3a2fe81d0df7', timestamp='2026-05-27T01:08:05.675034', interaction_type={'id': '0d4d4328b8b3', 'timestamp': '2026-05-27T01:08:05.675034', 'interaction_type': 'conversation', 'user_satisfaction': 0.7, 'response_quality': 0.6, 'latency_ms': 0.0, 'tokens_used': 0, 'was_proactive': False, 'context_relevance': 0.5, 'error_occurred': False, 'tags': [], 'metadata': {}}, user_satisfaction=None, response_quality=0.5, latency_ms=0.0, tokens_used=0, was_proactive=False, context_relevance=0.5, error_occurred=False, tags=[], metadata={}), InteractionRecord(id='43c7ae7da93f', timestamp='2026-05-27T01:08:05.676034', interaction_type={'id': 'cb1a8fba7ec4', 'timestamp': '2026-05-27T01:08:05.676034', 'interaction_type': 'conversation', 'user_satisfaction': 0.7, 'response_quality': 0.6, 'latency_ms': 0.0, 'tokens_used': 0, 'was_proactive': False, 'context_relevance': 0.5, 'error_occurred': False, 'tags': [], 'metadata': {}}, user_satisfaction=None, response_quality=0.5, latency_ms=0.0, tokens_used=0, was_proactive=False, context_relevance=0.5, error_occurred=False, tags=[], metadata={}), InteractionRecord(id='500cfdbdf89b', timestamp='2026-05-27T01:08:05.678157', interaction_type={'id': 'd2cc415a55e4', 'timestamp': '2026-05-27T01:08:05.678157', 'interaction_type': 'conversation', 'user_satisfaction': 0.7, 'response_quality': 0.6, 'latency_ms': 0.0, 'tokens_used': 0, 'was_proactive': False, 'context_relevance': 0.5, 'error_occurred': False, 'tags': [], 'metadata': {}}, user_satisfaction=None, response_quality=0.5, latency_ms=0.0, tokens_used=0, was_proactive=False, context_relevance=0.5, error_occurred=False, tags=[], metadata={}), InteractionRecord(id='b49b14e46105', timestamp='2026-05-27T01:08:05.679163', interaction_type={'id': '29fc10ccca61', 'timestamp': '2026-05-27T01:08:05.679163', 'interaction_type': 'conversation', 'user_satisfaction': 0.7, 'response_quality': 0.6, 'latency_ms': 0.0, 'tokens_used': 0, 'was_proactive': False, 'context_relevance': 0.5, 'error_occurred': False, 'tags': [], 'metadata': {}}, user_satisfaction=None, response_quality=0.5, latency_ms=0.0, tokens_used=0, was_proactive=False, context_relevance=0.5, error_occurred=False, tags=[], metadata={}), InteractionRecord(id='a57f608c2ba7', timestamp='2026-05-27T01:08:05.681162', interaction_type={'id': 'd13a65106f57', 'timestamp': '2026-05-27T01:08:05.681162', 'interaction_type': 'conversation', 'user_satisfaction': 0.7, 'response_quality': 0.6, 'latency_ms': 0.0, 'tokens_used': 0, 'was_proactive': False, 'context_relevance': 0.5, 'error_occurred': False, 'tags': [], 'metadata': {}}, user_satisfaction=None, response_quality=0.5, latency_ms=0.0, tokens_used=0, was_proactive=False, context_relevance=0.5, error_occurred=False, tags=[], metadata={}), InteractionRecord(id='6ac9354500c8', timestamp='2026-05-27T01:08:05.683164', interaction_type={'id': '904cbc418607', 'timestamp': '2026-05-27T01:08:05.682165', 'interaction_type': 'conversation', 'user_satisfaction': 0.7, 'response_quality': 0.6, 'latency_ms': 0.0, 'tokens_used': 0, 'was_proactive': False, 'context_relevance': 0.5, 'error_occurred': False, 'tags': [], 'metadata': {}}, user_satisfaction=None, response_quality=0.5, latency_ms=0.0, tokens_used=0, was_proactive=False, context_relevance=0.5, error_occurred=False, tags=[], metadata={}), InteractionRecord(id='684f6cecb409', timestamp='2026-05-27T01:08:05.684165', interaction_type={'id': '1de77b83159f', 'timestamp': '2026-05-27T01:08:05.684165', 'interaction_type': 'conversation', 'user_satisfaction': 0.7, 'response_quality': 0.6, 'latency_ms': 0.0, 'tokens_used': 0, 'was_proactive': False, 'context_relevance': 0.5, 'error_occurred': False, 'tags': [], 'metadata': {}}, user_satisfaction=None, response_quality=0.5, latency_ms=0.0, tokens_used=0, was_proactive=False, context_relevance=0.5, error_occurred=False, tags=[], metadata={}), InteractionRecord(id='2fee094bceb6', timestamp='2026-05-27T01:08:05.686166', interaction_type={'id': 'b370136e4d1d', 'timestamp': '2026-05-27T01:08:05.686166', 'interaction_type': 'conversation', 'user_satisfaction': 0.7, 'response_quality': 0.6, 'latency_ms': 0.0, 'tokens_used': 0, 'was_proactive': False, 'context_relevance': 0.5, 'error_occurred': False, 'tags': [], 'metadata': {}}, user_satisfaction=None, response_quality=0.5, latency_ms=0.0, tokens_used=0, was_proactive=False, context_relevance=0.5, error_occurred=False, tags=[], metadata={}), InteractionRecord(id='b74eb8b030c7', timestamp='2026-05-27T01:08:05.687677', interaction_type={'id': 'f440ceef98f7', 'timestamp': '2026-05-27T01:08:05.687677', 'interaction_type': 'conversation', 'user_satisfaction': 0.7, 'response_quality': 0.6, 'latency_ms': 0.0, 'tokens_used': 0, 'was_proactive': False, 'context_relevance': 0.5, 'error_occurred': False, 'tags': [], 'metadata': {}}, user_satisfaction=None, response_quality=0.5, latency_ms=0.0, tokens_used=0, was_proactive=False, context_relevance=0.5, error_occurred=False, tags=[], metadata={}), InteractionRecord(id='812d0012c3ba', timestamp='2026-05-27T01:08:05.689679', interaction_type={'id': 'bf5a258b7df9', 'timestamp': '2026-05-27T01:08:05.689679', 'interaction_type': 'conversation', 'user_satisfaction': 0.7, 'response_quality': 0.6, 'latency_ms': 0.0, 'tokens_used': 0, 'was_proactive': False, 'context_relevance': 0.5, 'error_occurred': False, 'tags': [], 'metadata': {}}, user_satisfaction=None, response_quality=0.5, latency_ms=0.0, tokens_used=0, was_proactive=False, context_relevance=0.5, error_occurred=False, tags=[], metadata={}), InteractionRecord(id='835453066dae', timestamp='2026-05-27T01:08:05.691615', interaction_type={'id': 'b9dfa8f075ca', 'timestamp': '2026-05-27T01:08:05.691615', 'interaction_type': 'conversation', 'user_satisfaction': 0.7, 'response_quality': 0.6, 'latency_ms': 0.0, 'tokens_used': 0, 'was_proactive': False, 'context_relevance': 0.5, 'error_occurred': False, 'tags': [], 'metadata': {}}, user_satisfaction=None, response_quality=0.5, latency_ms=0.0, tokens_used=0, was_proactive=False, context_relevance=0.5, error_occurred=False, tags=[], metadata={}), InteractionRecord(id='f8a6583aa56a', timestamp='2026-05-27T01:08:05.691615', interaction_type={'id': '8c126d4db42e', 'timestamp': '2026-05-27T01:08:05.691615', 'interaction_type': 'conversation', 'user_satisfaction': 0.7, 'response_quality': 0.6, 'latency_ms': 0.0, 'tokens_used': 0, 'was_proactive': False, 'context_relevance': 0.5, 'error_occurred': False, 'tags': [], 'metadata': {}}, user_satisfaction=None, response_quality=0.5, latency_ms=0.0, tokens_used=0, was_proactive=False, context_relevance=0.5, error_occurred=False, tags=[], metadata={}), InteractionRecord(id='6c3557433411', timestamp='2026-05-27T01:08:05.695440', interaction_type={'id': 'e116eb132102', 'timestamp': '2026-05-27T01:08:05.695440', 'interaction_type': 'conversation', 'user_satisfaction': 0.7, 'response_quality': 0.6, 'latency_ms': 0.0, 'tokens_used': 0, 'was_proactive': False, 'context_relevance': 0.5, 'error_occurred': False, 'tags': [], 'metadata': {}}, user_satisfaction=None, response_quality=0.5, latency_ms=0.0, tokens_used=0, was_proactive=False, context_relevance=0.5, error_occurred=False, tags=[], metadata={}), InteractionRecord(id='4137d54db27e', timestamp='2026-05-27T01:08:05.697257', interaction_type={'id': '550212cb7176', 'timestamp': '2026-05-27T01:08:05.697257', 'interaction_type': 'conversation', 'user_satisfaction': 0.7, 'response_quality': 0.6, 'latency_ms': 0.0, 'tokens_used': 0, 'was_proactive': False, 'context_relevance': 0.5, 'error_occurred': False, 'tags': [], 'metadata': {}}, user_satisfaction=None, response_quality=0.5, latency_ms=0.0, tokens_used=0, was_proactive=False, context_relevance=0.5, error_occurred=False, tags=[], metadata={}), InteractionRecord(id='9de27277d466', timestamp='2026-05-27T01:08:05.697643', interaction_type={'id': '2279cec7621a', 'timestamp': '2026-05-27T01:08:05.697643', 'interaction_type': 'conversation', 'user_satisfaction': 0.7, 'response_quality': 0.6, 'latency_ms': 0.0, 'tokens_used': 0, 'was_proactive': False, 'context_relevance': 0.5, 'error_occurred': False, 'tags': [], 'metadata': {}}, user_satisfaction=None, response_quality=0.5, latency_ms=0.0, tokens_used=0, was_proactive=False, context_relevance=0.5, error_occurred=False, tags=[], metadata={}), InteractionRecord(id='6263466a6220', timestamp='2026-05-27T01:08:05.701292', interaction_type={'id': '926e507ea839', 'timestamp': '2026-05-27T01:08:05.701292', 'interaction_type': 'conversation', 'user_satisfaction': 0.7, 'response_quality': 0.6, 'latency_ms': 0.0, 'tokens_used': 0, 'was_proactive': False, 'context_relevance': 0.5, 'error_occurred': False, 'tags': [], 'metadata': {}}, user_satisfaction=None, response_quality=0.5, latency_ms=0.0, tokens_used=0, was_proactive=False, context_relevance=0.5, error_occurred=False, tags=[], metadata={}), InteractionRecord(id='05eff93e55ff', timestamp='2026-05-27T01:08:05.701292', interaction_type={'id': '98f7a2586bf9', 'timestamp': '2026-05-27T01:08:05.701292', 'interaction_type': 'conversation', 'user_satisfaction': 0.7, 'response_quality': 0.6, 'latency_ms': 0.0, 'tokens_used': 0, 'was_proactive': False, 'context_relevance': 0.5, 'error_occurred': False, 'tags': [], 'metadata': {}}, user_satisfaction=None, response_quality=0.5, latency_ms=0.0, tokens_used=0, was_proactive=False, context_relevance=0.5, error_occurred=False, tags=[], metadata={}), InteractionRecord(id='e52b3346a5ef', timestamp='2026-05-27T01:08:05.701292', interaction_type={'id': '72085904a09b', 'timestamp': '2026-05-27T01:08:05.701292', 'interaction_type': 'conversation', 'user_satisfaction': 0.7, 'response_quality': 0.6, 'latency_ms': 0.0, 'tokens_used': 0, 'was_proactive': False, 'context_relevance': 0.5, 'error_occurred': False, 'tags': [], 'metadata': {}}, user_satisfaction=None, response_quality=0.5, latency_ms=0.0, tokens_used=0, was_proactive=False, context_relevance=0.5, error_occurred=False, tags=[], metadata={}), InteractionRecord(id='856fd489a03a', timestamp='2026-05-27T01:08:05.701292', interaction_type={'id': '2f16d9bb6d25', 'timestamp': '2026-05-27T01:08:05.701292', 'interaction_type': 'conversation', 'user_satisfaction': 0.7, 'response_quality': 0.6, 'latency_ms': 0.0, 'tokens_used': 0, 'was_proactive': False, 'context_relevance': 0.5, 'error_occurred': False, 'tags': [], 'metadata': {}}, user_satisfaction=None, response_quality=0.5, latency_ms=0.0, tokens_used=0, was_proactive=False, context_relevance=0.5, error_occurred=False, tags=[], metadata={}), InteractionRecord(id='5b3f3e9e2ebc', timestamp='2026-05-27T01:08:05.701292', interaction_type={'id': '2949236b697a', 'timestamp': '2026-05-27T01:08:05.701292', 'interaction_type': 'conversation', 'user_satisfaction': 0.7, 'response_quality': 0.6, 'latency_ms': 0.0, 'tokens_used': 0, 'was_proactive': False, 'context_relevance': 0.5, 'error_occurred': False, 'tags': [], 'metadata': {}}, user_satisfaction=None, response_quality=0.5, latency_ms=0.0, tokens_used=0, was_proactive=False, context_relevance=0.5, error_occurred=False, tags=[], metadata={}), InteractionRecord(id='fe8db2bd88a3', timestamp='2026-05-27T01:08:05.711049', interaction_type={'id': '194ed632a236', 'timestamp': '2026-05-27T01:08:05.711049', 'interaction_type': 'conversation', 'user_satisfaction': 0.7, 'response_quality': 0.6, 'latency_ms': 0.0, 'tokens_used': 0, 'was_proactive': False, 'context_relevance': 0.5, 'error_occurred': False, 'tags': [], 'metadata': {}}, user_satisfaction=None, response_quality=0.5, latency_ms=0.0, tokens_used=0, was_proactive=False, context_relevance=0.5, error_occurred=False, tags=[], metadata={}), InteractionRecord(id='e5c48aa3940a', timestamp='2026-05-27T01:08:05.714342', interaction_type={'id': '641f6b5c8b19', 'timestamp': '2026-05-27T01:08:05.714342', 'interaction_type': 'conversation', 'user_satisfaction': 0.7, 'response_quality': 0.6, 'latency_ms': 0.0, 'tokens_used': 0, 'was_proactive': False, 'context_relevance': 0.5, 'error_occurred': False, 'tags': [], 'metadata': {}}, user_satisfaction=None, response_quality=0.5, latency_ms=0.0, tokens_used=0, was_proactive=False, context_relevance=0.5, error_occurred=False, tags=[], metadata={}), InteractionRecord(id='a170ba4ce063', timestamp='2026-05-27T01:08:05.716342', interaction_type={'id': '573baa9f76df', 'timestamp': '2026-05-27T01:08:05.716342', 'interaction_type': 'conversation', 'user_satisfaction': 0.7, 'response_quality': 0.6, 'latency_ms': 0.0, 'tokens_used': 0, 'was_proactive': False, 'context_relevance': 0.5, 'error_occurred': False, 'tags': [], 'metadata': {}}, user_satisfaction=None, response_quality=0.5, latency_ms=0.0, tokens_used=0, was_proactive=False, context_relevance=0.5, error_occurred=False, tags=[], metadata={}), InteractionRecord(id='a54048fb58be', timestamp='2026-05-27T01:08:05.717853', interaction_type={'id': 'f465931d8bb6', 'timestamp': '2026-05-27T01:08:05.717853', 'interaction_type': 'conversation', 'user_satisfaction': 0.7, 'response_quality': 0.6, 'latency_ms': 0.0, 'tokens_used': 0, 'was_proactive': False, 'context_relevance': 0.5, 'error_occurred': False, 'tags': [], 'metadata': {}}, user_satisfaction=None, response_quality=0.5, latency_ms=0.0, tokens_used=0, was_proactive=False, context_relevance=0.5, error_occurred=False, tags=[], metadata={}), InteractionRecord(id='ca7eb8e73a73', timestamp='2026-05-27T01:08:05.719855', interaction_type={'id': 'fcb70a78fab4', 'timestamp': '2026-05-27T01:08:05.719855', 'interaction_type': 'conversation', 'user_satisfaction': 0.7, 'response_quality': 0.6, 'latency_ms': 0.0, 'tokens_used': 0, 'was_proactive': False, 'context_relevance': 0.5, 'error_occurred': False, 'tags': [], 'metadata': {}}, user_satisfaction=None, response_quality=0.5, latency_ms=0.0, tokens_used=0, was_proactive=False, context_relevance=0.5, error_occurred=False, tags=[], metadata={}), InteractionRecord(id='a6111816d745', timestamp='2026-05-27T01:08:05.721853', interaction_type={'id': '593f6d5b0bbd', 'timestamp': '2026-05-27T01:08:05.721853', 'interaction_type': 'conversation', 'user_satisfaction': 0.7, 'response_quality': 0.6, 'latency_ms': 0.0, 'tokens_used': 0, 'was_proactive': False, 'context_relevance': 0.5, 'error_occurred': False, 'tags': [], 'metadata': {}}, user_satisfaction=None, response_quality=0.5, latency_ms=0.0, tokens_used=0, was_proactive=False, context_relevance=0.5, error_occurred=False, tags=[], metadata={}), InteractionRecord(id='4fe33e82d08a', timestamp='2026-05-27T01:08:05.723858', interaction_type={'id': 'c14214829094', 'timestamp': '2026-05-27T01:08:05.723858', 'interaction_type': 'conversation', 'user_satisfaction': 0.7, 'response_quality': 0.6, 'latency_ms': 0.0, 'tokens_used': 0, 'was_proactive': False, 'context_relevance': 0.5, 'error_occurred': False, 'tags': [], 'metadata': {}}, user_satisfaction=None, response_quality=0.5, latency_ms=0.0, tokens_used=0, was_proactive=False, context_relevance=0.5, error_occurred=False, tags=[], metadata={}), InteractionRecord(id='fe7a5216d32f', timestamp='2026-05-27T01:08:05.725859', interaction_type={'id': 'ae1b78d90150', 'timestamp': '2026-05-27T01:08:05.725859', 'interaction_type': 'conversation', 'user_satisfaction': 0.7, 'response_quality': 0.6, 'latency_ms': 0.0, 'tokens_used': 0, 'was_proactive': False, 'context_relevance': 0.5, 'error_occurred': False, 'tags': [], 'metadata': {}}, user_satisfaction=None, response_quality=0.5, latency_ms=0.0, tokens_used=0, was_proactive=False, context_relevance=0.5, error_occurred=False, tags=[], metadata={}), InteractionRecord(id='c343f21fab5b', timestamp='2026-05-27T01:08:05.728048', interaction_type={'id': '6a645ac36f3b', 'timestamp': '2026-05-27T01:08:05.728048', 'interaction_type': 'conversation', 'user_satisfaction': 0.7, 'response_quality': 0.6, 'latency_ms': 0.0, 'tokens_used': 0, 'was_proactive': False, 'context_relevance': 0.5, 'error_occurred': False, 'tags': [], 'metadata': {}}, user_satisfaction=None, response_quality=0.5, latency_ms=0.0, tokens_used=0, was_proactive=False, context_relevance=0.5, error_occurred=False, tags=[], metadata={}), InteractionRecord(id='609e45e0aa77', timestamp='2026-05-27T01:08:05.730058', interaction_type={'id': '8e852efe0470', 'timestamp': '2026-05-27T01:08:05.730058', 'interaction_type': 'conversation', 'user_satisfaction': 0.7, 'response_quality': 0.6, 'latency_ms': 0.0, 'tokens_used': 0, 'was_proactive': False, 'context_relevance': 0.5, 'error_occurred': False, 'tags': [], 'metadata': {}}, user_satisfaction=None, response_quality=0.5, latency_ms=0.0, tokens_used=0, was_proactive=False, context_relevance=0.5, error_occurred=False, tags=[], metadata={}), InteractionRecord(id='49befcaf6d40', timestamp='2026-05-27T01:08:05.733056', interaction_type={'id': 'dedc21d39d44', 'timestamp': '2026-05-27T01:08:05.733056', 'interaction_type': 'conversation', 'user_satisfaction': 0.7, 'response_quality': 0.6, 'latency_ms': 0.0, 'tokens_used': 0, 'was_proactive': False, 'context_relevance': 0.5, 'error_occurred': False, 'tags': [], 'metadata': {}}, user_satisfaction=None, response_quality=0.5, latency_ms=0.0, tokens_used=0, was_proactive=False, context_relevance=0.5, error_occurred=False, tags=[], metadata={}), InteractionRecord(id='ca369a5e2ad8', timestamp='2026-05-27T01:08:05.735054', interaction_type={'id': '022896fcc827', 'timestamp': '2026-05-27T01:08:05.735054', 'interaction_type': 'conversation', 'user_satisfaction': 0.7, 'response_quality': 0.6, 'latency_ms': 0.0, 'tokens_used': 0, 'was_proactive': False, 'context_relevance': 0.5, 'error_occurred': False, 'tags': [], 'metadata': {}}, user_satisfaction=None, response_quality=0.5, latency_ms=0.0, tokens_used=0, was_proactive=False, context_relevance=0.5, error_occurred=False, tags=[], metadata={}), InteractionRecord(id='5442f966d1f5', timestamp='2026-05-27T01:08:05.738564', interaction_type={'id': 'c4dcd936c9f3', 'timestamp': '2026-05-27T01:08:05.738564', 'interaction_type': 'conversation', 'user_satisfaction': 0.7, 'response_quality': 0.6, 'latency_ms': 0.0, 'tokens_used': 0, 'was_proactive': False, 'context_relevance': 0.5, 'error_occurred': False, 'tags': [], 'metadata': {}}, user_satisfaction=None, response_quality=0.5, latency_ms=0.0, tokens_used=0, was_proactive=False, context_relevance=0.5, error_occurred=False, tags=[], metadata={}), InteractionRecord(id='8bb2edfa241c', timestamp='2026-05-27T01:08:05.740564', interaction_type={'id': '1c799487bd76', 'timestamp': '2026-05-27T01:08:05.740564', 'interaction_type': 'conversation', 'user_satisfaction': 0.7, 'response_quality': 0.6, 'latency_ms': 0.0, 'tokens_used': 0, 'was_proactive': False, 'context_relevance': 0.5, 'error_occurred': False, 'tags': [], 'metadata': {}}, user_satisfaction=None, response_quality=0.5, latency_ms=0.0, tokens_used=0, was_proactive=False, context_relevance=0.5, error_occurred=False, tags=[], metadata={}), InteractionRecord(id='8f8860b74745', timestamp='2026-05-27T01:08:05.741565', interaction_type={'id': 'c860daedcd6e', 'timestamp': '2026-05-27T01:08:05.741565', 'interaction_type': 'conversation', 'user_satisfaction': 0.7, 'response_quality': 0.6, 'latency_ms': 0.0, 'tokens_used': 0, 'was_proactive': False, 'context_relevance': 0.5, 'error_occurred': False, 'tags': [], 'metadata': {}}, user_satisfaction=None, response_quality=0.5, latency_ms=0.0, tokens_used=0, was_proactive=False, context_relevance=0.5, error_occurred=False, tags=[], metadata={}), InteractionRecord(id='5b5e9d4ee310', timestamp='2026-05-27T01:08:05.745369', interaction_type={'id': 'fe3227220a34', 'timestamp': '2026-05-27T01:08:05.745369', 'interaction_type': 'conversation', 'user_satisfaction': 0.7, 'response_quality': 0.6, 'latency_ms': 0.0, 'tokens_used': 0, 'was_proactive': False, 'context_relevance': 0.5, 'error_occurred': False, 'tags': [], 'metadata': {}}, user_satisfaction=None, response_quality=0.5, latency_ms=0.0, tokens_used=0, was_proactive=False, context_relevance=0.5, error_occurred=False, tags=[], metadata={}), InteractionRecord(id='b890994dbe51', timestamp='2026-05-27T01:08:05.747369', interaction_type={'id': 'fd0c7b7febd2', 'timestamp': '2026-05-27T01:08:05.747369', 'interaction_type': 'conversation', 'user_satisfaction': 0.7, 'response_quality': 0.6, 'latency_ms': 0.0, 'tokens_used': 0, 'was_proactive': False, 'context_relevance': 0.5, 'error_occurred': False, 'tags': [], 'metadata': {}}, user_satisfaction=None, response_quality=0.5, latency_ms=0.0, tokens_used=0, was_proactive=False, context_relevance=0.5, error_occurred=False, tags=[], metadata={}), InteractionRecord(id='776bfc249de1', timestamp='2026-05-27T01:08:05.749369', interaction_type={'id': '6c992eeefb33', 'timestamp': '2026-05-27T01:08:05.749369', 'interaction_type': 'conversation', 'user_satisfaction': 0.7, 'response_quality': 0.6, 'latency_ms': 0.0, 'tokens_used': 0, 'was_proactive': False, 'context_relevance': 0.5, 'error_occurred': False, 'tags': [], 'metadata': {}}, user_satisfaction=None, response_quality=0.5, latency_ms=0.0, tokens_used=0, was_proactive=False, context_relevance=0.5, error_occurred=False, tags=[], metadata={}), InteractionRecord(id='932bcf3196c2', timestamp='2026-05-27T01:08:05.752374', interaction_type={'id': '1921a3e39d17', 'timestamp': '2026-05-27T01:08:05.752374', 'interaction_type': 'conversation', 'user_satisfaction': 0.7, 'response_quality': 0.6, 'latency_ms': 0.0, 'tokens_used': 0, 'was_proactive': False, 'context_relevance': 0.5, 'error_occurred': False, 'tags': [], 'metadata': {}}, user_satisfaction=None, response_quality=0.5, latency_ms=0.0, tokens_used=0, was_proactive=False, context_relevance=0.5, error_occurred=False, tags=[], metadata={}), InteractionRecord(id='e0c5c6ac0201', timestamp='2026-05-27T01:08:05.755376', interaction_type={'id': '845287ec99e7', 'timestamp': '2026-05-27T01:08:05.755376', 'interaction_type': 'conversation', 'user_satisfaction': 0.7, 'response_quality': 0.6, 'latency_ms': 0.0, 'tokens_used': 0, 'was_proactive': False, 'context_relevance': 0.5, 'error_occurred': False, 'tags': [], 'metadata': {}}, user_satisfaction=None, response_quality=0.5, latency_ms=0.0, tokens_used=0, was_proactive=False, context_relevance=0.5, error_occurred=False, tags=[], metadata={}), InteractionRecord(id='205a81778346', timestamp='2026-05-27T01:08:05.757681', interaction_type={'id': '9f8d94ea6069', 'timestamp': '2026-05-27T01:08:05.757681', 'interaction_type': 'conversation', 'user_satisfaction': 0.7, 'response_quality': 0.6, 'latency_ms': 0.0, 'tokens_used': 0, 'was_proactive': False, 'context_relevance': 0.5, 'error_occurred': False, 'tags': [], 'metadata': {}}, user_satisfaction=None, response_quality=0.5, latency_ms=0.0, tokens_used=0, was_proactive=False, context_relevance=0.5, error_occurred=False, tags=[], metadata={}), InteractionRecord(id='e71972760c28', timestamp='2026-05-27T01:08:05.758864', interaction_type={'id': 'ae944e17c581', 'timestamp': '2026-05-27T01:08:05.758864', 'interaction_type': 'conversation', 'user_satisfaction': 0.7, 'response_quality': 0.6, 'latency_ms': 0.0, 'tokens_used': 0, 'was_proactive': False, 'context_relevance': 0.5, 'error_occurred': False, 'tags': [], 'metadata': {}}, user_satisfaction=None, response_quality=0.5, latency_ms=0.0, tokens_used=0, was_proactive=False, context_relevance=0.5, error_occurred=False, tags=[], metadata={}), InteractionRecord(id='863eec0f714d', timestamp='2026-05-27T01:08:05.762194', interaction_type={'id': 'c267f71070e1', 'timestamp': '2026-05-27T01:08:05.762194', 'interaction_type': 'conversation', 'user_satisfaction': 0.7, 'response_quality': 0.6, 'latency_ms': 0.0, 'tokens_used': 0, 'was_proactive': False, 'context_relevance': 0.5, 'error_occurred': False, 'tags': [], 'metadata': {}}, user_satisfaction=None, response_quality=0.5, latency_ms=0.0, tokens_used=0, was_proactive=False, context_relevance=0.5, error_occurred=False, tags=[], metadata={}), InteractionRecord(id='809bb11c9322', timestamp='2026-05-27T01:08:05.762194', interaction_type={'id': '510f77f59cb0', 'timestamp': '2026-05-27T01:08:05.762194', 'interaction_type': 'conversation', 'user_satisfaction': 0.7, 'response_quality': 0.6, 'latency_ms': 0.0, 'tokens_used': 0, 'was_proactive': False, 'context_relevance': 0.5, 'error_occurred': False, 'tags': [], 'metadata': {}}, user_satisfaction=None, response_quality=0.5, latency_ms=0.0, tokens_used=0, was_proactive=False, context_relevance=0.5, error_occurred=False, tags=[], metadata={}), InteractionRecord(id='226cb8015a07', timestamp='2026-05-27T01:08:05.767295', interaction_type={'id': '6e54475fc963', 'timestamp': '2026-05-27T01:08:05.767295', 'interaction_type': 'conversation', 'user_satisfaction': 0.7, 'response_quality': 0.6, 'latency_ms': 0.0, 'tokens_used': 0, 'was_proactive': False, 'context_relevance': 0.5, 'error_occurred': False, 'tags': [], 'metadata': {}}, user_satisfaction=None, response_quality=0.5, latency_ms=0.0, tokens_used=0, was_proactive=False, context_relevance=0.5, error_occurred=False, tags=[], metadata={}), InteractionRecord(id='e423a6ee7d06', timestamp='2026-05-27T01:08:05.767295', interaction_type={'id': '9e4bde36cc73', 'timestamp': '2026-05-27T01:08:05.767295', 'interaction_type': 'conversation', 'user_satisfaction': 0.7, 'response_quality': 0.6, 'latency_ms': 0.0, 'tokens_used': 0, 'was_proactive': False, 'context_relevance': 0.5, 'error_occurred': False, 'tags': [], 'metadata': {}}, user_satisfaction=None, response_quality=0.5, latency_ms=0.0, tokens_used=0, was_proactive=False, context_relevance=0.5, error_occurred=False, tags=[], metadata={}), InteractionRecord(id='aa30b4225b64', timestamp='2026-05-27T01:08:05.767295', interaction_type={'id': 'f72750824659', 'timestamp': '2026-05-27T01:08:05.767295', 'interaction_type': 'conversation', 'user_satisfaction': 0.7, 'response_quality': 0.6, 'latency_ms': 0.0, 'tokens_used': 0, 'was_proactive': False, 'context_relevance': 0.5, 'error_occurred': False, 'tags': [], 'metadata': {}}, user_satisfaction=None, response_quality=0.5, latency_ms=0.0, tokens_used=0, was_proactive=False, context_relevance=0.5, error_occurred=False, tags=[], metadata={}), InteractionRecord(id='a6424d62cb13', timestamp='2026-05-27T01:08:05.767295', interaction_type={'id': '44f24a4cb5c0', 'timestamp': '2026-05-27T01:08:05.767295', 'interaction_type': 'conversation', 'user_satisfaction': 0.7, 'response_quality': 0.6, 'latency_ms': 0.0, 'tokens_used': 0, 'was_proactive': False, 'context_relevance': 0.5, 'error_occurred': False, 'tags': [], 'metadata': {}}, user_satisfaction=None, response_quality=0.5, latency_ms=0.0, tokens_used=0, was_proactive=False, context_relevance=0.5, error_occurred=False, tags=[], metadata={}), InteractionRecord(id='e09c7f385a9d', timestamp='2026-05-27T01:08:05.777881', interaction_type={'id': 'fa37337d17d0', 'timestamp': '2026-05-27T01:08:05.777881', 'interaction_type': 'conversation', 'user_satisfaction': 0.7, 'response_quality': 0.6, 'latency_ms': 0.0, 'tokens_used': 0, 'was_proactive': False, 'context_relevance': 0.5, 'error_occurred': False, 'tags': [], 'metadata': {}}, user_satisfaction=None, response_quality=0.5, latency_ms=0.0, tokens_used=0, was_proactive=False, context_relevance=0.5, error_occurred=False, tags=[], metadata={}), InteractionRecord(id='f67368525e10', timestamp='2026-05-27T01:08:05.777881', interaction_type={'id': '39ef78f89da1', 'timestamp': '2026-05-27T01:08:05.777881', 'interaction_type': 'conversation', 'user_satisfaction': 0.7, 'response_quality': 0.6, 'latency_ms': 0.0, 'tokens_used': 0, 'was_proactive': False, 'context_relevance': 0.5, 'error_occurred': False, 'tags': [], 'metadata': {}}, user_satisfaction=None, response_quality=0.5, latency_ms=0.0, tokens_used=0, was_proactive=False, context_relevance=0.5, error_occurred=False, tags=[], metadata={}), InteractionRecord(id='f3670a9c4ef2', timestamp='2026-05-27T01:08:05.777881', interaction_type={'id': '634fc0d85cf8', 'timestamp': '2026-05-27T01:08:05.777881', 'interaction_type': 'conversation', 'user_satisfaction': 0.7, 'response_quality': 0.6, 'latency_ms': 0.0, 'tokens_used': 0, 'was_proactive': False, 'context_relevance': 0.5, 'error_occurred': False, 'tags': [], 'metadata': {}}, user_satisfaction=None, response_quality=0.5, latency_ms=0.0, tokens_used=0, was_proactive=False, context_relevance=0.5, error_occurred=False, tags=[], metadata={}), InteractionRecord(id='f39ffcb9f7f4', timestamp='2026-05-27T01:08:05.777881', interaction_type={'id': '170c42416971', 'timestamp': '2026-05-27T01:08:05.777881', 'interaction_type': 'conversation', 'user_satisfaction': 0.7, 'response_quality': 0.6, 'latency_ms': 0.0, 'tokens_used': 0, 'was_proactive': False, 'context_relevance': 0.5, 'error_occurred': False, 'tags': [], 'metadata': {}}, user_satisfaction=None, response_quality=0.5, latency_ms=0.0, tokens_used=0, was_proactive=False, context_relevance=0.5, error_occurred=False, tags=[], metadata={}), InteractionRecord(id='186a8f53efb5', timestamp='2026-05-27T01:08:05.787956', interaction_type={'id': '914a302b1e90', 'timestamp': '2026-05-27T01:08:05.787956', 'interaction_type': 'conversation', 'user_satisfaction': 0.7, 'response_quality': 0.6, 'latency_ms': 0.0, 'tokens_used': 0, 'was_proactive': False, 'context_relevance': 0.5, 'error_occurred': False, 'tags': [], 'metadata': {}}, user_satisfaction=None, response_quality=0.5, latency_ms=0.0, tokens_used=0, was_proactive=False, context_relevance=0.5, error_occurred=False, tags=[], metadata={}), InteractionRecord(id='24e1d2c111a9', timestamp='2026-05-27T01:08:05.787956', interaction_type={'id': '3944bb7de7a0', 'timestamp': '2026-05-27T01:08:05.787956', 'interaction_type': 'conversation', 'user_satisfaction': 0.7, 'response_quality': 0.6, 'latency_ms': 0.0, 'tokens_used': 0, 'was_proactive': False, 'context_relevance': 0.5, 'error_occurred': False, 'tags': [], 'metadata': {}}, user_satisfaction=None, response_quality=0.5, latency_ms=0.0, tokens_used=0, was_proactive=False, context_relevance=0.5, error_occurred=False, tags=[], metadata={}), InteractionRecord(id='6b7d02505158', timestamp='2026-05-27T01:08:05.793979', interaction_type={'id': '15b0fab64e3f', 'timestamp': '2026-05-27T01:08:05.793979', 'interaction_type': 'conversation', 'user_satisfaction': 0.7, 'response_quality': 0.6, 'latency_ms': 0.0, 'tokens_used': 0, 'was_proactive': False, 'context_relevance': 0.5, 'error_occurred': False, 'tags': [], 'metadata': {}}, user_satisfaction=None, response_quality=0.5, latency_ms=0.0, tokens_used=0, was_proactive=False, context_relevance=0.5, error_occurred=False, tags=[], metadata={}), InteractionRecord(id='7e274348413f', timestamp='2026-05-27T01:08:05.793979', interaction_type={'id': '9c30487bdda1', 'timestamp': '2026-05-27T01:08:05.793979', 'interaction_type': 'conversation', 'user_satisfaction': 0.7, 'response_quality': 0.6, 'latency_ms': 0.0, 'tokens_used': 0, 'was_proactive': False, 'context_relevance': 0.5, 'error_occurred': False, 'tags': [], 'metadata': {}}, user_satisfaction=None, response_quality=0.5, latency_ms=0.0, tokens_used=0, was_proactive=False, context_relevance=0.5, error_occurred=False, tags=[], metadata={}), InteractionRecord(id='7d4109045e52', timestamp='2026-05-27T01:08:05.801466', interaction_type={'id': 'ceea58ae41f7', 'timestamp': '2026-05-27T01:08:05.801466', 'interaction_type': 'conversation', 'user_satisfaction': 0.7, 'response_quality': 0.6, 'latency_ms': 0.0, 'tokens_used': 0, 'was_proactive': False, 'context_relevance': 0.5, 'error_occurred': False, 'tags': [], 'metadata': {}}, user_satisfaction=None, response_quality=0.5, latency_ms=0.0, tokens_used=0, was_proactive=False, context_relevance=0.5, error_occurred=False, tags=[], metadata={}), InteractionRecord(id='fedcf8ba6ba3', timestamp='2026-05-27T01:08:05.801466', interaction_type={'id': 'd5251ca5e541', 'timestamp': '2026-05-27T01:08:05.801466', 'interaction_type': 'conversation', 'user_satisfaction': 0.7, 'response_quality': 0.6, 'latency_ms': 0.0, 'tokens_used': 0, 'was_proactive': False, 'context_relevance': 0.5, 'error_occurred': False, 'tags': [], 'metadata': {}}, user_satisfaction=None, response_quality=0.5, latency_ms=0.0, tokens_used=0, was_proactive=False, context_relevance=0.5, error_occurred=False, tags=[], metadata={}), InteractionRecord(id='3f45d4f4bce1', timestamp='2026-05-27T01:08:05.801466', interaction_type={'id': 'b1519b0c84f5', 'timestamp': '2026-05-27T01:08:05.801466', 'interaction_type': 'conversation', 'user_satisfaction': 0.7, 'response_quality': 0.6, 'latency_ms': 0.0, 'tokens_used': 0, 'was_proactive': False, 'context_relevance': 0.5, 'error_occurred': False, 'tags': [], 'metadata': {}}, user_satisfaction=None, response_quality=0.5, latency_ms=0.0, tokens_used=0, was_proactive=False, context_relevance=0.5, error_occurred=False, tags=[], metadata={}), InteractionRecord(id='542a2ac35232', timestamp='2026-05-27T01:08:05.809986', interaction_type={'id': 'a6e614e3f061', 'timestamp': '2026-05-27T01:08:05.809986', 'interaction_type': 'conversation', 'user_satisfaction': 0.7, 'response_quality': 0.6, 'latency_ms': 0.0, 'tokens_used': 0, 'was_proactive': False, 'context_relevance': 0.5, 'error_occurred': False, 'tags': [], 'metadata': {}}, user_satisfaction=None, response_quality=0.5, latency_ms=0.0, tokens_used=0, was_proactive=False, context_relevance=0.5, error_occurred=False, tags=[], metadata={}), InteractionRecord(id='566d4c836587', timestamp='2026-05-27T01:08:05.809986', interaction_type={'id': 'f980d8a33d65', 'timestamp': '2026-05-27T01:08:05.809986', 'interaction_type': 'conversation', 'user_satisfaction': 0.7, 'response_quality': 0.6, 'latency_ms': 0.0, 'tokens_used': 0, 'was_proactive': False, 'context_relevance': 0.5, 'error_occurred': False, 'tags': [], 'metadata': {}}, user_satisfaction=None, response_quality=0.5, latency_ms=0.0, tokens_used=0, was_proactive=False, context_relevance=0.5, error_occurred=False, tags=[], metadata={}), InteractionRecord(id='62327ffbc69e', timestamp='2026-05-27T01:08:05.816542', interaction_type={'id': 'cf0bd5426235', 'timestamp': '2026-05-27T01:08:05.816542', 'interaction_type': 'conversation', 'user_satisfaction': 0.7, 'response_quality': 0.6, 'latency_ms': 0.0, 'tokens_used': 0, 'was_proactive': False, 'context_relevance': 0.5, 'error_occurred': False, 'tags': [], 'metadata': {}}, user_satisfaction=None, response_quality=0.5, latency_ms=0.0, tokens_used=0, was_proactive=False, context_relevance=0.5, error_occurred=False, tags=[], metadata={}), InteractionRecord(id='4ac70cca0142', timestamp='2026-05-27T01:08:05.816542', interaction_type={'id': '2cfc069b9f61', 'timestamp': '2026-05-27T01:08:05.816542', 'interaction_type': 'conversation', 'user_satisfaction': 0.7, 'response_quality': 0.6, 'latency_ms': 0.0, 'tokens_used': 0, 'was_proactive': False, 'context_relevance': 0.5, 'error_occurred': False, 'tags': [], 'metadata': {}}, user_satisfaction=None, response_quality=0.5, latency_ms=0.0, tokens_used=0, was_proactive=False, context_relevance=0.5, error_occurred=False, tags=[], metadata={}), InteractionRecord(id='93529a564c73', timestamp='2026-05-27T01:08:05.816542', interaction_type={'id': '16c3b1445aa5', 'timestamp': '2026-05-27T01:08:05.816542', 'interaction_type': 'conversation', 'user_satisfaction': 0.7, 'response_quality': 0.6, 'latency_ms': 0.0, 'tokens_used': 0, 'was_proactive': False, 'context_relevance': 0.5, 'error_occurred': False, 'tags': [], 'metadata': {}}, user_satisfaction=None, response_quality=0.5, latency_ms=0.0, tokens_used=0, was_proactive=False, context_relevance=0.5, error_occurred=False, tags=[], metadata={}), InteractionRecord(id='2ce1c423e166', timestamp='2026-05-27T01:08:05.816542', interaction_type={'id': '4322a0b1ecc1', 'timestamp': '2026-05-27T01:08:05.816542', 'interaction_type': 'conversation', 'user_satisfaction': 0.7, 'response_quality': 0.6, 'latency_ms': 0.0, 'tokens_used': 0, 'was_proactive': False, 'context_relevance': 0.5, 'error_occurred': False, 'tags': [], 'metadata': {}}, user_satisfaction=None, response_quality=0.5, latency_ms=0.0, tokens_used=0, was_proactive=False, context_relevance=0.5, error_occurred=False, tags=[], metadata={}), InteractionRecord(id='b4efc4419542', timestamp='2026-05-27T01:08:05.827486', interaction_type={'id': '0f8edfbdf38d', 'timestamp': '2026-05-27T01:08:05.827486', 'interaction_type': 'conversation', 'user_satisfaction': 0.7, 'response_quality': 0.6, 'latency_ms': 0.0, 'tokens_used': 0, 'was_proactive': False, 'context_relevance': 0.5, 'error_occurred': False, 'tags': [], 'metadata': {}}, user_satisfaction=None, response_quality=0.5, latency_ms=0.0, tokens_used=0, was_proactive=False, context_relevance=0.5, error_occurred=False, tags=[], metadata={}), InteractionRecord(id='978baba2132f', timestamp='2026-05-27T01:08:05.827486', interaction_type={'id': 'b8e0de9741fb', 'timestamp': '2026-05-27T01:08:05.827486', 'interaction_type': 'conversation', 'user_satisfaction': 0.7, 'response_quality': 0.6, 'latency_ms': 0.0, 'tokens_used': 0, 'was_proactive': False, 'context_relevance': 0.5, 'error_occurred': False, 'tags': [], 'metadata': {}}, user_satisfaction=None, response_quality=0.5, latency_ms=0.0, tokens_used=0, was_proactive=False, context_relevance=0.5, error_occurred=False, tags=[], metadata={}), InteractionRecord(id='0225a4d3dcbe', timestamp='2026-05-27T01:08:05.834851', interaction_type={'id': 'dacd63531caf', 'timestamp': '2026-05-27T01:08:05.834851', 'interaction_type': 'conversation', 'user_satisfaction': 0.7, 'response_quality': 0.6, 'latency_ms': 0.0, 'tokens_used': 0, 'was_proactive': False, 'context_relevance': 0.5, 'error_occurred': False, 'tags': [], 'metadata': {}}, user_satisfaction=None, response_quality=0.5, latency_ms=0.0, tokens_used=0, was_proactive=False, context_relevance=0.5, error_occurred=False, tags=[], metadata={}), InteractionRecord(id='b366f097a6eb', timestamp='2026-05-27T01:08:05.838375', interaction_type={'id': '1ce0aa76745b', 'timestamp': '2026-05-27T01:08:05.838375', 'interaction_type': 'conversation', 'user_satisfaction': 0.7, 'response_quality': 0.6, 'latency_ms': 0.0, 'tokens_used': 0, 'was_proactive': False, 'context_relevance': 0.5, 'error_occurred': False, 'tags': [], 'metadata': {}}, user_satisfaction=None, response_quality=0.5, latency_ms=0.0, tokens_used=0, was_proactive=False, context_relevance=0.5, error_occurred=False, tags=[], metadata={}), InteractionRecord(id='1de2ce6e8ca5', timestamp='2026-05-27T01:08:05.838375', interaction_type={'id': 'd55f5b4efd97', 'timestamp': '2026-05-27T01:08:05.838375', 'interaction_type': 'conversation', 'user_satisfaction': 0.7, 'response_quality': 0.6, 'latency_ms': 0.0, 'tokens_used': 0, 'was_proactive': False, 'context_relevance': 0.5, 'error_occurred': False, 'tags': [], 'metadata': {}}, user_satisfaction=None, response_quality=0.5, latency_ms=0.0, tokens_used=0, was_proactive=False, context_relevance=0.5, error_occurred=False, tags=[], metadata={}), InteractionRecord(id='128cd2ef29a2', timestamp='2026-05-27T01:55:29.115062', interaction_type='conversation', user_satisfaction=1.0, response_quality=0.5, latency_ms=0.0, tokens_used=0, was_proactive=False, context_relevance=0.5, error_occurred=False, tags=[], metadata={}), InteractionRecord(id='f0df2a9e16b9', timestamp='2026-05-27T01:55:29.187742', interaction_type='conversation', user_satisfaction=-0.7, response_quality=0.5, latency_ms=0.0, tokens_used=0, was_proactive=False, context_relevance=0.5, error_occurred=False, tags=[], metadata={}), InteractionRecord(id='ceba479a209d', timestamp='2026-05-27T01:56:51.318195', interaction_type='conversation', user_satisfaction=1.0, response_quality=0.5, latency_ms=0.0, tokens_used=0, was_proactive=False, context_relevance=0.5, error_occurred=False, tags=[], metadata={}), InteractionRecord(id='d70408f92f8f', timestamp='2026-05-27T01:56:51.357519', interaction_type='conversation', user_satisfaction=-0.7, response_quality=0.5, latency_ms=0.0, tokens_used=0, was_proactive=False, context_relevance=0.5, error_occurred=False, tags=[], metadata={}), InteractionRecord(id='04bef9c01cd2', timestamp='2026-05-27T09:10:45.546336', interaction_type="InteractionRecord(id='6ef4f6a0c7f6', timestamp='2026-05-27T09:10:45.546336', interaction_type='conversation', user_satisfaction=0.8, response_quality=0.7, latency_ms=500, tokens_used=0, was_proactive=False, context_relevance=0.5, error_occurred=False, tags=[], metadata={})", user_satisfaction=None, response_quality=0.5, latency_ms=0.0, tokens_used=0, was_proactive=False, context_relevance=0.5, error_occurred=False, tags=[], metadata={}), InteractionRecord(id='cfeed52ac79d', timestamp='2026-05-27T09:10:45.646274', interaction_type="InteractionRecord(id='004c5b3341dc', timestamp='2026-05-27T09:10:45.646274', interaction_type='conversation', user_satisfaction=0.7, response_quality=0.6, latency_ms=400, tokens_used=0, was_proactive=False, context_relevance=0.5, error_occurred=False, tags=[], metadata={})", user_satisfaction=None, response_quality=0.5, latency_ms=0.0, tokens_used=0, was_proactive=False, context_relevance=0.5, error_occurred=False, tags=[], metadata={}), InteractionRecord(id='2d0376b2d8d6', timestamp='2026-05-27T09:10:45.646274', interaction_type="InteractionRecord(id='b8f8d8dcda8a', timestamp='2026-05-27T09:10:45.646274', interaction_type='conversation', user_satisfaction=0.7999999999999999, response_quality=0.8, latency_ms=450, tokens_used=0, was_proactive=False, context_relevance=0.5, error_occurred=False, tags=[], metadata={})", user_satisfaction=None, response_quality=0.5, latency_ms=0.0, tokens_used=0, was_proactive=False, context_relevance=0.5, error_occurred=False, tags=[], metadata={}), InteractionRecord(id='51eba0386522', timestamp='2026-05-27T09:10:45.646274', interaction_type="InteractionRecord(id='11642981b673', timestamp='2026-05-27T09:10:45.646274', interaction_type='conversation', user_satisfaction=0.8999999999999999, response_quality=0.6, latency_ms=500, tokens_used=0, was_proactive=False, context_relevance=0.5, error_occurred=False, tags=[], metadata={})", user_satisfaction=None, response_quality=0.5, latency_ms=0.0, tokens_used=0, was_proactive=False, context_relevance=0.5, error_occurred=False, tags=[], metadata={}), InteractionRecord(id='698c96e0a1a2', timestamp='2026-05-27T09:10:45.646274', interaction_type="InteractionRecord(id='ab8900a880d5', timestamp='2026-05-27T09:10:45.646274', interaction_type='conversation', user_satisfaction=0.7, response_quality=0.8, latency_ms=550, tokens_used=0, was_proactive=False, context_relevance=0.5, error_occurred=False, tags=[], metadata={})", user_satisfaction=None, response_quality=0.5, latency_ms=0.0, tokens_used=0, was_proactive=False, context_relevance=0.5, error_occurred=False, tags=[], metadata={}), InteractionRecord(id='09012ff7b26b', timestamp='2026-05-27T09:10:45.664222', interaction_type="InteractionRecord(id='31a815e3c92f', timestamp='2026-05-27T09:10:45.664222', interaction_type='conversation', user_satisfaction=0.7999999999999999, response_quality=0.6, latency_ms=600, tokens_used=0, was_proactive=False, context_relevance=0.5, error_occurred=False, tags=[], metadata={})", user_satisfaction=None, response_quality=0.5, latency_ms=0.0, tokens_used=0, was_proactive=False, context_relevance=0.5, error_occurred=False, tags=[], metadata={}), InteractionRecord(id='e43116528eb0', timestamp='2026-05-27T09:10:45.667277', interaction_type="InteractionRecord(id='1f94a661291f', timestamp='2026-05-27T09:10:45.667277', interaction_type='conversation', user_satisfaction=0.8999999999999999, response_quality=0.8, latency_ms=650, tokens_used=0, was_proactive=False, context_relevance=0.5, error_occurred=False, tags=[], metadata={})", user_satisfaction=None, response_quality=0.5, latency_ms=0.0, tokens_used=0, was_proactive=False, context_relevance=0.5, error_occurred=False, tags=[], metadata={}), InteractionRecord(id='2bb70aefdade', timestamp='2026-05-27T09:10:45.668278', interaction_type="InteractionRecord(id='92efc7b9d34e', timestamp='2026-05-27T09:10:45.668278', interaction_type='conversation', user_satisfaction=0.7, response_quality=0.6, latency_ms=700, tokens_used=0, was_proactive=False, context_relevance=0.5, error_occurred=False, tags=[], metadata={})", user_satisfaction=None, response_quality=0.5, latency_ms=0.0, tokens_used=0, was_proactive=False, context_relevance=0.5, error_occurred=False, tags=[], metadata={}), InteractionRecord(id='8eef67245321', timestamp='2026-05-27T09:10:45.668278', interaction_type="InteractionRecord(id='589d80559c25', timestamp='2026-05-27T09:10:45.668278', interaction_type='conversation', user_satisfaction=0.7999999999999999, response_quality=0.8, latency_ms=750, tokens_used=0, was_proactive=False, context_relevance=0.5, error_occurred=False, tags=[], metadata={})", user_satisfaction=None, response_quality=0.5, latency_ms=0.0, tokens_used=0, was_proactive=False, context_relevance=0.5, error_occurred=False, tags=[], metadata={}), InteractionRecord(id='8d40a7217cc8', timestamp='2026-05-27T09:10:45.668278', interaction_type="InteractionRecord(id='e7fcc520b900', timestamp='2026-05-27T09:10:45.668278', interaction_type='conversation', user_satisfaction=0.8999999999999999, response_quality=0.6, latency_ms=800, tokens_used=0, was_proactive=False, context_relevance=0.5, error_occurred=False, tags=[], metadata={})", user_satisfaction=None, response_quality=0.5, latency_ms=0.0, tokens_used=0, was_proactive=False, context_relevance=0.5, error_occurred=False, tags=[], metadata={}), InteractionRecord(id='e03aca632e2b', timestamp='2026-05-27T09:10:45.679198', interaction_type="InteractionRecord(id='4d08b10d8f77', timestamp='2026-05-27T09:10:45.679198', interaction_type='conversation', user_satisfaction=0.7, response_quality=0.8, latency_ms=850, tokens_used=0, was_proactive=False, context_relevance=0.5, error_occurred=False, tags=[], metadata={})", user_satisfaction=None, response_quality=0.5, latency_ms=0.0, tokens_used=0, was_proactive=False, context_relevance=0.5, error_occurred=False, tags=[], metadata={}), InteractionRecord(id='dd8827ae6a77', timestamp='2026-05-27T09:11:12.997869', interaction_type="InteractionRecord(id='f3cb8a4a824f', timestamp='2026-05-27T09:11:12.997869', interaction_type='conversation', user_satisfaction=0.8, response_quality=0.7, latency_ms=0.0, tokens_used=0, was_proactive=False, context_relevance=0.5, error_occurred=False, tags=[], metadata={})", user_satisfaction=None, response_quality=0.5, latency_ms=0.0, tokens_used=0, was_proactive=False, context_relevance=0.5, error_occurred=False, tags=[], metadata={}), InteractionRecord(id='c18e1b6120fa', timestamp='2026-05-27T09:11:12.997869', interaction_type="InteractionRecord(id='b56334fe61d7', timestamp='2026-05-27T09:11:12.997869', interaction_type='conversation', user_satisfaction=0.8, response_quality=0.7, latency_ms=0.0, tokens_used=0, was_proactive=False, context_relevance=0.5, error_occurred=False, tags=[], metadata={})", user_satisfaction=None, response_quality=0.5, latency_ms=0.0, tokens_used=0, was_proactive=False, context_relevance=0.5, error_occurred=False, tags=[], metadata={}), InteractionRecord(id='cfaed7df9aee', timestamp='2026-05-27T09:11:12.997869', interaction_type="InteractionRecord(id='6e17c9b9d78a', timestamp='2026-05-27T09:11:12.997869', interaction_type='conversation', user_satisfaction=0.8, response_quality=0.7, latency_ms=0.0, tokens_used=0, was_proactive=False, context_relevance=0.5, error_occurred=False, tags=[], metadata={})", user_satisfaction=None, response_quality=0.5, latency_ms=0.0, tokens_used=0, was_proactive=False, context_relevance=0.5, error_occurred=False, tags=[], metadata={}), InteractionRecord(id='2f3654c4af5a', timestamp='2026-05-27T09:11:12.997869', interaction_type="InteractionRecord(id='0f15704cc5a7', timestamp='2026-05-27T09:11:12.997869', interaction_type='conversation', user_satisfaction=0.8, response_quality=0.7, latency_ms=0.0, tokens_used=0, was_proactive=False, context_relevance=0.5, error_occurred=False, tags=[], metadata={})", user_satisfaction=None, response_quality=0.5, latency_ms=0.0, tokens_used=0, was_proactive=False, context_relevance=0.5, error_occurred=False, tags=[], metadata={}), InteractionRecord(id='645039a5522a', timestamp='2026-05-27T09:11:13.013971', interaction_type="InteractionRecord(id='178cb4c9caab', timestamp='2026-05-27T09:11:13.013971', interaction_type='conversation', user_satisfaction=0.8, response_quality=0.7, latency_ms=0.0, tokens_used=0, was_proactive=False, context_relevance=0.5, error_occurred=False, tags=[], metadata={})", user_satisfaction=None, response_quality=0.5, latency_ms=0.0, tokens_used=0, was_proactive=False, context_relevance=0.5, error_occurred=False, tags=[], metadata={}), InteractionRecord(id='c7180c536a40', timestamp='2026-05-27T09:11:13.034417', interaction_type="InteractionRecord(id='d69f3e2f0138', timestamp='2026-05-27T09:11:13.034417', interaction_type='conversation', user_satisfaction=0.7, response_quality=0.6, latency_ms=0.0, tokens_used=0, was_proactive=False, context_relevance=0.5, error_occurred=False, tags=[], metadata={})", user_satisfaction=None, response_quality=0.5, latency_ms=0.0, tokens_used=0, was_proactive=False, context_relevance=0.5, error_occurred=False, tags=[], metadata={}), InteractionRecord(id='831e84913b5d', timestamp='2026-05-27T09:11:13.038416', interaction_type="InteractionRecord(id='c1a9329f88af', timestamp='2026-05-27T09:11:13.038416', interaction_type='conversation', user_satisfaction=0.7, response_quality=0.6, latency_ms=0.0, tokens_used=0, was_proactive=False, context_relevance=0.5, error_occurred=False, tags=[], metadata={})", user_satisfaction=None, response_quality=0.5, latency_ms=0.0, tokens_used=0, was_proactive=False, context_relevance=0.5, error_occurred=False, tags=[], metadata={}), InteractionRecord(id='8402968d88fc', timestamp='2026-05-27T09:11:13.038416', interaction_type="InteractionRecord(id='ef9c013e10a9', timestamp='2026-05-27T09:11:13.038416', interaction_type='conversation', user_satisfaction=0.7, response_quality=0.6, latency_ms=0.0, tokens_used=0, was_proactive=False, context_relevance=0.5, error_occurred=False, tags=[], metadata={})", user_satisfaction=None, response_quality=0.5, latency_ms=0.0, tokens_used=0, was_proactive=False, context_relevance=0.5, error_occurred=False, tags=[], metadata={}), InteractionRecord(id='4151856d3c84', timestamp='2026-05-27T09:11:13.038416', interaction_type="InteractionRecord(id='46b625b25e27', timestamp='2026-05-27T09:11:13.038416', interaction_type='conversation', user_satisfaction=0.7, response_quality=0.6, latency_ms=0.0, tokens_used=0, was_proactive=False, context_relevance=0.5, error_occurred=False, tags=[], metadata={})", user_satisfaction=None, response_quality=0.5, latency_ms=0.0, tokens_used=0, was_proactive=False, context_relevance=0.5, error_occurred=False, tags=[], metadata={}), InteractionRecord(id='1823f7aecaed', timestamp='2026-05-27T09:11:13.048165', interaction_type="InteractionRecord(id='9232867121c4', timestamp='2026-05-27T09:11:13.048165', interaction_type='conversation', user_satisfaction=0.7, response_quality=0.6, latency_ms=0.0, tokens_used=0, was_proactive=False, context_relevance=0.5, error_occurred=False, tags=[], metadata={})", user_satisfaction=None, response_quality=0.5, latency_ms=0.0, tokens_used=0, was_proactive=False, context_relevance=0.5, error_occurred=False, tags=[], metadata={}), InteractionRecord(id='bec235a1b2aa', timestamp='2026-05-27T09:11:13.052991', interaction_type="InteractionRecord(id='58893ffbb99b', timestamp='2026-05-27T09:11:13.052991', interaction_type='conversation', user_satisfaction=0.7, response_quality=0.6, latency_ms=0.0, tokens_used=0, was_proactive=False, context_relevance=0.5, error_occurred=False, tags=[], metadata={})", user_satisfaction=None, response_quality=0.5, latency_ms=0.0, tokens_used=0, was_proactive=False, context_relevance=0.5, error_occurred=False, tags=[], metadata={}), InteractionRecord(id='696687b92ca5', timestamp='2026-05-27T09:11:13.114780', interaction_type="InteractionRecord(id='1887bdec3eef', timestamp='2026-05-27T09:11:13.114780', interaction_type='conversation', user_satisfaction=0.7, response_quality=0.6, latency_ms=0.0, tokens_used=0, was_proactive=False, context_relevance=0.5, error_occurred=False, tags=[], metadata={})", user_satisfaction=None, response_quality=0.5, latency_ms=0.0, tokens_used=0, was_proactive=False, context_relevance=0.5, error_occurred=False, tags=[], metadata={}), InteractionRecord(id='793565955edb', timestamp='2026-05-27T09:11:13.114780', interaction_type="InteractionRecord(id='21fe48d65516', timestamp='2026-05-27T09:11:13.114780', interaction_type='conversation', user_satisfaction=0.7, response_quality=0.6, latency_ms=0.0, tokens_used=0, was_proactive=False, context_relevance=0.5, error_occurred=False, tags=[], metadata={})", user_satisfaction=None, response_quality=0.5, latency_ms=0.0, tokens_used=0, was_proactive=False, context_relevance=0.5, error_occurred=False, tags=[], metadata={}), InteractionRecord(id='78e6d1d3b7f9', timestamp='2026-05-27T09:11:13.114780', interaction_type="InteractionRecord(id='c080a48931b9', timestamp='2026-05-27T09:11:13.114780', interaction_type='conversation', user_satisfaction=0.7, response_quality=0.6, latency_ms=0.0, tokens_used=0, was_proactive=False, context_relevance=0.5, error_occurred=False, tags=[], metadata={})", user_satisfaction=None, response_quality=0.5, latency_ms=0.0, tokens_used=0, was_proactive=False, context_relevance=0.5, error_occurred=False, tags=[], metadata={}), InteractionRecord(id='ff16ffd3ac04', timestamp='2026-05-27T09:11:13.114780', interaction_type="InteractionRecord(id='808aa61f33ad', timestamp='2026-05-27T09:11:13.114780', interaction_type='conversation', user_satisfaction=0.7, response_quality=0.6, latency_ms=0.0, tokens_used=0, was_proactive=False, context_relevance=0.5, error_occurred=False, tags=[], metadata={})", user_satisfaction=None, response_quality=0.5, latency_ms=0.0, tokens_used=0, was_proactive=False, context_relevance=0.5, error_occurred=False, tags=[], metadata={}), InteractionRecord(id='5c54ec77ef48', timestamp='2026-05-27T09:11:13.131507', interaction_type="InteractionRecord(id='9ba293584d33', timestamp='2026-05-27T09:11:13.131507', interaction_type='conversation', user_satisfaction=0.7, response_quality=0.6, latency_ms=0.0, tokens_used=0, was_proactive=False, context_relevance=0.5, error_occurred=False, tags=[], metadata={})", user_satisfaction=None, response_quality=0.5, latency_ms=0.0, tokens_used=0, was_proactive=False, context_relevance=0.5, error_occurred=False, tags=[], metadata={}), InteractionRecord(id='b630354552c3', timestamp='2026-05-27T09:11:13.131507', interaction_type="InteractionRecord(id='a4f4c51b5112', timestamp='2026-05-27T09:11:13.131507', interaction_type='conversation', user_satisfaction=0.7, response_quality=0.6, latency_ms=0.0, tokens_used=0, was_proactive=False, context_relevance=0.5, error_occurred=False, tags=[], metadata={})", user_satisfaction=None, response_quality=0.5, latency_ms=0.0, tokens_used=0, was_proactive=False, context_relevance=0.5, error_occurred=False, tags=[], metadata={}), InteractionRecord(id='a8fcd3892cb7', timestamp='2026-05-27T09:11:13.131507', interaction_type="InteractionRecord(id='d5022616bc27', timestamp='2026-05-27T09:11:13.131507', interaction_type='conversation', user_satisfaction=0.7, response_quality=0.6, latency_ms=0.0, tokens_used=0, was_proactive=False, context_relevance=0.5, error_occurred=False, tags=[], metadata={})", user_satisfaction=None, response_quality=0.5, latency_ms=0.0, tokens_used=0, was_proactive=False, context_relevance=0.5, error_occurred=False, tags=[], metadata={}), InteractionRecord(id='ab29265779b5', timestamp='2026-05-27T09:11:13.131507', interaction_type="InteractionRecord(id='bf16f3345710', timestamp='2026-05-27T09:11:13.131507', interaction_type='conversation', user_satisfaction=0.7, response_quality=0.6, latency_ms=0.0, tokens_used=0, was_proactive=False, context_relevance=0.5, error_occurred=False, tags=[], metadata={})", user_satisfaction=None, response_quality=0.5, latency_ms=0.0, tokens_used=0, was_proactive=False, context_relevance=0.5, error_occurred=False, tags=[], metadata={}), InteractionRecord(id='6bf11a0d9e9b', timestamp='2026-05-27T09:11:13.131507', interaction_type="InteractionRecord(id='52daeb6fc83b', timestamp='2026-05-27T09:11:13.131507', interaction_type='conversation', user_satisfaction=0.7, response_quality=0.6, latency_ms=0.0, tokens_used=0, was_proactive=False, context_relevance=0.5, error_occurred=False, tags=[], metadata={})", user_satisfaction=None, response_quality=0.5, latency_ms=0.0, tokens_used=0, was_proactive=False, context_relevance=0.5, error_occurred=False, tags=[], metadata={}), InteractionRecord(id='51de4fb89ebd', timestamp='2026-05-27T09:11:13.148081', interaction_type="InteractionRecord(id='f639d70ec7ba', timestamp='2026-05-27T09:11:13.148081', interaction_type='conversation', user_satisfaction=0.7, response_quality=0.6, latency_ms=0.0, tokens_used=0, was_proactive=False, context_relevance=0.5, error_occurred=False, tags=[], metadata={})", user_satisfaction=None, response_quality=0.5, latency_ms=0.0, tokens_used=0, was_proactive=False, context_relevance=0.5, error_occurred=False, tags=[], metadata={}), InteractionRecord(id='f5f62e7a450f', timestamp='2026-05-27T09:11:13.151238', interaction_type="InteractionRecord(id='7b50de47a850', timestamp='2026-05-27T09:11:13.151238', interaction_type='conversation', user_satisfaction=0.7, response_quality=0.6, latency_ms=0.0, tokens_used=0, was_proactive=False, context_relevance=0.5, error_occurred=False, tags=[], metadata={})", user_satisfaction=None, response_quality=0.5, latency_ms=0.0, tokens_used=0, was_proactive=False, context_relevance=0.5, error_occurred=False, tags=[], metadata={}), InteractionRecord(id='be179a3f47ee', timestamp='2026-05-27T09:11:13.151238', interaction_type="InteractionRecord(id='55a4c0c89797', timestamp='2026-05-27T09:11:13.151238', interaction_type='conversation', user_satisfaction=0.7, response_quality=0.6, latency_ms=0.0, tokens_used=0, was_proactive=False, context_relevance=0.5, error_occurred=False, tags=[], metadata={})", user_satisfaction=None, response_quality=0.5, latency_ms=0.0, tokens_used=0, was_proactive=False, context_relevance=0.5, error_occurred=False, tags=[], metadata={}), InteractionRecord(id='cde10e9f7424', timestamp='2026-05-27T09:11:13.151238', interaction_type="InteractionRecord(id='2b42c3d07f95', timestamp='2026-05-27T09:11:13.151238', interaction_type='conversation', user_satisfaction=0.7, response_quality=0.6, latency_ms=0.0, tokens_used=0, was_proactive=False, context_relevance=0.5, error_occurred=False, tags=[], metadata={})", user_satisfaction=None, response_quality=0.5, latency_ms=0.0, tokens_used=0, was_proactive=False, context_relevance=0.5, error_occurred=False, tags=[], metadata={}), InteractionRecord(id='54a1125caa5e', timestamp='2026-05-27T09:11:13.165214', interaction_type="InteractionRecord(id='bf1e178bdebb', timestamp='2026-05-27T09:11:13.165214', interaction_type='conversation', user_satisfaction=0.7, response_quality=0.6, latency_ms=0.0, tokens_used=0, was_proactive=False, context_relevance=0.5, error_occurred=False, tags=[], metadata={})", user_satisfaction=None, response_quality=0.5, latency_ms=0.0, tokens_used=0, was_proactive=False, context_relevance=0.5, error_occurred=False, tags=[], metadata={}), InteractionRecord(id='9b66518e8300', timestamp='2026-05-27T09:11:13.165214', interaction_type="InteractionRecord(id='b45bd9e1dae7', timestamp='2026-05-27T09:11:13.165214', interaction_type='conversation', user_satisfaction=0.7, response_quality=0.6, latency_ms=0.0, tokens_used=0, was_proactive=False, context_relevance=0.5, error_occurred=False, tags=[], metadata={})", user_satisfaction=None, response_quality=0.5, latency_ms=0.0, tokens_used=0, was_proactive=False, context_relevance=0.5, error_occurred=False, tags=[], metadata={}), InteractionRecord(id='5b6922f31256', timestamp='2026-05-27T09:11:13.165214', interaction_type="InteractionRecord(id='241867650155', timestamp='2026-05-27T09:11:13.165214', interaction_type='conversation', user_satisfaction=0.7, response_quality=0.6, latency_ms=0.0, tokens_used=0, was_proactive=False, context_relevance=0.5, error_occurred=False, tags=[], metadata={})", user_satisfaction=None, response_quality=0.5, latency_ms=0.0, tokens_used=0, was_proactive=False, context_relevance=0.5, error_occurred=False, tags=[], metadata={}), InteractionRecord(id='0d1c96ccfa02', timestamp='2026-05-27T09:11:13.165214', interaction_type="InteractionRecord(id='8456be72dd2a', timestamp='2026-05-27T09:11:13.165214', interaction_type='conversation', user_satisfaction=0.7, response_quality=0.6, latency_ms=0.0, tokens_used=0, was_proactive=False, context_relevance=0.5, error_occurred=False, tags=[], metadata={})", user_satisfaction=None, response_quality=0.5, latency_ms=0.0, tokens_used=0, was_proactive=False, context_relevance=0.5, error_occurred=False, tags=[], metadata={}), InteractionRecord(id='0973c610262c', timestamp='2026-05-27T09:11:13.180985', interaction_type="InteractionRecord(id='9cd3a58edd38', timestamp='2026-05-27T09:11:13.180985', interaction_type='conversation', user_satisfaction=0.7, response_quality=0.6, latency_ms=0.0, tokens_used=0, was_proactive=False, context_relevance=0.5, error_occurred=False, tags=[], metadata={})", user_satisfaction=None, response_quality=0.5, latency_ms=0.0, tokens_used=0, was_proactive=False, context_relevance=0.5, error_occurred=False, tags=[], metadata={}), InteractionRecord(id='8ebec8b9786c', timestamp='2026-05-27T09:11:13.185232', interaction_type="InteractionRecord(id='fb9924242b5b', timestamp='2026-05-27T09:11:13.185232', interaction_type='conversation', user_satisfaction=0.7, response_quality=0.6, latency_ms=0.0, tokens_used=0, was_proactive=False, context_relevance=0.5, error_occurred=False, tags=[], metadata={})", user_satisfaction=None, response_quality=0.5, latency_ms=0.0, tokens_used=0, was_proactive=False, context_relevance=0.5, error_occurred=False, tags=[], metadata={}), InteractionRecord(id='00049ef73072', timestamp='2026-05-27T09:11:13.185232', interaction_type="InteractionRecord(id='374d19c0706a', timestamp='2026-05-27T09:11:13.185232', interaction_type='conversation', user_satisfaction=0.7, response_quality=0.6, latency_ms=0.0, tokens_used=0, was_proactive=False, context_relevance=0.5, error_occurred=False, tags=[], metadata={})", user_satisfaction=None, response_quality=0.5, latency_ms=0.0, tokens_used=0, was_proactive=False, context_relevance=0.5, error_occurred=False, tags=[], metadata={}), InteractionRecord(id='4bb63e381de8', timestamp='2026-05-27T09:11:13.185232', interaction_type="InteractionRecord(id='558be7dc9caa', timestamp='2026-05-27T09:11:13.185232', interaction_type='conversation', user_satisfaction=0.7, response_quality=0.6, latency_ms=0.0, tokens_used=0, was_proactive=False, context_relevance=0.5, error_occurred=False, tags=[], metadata={})", user_satisfaction=None, response_quality=0.5, latency_ms=0.0, tokens_used=0, was_proactive=False, context_relevance=0.5, error_occurred=False, tags=[], metadata={}), InteractionRecord(id='721d680325ce', timestamp='2026-05-27T09:11:13.198072', interaction_type="InteractionRecord(id='39b38f46d0b0', timestamp='2026-05-27T09:11:13.198072', interaction_type='conversation', user_satisfaction=0.7, response_quality=0.6, latency_ms=0.0, tokens_used=0, was_proactive=False, context_relevance=0.5, error_occurred=False, tags=[], metadata={})", user_satisfaction=None, response_quality=0.5, latency_ms=0.0, tokens_used=0, was_proactive=False, context_relevance=0.5, error_occurred=False, tags=[], metadata={}), InteractionRecord(id='ef84a80e9afc', timestamp='2026-05-27T09:11:13.198072', interaction_type="InteractionRecord(id='329023aab274', timestamp='2026-05-27T09:11:13.198072', interaction_type='conversation', user_satisfaction=0.7, response_quality=0.6, latency_ms=0.0, tokens_used=0, was_proactive=False, context_relevance=0.5, error_occurred=False, tags=[], metadata={})", user_satisfaction=None, response_quality=0.5, latency_ms=0.0, tokens_used=0, was_proactive=False, context_relevance=0.5, error_occurred=False, tags=[], metadata={}), InteractionRecord(id='3a1ea63597b2', timestamp='2026-05-27T09:11:13.198072', interaction_type="InteractionRecord(id='72454c7677de', timestamp='2026-05-27T09:11:13.198072', interaction_type='conversation', user_satisfaction=0.7, response_quality=0.6, latency_ms=0.0, tokens_used=0, was_proactive=False, context_relevance=0.5, error_occurred=False, tags=[], metadata={})", user_satisfaction=None, response_quality=0.5, latency_ms=0.0, tokens_used=0, was_proactive=False, context_relevance=0.5, error_occurred=False, tags=[], metadata={}), InteractionRecord(id='3b2222d0627d', timestamp='2026-05-27T09:11:13.198072', interaction_type="InteractionRecord(id='5b8e51938a78', timestamp='2026-05-27T09:11:13.198072', interaction_type='conversation', user_satisfaction=0.7, response_quality=0.6, latency_ms=0.0, tokens_used=0, was_proactive=False, context_relevance=0.5, error_occurred=False, tags=[], metadata={})", user_satisfaction=None, response_quality=0.5, latency_ms=0.0, tokens_used=0, was_proactive=False, context_relevance=0.5, error_occurred=False, tags=[], metadata={}), InteractionRecord(id='b0a2904c2ace', timestamp='2026-05-27T09:11:13.198072', interaction_type="InteractionRecord(id='b529afcbe2dc', timestamp='2026-05-27T09:11:13.198072', interaction_type='conversation', user_satisfaction=0.7, response_quality=0.6, latency_ms=0.0, tokens_used=0, was_proactive=False, context_relevance=0.5, error_occurred=False, tags=[], metadata={})", user_satisfaction=None, response_quality=0.5, latency_ms=0.0, tokens_used=0, was_proactive=False, context_relevance=0.5, error_occurred=False, tags=[], metadata={}), InteractionRecord(id='5eb0a298e9ad', timestamp='2026-05-27T09:11:13.214721', interaction_type="InteractionRecord(id='b4f760d3fded', timestamp='2026-05-27T09:11:13.214721', interaction_type='conversation', user_satisfaction=0.7, response_quality=0.6, latency_ms=0.0, tokens_used=0, was_proactive=False, context_relevance=0.5, error_occurred=False, tags=[], metadata={})", user_satisfaction=None, response_quality=0.5, latency_ms=0.0, tokens_used=0, was_proactive=False, context_relevance=0.5, error_occurred=False, tags=[], metadata={}), InteractionRecord(id='963c7e655580', timestamp='2026-05-27T09:11:13.214721', interaction_type="InteractionRecord(id='7c844770d520', timestamp='2026-05-27T09:11:13.214721', interaction_type='conversation', user_satisfaction=0.7, response_quality=0.6, latency_ms=0.0, tokens_used=0, was_proactive=False, context_relevance=0.5, error_occurred=False, tags=[], metadata={})", user_satisfaction=None, response_quality=0.5, latency_ms=0.0, tokens_used=0, was_proactive=False, context_relevance=0.5, error_occurred=False, tags=[], metadata={}), InteractionRecord(id='f2cbf368b330', timestamp='2026-05-27T09:11:13.214721', interaction_type="InteractionRecord(id='aac969c75e88', timestamp='2026-05-27T09:11:13.214721', interaction_type='conversation', user_satisfaction=0.7, response_quality=0.6, latency_ms=0.0, tokens_used=0, was_proactive=False, context_relevance=0.5, error_occurred=False, tags=[], metadata={})", user_satisfaction=None, response_quality=0.5, latency_ms=0.0, tokens_used=0, was_proactive=False, context_relevance=0.5, error_occurred=False, tags=[], metadata={}), InteractionRecord(id='4b1ef5e412bd', timestamp='2026-05-27T09:11:13.231378', interaction_type="InteractionRecord(id='df98839f9839', timestamp='2026-05-27T09:11:13.231378', interaction_type='conversation', user_satisfaction=0.7, response_quality=0.6, latency_ms=0.0, tokens_used=0, was_proactive=False, context_relevance=0.5, error_occurred=False, tags=[], metadata={})", user_satisfaction=None, response_quality=0.5, latency_ms=0.0, tokens_used=0, was_proactive=False, context_relevance=0.5, error_occurred=False, tags=[], metadata={}), InteractionRecord(id='23e146b58d16', timestamp='2026-05-27T09:11:13.231378', interaction_type="InteractionRecord(id='4c3870ce998d', timestamp='2026-05-27T09:11:13.231378', interaction_type='conversation', user_satisfaction=0.7, response_quality=0.6, latency_ms=0.0, tokens_used=0, was_proactive=False, context_relevance=0.5, error_occurred=False, tags=[], metadata={})", user_satisfaction=None, response_quality=0.5, latency_ms=0.0, tokens_used=0, was_proactive=False, context_relevance=0.5, error_occurred=False, tags=[], metadata={}), InteractionRecord(id='53dcf455ec14', timestamp='2026-05-27T09:11:13.231378', interaction_type="InteractionRecord(id='12066bc9a109', timestamp='2026-05-27T09:11:13.231378', interaction_type='conversation', user_satisfaction=0.7, response_quality=0.6, latency_ms=0.0, tokens_used=0, was_proactive=False, context_relevance=0.5, error_occurred=False, tags=[], metadata={})", user_satisfaction=None, response_quality=0.5, latency_ms=0.0, tokens_used=0, was_proactive=False, context_relevance=0.5, error_occurred=False, tags=[], metadata={}), InteractionRecord(id='cbbc1b51681c', timestamp='2026-05-27T09:11:13.243081', interaction_type="InteractionRecord(id='1bf36abb9c9e', timestamp='2026-05-27T09:11:13.243081', interaction_type='conversation', user_satisfaction=0.7, response_quality=0.6, latency_ms=0.0, tokens_used=0, was_proactive=False, context_relevance=0.5, error_occurred=False, tags=[], metadata={})", user_satisfaction=None, response_quality=0.5, latency_ms=0.0, tokens_used=0, was_proactive=False, context_relevance=0.5, error_occurred=False, tags=[], metadata={}), InteractionRecord(id='5976280ba674', timestamp='2026-05-27T09:11:13.248258', interaction_type="InteractionRecord(id='91c6bf36bbf6', timestamp='2026-05-27T09:11:13.248258', interaction_type='conversation', user_satisfaction=0.7, response_quality=0.6, latency_ms=0.0, tokens_used=0, was_proactive=False, context_relevance=0.5, error_occurred=False, tags=[], metadata={})", user_satisfaction=None, response_quality=0.5, latency_ms=0.0, tokens_used=0, was_proactive=False, context_relevance=0.5, error_occurred=False, tags=[], metadata={}), InteractionRecord(id='fda2de4b7761', timestamp='2026-05-27T09:11:13.248258', interaction_type="InteractionRecord(id='cff39f12f663', timestamp='2026-05-27T09:11:13.248258', interaction_type='conversation', user_satisfaction=0.7, response_quality=0.6, latency_ms=0.0, tokens_used=0, was_proactive=False, context_relevance=0.5, error_occurred=False, tags=[], metadata={})", user_satisfaction=None, response_quality=0.5, latency_ms=0.0, tokens_used=0, was_proactive=False, context_relevance=0.5, error_occurred=False, tags=[], metadata={}), InteractionRecord(id='a3979a240759', timestamp='2026-05-27T09:11:13.248258', interaction_type="InteractionRecord(id='f1cdddae7267', timestamp='2026-05-27T09:11:13.248258', interaction_type='conversation', user_satisfaction=0.7, response_quality=0.6, latency_ms=0.0, tokens_used=0, was_proactive=False, context_relevance=0.5, error_occurred=False, tags=[], metadata={})", user_satisfaction=None, response_quality=0.5, latency_ms=0.0, tokens_used=0, was_proactive=False, context_relevance=0.5, error_occurred=False, tags=[], metadata={}), InteractionRecord(id='50ebb502472c', timestamp='2026-05-27T09:11:13.248258', interaction_type="InteractionRecord(id='d416429fd670', timestamp='2026-05-27T09:11:13.248258', interaction_type='conversation', user_satisfaction=0.7, response_quality=0.6, latency_ms=0.0, tokens_used=0, was_proactive=False, context_relevance=0.5, error_occurred=False, tags=[], metadata={})", user_satisfaction=None, response_quality=0.5, latency_ms=0.0, tokens_used=0, was_proactive=False, context_relevance=0.5, error_occurred=False, tags=[], metadata={}), InteractionRecord(id='e52fd0a8c939', timestamp='2026-05-27T09:11:13.264893', interaction_type="InteractionRecord(id='d335fd42e87b', timestamp='2026-05-27T09:11:13.264893', interaction_type='conversation', user_satisfaction=0.7, response_quality=0.6, latency_ms=0.0, tokens_used=0, was_proactive=False, context_relevance=0.5, error_occurred=False, tags=[], metadata={})", user_satisfaction=None, response_quality=0.5, latency_ms=0.0, tokens_used=0, was_proactive=False, context_relevance=0.5, error_occurred=False, tags=[], metadata={}), InteractionRecord(id='4a7e7e9bdd56', timestamp='2026-05-27T09:11:13.264893', interaction_type="InteractionRecord(id='4be44eae3f3a', timestamp='2026-05-27T09:11:13.264893', interaction_type='conversation', user_satisfaction=0.7, response_quality=0.6, latency_ms=0.0, tokens_used=0, was_proactive=False, context_relevance=0.5, error_occurred=False, tags=[], metadata={})", user_satisfaction=None, response_quality=0.5, latency_ms=0.0, tokens_used=0, was_proactive=False, context_relevance=0.5, error_occurred=False, tags=[], metadata={}), InteractionRecord(id='9461067cab9e', timestamp='2026-05-27T09:11:13.264893', interaction_type="InteractionRecord(id='d8812b8270c4', timestamp='2026-05-27T09:11:13.264893', interaction_type='conversation', user_satisfaction=0.7, response_quality=0.6, latency_ms=0.0, tokens_used=0, was_proactive=False, context_relevance=0.5, error_occurred=False, tags=[], metadata={})", user_satisfaction=None, response_quality=0.5, latency_ms=0.0, tokens_used=0, was_proactive=False, context_relevance=0.5, error_occurred=False, tags=[], metadata={}), InteractionRecord(id='ae1df6725a33', timestamp='2026-05-27T09:11:13.264893', interaction_type="InteractionRecord(id='648538c6e4ef', timestamp='2026-05-27T09:11:13.264893', interaction_type='conversation', user_satisfaction=0.7, response_quality=0.6, latency_ms=0.0, tokens_used=0, was_proactive=False, context_relevance=0.5, error_occurred=False, tags=[], metadata={})", user_satisfaction=None, response_quality=0.5, latency_ms=0.0, tokens_used=0, was_proactive=False, context_relevance=0.5, error_occurred=False, tags=[], metadata={}), InteractionRecord(id='5debe632e4bf', timestamp='2026-05-27T09:11:13.281398', interaction_type="InteractionRecord(id='22bff1fda873', timestamp='2026-05-27T09:11:13.281398', interaction_type='conversation', user_satisfaction=0.7, response_quality=0.6, latency_ms=0.0, tokens_used=0, was_proactive=False, context_relevance=0.5, error_occurred=False, tags=[], metadata={})", user_satisfaction=None, response_quality=0.5, latency_ms=0.0, tokens_used=0, was_proactive=False, context_relevance=0.5, error_occurred=False, tags=[], metadata={}), InteractionRecord(id='b860ea063949', timestamp='2026-05-27T09:11:13.285325', interaction_type="InteractionRecord(id='580787e1e420', timestamp='2026-05-27T09:11:13.285325', interaction_type='conversation', user_satisfaction=0.7, response_quality=0.6, latency_ms=0.0, tokens_used=0, was_proactive=False, context_relevance=0.5, error_occurred=False, tags=[], metadata={})", user_satisfaction=None, response_quality=0.5, latency_ms=0.0, tokens_used=0, was_proactive=False, context_relevance=0.5, error_occurred=False, tags=[], metadata={}), InteractionRecord(id='71e8253e3774', timestamp='2026-05-27T09:11:13.291734', interaction_type="InteractionRecord(id='7ba82738c5ae', timestamp='2026-05-27T09:11:13.291734', interaction_type='conversation', user_satisfaction=0.7, response_quality=0.6, latency_ms=0.0, tokens_used=0, was_proactive=False, context_relevance=0.5, error_occurred=False, tags=[], metadata={})", user_satisfaction=None, response_quality=0.5, latency_ms=0.0, tokens_used=0, was_proactive=False, context_relevance=0.5, error_occurred=False, tags=[], metadata={}), InteractionRecord(id='fbf367e2ddef', timestamp='2026-05-27T09:11:13.296750', interaction_type="InteractionRecord(id='c28e7ba001a9', timestamp='2026-05-27T09:11:13.296750', interaction_type='conversation', user_satisfaction=0.7, response_quality=0.6, latency_ms=0.0, tokens_used=0, was_proactive=False, context_relevance=0.5, error_occurred=False, tags=[], metadata={})", user_satisfaction=None, response_quality=0.5, latency_ms=0.0, tokens_used=0, was_proactive=False, context_relevance=0.5, error_occurred=False, tags=[], metadata={}), InteractionRecord(id='6f85022f7a68', timestamp='2026-05-27T09:11:13.298577', interaction_type="InteractionRecord(id='8d6c9075d1c8', timestamp='2026-05-27T09:11:13.298577', interaction_type='conversation', user_satisfaction=0.7, response_quality=0.6, latency_ms=0.0, tokens_used=0, was_proactive=False, context_relevance=0.5, error_occurred=False, tags=[], metadata={})", user_satisfaction=None, response_quality=0.5, latency_ms=0.0, tokens_used=0, was_proactive=False, context_relevance=0.5, error_occurred=False, tags=[], metadata={}), InteractionRecord(id='2de502a2a708', timestamp='2026-05-27T09:11:13.298577', interaction_type="InteractionRecord(id='9468897dc9cd', timestamp='2026-05-27T09:11:13.298577', interaction_type='conversation', user_satisfaction=0.7, response_quality=0.6, latency_ms=0.0, tokens_used=0, was_proactive=False, context_relevance=0.5, error_occurred=False, tags=[], metadata={})", user_satisfaction=None, response_quality=0.5, latency_ms=0.0, tokens_used=0, was_proactive=False, context_relevance=0.5, error_occurred=False, tags=[], metadata={}), InteractionRecord(id='a865ebfdec38', timestamp='2026-05-27T09:11:13.298577', interaction_type="InteractionRecord(id='5ee27f47bcd6', timestamp='2026-05-27T09:11:13.298577', interaction_type='conversation', user_satisfaction=0.7, response_quality=0.6, latency_ms=0.0, tokens_used=0, was_proactive=False, context_relevance=0.5, error_occurred=False, tags=[], metadata={})", user_satisfaction=None, response_quality=0.5, latency_ms=0.0, tokens_used=0, was_proactive=False, context_relevance=0.5, error_occurred=False, tags=[], metadata={}), InteractionRecord(id='a45f09a2f4b2', timestamp='2026-05-27T09:11:13.313977', interaction_type="InteractionRecord(id='e6e3e4455f00', timestamp='2026-05-27T09:11:13.313977', interaction_type='conversation', user_satisfaction=0.7, response_quality=0.6, latency_ms=0.0, tokens_used=0, was_proactive=False, context_relevance=0.5, error_occurred=False, tags=[], metadata={})", user_satisfaction=None, response_quality=0.5, latency_ms=0.0, tokens_used=0, was_proactive=False, context_relevance=0.5, error_occurred=False, tags=[], metadata={}), InteractionRecord(id='a2cc3880f781', timestamp='2026-05-27T09:11:13.314657', interaction_type="InteractionRecord(id='a07ebad7d0f6', timestamp='2026-05-27T09:11:13.314657', interaction_type='conversation', user_satisfaction=0.7, response_quality=0.6, latency_ms=0.0, tokens_used=0, was_proactive=False, context_relevance=0.5, error_occurred=False, tags=[], metadata={})", user_satisfaction=None, response_quality=0.5, latency_ms=0.0, tokens_used=0, was_proactive=False, context_relevance=0.5, error_occurred=False, tags=[], metadata={}), InteractionRecord(id='86c0911872e3', timestamp='2026-05-27T09:11:13.314657', interaction_type="InteractionRecord(id='4922539f499f', timestamp='2026-05-27T09:11:13.314657', interaction_type='conversation', user_satisfaction=0.7, response_quality=0.6, latency_ms=0.0, tokens_used=0, was_proactive=False, context_relevance=0.5, error_occurred=False, tags=[], metadata={})", user_satisfaction=None, response_quality=0.5, latency_ms=0.0, tokens_used=0, was_proactive=False, context_relevance=0.5, error_occurred=False, tags=[], metadata={}), InteractionRecord(id='ee78995cadb3', timestamp='2026-05-27T09:11:13.314657', interaction_type="InteractionRecord(id='39c4e8d226d9', timestamp='2026-05-27T09:11:13.314657', interaction_type='conversation', user_satisfaction=0.7, response_quality=0.6, latency_ms=0.0, tokens_used=0, was_proactive=False, context_relevance=0.5, error_occurred=False, tags=[], metadata={})", user_satisfaction=None, response_quality=0.5, latency_ms=0.0, tokens_used=0, was_proactive=False, context_relevance=0.5, error_occurred=False, tags=[], metadata={}), InteractionRecord(id='44fb7f0cdec0', timestamp='2026-05-27T09:11:13.329823', interaction_type="InteractionRecord(id='99852ffe3e1d', timestamp='2026-05-27T09:11:13.329823', interaction_type='conversation', user_satisfaction=0.7, response_quality=0.6, latency_ms=0.0, tokens_used=0, was_proactive=False, context_relevance=0.5, error_occurred=False, tags=[], metadata={})", user_satisfaction=None, response_quality=0.5, latency_ms=0.0, tokens_used=0, was_proactive=False, context_relevance=0.5, error_occurred=False, tags=[], metadata={}), InteractionRecord(id='e4db9874736e', timestamp='2026-05-27T09:11:13.331399', interaction_type="InteractionRecord(id='4bedc62c8fb3', timestamp='2026-05-27T09:11:13.331399', interaction_type='conversation', user_satisfaction=0.7, response_quality=0.6, latency_ms=0.0, tokens_used=0, was_proactive=False, context_relevance=0.5, error_occurred=False, tags=[], metadata={})", user_satisfaction=None, response_quality=0.5, latency_ms=0.0, tokens_used=0, was_proactive=False, context_relevance=0.5, error_occurred=False, tags=[], metadata={}), InteractionRecord(id='9c6ffb7cf155', timestamp='2026-05-27T09:11:13.331399', interaction_type="InteractionRecord(id='7bf857c858ea', timestamp='2026-05-27T09:11:13.331399', interaction_type='conversation', user_satisfaction=0.7, response_quality=0.6, latency_ms=0.0, tokens_used=0, was_proactive=False, context_relevance=0.5, error_occurred=False, tags=[], metadata={})", user_satisfaction=None, response_quality=0.5, latency_ms=0.0, tokens_used=0, was_proactive=False, context_relevance=0.5, error_occurred=False, tags=[], metadata={}), InteractionRecord(id='acbda23a8617', timestamp='2026-05-27T09:11:13.331399', interaction_type="InteractionRecord(id='da2d19f708dd', timestamp='2026-05-27T09:11:13.331399', interaction_type='conversation', user_satisfaction=0.7, response_quality=0.6, latency_ms=0.0, tokens_used=0, was_proactive=False, context_relevance=0.5, error_occurred=False, tags=[], metadata={})", user_satisfaction=None, response_quality=0.5, latency_ms=0.0, tokens_used=0, was_proactive=False, context_relevance=0.5, error_occurred=False, tags=[], metadata={}), InteractionRecord(id='6b06511a332b', timestamp='2026-05-27T09:11:13.331399', interaction_type="InteractionRecord(id='910c6badcad8', timestamp='2026-05-27T09:11:13.331399', interaction_type='conversation', user_satisfaction=0.7, response_quality=0.6, latency_ms=0.0, tokens_used=0, was_proactive=False, context_relevance=0.5, error_occurred=False, tags=[], metadata={})", user_satisfaction=None, response_quality=0.5, latency_ms=0.0, tokens_used=0, was_proactive=False, context_relevance=0.5, error_occurred=False, tags=[], metadata={}), InteractionRecord(id='168fb6cff1bc', timestamp='2026-05-27T09:11:13.348056', interaction_type="InteractionRecord(id='f794fdd428de', timestamp='2026-05-27T09:11:13.348056', interaction_type='conversation', user_satisfaction=0.7, response_quality=0.6, latency_ms=0.0, tokens_used=0, was_proactive=False, context_relevance=0.5, error_occurred=False, tags=[], metadata={})", user_satisfaction=None, response_quality=0.5, latency_ms=0.0, tokens_used=0, was_proactive=False, context_relevance=0.5, error_occurred=False, tags=[], metadata={}), InteractionRecord(id='88b7e75ce1fd', timestamp='2026-05-27T09:11:13.348056', interaction_type="InteractionRecord(id='35c22715be12', timestamp='2026-05-27T09:11:13.348056', interaction_type='conversation', user_satisfaction=0.7, response_quality=0.6, latency_ms=0.0, tokens_used=0, was_proactive=False, context_relevance=0.5, error_occurred=False, tags=[], metadata={})", user_satisfaction=None, response_quality=0.5, latency_ms=0.0, tokens_used=0, was_proactive=False, context_relevance=0.5, error_occurred=False, tags=[], metadata={}), InteractionRecord(id='551f13e2166f', timestamp='2026-05-27T09:11:13.348056', interaction_type="InteractionRecord(id='3dfe8f32b0a7', timestamp='2026-05-27T09:11:13.348056', interaction_type='conversation', user_satisfaction=0.7, response_quality=0.6, latency_ms=0.0, tokens_used=0, was_proactive=False, context_relevance=0.5, error_occurred=False, tags=[], metadata={})", user_satisfaction=None, response_quality=0.5, latency_ms=0.0, tokens_used=0, was_proactive=False, context_relevance=0.5, error_occurred=False, tags=[], metadata={}), InteractionRecord(id='b4f2b33f4b64', timestamp='2026-05-27T09:11:13.348056', interaction_type="InteractionRecord(id='3f4dfee1a363', timestamp='2026-05-27T09:11:13.348056', interaction_type='conversation', user_satisfaction=0.7, response_quality=0.6, latency_ms=0.0, tokens_used=0, was_proactive=False, context_relevance=0.5, error_occurred=False, tags=[], metadata={})", user_satisfaction=None, response_quality=0.5, latency_ms=0.0, tokens_used=0, was_proactive=False, context_relevance=0.5, error_occurred=False, tags=[], metadata={}), InteractionRecord(id='92b65fb0b1c3', timestamp='2026-05-27T09:11:13.364710', interaction_type="InteractionRecord(id='ebf5870b3cf5', timestamp='2026-05-27T09:11:13.364710', interaction_type='conversation', user_satisfaction=0.7, response_quality=0.6, latency_ms=0.0, tokens_used=0, was_proactive=False, context_relevance=0.5, error_occurred=False, tags=[], metadata={})", user_satisfaction=None, response_quality=0.5, latency_ms=0.0, tokens_used=0, was_proactive=False, context_relevance=0.5, error_occurred=False, tags=[], metadata={}), InteractionRecord(id='78fa0862b9e3', timestamp='2026-05-27T09:11:13.364710', interaction_type="InteractionRecord(id='62875523efd5', timestamp='2026-05-27T09:11:13.364710', interaction_type='conversation', user_satisfaction=0.7, response_quality=0.6, latency_ms=0.0, tokens_used=0, was_proactive=False, context_relevance=0.5, error_occurred=False, tags=[], metadata={})", user_satisfaction=None, response_quality=0.5, latency_ms=0.0, tokens_used=0, was_proactive=False, context_relevance=0.5, error_occurred=False, tags=[], metadata={}), InteractionRecord(id='93b08fceda83', timestamp='2026-05-27T09:11:13.364710', interaction_type="InteractionRecord(id='a24bb12bd559', timestamp='2026-05-27T09:11:13.364710', interaction_type='conversation', user_satisfaction=0.7, response_quality=0.6, latency_ms=0.0, tokens_used=0, was_proactive=False, context_relevance=0.5, error_occurred=False, tags=[], metadata={})", user_satisfaction=None, response_quality=0.5, latency_ms=0.0, tokens_used=0, was_proactive=False, context_relevance=0.5, error_occurred=False, tags=[], metadata={}), InteractionRecord(id='78ae72b04637', timestamp='2026-05-27T09:11:13.364710', interaction_type="InteractionRecord(id='1e38c93556c9', timestamp='2026-05-27T09:11:13.364710', interaction_type='conversation', user_satisfaction=0.7, response_quality=0.6, latency_ms=0.0, tokens_used=0, was_proactive=False, context_relevance=0.5, error_occurred=False, tags=[], metadata={})", user_satisfaction=None, response_quality=0.5, latency_ms=0.0, tokens_used=0, was_proactive=False, context_relevance=0.5, error_occurred=False, tags=[], metadata={}), InteractionRecord(id='7f5963b4d48d', timestamp='2026-05-27T09:11:13.381344', interaction_type="InteractionRecord(id='5276d28c6d4a', timestamp='2026-05-27T09:11:13.381344', interaction_type='conversation', user_satisfaction=0.7, response_quality=0.6, latency_ms=0.0, tokens_used=0, was_proactive=False, context_relevance=0.5, error_occurred=False, tags=[], metadata={})", user_satisfaction=None, response_quality=0.5, latency_ms=0.0, tokens_used=0, was_proactive=False, context_relevance=0.5, error_occurred=False, tags=[], metadata={}), InteractionRecord(id='3dcd512b1b51', timestamp='2026-05-27T09:11:13.385308', interaction_type="InteractionRecord(id='46825d59533d', timestamp='2026-05-27T09:11:13.385308', interaction_type='conversation', user_satisfaction=0.7, response_quality=0.6, latency_ms=0.0, tokens_used=0, was_proactive=False, context_relevance=0.5, error_occurred=False, tags=[], metadata={})", user_satisfaction=None, response_quality=0.5, latency_ms=0.0, tokens_used=0, was_proactive=False, context_relevance=0.5, error_occurred=False, tags=[], metadata={}), InteractionRecord(id='a194098b7e3f', timestamp='2026-05-27T09:11:13.391910', interaction_type="InteractionRecord(id='02869ad7f6a3', timestamp='2026-05-27T09:11:13.391910', interaction_type='conversation', user_satisfaction=0.7, response_quality=0.6, latency_ms=0.0, tokens_used=0, was_proactive=False, context_relevance=0.5, error_occurred=False, tags=[], metadata={})", user_satisfaction=None, response_quality=0.5, latency_ms=0.0, tokens_used=0, was_proactive=False, context_relevance=0.5, error_occurred=False, tags=[], metadata={}), InteractionRecord(id='03323b83126d', timestamp='2026-05-27T09:11:13.396924', interaction_type="InteractionRecord(id='e430ea1cd24e', timestamp='2026-05-27T09:11:13.396924', interaction_type='conversation', user_satisfaction=0.7, response_quality=0.6, latency_ms=0.0, tokens_used=0, was_proactive=False, context_relevance=0.5, error_occurred=False, tags=[], metadata={})", user_satisfaction=None, response_quality=0.5, latency_ms=0.0, tokens_used=0, was_proactive=False, context_relevance=0.5, error_occurred=False, tags=[], metadata={}), InteractionRecord(id='bf0bc7abcf2d', timestamp='2026-05-27T09:11:13.401305', interaction_type="InteractionRecord(id='1b70aeaceb6e', timestamp='2026-05-27T09:11:13.401305', interaction_type='conversation', user_satisfaction=0.7, response_quality=0.6, latency_ms=0.0, tokens_used=0, was_proactive=False, context_relevance=0.5, error_occurred=False, tags=[], metadata={})", user_satisfaction=None, response_quality=0.5, latency_ms=0.0, tokens_used=0, was_proactive=False, context_relevance=0.5, error_occurred=False, tags=[], metadata={}), InteractionRecord(id='ed475caf8aa4', timestamp='2026-05-27T09:11:13.405314', interaction_type="InteractionRecord(id='ac94814761bc', timestamp='2026-05-27T09:11:13.405314', interaction_type='conversation', user_satisfaction=0.7, response_quality=0.6, latency_ms=0.0, tokens_used=0, was_proactive=False, context_relevance=0.5, error_occurred=False, tags=[], metadata={})", user_satisfaction=None, response_quality=0.5, latency_ms=0.0, tokens_used=0, was_proactive=False, context_relevance=0.5, error_occurred=False, tags=[], metadata={}), InteractionRecord(id='a8028f1074ae', timestamp='2026-05-27T09:11:13.409324', interaction_type="InteractionRecord(id='0783347465ea', timestamp='2026-05-27T09:11:13.409324', interaction_type='conversation', user_satisfaction=0.7, response_quality=0.6, latency_ms=0.0, tokens_used=0, was_proactive=False, context_relevance=0.5, error_occurred=False, tags=[], metadata={})", user_satisfaction=None, response_quality=0.5, latency_ms=0.0, tokens_used=0, was_proactive=False, context_relevance=0.5, error_occurred=False, tags=[], metadata={}), InteractionRecord(id='ff1a2585f1e9', timestamp='2026-05-27T09:11:13.414689', interaction_type="InteractionRecord(id='221a15e098af', timestamp='2026-05-27T09:11:13.414689', interaction_type='conversation', user_satisfaction=0.7, response_quality=0.6, latency_ms=0.0, tokens_used=0, was_proactive=False, context_relevance=0.5, error_occurred=False, tags=[], metadata={})", user_satisfaction=None, response_quality=0.5, latency_ms=0.0, tokens_used=0, was_proactive=False, context_relevance=0.5, error_occurred=False, tags=[], metadata={}), InteractionRecord(id='bfd4416fd70c', timestamp='2026-05-27T09:11:13.414689', interaction_type="InteractionRecord(id='466c68daa808', timestamp='2026-05-27T09:11:13.414689', interaction_type='conversation', user_satisfaction=0.7, response_quality=0.6, latency_ms=0.0, tokens_used=0, was_proactive=False, context_relevance=0.5, error_occurred=False, tags=[], metadata={})", user_satisfaction=None, response_quality=0.5, latency_ms=0.0, tokens_used=0, was_proactive=False, context_relevance=0.5, error_occurred=False, tags=[], metadata={}), InteractionRecord(id='ed1b52d682e9', timestamp='2026-05-27T09:11:13.414689', interaction_type="InteractionRecord(id='c6f822de3f27', timestamp='2026-05-27T09:11:13.414689', interaction_type='conversation', user_satisfaction=0.7, response_quality=0.6, latency_ms=0.0, tokens_used=0, was_proactive=False, context_relevance=0.5, error_occurred=False, tags=[], metadata={})", user_satisfaction=None, response_quality=0.5, latency_ms=0.0, tokens_used=0, was_proactive=False, context_relevance=0.5, error_occurred=False, tags=[], metadata={}), InteractionRecord(id='b5875c7563df', timestamp='2026-05-27T09:11:13.414689', interaction_type="InteractionRecord(id='7ebeab24b572', timestamp='2026-05-27T09:11:13.414689', interaction_type='conversation', user_satisfaction=0.7, response_quality=0.6, latency_ms=0.0, tokens_used=0, was_proactive=False, context_relevance=0.5, error_occurred=False, tags=[], metadata={})", user_satisfaction=None, response_quality=0.5, latency_ms=0.0, tokens_used=0, was_proactive=False, context_relevance=0.5, error_occurred=False, tags=[], metadata={}), InteractionRecord(id='e5212255c712', timestamp='2026-05-27T09:11:13.431351', interaction_type="InteractionRecord(id='182ed8b93750', timestamp='2026-05-27T09:11:13.431351', interaction_type='conversation', user_satisfaction=0.7, response_quality=0.6, latency_ms=0.0, tokens_used=0, was_proactive=False, context_relevance=0.5, error_occurred=False, tags=[], metadata={})", user_satisfaction=None, response_quality=0.5, latency_ms=0.0, tokens_used=0, was_proactive=False, context_relevance=0.5, error_occurred=False, tags=[], metadata={}), InteractionRecord(id='10ab354e54a3', timestamp='2026-05-27T09:11:13.431351', interaction_type="InteractionRecord(id='71ee8eb58899', timestamp='2026-05-27T09:11:13.431351', interaction_type='conversation', user_satisfaction=0.7, response_quality=0.6, latency_ms=0.0, tokens_used=0, was_proactive=False, context_relevance=0.5, error_occurred=False, tags=[], metadata={})", user_satisfaction=None, response_quality=0.5, latency_ms=0.0, tokens_used=0, was_proactive=False, context_relevance=0.5, error_occurred=False, tags=[], metadata={}), InteractionRecord(id='8f82ed13b32c', timestamp='2026-05-27T09:11:13.431351', interaction_type="InteractionRecord(id='f4a1b4eab7fb', timestamp='2026-05-27T09:11:13.431351', interaction_type='conversation', user_satisfaction=0.7, response_quality=0.6, latency_ms=0.0, tokens_used=0, was_proactive=False, context_relevance=0.5, error_occurred=False, tags=[], metadata={})", user_satisfaction=None, response_quality=0.5, latency_ms=0.0, tokens_used=0, was_proactive=False, context_relevance=0.5, error_occurred=False, tags=[], metadata={}), InteractionRecord(id='6953407bb18d', timestamp='2026-05-27T09:11:13.431351', interaction_type="InteractionRecord(id='b954cb36358b', timestamp='2026-05-27T09:11:13.431351', interaction_type='conversation', user_satisfaction=0.7, response_quality=0.6, latency_ms=0.0, tokens_used=0, was_proactive=False, context_relevance=0.5, error_occurred=False, tags=[], metadata={})", user_satisfaction=None, response_quality=0.5, latency_ms=0.0, tokens_used=0, was_proactive=False, context_relevance=0.5, error_occurred=False, tags=[], metadata={}), InteractionRecord(id='797324c277a9', timestamp='2026-05-27T09:11:13.448075', interaction_type="InteractionRecord(id='e3c75e5ac87c', timestamp='2026-05-27T09:11:13.448075', interaction_type='conversation', user_satisfaction=0.7, response_quality=0.6, latency_ms=0.0, tokens_used=0, was_proactive=False, context_relevance=0.5, error_occurred=False, tags=[], metadata={})", user_satisfaction=None, response_quality=0.5, latency_ms=0.0, tokens_used=0, was_proactive=False, context_relevance=0.5, error_occurred=False, tags=[], metadata={}), InteractionRecord(id='19b01a0b312d', timestamp='2026-05-27T09:11:13.448075', interaction_type="InteractionRecord(id='6429e4f9be76', timestamp='2026-05-27T09:11:13.448075', interaction_type='conversation', user_satisfaction=0.7, response_quality=0.6, latency_ms=0.0, tokens_used=0, was_proactive=False, context_relevance=0.5, error_occurred=False, tags=[], metadata={})", user_satisfaction=None, response_quality=0.5, latency_ms=0.0, tokens_used=0, was_proactive=False, context_relevance=0.5, error_occurred=False, tags=[], metadata={}), InteractionRecord(id='99f6c3ea3029', timestamp='2026-05-27T09:11:13.448075', interaction_type="InteractionRecord(id='3faedcabc969', timestamp='2026-05-27T09:11:13.448075', interaction_type='conversation', user_satisfaction=0.7, response_quality=0.6, latency_ms=0.0, tokens_used=0, was_proactive=False, context_relevance=0.5, error_occurred=False, tags=[], metadata={})", user_satisfaction=None, response_quality=0.5, latency_ms=0.0, tokens_used=0, was_proactive=False, context_relevance=0.5, error_occurred=False, tags=[], metadata={}), InteractionRecord(id='ccb8b67f6c58', timestamp='2026-05-27T09:11:13.448075', interaction_type="InteractionRecord(id='955636202280', timestamp='2026-05-27T09:11:13.448075', interaction_type='conversation', user_satisfaction=0.7, response_quality=0.6, latency_ms=0.0, tokens_used=0, was_proactive=False, context_relevance=0.5, error_occurred=False, tags=[], metadata={})", user_satisfaction=None, response_quality=0.5, latency_ms=0.0, tokens_used=0, was_proactive=False, context_relevance=0.5, error_occurred=False, tags=[], metadata={}), InteractionRecord(id='564c9d40417b', timestamp='2026-05-27T09:11:13.464727', interaction_type="InteractionRecord(id='1097406c9726', timestamp='2026-05-27T09:11:13.464727', interaction_type='conversation', user_satisfaction=0.7, response_quality=0.6, latency_ms=0.0, tokens_used=0, was_proactive=False, context_relevance=0.5, error_occurred=False, tags=[], metadata={})", user_satisfaction=None, response_quality=0.5, latency_ms=0.0, tokens_used=0, was_proactive=False, context_relevance=0.5, error_occurred=False, tags=[], metadata={}), InteractionRecord(id='c36cd9a33949', timestamp='2026-05-27T09:11:13.464727', interaction_type="InteractionRecord(id='f8347554728d', timestamp='2026-05-27T09:11:13.464727', interaction_type='conversation', user_satisfaction=0.7, response_quality=0.6, latency_ms=0.0, tokens_used=0, was_proactive=False, context_relevance=0.5, error_occurred=False, tags=[], metadata={})", user_satisfaction=None, response_quality=0.5, latency_ms=0.0, tokens_used=0, was_proactive=False, context_relevance=0.5, error_occurred=False, tags=[], metadata={}), InteractionRecord(id='1992147b511a', timestamp='2026-05-27T09:11:13.464727', interaction_type="InteractionRecord(id='338b44eeeb5e', timestamp='2026-05-27T09:11:13.464727', interaction_type='conversation', user_satisfaction=0.7, response_quality=0.6, latency_ms=0.0, tokens_used=0, was_proactive=False, context_relevance=0.5, error_occurred=False, tags=[], metadata={})", user_satisfaction=None, response_quality=0.5, latency_ms=0.0, tokens_used=0, was_proactive=False, context_relevance=0.5, error_occurred=False, tags=[], metadata={}), InteractionRecord(id='2ecc1ab721dc', timestamp='2026-05-27T09:11:13.464727', interaction_type="InteractionRecord(id='aa0071765f72', timestamp='2026-05-27T09:11:13.464727', interaction_type='conversation', user_satisfaction=0.7, response_quality=0.6, latency_ms=0.0, tokens_used=0, was_proactive=False, context_relevance=0.5, error_occurred=False, tags=[], metadata={})", user_satisfaction=None, response_quality=0.5, latency_ms=0.0, tokens_used=0, was_proactive=False, context_relevance=0.5, error_occurred=False, tags=[], metadata={}), InteractionRecord(id='7fb306ef783e', timestamp='2026-05-27T09:11:13.481389', interaction_type="InteractionRecord(id='b6002622e1cd', timestamp='2026-05-27T09:11:13.481389', interaction_type='conversation', user_satisfaction=0.7, response_quality=0.6, latency_ms=0.0, tokens_used=0, was_proactive=False, context_relevance=0.5, error_occurred=False, tags=[], metadata={})", user_satisfaction=None, response_quality=0.5, latency_ms=0.0, tokens_used=0, was_proactive=False, context_relevance=0.5, error_occurred=False, tags=[], metadata={}), InteractionRecord(id='605cc36447a6', timestamp='2026-05-27T09:11:13.485354', interaction_type="InteractionRecord(id='db8fb03efff0', timestamp='2026-05-27T09:11:13.485354', interaction_type='conversation', user_satisfaction=0.7, response_quality=0.6, latency_ms=0.0, tokens_used=0, was_proactive=False, context_relevance=0.5, error_occurred=False, tags=[], metadata={})", user_satisfaction=None, response_quality=0.5, latency_ms=0.0, tokens_used=0, was_proactive=False, context_relevance=0.5, error_occurred=False, tags=[], metadata={}), InteractionRecord(id='cac7f9233e3b', timestamp='2026-05-27T09:11:13.485354', interaction_type="InteractionRecord(id='b315794b564c', timestamp='2026-05-27T09:11:13.485354', interaction_type='conversation', user_satisfaction=0.7, response_quality=0.6, latency_ms=0.0, tokens_used=0, was_proactive=False, context_relevance=0.5, error_occurred=False, tags=[], metadata={})", user_satisfaction=None, response_quality=0.5, latency_ms=0.0, tokens_used=0, was_proactive=False, context_relevance=0.5, error_occurred=False, tags=[], metadata={}), InteractionRecord(id='3f9d7e9f7f9f', timestamp='2026-05-27T09:11:13.485354', interaction_type="InteractionRecord(id='6a37f54ac2ea', timestamp='2026-05-27T09:11:13.485354', interaction_type='conversation', user_satisfaction=0.7, response_quality=0.6, latency_ms=0.0, tokens_used=0, was_proactive=False, context_relevance=0.5, error_occurred=False, tags=[], metadata={})", user_satisfaction=None, response_quality=0.5, latency_ms=0.0, tokens_used=0, was_proactive=False, context_relevance=0.5, error_occurred=False, tags=[], metadata={}), InteractionRecord(id='de7c549e378d', timestamp='2026-05-27T09:11:13.498061', interaction_type="InteractionRecord(id='8929c1a306f2', timestamp='2026-05-27T09:11:13.498061', interaction_type='conversation', user_satisfaction=0.7, response_quality=0.6, latency_ms=0.0, tokens_used=0, was_proactive=False, context_relevance=0.5, error_occurred=False, tags=[], metadata={})", user_satisfaction=None, response_quality=0.5, latency_ms=0.0, tokens_used=0, was_proactive=False, context_relevance=0.5, error_occurred=False, tags=[], metadata={}), InteractionRecord(id='50b23cd6a764', timestamp='2026-05-27T09:11:13.498061', interaction_type="InteractionRecord(id='a5b988daf23f', timestamp='2026-05-27T09:11:13.498061', interaction_type='conversation', user_satisfaction=0.7, response_quality=0.6, latency_ms=0.0, tokens_used=0, was_proactive=False, context_relevance=0.5, error_occurred=False, tags=[], metadata={})", user_satisfaction=None, response_quality=0.5, latency_ms=0.0, tokens_used=0, was_proactive=False, context_relevance=0.5, error_occurred=False, tags=[], metadata={}), InteractionRecord(id=573127408927, timestamp='2026-05-27T09:11:57.151003', interaction_type="InteractionRecord(id='2a369dc5e32f', timestamp='2026-05-27T09:11:57.151003', interaction_type='conversation', user_satisfaction=0.8, response_quality=0.7, latency_ms=500, tokens_used=0, was_proactive=False, context_relevance=0.5, error_occurred=False, tags=[], metadata={})", user_satisfaction=None, response_quality=0.5, latency_ms=0.0, tokens_used=0, was_proactive=False, context_relevance=0.5, error_occurred=False, tags=[], metadata={}), InteractionRecord(id='ca4f8f2da893', timestamp='2026-05-27T09:11:57.256857', interaction_type="InteractionRecord(id='34377fba0ada', timestamp='2026-05-27T09:11:57.256857', interaction_type='conversation', user_satisfaction=0.7, response_quality=0.6, latency_ms=400, tokens_used=0, was_proactive=False, context_relevance=0.5, error_occurred=False, tags=[], metadata={})", user_satisfaction=None, response_quality=0.5, latency_ms=0.0, tokens_used=0, was_proactive=False, context_relevance=0.5, error_occurred=False, tags=[], metadata={}), InteractionRecord(id='074efbd01f2f', timestamp='2026-05-27T09:11:57.267663', interaction_type="InteractionRecord(id='71927786a488', timestamp='2026-05-27T09:11:57.267663', interaction_type='conversation', user_satisfaction=0.7999999999999999, response_quality=0.8, latency_ms=450, tokens_used=0, was_proactive=False, context_relevance=0.5, error_occurred=False, tags=[], metadata={})", user_satisfaction=None, response_quality=0.5, latency_ms=0.0, tokens_used=0, was_proactive=False, context_relevance=0.5, error_occurred=False, tags=[], metadata={}), InteractionRecord(id='6e2a98bd3a3d', timestamp='2026-05-27T09:11:57.271938', interaction_type="InteractionRecord(id='04d3d5e0c1ef', timestamp='2026-05-27T09:11:57.271938', interaction_type='conversation', user_satisfaction=0.8999999999999999, response_quality=0.6, latency_ms=500, tokens_used=0, was_proactive=False, context_relevance=0.5, error_occurred=False, tags=[], metadata={})", user_satisfaction=None, response_quality=0.5, latency_ms=0.0, tokens_used=0, was_proactive=False, context_relevance=0.5, error_occurred=False, tags=[], metadata={}), InteractionRecord(id='e0bbb30b7bcb', timestamp='2026-05-27T09:11:57.272940', interaction_type="InteractionRecord(id='be68f3e5aa2c', timestamp='2026-05-27T09:11:57.272940', interaction_type='conversation', user_satisfaction=0.7, response_quality=0.8, latency_ms=550, tokens_used=0, was_proactive=False, context_relevance=0.5, error_occurred=False, tags=[], metadata={})", user_satisfaction=None, response_quality=0.5, latency_ms=0.0, tokens_used=0, was_proactive=False, context_relevance=0.5, error_occurred=False, tags=[], metadata={}), InteractionRecord(id='6689073e9e4a', timestamp='2026-05-27T09:11:57.272940', interaction_type="InteractionRecord(id='d2ebbad76acb', timestamp='2026-05-27T09:11:57.272940', interaction_type='conversation', user_satisfaction=0.7999999999999999, response_quality=0.6, latency_ms=600, tokens_used=0, was_proactive=False, context_relevance=0.5, error_occurred=False, tags=[], metadata={})", user_satisfaction=None, response_quality=0.5, latency_ms=0.0, tokens_used=0, was_proactive=False, context_relevance=0.5, error_occurred=False, tags=[], metadata={}), InteractionRecord(id='ee9baa513ff5', timestamp='2026-05-27T09:11:57.284233', interaction_type="InteractionRecord(id='4966037e445a', timestamp='2026-05-27T09:11:57.284233', interaction_type='conversation', user_satisfaction=0.8999999999999999, response_quality=0.8, latency_ms=650, tokens_used=0, was_proactive=False, context_relevance=0.5, error_occurred=False, tags=[], metadata={})", user_satisfaction=None, response_quality=0.5, latency_ms=0.0, tokens_used=0, was_proactive=False, context_relevance=0.5, error_occurred=False, tags=[], metadata={}), InteractionRecord(id='56780332626e', timestamp='2026-05-27T09:11:57.284233', interaction_type="InteractionRecord(id='47f390763bb7', timestamp='2026-05-27T09:11:57.284233', interaction_type='conversation', user_satisfaction=0.7, response_quality=0.6, latency_ms=700, tokens_used=0, was_proactive=False, context_relevance=0.5, error_occurred=False, tags=[], metadata={})", user_satisfaction=None, response_quality=0.5, latency_ms=0.0, tokens_used=0, was_proactive=False, context_relevance=0.5, error_occurred=False, tags=[], metadata={}), InteractionRecord(id='25efbb972345', timestamp='2026-05-27T09:11:57.284233', interaction_type="InteractionRecord(id='a969d0e7e173', timestamp='2026-05-27T09:11:57.284233', interaction_type='conversation', user_satisfaction=0.7999999999999999, response_quality=0.8, latency_ms=750, tokens_used=0, was_proactive=False, context_relevance=0.5, error_occurred=False, tags=[], metadata={})", user_satisfaction=None, response_quality=0.5, latency_ms=0.0, tokens_used=0, was_proactive=False, context_relevance=0.5, error_occurred=False, tags=[], metadata={}), InteractionRecord(id='3c23ff89cb11', timestamp='2026-05-27T09:11:57.284233', interaction_type="InteractionRecord(id='e4bdb8cb09e9', timestamp='2026-05-27T09:11:57.284233', interaction_type='conversation', user_satisfaction=0.8999999999999999, response_quality=0.6, latency_ms=800, tokens_used=0, was_proactive=False, context_relevance=0.5, error_occurred=False, tags=[], metadata={})", user_satisfaction=None, response_quality=0.5, latency_ms=0.0, tokens_used=0, was_proactive=False, context_relevance=0.5, error_occurred=False, tags=[], metadata={}), InteractionRecord(id='449980aca7df', timestamp='2026-05-27T09:11:57.300928', interaction_type="InteractionRecord(id='3e24882b8572', timestamp='2026-05-27T09:11:57.300928', interaction_type='conversation', user_satisfaction=0.7, response_quality=0.8, latency_ms=850, tokens_used=0, was_proactive=False, context_relevance=0.5, error_occurred=False, tags=[], metadata={})", user_satisfaction=None, response_quality=0.5, latency_ms=0.0, tokens_used=0, was_proactive=False, context_relevance=0.5, error_occurred=False, tags=[], metadata={}), InteractionRecord(id='d5b09fd029f6', timestamp='2026-05-27T09:12:16.732588', interaction_type="InteractionRecord(id='8089b69c9896', timestamp='2026-05-27T09:12:16.732588', interaction_type='conversation', user_satisfaction=0.8, response_quality=0.7, latency_ms=0.0, tokens_used=0, was_proactive=False, context_relevance=0.5, error_occurred=False, tags=[], metadata={})", user_satisfaction=None, response_quality=0.5, latency_ms=0.0, tokens_used=0, was_proactive=False, context_relevance=0.5, error_occurred=False, tags=[], metadata={}), InteractionRecord(id='6d6d56231cfa', timestamp='2026-05-27T09:12:16.736996', interaction_type="InteractionRecord(id='f15a36ca6a7a', timestamp='2026-05-27T09:12:16.736996', interaction_type='conversation', user_satisfaction=0.8, response_quality=0.7, latency_ms=0.0, tokens_used=0, was_proactive=False, context_relevance=0.5, error_occurred=False, tags=[], metadata={})", user_satisfaction=None, response_quality=0.5, latency_ms=0.0, tokens_used=0, was_proactive=False, context_relevance=0.5, error_occurred=False, tags=[], metadata={}), InteractionRecord(id='990c5684c16a', timestamp='2026-05-27T09:12:16.736996', interaction_type="InteractionRecord(id='ef440c688691', timestamp='2026-05-27T09:12:16.736996', interaction_type='conversation', user_satisfaction=0.8, response_quality=0.7, latency_ms=0.0, tokens_used=0, was_proactive=False, context_relevance=0.5, error_occurred=False, tags=[], metadata={})", user_satisfaction=None, response_quality=0.5, latency_ms=0.0, tokens_used=0, was_proactive=False, context_relevance=0.5, error_occurred=False, tags=[], metadata={}), InteractionRecord(id='a84b68ac5ca0', timestamp='2026-05-27T09:12:16.748556', interaction_type="InteractionRecord(id='1c952a6f8269', timestamp='2026-05-27T09:12:16.748556', interaction_type='conversation', user_satisfaction=0.8, response_quality=0.7, latency_ms=0.0, tokens_used=0, was_proactive=False, context_relevance=0.5, error_occurred=False, tags=[], metadata={})", user_satisfaction=None, response_quality=0.5, latency_ms=0.0, tokens_used=0, was_proactive=False, context_relevance=0.5, error_occurred=False, tags=[], metadata={}), InteractionRecord(id='14bd3265b42f', timestamp='2026-05-27T09:12:16.753853', interaction_type="InteractionRecord(id='0535a87cd5c1', timestamp='2026-05-27T09:12:16.753853', interaction_type='conversation', user_satisfaction=0.8, response_quality=0.7, latency_ms=0.0, tokens_used=0, was_proactive=False, context_relevance=0.5, error_occurred=False, tags=[], metadata={})", user_satisfaction=None, response_quality=0.5, latency_ms=0.0, tokens_used=0, was_proactive=False, context_relevance=0.5, error_occurred=False, tags=[], metadata={}), InteractionRecord(id='1c13f9df77c6', timestamp='2026-05-27T09:12:16.775536', interaction_type="InteractionRecord(id='18ee3895d3b6', timestamp='2026-05-27T09:12:16.775536', interaction_type='conversation', user_satisfaction=0.7, response_quality=0.6, latency_ms=0.0, tokens_used=0, was_proactive=False, context_relevance=0.5, error_occurred=False, tags=[], metadata={})", user_satisfaction=None, response_quality=0.5, latency_ms=0.0, tokens_used=0, was_proactive=False, context_relevance=0.5, error_occurred=False, tags=[], metadata={}), InteractionRecord(id='0dd73da0d595', timestamp='2026-05-27T09:12:16.780542', interaction_type="InteractionRecord(id='48e8ca78de6c', timestamp='2026-05-27T09:12:16.780542', interaction_type='conversation', user_satisfaction=0.7, response_quality=0.6, latency_ms=0.0, tokens_used=0, was_proactive=False, context_relevance=0.5, error_occurred=False, tags=[], metadata={})", user_satisfaction=None, response_quality=0.5, latency_ms=0.0, tokens_used=0, was_proactive=False, context_relevance=0.5, error_occurred=False, tags=[], metadata={}), InteractionRecord(id='95d91c6b6859', timestamp='2026-05-27T09:12:16.780542', interaction_type="InteractionRecord(id='4a27c3ef9033', timestamp='2026-05-27T09:12:16.780542', interaction_type='conversation', user_satisfaction=0.7, response_quality=0.6, latency_ms=0.0, tokens_used=0, was_proactive=False, context_relevance=0.5, error_occurred=False, tags=[], metadata={})", user_satisfaction=None, response_quality=0.5, latency_ms=0.0, tokens_used=0, was_proactive=False, context_relevance=0.5, error_occurred=False, tags=[], metadata={}), InteractionRecord(id='54dcdb28505b', timestamp='2026-05-27T09:12:16.780542', interaction_type="InteractionRecord(id='94f9d6a950dc', timestamp='2026-05-27T09:12:16.780542', interaction_type='conversation', user_satisfaction=0.7, response_quality=0.6, latency_ms=0.0, tokens_used=0, was_proactive=False, context_relevance=0.5, error_occurred=False, tags=[], metadata={})", user_satisfaction=None, response_quality=0.5, latency_ms=0.0, tokens_used=0, was_proactive=False, context_relevance=0.5, error_occurred=False, tags=[], metadata={}), InteractionRecord(id='451675794ccb', timestamp='2026-05-27T09:12:16.798457', interaction_type="InteractionRecord(id='38ae77cd1037', timestamp='2026-05-27T09:12:16.798457', interaction_type='conversation', user_satisfaction=0.7, response_quality=0.6, latency_ms=0.0, tokens_used=0, was_proactive=False, context_relevance=0.5, error_occurred=False, tags=[], metadata={})", user_satisfaction=None, response_quality=0.5, latency_ms=0.0, tokens_used=0, was_proactive=False, context_relevance=0.5, error_occurred=False, tags=[], metadata={}), InteractionRecord(id='5870ff45be03', timestamp='2026-05-27T09:12:16.803832', interaction_type="InteractionRecord(id='1f8af72e046b', timestamp='2026-05-27T09:12:16.803832', interaction_type='conversation', user_satisfaction=0.7, response_quality=0.6, latency_ms=0.0, tokens_used=0, was_proactive=False, context_relevance=0.5, error_occurred=False, tags=[], metadata={})", user_satisfaction=None, response_quality=0.5, latency_ms=0.0, tokens_used=0, was_proactive=False, context_relevance=0.5, error_occurred=False, tags=[], metadata={}), InteractionRecord(id='880fb94351f3', timestamp='2026-05-27T09:12:16.809904', interaction_type="InteractionRecord(id='acc97f1017c7', timestamp='2026-05-27T09:12:16.809904', interaction_type='conversation', user_satisfaction=0.7, response_quality=0.6, latency_ms=0.0, tokens_used=0, was_proactive=False, context_relevance=0.5, error_occurred=False, tags=[], metadata={})", user_satisfaction=None, response_quality=0.5, latency_ms=0.0, tokens_used=0, was_proactive=False, context_relevance=0.5, error_occurred=False, tags=[], metadata={}), InteractionRecord(id='23ad73cb0d8d', timestamp='2026-05-27T09:12:16.813919', interaction_type="InteractionRecord(id='43698976b73a', timestamp='2026-05-27T09:12:16.813919', interaction_type='conversation', user_satisfaction=0.7, response_quality=0.6, latency_ms=0.0, tokens_used=0, was_proactive=False, context_relevance=0.5, error_occurred=False, tags=[], metadata={})", user_satisfaction=None, response_quality=0.5, latency_ms=0.0, tokens_used=0, was_proactive=False, context_relevance=0.5, error_occurred=False, tags=[], metadata={}), InteractionRecord(id='ee0e635ed4cd', timestamp='2026-05-27T09:12:16.818445', interaction_type="InteractionRecord(id='f30038299409', timestamp='2026-05-27T09:12:16.818445', interaction_type='conversation', user_satisfaction=0.7, response_quality=0.6, latency_ms=0.0, tokens_used=0, was_proactive=False, context_relevance=0.5, error_occurred=False, tags=[], metadata={})", user_satisfaction=None, response_quality=0.5, latency_ms=0.0, tokens_used=0, was_proactive=False, context_relevance=0.5, error_occurred=False, tags=[], metadata={}), InteractionRecord(id='a1015be41dce', timestamp='2026-05-27T09:12:16.818445', interaction_type="InteractionRecord(id='23f41926ec5a', timestamp='2026-05-27T09:12:16.818445', interaction_type='conversation', user_satisfaction=0.7, response_quality=0.6, latency_ms=0.0, tokens_used=0, was_proactive=False, context_relevance=0.5, error_occurred=False, tags=[], metadata={})", user_satisfaction=None, response_quality=0.5, latency_ms=0.0, tokens_used=0, was_proactive=False, context_relevance=0.5, error_occurred=False, tags=[], metadata={}), InteractionRecord(id='4bd401f244e4', timestamp='2026-05-27T09:12:16.818445', interaction_type="InteractionRecord(id='fb3924acde6c', timestamp='2026-05-27T09:12:16.818445', interaction_type='conversation', user_satisfaction=0.7, response_quality=0.6, latency_ms=0.0, tokens_used=0, was_proactive=False, context_relevance=0.5, error_occurred=False, tags=[], metadata={})", user_satisfaction=None, response_quality=0.5, latency_ms=0.0, tokens_used=0, was_proactive=False, context_relevance=0.5, error_occurred=False, tags=[], metadata={}), InteractionRecord(id='1b62d5d637bf', timestamp='2026-05-27T09:12:16.834296', interaction_type="InteractionRecord(id='fd72d8d71696', timestamp='2026-05-27T09:12:16.834296', interaction_type='conversation', user_satisfaction=0.7, response_quality=0.6, latency_ms=0.0, tokens_used=0, was_proactive=False, context_relevance=0.5, error_occurred=False, tags=[], metadata={})", user_satisfaction=None, response_quality=0.5, latency_ms=0.0, tokens_used=0, was_proactive=False, context_relevance=0.5, error_occurred=False, tags=[], metadata={}), InteractionRecord(id='76e16826dbdc', timestamp='2026-05-27T09:12:16.834296', interaction_type="InteractionRecord(id='fc49ecf180a4', timestamp='2026-05-27T09:12:16.834296', interaction_type='conversation', user_satisfaction=0.7, response_quality=0.6, latency_ms=0.0, tokens_used=0, was_proactive=False, context_relevance=0.5, error_occurred=False, tags=[], metadata={})", user_satisfaction=None, response_quality=0.5, latency_ms=0.0, tokens_used=0, was_proactive=False, context_relevance=0.5, error_occurred=False, tags=[], metadata={}), InteractionRecord(id='849edcc23299', timestamp='2026-05-27T09:12:16.834296', interaction_type="InteractionRecord(id='d875cd64f158', timestamp='2026-05-27T09:12:16.834296', interaction_type='conversation', user_satisfaction=0.7, response_quality=0.6, latency_ms=0.0, tokens_used=0, was_proactive=False, context_relevance=0.5, error_occurred=False, tags=[], metadata={})", user_satisfaction=None, response_quality=0.5, latency_ms=0.0, tokens_used=0, was_proactive=False, context_relevance=0.5, error_occurred=False, tags=[], metadata={}), InteractionRecord(id='e493c46c7f4d', timestamp='2026-05-27T09:12:16.851845', interaction_type="InteractionRecord(id='a78a71b5b74b', timestamp='2026-05-27T09:12:16.851845', interaction_type='conversation', user_satisfaction=0.7, response_quality=0.6, latency_ms=0.0, tokens_used=0, was_proactive=False, context_relevance=0.5, error_occurred=False, tags=[], metadata={})", user_satisfaction=None, response_quality=0.5, latency_ms=0.0, tokens_used=0, was_proactive=False, context_relevance=0.5, error_occurred=False, tags=[], metadata={}), InteractionRecord(id='9c3df55eeb55', timestamp='2026-05-27T09:12:16.861098', interaction_type="InteractionRecord(id='adbf2f88b853', timestamp='2026-05-27T09:12:16.861098', interaction_type='conversation', user_satisfaction=0.7, response_quality=0.6, latency_ms=0.0, tokens_used=0, was_proactive=False, context_relevance=0.5, error_occurred=False, tags=[], metadata={})", user_satisfaction=None, response_quality=0.5, latency_ms=0.0, tokens_used=0, was_proactive=False, context_relevance=0.5, error_occurred=False, tags=[], metadata={}), InteractionRecord(id='c4604b37f237', timestamp='2026-05-27T09:12:16.867674', interaction_type="InteractionRecord(id='c2182d5d532f', timestamp='2026-05-27T09:12:16.867674', interaction_type='conversation', user_satisfaction=0.7, response_quality=0.6, latency_ms=0.0, tokens_used=0, was_proactive=False, context_relevance=0.5, error_occurred=False, tags=[], metadata={})", user_satisfaction=None, response_quality=0.5, latency_ms=0.0, tokens_used=0, was_proactive=False, context_relevance=0.5, error_occurred=False, tags=[], metadata={}), InteractionRecord(id='59920258217f', timestamp='2026-05-27T09:12:16.867674', interaction_type="InteractionRecord(id='e5bbf74b1572', timestamp='2026-05-27T09:12:16.867674', interaction_type='conversation', user_satisfaction=0.7, response_quality=0.6, latency_ms=0.0, tokens_used=0, was_proactive=False, context_relevance=0.5, error_occurred=False, tags=[], metadata={})", user_satisfaction=None, response_quality=0.5, latency_ms=0.0, tokens_used=0, was_proactive=False, context_relevance=0.5, error_occurred=False, tags=[], metadata={}), InteractionRecord(id='a8f344d711b7', timestamp='2026-05-27T09:12:16.867674', interaction_type="InteractionRecord(id='48ab64b17653', timestamp='2026-05-27T09:12:16.867674', interaction_type='conversation', user_satisfaction=0.7, response_quality=0.6, latency_ms=0.0, tokens_used=0, was_proactive=False, context_relevance=0.5, error_occurred=False, tags=[], metadata={})", user_satisfaction=None, response_quality=0.5, latency_ms=0.0, tokens_used=0, was_proactive=False, context_relevance=0.5, error_occurred=False, tags=[], metadata={}), InteractionRecord(id='ff4e4e018d24', timestamp='2026-05-27T09:12:16.883656', interaction_type="InteractionRecord(id='77ee7414c8cb', timestamp='2026-05-27T09:12:16.883656', interaction_type='conversation', user_satisfaction=0.7, response_quality=0.6, latency_ms=0.0, tokens_used=0, was_proactive=False, context_relevance=0.5, error_occurred=False, tags=[], metadata={})", user_satisfaction=None, response_quality=0.5, latency_ms=0.0, tokens_used=0, was_proactive=False, context_relevance=0.5, error_occurred=False, tags=[], metadata={}), InteractionRecord(id='0614c31f5fcc', timestamp='2026-05-27T09:12:16.885369', interaction_type="InteractionRecord(id='6dd4b15089ca', timestamp='2026-05-27T09:12:16.885369', interaction_type='conversation', user_satisfaction=0.7, response_quality=0.6, latency_ms=0.0, tokens_used=0, was_proactive=False, context_relevance=0.5, error_occurred=False, tags=[], metadata={})", user_satisfaction=None, response_quality=0.5, latency_ms=0.0, tokens_used=0, was_proactive=False, context_relevance=0.5, error_occurred=False, tags=[], metadata={}), InteractionRecord(id='d984dac253ea', timestamp='2026-05-27T09:12:16.896516', interaction_type="InteractionRecord(id='0b19ec67aa51', timestamp='2026-05-27T09:12:16.894510', interaction_type='conversation', user_satisfaction=0.7, response_quality=0.6, latency_ms=0.0, tokens_used=0, was_proactive=False, context_relevance=0.5, error_occurred=False, tags=[], metadata={})", user_satisfaction=None, response_quality=0.5, latency_ms=0.0, tokens_used=0, was_proactive=False, context_relevance=0.5, error_occurred=False, tags=[], metadata={}), InteractionRecord(id='89882fe7f919', timestamp='2026-05-27T09:12:16.901181', interaction_type="InteractionRecord(id='7b56dcf3005f', timestamp='2026-05-27T09:12:16.901181', interaction_type='conversation', user_satisfaction=0.7, response_quality=0.6, latency_ms=0.0, tokens_used=0, was_proactive=False, context_relevance=0.5, error_occurred=False, tags=[], metadata={})", user_satisfaction=None, response_quality=0.5, latency_ms=0.0, tokens_used=0, was_proactive=False, context_relevance=0.5, error_occurred=False, tags=[], metadata={}), InteractionRecord(id='b87f3b56168f', timestamp='2026-05-27T09:12:16.901181', interaction_type="InteractionRecord(id='23b9762b573b', timestamp='2026-05-27T09:12:16.901181', interaction_type='conversation', user_satisfaction=0.7, response_quality=0.6, latency_ms=0.0, tokens_used=0, was_proactive=False, context_relevance=0.5, error_occurred=False, tags=[], metadata={})", user_satisfaction=None, response_quality=0.5, latency_ms=0.0, tokens_used=0, was_proactive=False, context_relevance=0.5, error_occurred=False, tags=[], metadata={}), InteractionRecord(id='7e1b2663c09a', timestamp='2026-05-27T09:12:16.901181', interaction_type="InteractionRecord(id='314b9742b7c5', timestamp='2026-05-27T09:12:16.901181', interaction_type='conversation', user_satisfaction=0.7, response_quality=0.6, latency_ms=0.0, tokens_used=0, was_proactive=False, context_relevance=0.5, error_occurred=False, tags=[], metadata={})", user_satisfaction=None, response_quality=0.5, latency_ms=0.0, tokens_used=0, was_proactive=False, context_relevance=0.5, error_occurred=False, tags=[], metadata={}), InteractionRecord(id='2383cf221e99', timestamp='2026-05-27T09:12:16.918391', interaction_type="InteractionRecord(id='f3d6e2a8891d', timestamp='2026-05-27T09:12:16.918391', interaction_type='conversation', user_satisfaction=0.7, response_quality=0.6, latency_ms=0.0, tokens_used=0, was_proactive=False, context_relevance=0.5, error_occurred=False, tags=[], metadata={})", user_satisfaction=None, response_quality=0.5, latency_ms=0.0, tokens_used=0, was_proactive=False, context_relevance=0.5, error_occurred=False, tags=[], metadata={}), InteractionRecord(id='2690e434e030', timestamp='2026-05-27T09:12:16.925849', interaction_type="InteractionRecord(id='13531e80ece1', timestamp='2026-05-27T09:12:16.925849', interaction_type='conversation', user_satisfaction=0.7, response_quality=0.6, latency_ms=0.0, tokens_used=0, was_proactive=False, context_relevance=0.5, error_occurred=False, tags=[], metadata={})", user_satisfaction=None, response_quality=0.5, latency_ms=0.0, tokens_used=0, was_proactive=False, context_relevance=0.5, error_occurred=False, tags=[], metadata={}), InteractionRecord(id='b5c55b4d47ef', timestamp='2026-05-27T09:12:16.925849', interaction_type="InteractionRecord(id='923b838c9c88', timestamp='2026-05-27T09:12:16.925849', interaction_type='conversation', user_satisfaction=0.7, response_quality=0.6, latency_ms=0.0, tokens_used=0, was_proactive=False, context_relevance=0.5, error_occurred=False, tags=[], metadata={})", user_satisfaction=None, response_quality=0.5, latency_ms=0.0, tokens_used=0, was_proactive=False, context_relevance=0.5, error_occurred=False, tags=[], metadata={}), InteractionRecord(id='25b46f2b8bc5', timestamp='2026-05-27T09:12:16.998629', interaction_type="InteractionRecord(id='0174d6d9bd6c', timestamp='2026-05-27T09:12:16.998629', interaction_type='conversation', user_satisfaction=0.7, response_quality=0.6, latency_ms=0.0, tokens_used=0, was_proactive=False, context_relevance=0.5, error_occurred=False, tags=[], metadata={})", user_satisfaction=None, response_quality=0.5, latency_ms=0.0, tokens_used=0, was_proactive=False, context_relevance=0.5, error_occurred=False, tags=[], metadata={}), InteractionRecord(id='9e55ecc0a4e3', timestamp='2026-05-27T09:12:17.001769', interaction_type="InteractionRecord(id='8e81449fca4d', timestamp='2026-05-27T09:12:17.001769', interaction_type='conversation', user_satisfaction=0.7, response_quality=0.6, latency_ms=0.0, tokens_used=0, was_proactive=False, context_relevance=0.5, error_occurred=False, tags=[], metadata={})", user_satisfaction=None, response_quality=0.5, latency_ms=0.0, tokens_used=0, was_proactive=False, context_relevance=0.5, error_occurred=False, tags=[], metadata={}), InteractionRecord(id='a69f69b9e32a', timestamp='2026-05-27T09:12:17.001769', interaction_type="InteractionRecord(id='e95b52ac49ea', timestamp='2026-05-27T09:12:17.001769', interaction_type='conversation', user_satisfaction=0.7, response_quality=0.6, latency_ms=0.0, tokens_used=0, was_proactive=False, context_relevance=0.5, error_occurred=False, tags=[], metadata={})", user_satisfaction=None, response_quality=0.5, latency_ms=0.0, tokens_used=0, was_proactive=False, context_relevance=0.5, error_occurred=False, tags=[], metadata={}), InteractionRecord(id='2fc9c12b123f', timestamp='2026-05-27T09:12:17.001769', interaction_type="InteractionRecord(id='18a2441fed52', timestamp='2026-05-27T09:12:17.001769', interaction_type='conversation', user_satisfaction=0.7, response_quality=0.6, latency_ms=0.0, tokens_used=0, was_proactive=False, context_relevance=0.5, error_occurred=False, tags=[], metadata={})", user_satisfaction=None, response_quality=0.5, latency_ms=0.0, tokens_used=0, was_proactive=False, context_relevance=0.5, error_occurred=False, tags=[], metadata={}), InteractionRecord(id='14d82f29fe90', timestamp='2026-05-27T09:12:17.018435', interaction_type="InteractionRecord(id='370245dfef5f', timestamp='2026-05-27T09:12:17.018435', interaction_type='conversation', user_satisfaction=0.7, response_quality=0.6, latency_ms=0.0, tokens_used=0, was_proactive=False, context_relevance=0.5, error_occurred=False, tags=[], metadata={})", user_satisfaction=None, response_quality=0.5, latency_ms=0.0, tokens_used=0, was_proactive=False, context_relevance=0.5, error_occurred=False, tags=[], metadata={}), InteractionRecord(id='57242e112a04', timestamp='2026-05-27T09:12:17.018435', interaction_type="InteractionRecord(id='aca7c090e5f8', timestamp='2026-05-27T09:12:17.018435', interaction_type='conversation', user_satisfaction=0.7, response_quality=0.6, latency_ms=0.0, tokens_used=0, was_proactive=False, context_relevance=0.5, error_occurred=False, tags=[], metadata={})", user_satisfaction=None, response_quality=0.5, latency_ms=0.0, tokens_used=0, was_proactive=False, context_relevance=0.5, error_occurred=False, tags=[], metadata={}), InteractionRecord(id='9d79a4e6b4f7', timestamp='2026-05-27T09:12:17.018435', interaction_type="InteractionRecord(id='d430dc6a2f13', timestamp='2026-05-27T09:12:17.018435', interaction_type='conversation', user_satisfaction=0.7, response_quality=0.6, latency_ms=0.0, tokens_used=0, was_proactive=False, context_relevance=0.5, error_occurred=False, tags=[], metadata={})", user_satisfaction=None, response_quality=0.5, latency_ms=0.0, tokens_used=0, was_proactive=False, context_relevance=0.5, error_occurred=False, tags=[], metadata={}), InteractionRecord(id='d172fd053e4d', timestamp='2026-05-27T09:12:17.034539', interaction_type="InteractionRecord(id='8cc0c96b754e', timestamp='2026-05-27T09:12:17.034539', interaction_type='conversation', user_satisfaction=0.7, response_quality=0.6, latency_ms=0.0, tokens_used=0, was_proactive=False, context_relevance=0.5, error_occurred=False, tags=[], metadata={})", user_satisfaction=None, response_quality=0.5, latency_ms=0.0, tokens_used=0, was_proactive=False, context_relevance=0.5, error_occurred=False, tags=[], metadata={}), InteractionRecord(id='97aa3d2d454d', timestamp='2026-05-27T09:12:17.035093', interaction_type="InteractionRecord(id='3a98135da3e7', timestamp='2026-05-27T09:12:17.035093', interaction_type='conversation', user_satisfaction=0.7, response_quality=0.6, latency_ms=0.0, tokens_used=0, was_proactive=False, context_relevance=0.5, error_occurred=False, tags=[], metadata={})", user_satisfaction=None, response_quality=0.5, latency_ms=0.0, tokens_used=0, was_proactive=False, context_relevance=0.5, error_occurred=False, tags=[], metadata={}), InteractionRecord(id='8f0cb5372fd8', timestamp='2026-05-27T09:12:17.035093', interaction_type="InteractionRecord(id='3da27632a209', timestamp='2026-05-27T09:12:17.035093', interaction_type='conversation', user_satisfaction=0.7, response_quality=0.6, latency_ms=0.0, tokens_used=0, was_proactive=False, context_relevance=0.5, error_occurred=False, tags=[], metadata={})", user_satisfaction=None, response_quality=0.5, latency_ms=0.0, tokens_used=0, was_proactive=False, context_relevance=0.5, error_occurred=False, tags=[], metadata={}), InteractionRecord(id='22501f6998ed', timestamp='2026-05-27T09:12:17.035093', interaction_type="InteractionRecord(id='c48c0dc2e557', timestamp='2026-05-27T09:12:17.035093', interaction_type='conversation', user_satisfaction=0.7, response_quality=0.6, latency_ms=0.0, tokens_used=0, was_proactive=False, context_relevance=0.5, error_occurred=False, tags=[], metadata={})", user_satisfaction=None, response_quality=0.5, latency_ms=0.0, tokens_used=0, was_proactive=False, context_relevance=0.5, error_occurred=False, tags=[], metadata={}), InteractionRecord(id='6d8742d6596b', timestamp='2026-05-27T09:12:17.053292', interaction_type="InteractionRecord(id='cbed851c7ff9', timestamp='2026-05-27T09:12:17.053292', interaction_type='conversation', user_satisfaction=0.7, response_quality=0.6, latency_ms=0.0, tokens_used=0, was_proactive=False, context_relevance=0.5, error_occurred=False, tags=[], metadata={})", user_satisfaction=None, response_quality=0.5, latency_ms=0.0, tokens_used=0, was_proactive=False, context_relevance=0.5, error_occurred=False, tags=[], metadata={}), InteractionRecord(id='ab30485a7b6a', timestamp='2026-05-27T09:12:17.061310', interaction_type="InteractionRecord(id='f9ffe8b2b28e', timestamp='2026-05-27T09:12:17.061310', interaction_type='conversation', user_satisfaction=0.7, response_quality=0.6, latency_ms=0.0, tokens_used=0, was_proactive=False, context_relevance=0.5, error_occurred=False, tags=[], metadata={})", user_satisfaction=None, response_quality=0.5, latency_ms=0.0, tokens_used=0, was_proactive=False, context_relevance=0.5, error_occurred=False, tags=[], metadata={}), InteractionRecord(id='a9909376e1fc', timestamp='2026-05-27T09:12:17.061310', interaction_type="InteractionRecord(id='c1b24e7f2641', timestamp='2026-05-27T09:12:17.061310', interaction_type='conversation', user_satisfaction=0.7, response_quality=0.6, latency_ms=0.0, tokens_used=0, was_proactive=False, context_relevance=0.5, error_occurred=False, tags=[], metadata={})", user_satisfaction=None, response_quality=0.5, latency_ms=0.0, tokens_used=0, was_proactive=False, context_relevance=0.5, error_occurred=False, tags=[], metadata={}), InteractionRecord(id='9ea70c418e9f', timestamp='2026-05-27T09:12:17.068412', interaction_type="InteractionRecord(id='4cfc0669b645', timestamp='2026-05-27T09:12:17.068412', interaction_type='conversation', user_satisfaction=0.7, response_quality=0.6, latency_ms=0.0, tokens_used=0, was_proactive=False, context_relevance=0.5, error_occurred=False, tags=[], metadata={})", user_satisfaction=None, response_quality=0.5, latency_ms=0.0, tokens_used=0, was_proactive=False, context_relevance=0.5, error_occurred=False, tags=[], metadata={}), InteractionRecord(id='3eba14d3bc6c', timestamp='2026-05-27T09:12:17.068412', interaction_type="InteractionRecord(id='3e1c36c91c5e', timestamp='2026-05-27T09:12:17.068412', interaction_type='conversation', user_satisfaction=0.7, response_quality=0.6, latency_ms=0.0, tokens_used=0, was_proactive=False, context_relevance=0.5, error_occurred=False, tags=[], metadata={})", user_satisfaction=None, response_quality=0.5, latency_ms=0.0, tokens_used=0, was_proactive=False, context_relevance=0.5, error_occurred=False, tags=[], metadata={}), InteractionRecord(id='111fc5bf0917', timestamp='2026-05-27T09:12:17.068412', interaction_type="InteractionRecord(id='a734fc9575fc', timestamp='2026-05-27T09:12:17.068412', interaction_type='conversation', user_satisfaction=0.7, response_quality=0.6, latency_ms=0.0, tokens_used=0, was_proactive=False, context_relevance=0.5, error_occurred=False, tags=[], metadata={})", user_satisfaction=None, response_quality=0.5, latency_ms=0.0, tokens_used=0, was_proactive=False, context_relevance=0.5, error_occurred=False, tags=[], metadata={}), InteractionRecord(id='c38c1147cfd8', timestamp='2026-05-27T09:12:17.085112', interaction_type="InteractionRecord(id='cc5968f9c120', timestamp='2026-05-27T09:12:17.085112', interaction_type='conversation', user_satisfaction=0.7, response_quality=0.6, latency_ms=0.0, tokens_used=0, was_proactive=False, context_relevance=0.5, error_occurred=False, tags=[], metadata={})", user_satisfaction=None, response_quality=0.5, latency_ms=0.0, tokens_used=0, was_proactive=False, context_relevance=0.5, error_occurred=False, tags=[], metadata={}), InteractionRecord(id='343e03c8febe', timestamp='2026-05-27T09:12:17.085112', interaction_type="InteractionRecord(id='f2e8b070140f', timestamp='2026-05-27T09:12:17.085112', interaction_type='conversation', user_satisfaction=0.7, response_quality=0.6, latency_ms=0.0, tokens_used=0, was_proactive=False, context_relevance=0.5, error_occurred=False, tags=[], metadata={})", user_satisfaction=None, response_quality=0.5, latency_ms=0.0, tokens_used=0, was_proactive=False, context_relevance=0.5, error_occurred=False, tags=[], metadata={}), InteractionRecord(id='23bf01082e72', timestamp='2026-05-27T09:12:17.085112', interaction_type="InteractionRecord(id='708e1eb02025', timestamp='2026-05-27T09:12:17.085112', interaction_type='conversation', user_satisfaction=0.7, response_quality=0.6, latency_ms=0.0, tokens_used=0, was_proactive=False, context_relevance=0.5, error_occurred=False, tags=[], metadata={})", user_satisfaction=None, response_quality=0.5, latency_ms=0.0, tokens_used=0, was_proactive=False, context_relevance=0.5, error_occurred=False, tags=[], metadata={}), InteractionRecord(id='c025f75107c2', timestamp='2026-05-27T09:12:17.101799', interaction_type="InteractionRecord(id='cf33c44eed42', timestamp='2026-05-27T09:12:17.101799', interaction_type='conversation', user_satisfaction=0.7, response_quality=0.6, latency_ms=0.0, tokens_used=0, was_proactive=False, context_relevance=0.5, error_occurred=False, tags=[], metadata={})", user_satisfaction=None, response_quality=0.5, latency_ms=0.0, tokens_used=0, was_proactive=False, context_relevance=0.5, error_occurred=False, tags=[], metadata={}), InteractionRecord(id='f67374c2b530', timestamp='2026-05-27T09:12:17.101799', interaction_type="InteractionRecord(id='bc53d42217fb', timestamp='2026-05-27T09:12:17.101799', interaction_type='conversation', user_satisfaction=0.7, response_quality=0.6, latency_ms=0.0, tokens_used=0, was_proactive=False, context_relevance=0.5, error_occurred=False, tags=[], metadata={})", user_satisfaction=None, response_quality=0.5, latency_ms=0.0, tokens_used=0, was_proactive=False, context_relevance=0.5, error_occurred=False, tags=[], metadata={}), InteractionRecord(id='1ee7c262a568', timestamp='2026-05-27T09:12:17.101799', interaction_type="InteractionRecord(id='5b2cb02daee5', timestamp='2026-05-27T09:12:17.101799', interaction_type='conversation', user_satisfaction=0.7, response_quality=0.6, latency_ms=0.0, tokens_used=0, was_proactive=False, context_relevance=0.5, error_occurred=False, tags=[], metadata={})", user_satisfaction=None, response_quality=0.5, latency_ms=0.0, tokens_used=0, was_proactive=False, context_relevance=0.5, error_occurred=False, tags=[], metadata={}), InteractionRecord(id='d14dbe3c7acc', timestamp='2026-05-27T09:12:17.118441', interaction_type="InteractionRecord(id='195f4c3b676e', timestamp='2026-05-27T09:12:17.118441', interaction_type='conversation', user_satisfaction=0.7, response_quality=0.6, latency_ms=0.0, tokens_used=0, was_proactive=False, context_relevance=0.5, error_occurred=False, tags=[], metadata={})", user_satisfaction=None, response_quality=0.5, latency_ms=0.0, tokens_used=0, was_proactive=False, context_relevance=0.5, error_occurred=False, tags=[], metadata={}), InteractionRecord(id='d587c44b0702', timestamp='2026-05-27T09:12:17.118441', interaction_type="InteractionRecord(id='fe8330f9635e', timestamp='2026-05-27T09:12:17.118441', interaction_type='conversation', user_satisfaction=0.7, response_quality=0.6, latency_ms=0.0, tokens_used=0, was_proactive=False, context_relevance=0.5, error_occurred=False, tags=[], metadata={})", user_satisfaction=None, response_quality=0.5, latency_ms=0.0, tokens_used=0, was_proactive=False, context_relevance=0.5, error_occurred=False, tags=[], metadata={}), InteractionRecord(id='11db29da926e', timestamp='2026-05-27T09:12:17.118441', interaction_type="InteractionRecord(id='f9d469e16fe2', timestamp='2026-05-27T09:12:17.118441', interaction_type='conversation', user_satisfaction=0.7, response_quality=0.6, latency_ms=0.0, tokens_used=0, was_proactive=False, context_relevance=0.5, error_occurred=False, tags=[], metadata={})", user_satisfaction=None, response_quality=0.5, latency_ms=0.0, tokens_used=0, was_proactive=False, context_relevance=0.5, error_occurred=False, tags=[], metadata={}), InteractionRecord(id='e4c35d24eaf2', timestamp='2026-05-27T09:12:17.135106', interaction_type="InteractionRecord(id='220360fe1a97', timestamp='2026-05-27T09:12:17.135106', interaction_type='conversation', user_satisfaction=0.7, response_quality=0.6, latency_ms=0.0, tokens_used=0, was_proactive=False, context_relevance=0.5, error_occurred=False, tags=[], metadata={})", user_satisfaction=None, response_quality=0.5, latency_ms=0.0, tokens_used=0, was_proactive=False, context_relevance=0.5, error_occurred=False, tags=[], metadata={}), InteractionRecord(id='a61fb569407a', timestamp='2026-05-27T09:12:17.135106', interaction_type="InteractionRecord(id='1bea0ff15fa6', timestamp='2026-05-27T09:12:17.135106', interaction_type='conversation', user_satisfaction=0.7, response_quality=0.6, latency_ms=0.0, tokens_used=0, was_proactive=False, context_relevance=0.5, error_occurred=False, tags=[], metadata={})", user_satisfaction=None, response_quality=0.5, latency_ms=0.0, tokens_used=0, was_proactive=False, context_relevance=0.5, error_occurred=False, tags=[], metadata={}), InteractionRecord(id='9f7a16a986ca', timestamp='2026-05-27T09:12:17.135106', interaction_type="InteractionRecord(id='fa03009a625a', timestamp='2026-05-27T09:12:17.135106', interaction_type='conversation', user_satisfaction=0.7, response_quality=0.6, latency_ms=0.0, tokens_used=0, was_proactive=False, context_relevance=0.5, error_occurred=False, tags=[], metadata={})", user_satisfaction=None, response_quality=0.5, latency_ms=0.0, tokens_used=0, was_proactive=False, context_relevance=0.5, error_occurred=False, tags=[], metadata={}), InteractionRecord(id='6d8875eb62d6', timestamp='2026-05-27T09:12:17.150737', interaction_type="InteractionRecord(id='d0a4e579e1fc', timestamp='2026-05-27T09:12:17.150737', interaction_type='conversation', user_satisfaction=0.7, response_quality=0.6, latency_ms=0.0, tokens_used=0, was_proactive=False, context_relevance=0.5, error_occurred=False, tags=[], metadata={})", user_satisfaction=None, response_quality=0.5, latency_ms=0.0, tokens_used=0, was_proactive=False, context_relevance=0.5, error_occurred=False, tags=[], metadata={}), InteractionRecord(id='3a55b3ef2291', timestamp='2026-05-27T09:12:17.150737', interaction_type="InteractionRecord(id='af23fdd07bd5', timestamp='2026-05-27T09:12:17.150737', interaction_type='conversation', user_satisfaction=0.7, response_quality=0.6, latency_ms=0.0, tokens_used=0, was_proactive=False, context_relevance=0.5, error_occurred=False, tags=[], metadata={})", user_satisfaction=None, response_quality=0.5, latency_ms=0.0, tokens_used=0, was_proactive=False, context_relevance=0.5, error_occurred=False, tags=[], metadata={}), InteractionRecord(id='441b6d48e7c9', timestamp='2026-05-27T09:12:17.161251', interaction_type="InteractionRecord(id='49e9759b12bc', timestamp='2026-05-27T09:12:17.161251', interaction_type='conversation', user_satisfaction=0.7, response_quality=0.6, latency_ms=0.0, tokens_used=0, was_proactive=False, context_relevance=0.5, error_occurred=False, tags=[], metadata={})", user_satisfaction=None, response_quality=0.5, latency_ms=0.0, tokens_used=0, was_proactive=False, context_relevance=0.5, error_occurred=False, tags=[], metadata={}), InteractionRecord(id='467a1fb08681', timestamp='2026-05-27T09:12:17.168425', interaction_type="InteractionRecord(id='28c2468dffdd', timestamp='2026-05-27T09:12:17.168425', interaction_type='conversation', user_satisfaction=0.7, response_quality=0.6, latency_ms=0.0, tokens_used=0, was_proactive=False, context_relevance=0.5, error_occurred=False, tags=[], metadata={})", user_satisfaction=None, response_quality=0.5, latency_ms=0.0, tokens_used=0, was_proactive=False, context_relevance=0.5, error_occurred=False, tags=[], metadata={}), InteractionRecord(id='d7d66f23385a', timestamp='2026-05-27T09:12:17.168425', interaction_type="InteractionRecord(id='b85b1d37d21d', timestamp='2026-05-27T09:12:17.168425', interaction_type='conversation', user_satisfaction=0.7, response_quality=0.6, latency_ms=0.0, tokens_used=0, was_proactive=False, context_relevance=0.5, error_occurred=False, tags=[], metadata={})", user_satisfaction=None, response_quality=0.5, latency_ms=0.0, tokens_used=0, was_proactive=False, context_relevance=0.5, error_occurred=False, tags=[], metadata={}), InteractionRecord(id='2bbe7189d531', timestamp='2026-05-27T09:12:17.168425', interaction_type="InteractionRecord(id='de85325697ab', timestamp='2026-05-27T09:12:17.168425', interaction_type='conversation', user_satisfaction=0.7, response_quality=0.6, latency_ms=0.0, tokens_used=0, was_proactive=False, context_relevance=0.5, error_occurred=False, tags=[], metadata={})", user_satisfaction=None, response_quality=0.5, latency_ms=0.0, tokens_used=0, was_proactive=False, context_relevance=0.5, error_occurred=False, tags=[], metadata={}), InteractionRecord(id='65bdc884cdf9', timestamp='2026-05-27T09:12:17.185090', interaction_type="InteractionRecord(id='701b9c948d58', timestamp='2026-05-27T09:12:17.185090', interaction_type='conversation', user_satisfaction=0.7, response_quality=0.6, latency_ms=0.0, tokens_used=0, was_proactive=False, context_relevance=0.5, error_occurred=False, tags=[], metadata={})", user_satisfaction=None, response_quality=0.5, latency_ms=0.0, tokens_used=0, was_proactive=False, context_relevance=0.5, error_occurred=False, tags=[], metadata={}), InteractionRecord(id='31820064e9d9', timestamp='2026-05-27T09:12:17.185090', interaction_type="InteractionRecord(id='a42ad4e1f2a3', timestamp='2026-05-27T09:12:17.185090', interaction_type='conversation', user_satisfaction=0.7, response_quality=0.6, latency_ms=0.0, tokens_used=0, was_proactive=False, context_relevance=0.5, error_occurred=False, tags=[], metadata={})", user_satisfaction=None, response_quality=0.5, latency_ms=0.0, tokens_used=0, was_proactive=False, context_relevance=0.5, error_occurred=False, tags=[], metadata={}), InteractionRecord(id='4f09fb5c0318', timestamp='2026-05-27T09:12:17.185090', interaction_type="InteractionRecord(id='a67385caa0e5', timestamp='2026-05-27T09:12:17.185090', interaction_type='conversation', user_satisfaction=0.7, response_quality=0.6, latency_ms=0.0, tokens_used=0, was_proactive=False, context_relevance=0.5, error_occurred=False, tags=[], metadata={})", user_satisfaction=None, response_quality=0.5, latency_ms=0.0, tokens_used=0, was_proactive=False, context_relevance=0.5, error_occurred=False, tags=[], metadata={}), InteractionRecord(id='35fa771b34ee', timestamp='2026-05-27T09:12:17.204173', interaction_type="InteractionRecord(id='0fac26b4a342', timestamp='2026-05-27T09:12:17.204173', interaction_type='conversation', user_satisfaction=0.7, response_quality=0.6, latency_ms=0.0, tokens_used=0, was_proactive=False, context_relevance=0.5, error_occurred=False, tags=[], metadata={})", user_satisfaction=None, response_quality=0.5, latency_ms=0.0, tokens_used=0, was_proactive=False, context_relevance=0.5, error_occurred=False, tags=[], metadata={}), InteractionRecord(id='b5bf80c7cd0b', timestamp='2026-05-27T09:12:17.205189', interaction_type="InteractionRecord(id='e0368e483043', timestamp='2026-05-27T09:12:17.205189', interaction_type='conversation', user_satisfaction=0.7, response_quality=0.6, latency_ms=0.0, tokens_used=0, was_proactive=False, context_relevance=0.5, error_occurred=False, tags=[], metadata={})", user_satisfaction=None, response_quality=0.5, latency_ms=0.0, tokens_used=0, was_proactive=False, context_relevance=0.5, error_occurred=False, tags=[], metadata={}), InteractionRecord(id='1672ba5409e0', timestamp='2026-05-27T09:12:17.205189', interaction_type="InteractionRecord(id='c82f487a0662', timestamp='2026-05-27T09:12:17.205189', interaction_type='conversation', user_satisfaction=0.7, response_quality=0.6, latency_ms=0.0, tokens_used=0, was_proactive=False, context_relevance=0.5, error_occurred=False, tags=[], metadata={})", user_satisfaction=None, response_quality=0.5, latency_ms=0.0, tokens_used=0, was_proactive=False, context_relevance=0.5, error_occurred=False, tags=[], metadata={}), InteractionRecord(id='2a2ea197b5ac', timestamp='2026-05-27T09:12:17.221250', interaction_type="InteractionRecord(id='9fa491b53b74', timestamp='2026-05-27T09:12:17.221250', interaction_type='conversation', user_satisfaction=0.7, response_quality=0.6, latency_ms=0.0, tokens_used=0, was_proactive=False, context_relevance=0.5, error_occurred=False, tags=[], metadata={})", user_satisfaction=None, response_quality=0.5, latency_ms=0.0, tokens_used=0, was_proactive=False, context_relevance=0.5, error_occurred=False, tags=[], metadata={}), InteractionRecord(id='b254e50e6925', timestamp='2026-05-27T09:12:17.221250', interaction_type="InteractionRecord(id='aebd9b9780b1', timestamp='2026-05-27T09:12:17.221250', interaction_type='conversation', user_satisfaction=0.7, response_quality=0.6, latency_ms=0.0, tokens_used=0, was_proactive=False, context_relevance=0.5, error_occurred=False, tags=[], metadata={})", user_satisfaction=None, response_quality=0.5, latency_ms=0.0, tokens_used=0, was_proactive=False, context_relevance=0.5, error_occurred=False, tags=[], metadata={}), InteractionRecord(id='43892cfa200e', timestamp='2026-05-27T09:12:17.221250', interaction_type="InteractionRecord(id='7768d90de4db', timestamp='2026-05-27T09:12:17.221250', interaction_type='conversation', user_satisfaction=0.7, response_quality=0.6, latency_ms=0.0, tokens_used=0, was_proactive=False, context_relevance=0.5, error_occurred=False, tags=[], metadata={})", user_satisfaction=None, response_quality=0.5, latency_ms=0.0, tokens_used=0, was_proactive=False, context_relevance=0.5, error_occurred=False, tags=[], metadata={}), InteractionRecord(id='3d0de90f7e05', timestamp='2026-05-27T09:12:17.236944', interaction_type="InteractionRecord(id='08d4538a2277', timestamp='2026-05-27T09:12:17.236944', interaction_type='conversation', user_satisfaction=0.7, response_quality=0.6, latency_ms=0.0, tokens_used=0, was_proactive=False, context_relevance=0.5, error_occurred=False, tags=[], metadata={})", user_satisfaction=None, response_quality=0.5, latency_ms=0.0, tokens_used=0, was_proactive=False, context_relevance=0.5, error_occurred=False, tags=[], metadata={}), InteractionRecord(id='0e33ba892884', timestamp='2026-05-27T09:12:17.236944', interaction_type="InteractionRecord(id='681cea105a6a', timestamp='2026-05-27T09:12:17.236944', interaction_type='conversation', user_satisfaction=0.7, response_quality=0.6, latency_ms=0.0, tokens_used=0, was_proactive=False, context_relevance=0.5, error_occurred=False, tags=[], metadata={})", user_satisfaction=None, response_quality=0.5, latency_ms=0.0, tokens_used=0, was_proactive=False, context_relevance=0.5, error_occurred=False, tags=[], metadata={}), InteractionRecord(id='773b91e21d56', timestamp='2026-05-27T09:12:17.236944', interaction_type="InteractionRecord(id='b73bb2998b63', timestamp='2026-05-27T09:12:17.236944', interaction_type='conversation', user_satisfaction=0.7, response_quality=0.6, latency_ms=0.0, tokens_used=0, was_proactive=False, context_relevance=0.5, error_occurred=False, tags=[], metadata={})", user_satisfaction=None, response_quality=0.5, latency_ms=0.0, tokens_used=0, was_proactive=False, context_relevance=0.5, error_occurred=False, tags=[], metadata={}), InteractionRecord(id='e55fb284fb33', timestamp='2026-05-27T09:12:17.251787', interaction_type="InteractionRecord(id='228a391ac531', timestamp='2026-05-27T09:12:17.251787', interaction_type='conversation', user_satisfaction=0.7, response_quality=0.6, latency_ms=0.0, tokens_used=0, was_proactive=False, context_relevance=0.5, error_occurred=False, tags=[], metadata={})", user_satisfaction=None, response_quality=0.5, latency_ms=0.0, tokens_used=0, was_proactive=False, context_relevance=0.5, error_occurred=False, tags=[], metadata={}), InteractionRecord(id='bde76d3de09f', timestamp='2026-05-27T09:12:17.261459', interaction_type="InteractionRecord(id='71f62393cd78', timestamp='2026-05-27T09:12:17.261459', interaction_type='conversation', user_satisfaction=0.7, response_quality=0.6, latency_ms=0.0, tokens_used=0, was_proactive=False, context_relevance=0.5, error_occurred=False, tags=[], metadata={})", user_satisfaction=None, response_quality=0.5, latency_ms=0.0, tokens_used=0, was_proactive=False, context_relevance=0.5, error_occurred=False, tags=[], metadata={}), InteractionRecord(id='908b1c212a84', timestamp='2026-05-27T09:12:17.267541', interaction_type="InteractionRecord(id='78006f3abb54', timestamp='2026-05-27T09:12:17.267541', interaction_type='conversation', user_satisfaction=0.7, response_quality=0.6, latency_ms=0.0, tokens_used=0, was_proactive=False, context_relevance=0.5, error_occurred=False, tags=[], metadata={})", user_satisfaction=None, response_quality=0.5, latency_ms=0.0, tokens_used=0, was_proactive=False, context_relevance=0.5, error_occurred=False, tags=[], metadata={}), InteractionRecord(id='536b2ef4acf4', timestamp='2026-05-27T09:12:17.268426', interaction_type="InteractionRecord(id='7d858265ca4a', timestamp='2026-05-27T09:12:17.268426', interaction_type='conversation', user_satisfaction=0.7, response_quality=0.6, latency_ms=0.0, tokens_used=0, was_proactive=False, context_relevance=0.5, error_occurred=False, tags=[], metadata={})", user_satisfaction=None, response_quality=0.5, latency_ms=0.0, tokens_used=0, was_proactive=False, context_relevance=0.5, error_occurred=False, tags=[], metadata={}), InteractionRecord(id='f62e20e67fb8', timestamp='2026-05-27T09:12:17.268426', interaction_type="InteractionRecord(id='945f1169dd95', timestamp='2026-05-27T09:12:17.268426', interaction_type='conversation', user_satisfaction=0.7, response_quality=0.6, latency_ms=0.0, tokens_used=0, was_proactive=False, context_relevance=0.5, error_occurred=False, tags=[], metadata={})", user_satisfaction=None, response_quality=0.5, latency_ms=0.0, tokens_used=0, was_proactive=False, context_relevance=0.5, error_occurred=False, tags=[], metadata={}), InteractionRecord(id='d184dcc9d944', timestamp='2026-05-27T09:12:17.284471', interaction_type="InteractionRecord(id='b994d912c855', timestamp='2026-05-27T09:12:17.284471', interaction_type='conversation', user_satisfaction=0.7, response_quality=0.6, latency_ms=0.0, tokens_used=0, was_proactive=False, context_relevance=0.5, error_occurred=False, tags=[], metadata={})", user_satisfaction=None, response_quality=0.5, latency_ms=0.0, tokens_used=0, was_proactive=False, context_relevance=0.5, error_occurred=False, tags=[], metadata={}), InteractionRecord(id='b1c2bbabddac', timestamp='2026-05-27T09:12:17.285099', interaction_type="InteractionRecord(id='3979d4e26a9c', timestamp='2026-05-27T09:12:17.285099', interaction_type='conversation', user_satisfaction=0.7, response_quality=0.6, latency_ms=0.0, tokens_used=0, was_proactive=False, context_relevance=0.5, error_occurred=False, tags=[], metadata={})", user_satisfaction=None, response_quality=0.5, latency_ms=0.0, tokens_used=0, was_proactive=False, context_relevance=0.5, error_occurred=False, tags=[], metadata={}), InteractionRecord(id='9c9d60b74b8c', timestamp='2026-05-27T09:12:17.285099', interaction_type="InteractionRecord(id='72069d8835e3', timestamp='2026-05-27T09:12:17.285099', interaction_type='conversation', user_satisfaction=0.7, response_quality=0.6, latency_ms=0.0, tokens_used=0, was_proactive=False, context_relevance=0.5, error_occurred=False, tags=[], metadata={})", user_satisfaction=None, response_quality=0.5, latency_ms=0.0, tokens_used=0, was_proactive=False, context_relevance=0.5, error_occurred=False, tags=[], metadata={}), InteractionRecord(id='92d7cfd34b5f', timestamp='2026-05-27T09:12:17.301749', interaction_type="InteractionRecord(id='95eafd55e74f', timestamp='2026-05-27T09:12:17.301749', interaction_type='conversation', user_satisfaction=0.7, response_quality=0.6, latency_ms=0.0, tokens_used=0, was_proactive=False, context_relevance=0.5, error_occurred=False, tags=[], metadata={})", user_satisfaction=None, response_quality=0.5, latency_ms=0.0, tokens_used=0, was_proactive=False, context_relevance=0.5, error_occurred=False, tags=[], metadata={}), InteractionRecord(id='6e1d3866a02f', timestamp='2026-05-27T09:12:17.301749', interaction_type="InteractionRecord(id='73cad0037d48', timestamp='2026-05-27T09:12:17.301749', interaction_type='conversation', user_satisfaction=0.7, response_quality=0.6, latency_ms=0.0, tokens_used=0, was_proactive=False, context_relevance=0.5, error_occurred=False, tags=[], metadata={})", user_satisfaction=None, response_quality=0.5, latency_ms=0.0, tokens_used=0, was_proactive=False, context_relevance=0.5, error_occurred=False, tags=[], metadata={}), InteractionRecord(id='60e6c7c631fd', timestamp='2026-05-27T09:12:17.301749', interaction_type="InteractionRecord(id='d4dad25cba31', timestamp='2026-05-27T09:12:17.301749', interaction_type='conversation', user_satisfaction=0.7, response_quality=0.6, latency_ms=0.0, tokens_used=0, was_proactive=False, context_relevance=0.5, error_occurred=False, tags=[], metadata={})", user_satisfaction=None, response_quality=0.5, latency_ms=0.0, tokens_used=0, was_proactive=False, context_relevance=0.5, error_occurred=False, tags=[], metadata={}), InteractionRecord(id='0cd6346f8ef8', timestamp='2026-05-27T09:12:17.318485', interaction_type="InteractionRecord(id='c0caacb93c66', timestamp='2026-05-27T09:12:17.318485', interaction_type='conversation', user_satisfaction=0.7, response_quality=0.6, latency_ms=0.0, tokens_used=0, was_proactive=False, context_relevance=0.5, error_occurred=False, tags=[], metadata={})", user_satisfaction=None, response_quality=0.5, latency_ms=0.0, tokens_used=0, was_proactive=False, context_relevance=0.5, error_occurred=False, tags=[], metadata={}), InteractionRecord(id='bf8289dae552', timestamp='2026-05-27T09:12:17.321991', interaction_type="InteractionRecord(id='c5c75706174a', timestamp='2026-05-27T09:12:17.321991', interaction_type='conversation', user_satisfaction=0.7, response_quality=0.6, latency_ms=0.0, tokens_used=0, was_proactive=False, context_relevance=0.5, error_occurred=False, tags=[], metadata={})", user_satisfaction=None, response_quality=0.5, latency_ms=0.0, tokens_used=0, was_proactive=False, context_relevance=0.5, error_occurred=False, tags=[], metadata={}), InteractionRecord(id='8fe144bdab16', timestamp='2026-05-27T09:12:17.321991', interaction_type="InteractionRecord(id='388b5d255d95', timestamp='2026-05-27T09:12:17.321991', interaction_type='conversation', user_satisfaction=0.7, response_quality=0.6, latency_ms=0.0, tokens_used=0, was_proactive=False, context_relevance=0.5, error_occurred=False, tags=[], metadata={})", user_satisfaction=None, response_quality=0.5, latency_ms=0.0, tokens_used=0, was_proactive=False, context_relevance=0.5, error_occurred=False, tags=[], metadata={}), InteractionRecord(id='e67121d5eed7', timestamp='2026-05-27T09:12:17.335096', interaction_type="InteractionRecord(id='7a4c0f6b29b4', timestamp='2026-05-27T09:12:17.335096', interaction_type='conversation', user_satisfaction=0.7, response_quality=0.6, latency_ms=0.0, tokens_used=0, was_proactive=False, context_relevance=0.5, error_occurred=False, tags=[], metadata={})", user_satisfaction=None, response_quality=0.5, latency_ms=0.0, tokens_used=0, was_proactive=False, context_relevance=0.5, error_occurred=False, tags=[], metadata={}), InteractionRecord(id='a6d1efe79e5a', timestamp='2026-05-27T09:12:17.335096', interaction_type="InteractionRecord(id='5980e957267e', timestamp='2026-05-27T09:12:17.335096', interaction_type='conversation', user_satisfaction=0.7, response_quality=0.6, latency_ms=0.0, tokens_used=0, was_proactive=False, context_relevance=0.5, error_occurred=False, tags=[], metadata={})", user_satisfaction=None, response_quality=0.5, latency_ms=0.0, tokens_used=0, was_proactive=False, context_relevance=0.5, error_occurred=False, tags=[], metadata={}), InteractionRecord(id='716f3ca7192b', timestamp='2026-05-27T09:12:17.335096', interaction_type="InteractionRecord(id='17730d91617b', timestamp='2026-05-27T09:12:17.335096', interaction_type='conversation', user_satisfaction=0.7, response_quality=0.6, latency_ms=0.0, tokens_used=0, was_proactive=False, context_relevance=0.5, error_occurred=False, tags=[], metadata={})", user_satisfaction=None, response_quality=0.5, latency_ms=0.0, tokens_used=0, was_proactive=False, context_relevance=0.5, error_occurred=False, tags=[], metadata={}), InteractionRecord(id='5f3225a9ddea', timestamp='2026-05-27T09:12:17.351746', interaction_type="InteractionRecord(id='314911e8bc11', timestamp='2026-05-27T09:12:17.351746', interaction_type='conversation', user_satisfaction=0.7, response_quality=0.6, latency_ms=0.0, tokens_used=0, was_proactive=False, context_relevance=0.5, error_occurred=False, tags=[], metadata={})", user_satisfaction=None, response_quality=0.5, latency_ms=0.0, tokens_used=0, was_proactive=False, context_relevance=0.5, error_occurred=False, tags=[], metadata={}), InteractionRecord(id='91aee50bff10', timestamp='2026-05-27T09:12:17.361868', interaction_type="InteractionRecord(id='cb31d2e9b25f', timestamp='2026-05-27T09:12:17.361868', interaction_type='conversation', user_satisfaction=0.7, response_quality=0.6, latency_ms=0.0, tokens_used=0, was_proactive=False, context_relevance=0.5, error_occurred=False, tags=[], metadata={})", user_satisfaction=None, response_quality=0.5, latency_ms=0.0, tokens_used=0, was_proactive=False, context_relevance=0.5, error_occurred=False, tags=[], metadata={}), InteractionRecord(id='11678ddf09c4', timestamp='2026-05-27T09:12:17.367620', interaction_type="InteractionRecord(id='643d2b8aa516', timestamp='2026-05-27T09:12:17.367620', interaction_type='conversation', user_satisfaction=0.7, response_quality=0.6, latency_ms=0.0, tokens_used=0, was_proactive=False, context_relevance=0.5, error_occurred=False, tags=[], metadata={})", user_satisfaction=None, response_quality=0.5, latency_ms=0.0, tokens_used=0, was_proactive=False, context_relevance=0.5, error_occurred=False, tags=[], metadata={}), InteractionRecord(id='f9548e0831a8', timestamp='2026-05-27T09:12:17.373636', interaction_type="InteractionRecord(id='effd114fc64e', timestamp='2026-05-27T09:12:17.373636', interaction_type='conversation', user_satisfaction=0.7, response_quality=0.6, latency_ms=0.0, tokens_used=0, was_proactive=False, context_relevance=0.5, error_occurred=False, tags=[], metadata={})", user_satisfaction=None, response_quality=0.5, latency_ms=0.0, tokens_used=0, was_proactive=False, context_relevance=0.5, error_occurred=False, tags=[], metadata={}), InteractionRecord(id='45ee983efe82', timestamp='2026-05-27T09:12:17.379648', interaction_type="InteractionRecord(id='bc505cf7e934', timestamp='2026-05-27T09:12:17.379648', interaction_type='conversation', user_satisfaction=0.7, response_quality=0.6, latency_ms=0.0, tokens_used=0, was_proactive=False, context_relevance=0.5, error_occurred=False, tags=[], metadata={})", user_satisfaction=None, response_quality=0.5, latency_ms=0.0, tokens_used=0, was_proactive=False, context_relevance=0.5, error_occurred=False, tags=[], metadata={}), InteractionRecord(id='b58eb9f622b0', timestamp='2026-05-27T09:12:17.385140', interaction_type="InteractionRecord(id='0b7f28f1ee18', timestamp='2026-05-27T09:12:17.385140', interaction_type='conversation', user_satisfaction=0.7, response_quality=0.6, latency_ms=0.0, tokens_used=0, was_proactive=False, context_relevance=0.5, error_occurred=False, tags=[], metadata={})", user_satisfaction=None, response_quality=0.5, latency_ms=0.0, tokens_used=0, was_proactive=False, context_relevance=0.5, error_occurred=False, tags=[], metadata={}), InteractionRecord(id='cb57e3e2b883', timestamp='2026-05-27T09:12:17.392414', interaction_type="InteractionRecord(id='c84823e94dab', timestamp='2026-05-27T09:12:17.392414', interaction_type='conversation', user_satisfaction=0.7, response_quality=0.6, latency_ms=0.0, tokens_used=0, was_proactive=False, context_relevance=0.5, error_occurred=False, tags=[], metadata={})", user_satisfaction=None, response_quality=0.5, latency_ms=0.0, tokens_used=0, was_proactive=False, context_relevance=0.5, error_occurred=False, tags=[], metadata={}), InteractionRecord(id='28e796ec9543', timestamp='2026-05-27T09:12:17.392414', interaction_type="InteractionRecord(id='dbf6a6e8fb7a', timestamp='2026-05-27T09:12:17.392414', interaction_type='conversation', user_satisfaction=0.7, response_quality=0.6, latency_ms=0.0, tokens_used=0, was_proactive=False, context_relevance=0.5, error_occurred=False, tags=[], metadata={})", user_satisfaction=None, response_quality=0.5, latency_ms=0.0, tokens_used=0, was_proactive=False, context_relevance=0.5, error_occurred=False, tags=[], metadata={}), InteractionRecord(id='5b84abf04da4', timestamp='2026-05-27T09:12:37.979488', interaction_type="InteractionRecord(id='e45b4cef9e0f', timestamp='2026-05-27T09:12:37.979488', interaction_type='conversation', user_satisfaction=0.8, response_quality=0.7, latency_ms=500, tokens_used=0, was_proactive=False, context_relevance=0.5, error_occurred=False, tags=[], metadata={})", user_satisfaction=None, response_quality=0.5, latency_ms=0.0, tokens_used=0, was_proactive=False, context_relevance=0.5, error_occurred=False, tags=[], metadata={}), InteractionRecord(id='da432232769b', timestamp='2026-05-27T09:12:38.091688', interaction_type="InteractionRecord(id='20712f5a3552', timestamp='2026-05-27T09:12:38.091688', interaction_type='conversation', user_satisfaction=0.7, response_quality=0.6, latency_ms=400, tokens_used=0, was_proactive=False, context_relevance=0.5, error_occurred=False, tags=[], metadata={})", user_satisfaction=None, response_quality=0.5, latency_ms=0.0, tokens_used=0, was_proactive=False, context_relevance=0.5, error_occurred=False, tags=[], metadata={}), InteractionRecord(id='1dd644e904ee', timestamp='2026-05-27T09:12:38.097700', interaction_type="InteractionRecord(id='1241be701811', timestamp='2026-05-27T09:12:38.097700', interaction_type='conversation', user_satisfaction=0.7999999999999999, response_quality=0.8, latency_ms=450, tokens_used=0, was_proactive=False, context_relevance=0.5, error_occurred=False, tags=[], metadata={})", user_satisfaction=None, response_quality=0.5, latency_ms=0.0, tokens_used=0, was_proactive=False, context_relevance=0.5, error_occurred=False, tags=[], metadata={}), InteractionRecord(id='cf27fc6058e2', timestamp='2026-05-27T09:12:38.103144', interaction_type="InteractionRecord(id='2f1cf79b0b1f', timestamp='2026-05-27T09:12:38.103144', interaction_type='conversation', user_satisfaction=0.8999999999999999, response_quality=0.6, latency_ms=500, tokens_used=0, was_proactive=False, context_relevance=0.5, error_occurred=False, tags=[], metadata={})", user_satisfaction=None, response_quality=0.5, latency_ms=0.0, tokens_used=0, was_proactive=False, context_relevance=0.5, error_occurred=False, tags=[], metadata={}), InteractionRecord(id='493cd291fb0d', timestamp='2026-05-27T09:12:38.109362', interaction_type="InteractionRecord(id='f344ec16181c', timestamp='2026-05-27T09:12:38.109362', interaction_type='conversation', user_satisfaction=0.7, response_quality=0.8, latency_ms=550, tokens_used=0, was_proactive=False, context_relevance=0.5, error_occurred=False, tags=[], metadata={})", user_satisfaction=None, response_quality=0.5, latency_ms=0.0, tokens_used=0, was_proactive=False, context_relevance=0.5, error_occurred=False, tags=[], metadata={}), InteractionRecord(id='aa78251350a8', timestamp='2026-05-27T09:12:38.153169', interaction_type="InteractionRecord(id='cc7bd63d8e67', timestamp='2026-05-27T09:12:38.153169', interaction_type='conversation', user_satisfaction=0.7999999999999999, response_quality=0.6, latency_ms=600, tokens_used=0, was_proactive=False, context_relevance=0.5, error_occurred=False, tags=[], metadata={})", user_satisfaction=None, response_quality=0.5, latency_ms=0.0, tokens_used=0, was_proactive=False, context_relevance=0.5, error_occurred=False, tags=[], metadata={}), InteractionRecord(id='fd62f96f894e', timestamp='2026-05-27T09:12:38.153169', interaction_type="InteractionRecord(id='a8ef917e0e07', timestamp='2026-05-27T09:12:38.153169', interaction_type='conversation', user_satisfaction=0.8999999999999999, response_quality=0.8, latency_ms=650, tokens_used=0, was_proactive=False, context_relevance=0.5, error_occurred=False, tags=[], metadata={})", user_satisfaction=None, response_quality=0.5, latency_ms=0.0, tokens_used=0, was_proactive=False, context_relevance=0.5, error_occurred=False, tags=[], metadata={}), InteractionRecord(id='fdb4a24f527d', timestamp='2026-05-27T09:12:38.153169', interaction_type="InteractionRecord(id='ada42165040f', timestamp='2026-05-27T09:12:38.153169', interaction_type='conversation', user_satisfaction=0.7, response_quality=0.6, latency_ms=700, tokens_used=0, was_proactive=False, context_relevance=0.5, error_occurred=False, tags=[], metadata={})", user_satisfaction=None, response_quality=0.5, latency_ms=0.0, tokens_used=0, was_proactive=False, context_relevance=0.5, error_occurred=False, tags=[], metadata={}), InteractionRecord(id='99a7d0dd0562', timestamp='2026-05-27T09:12:38.173291', interaction_type="InteractionRecord(id='f7ffb1695bd8', timestamp='2026-05-27T09:12:38.173291', interaction_type='conversation', user_satisfaction=0.7999999999999999, response_quality=0.8, latency_ms=750, tokens_used=0, was_proactive=False, context_relevance=0.5, error_occurred=False, tags=[], metadata={})", user_satisfaction=None, response_quality=0.5, latency_ms=0.0, tokens_used=0, was_proactive=False, context_relevance=0.5, error_occurred=False, tags=[], metadata={}), InteractionRecord(id='5861f40529fc', timestamp='2026-05-27T09:12:38.179304', interaction_type="InteractionRecord(id='aee9ef19662d', timestamp='2026-05-27T09:12:38.179304', interaction_type='conversation', user_satisfaction=0.8999999999999999, response_quality=0.6, latency_ms=800, tokens_used=0, was_proactive=False, context_relevance=0.5, error_occurred=False, tags=[], metadata={})", user_satisfaction=None, response_quality=0.5, latency_ms=0.0, tokens_used=0, was_proactive=False, context_relevance=0.5, error_occurred=False, tags=[], metadata={}), InteractionRecord(id='1d8e269daa94', timestamp='2026-05-27T09:12:38.183310', interaction_type="InteractionRecord(id='5257d0267dc0', timestamp='2026-05-27T09:12:38.183310', interaction_type='conversation', user_satisfaction=0.7, response_quality=0.8, latency_ms=850, tokens_used=0, was_proactive=False, context_relevance=0.5, error_occurred=False, tags=[], metadata={})", user_satisfaction=None, response_quality=0.5, latency_ms=0.0, tokens_used=0, was_proactive=False, context_relevance=0.5, error_occurred=False, tags=[], metadata={}), InteractionRecord(id='c096518175e8', timestamp='2026-05-27T09:12:58.722019', interaction_type="InteractionRecord(id='59852e3a9b5e', timestamp='2026-05-27T09:12:58.722019', interaction_type='conversation', user_satisfaction=0.8, response_quality=0.7, latency_ms=0.0, tokens_used=0, was_proactive=False, context_relevance=0.5, error_occurred=False, tags=[], metadata={})", user_satisfaction=None, response_quality=0.5, latency_ms=0.0, tokens_used=0, was_proactive=False, context_relevance=0.5, error_occurred=False, tags=[], metadata={}), InteractionRecord(id='06cdec58b619', timestamp='2026-05-27T09:12:58.738241', interaction_type="InteractionRecord(id='1d53a62de915', timestamp='2026-05-27T09:12:58.738241', interaction_type='conversation', user_satisfaction=0.8, response_quality=0.7, latency_ms=0.0, tokens_used=0, was_proactive=False, context_relevance=0.5, error_occurred=False, tags=[], metadata={})", user_satisfaction=None, response_quality=0.5, latency_ms=0.0, tokens_used=0, was_proactive=False, context_relevance=0.5, error_occurred=False, tags=[], metadata={}), InteractionRecord(id='c986be003eee', timestamp='2026-05-27T09:12:58.741626', interaction_type="InteractionRecord(id='85c496f90ae8', timestamp='2026-05-27T09:12:58.741626', interaction_type='conversation', user_satisfaction=0.8, response_quality=0.7, latency_ms=0.0, tokens_used=0, was_proactive=False, context_relevance=0.5, error_occurred=False, tags=[], metadata={})", user_satisfaction=None, response_quality=0.5, latency_ms=0.0, tokens_used=0, was_proactive=False, context_relevance=0.5, error_occurred=False, tags=[], metadata={}), InteractionRecord(id='af84710a7fe4', timestamp='2026-05-27T09:12:58.741626', interaction_type="InteractionRecord(id='a2e9d0524436', timestamp='2026-05-27T09:12:58.741626', interaction_type='conversation', user_satisfaction=0.8, response_quality=0.7, latency_ms=0.0, tokens_used=0, was_proactive=False, context_relevance=0.5, error_occurred=False, tags=[], metadata={})", user_satisfaction=None, response_quality=0.5, latency_ms=0.0, tokens_used=0, was_proactive=False, context_relevance=0.5, error_occurred=False, tags=[], metadata={}), InteractionRecord(id='a8aff4569298', timestamp='2026-05-27T09:12:58.754858', interaction_type="InteractionRecord(id='74aa81752854', timestamp='2026-05-27T09:12:58.754858', interaction_type='conversation', user_satisfaction=0.8, response_quality=0.7, latency_ms=0.0, tokens_used=0, was_proactive=False, context_relevance=0.5, error_occurred=False, tags=[], metadata={})", user_satisfaction=None, response_quality=0.5, latency_ms=0.0, tokens_used=0, was_proactive=False, context_relevance=0.5, error_occurred=False, tags=[], metadata={}), InteractionRecord(id='895c782a199b', timestamp='2026-05-27T09:12:58.771584', interaction_type="InteractionRecord(id='904ea6b286ea', timestamp='2026-05-27T09:12:58.771584', interaction_type='conversation', user_satisfaction=0.7, response_quality=0.6, latency_ms=0.0, tokens_used=0, was_proactive=False, context_relevance=0.5, error_occurred=False, tags=[], metadata={})", user_satisfaction=None, response_quality=0.5, latency_ms=0.0, tokens_used=0, was_proactive=False, context_relevance=0.5, error_occurred=False, tags=[], metadata={}), InteractionRecord(id='0fdf8c0d78e5', timestamp='2026-05-27T09:12:58.788131', interaction_type="InteractionRecord(id='9c9212c059a2', timestamp='2026-05-27T09:12:58.788131', interaction_type='conversation', user_satisfaction=0.7, response_quality=0.6, latency_ms=0.0, tokens_used=0, was_proactive=False, context_relevance=0.5, error_occurred=False, tags=[], metadata={})", user_satisfaction=None, response_quality=0.5, latency_ms=0.0, tokens_used=0, was_proactive=False, context_relevance=0.5, error_occurred=False, tags=[], metadata={}), InteractionRecord(id='35ae3feb668b', timestamp='2026-05-27T09:12:58.788131', interaction_type="InteractionRecord(id='904ae170f2dc', timestamp='2026-05-27T09:12:58.788131', interaction_type='conversation', user_satisfaction=0.7, response_quality=0.6, latency_ms=0.0, tokens_used=0, was_proactive=False, context_relevance=0.5, error_occurred=False, tags=[], metadata={})", user_satisfaction=None, response_quality=0.5, latency_ms=0.0, tokens_used=0, was_proactive=False, context_relevance=0.5, error_occurred=False, tags=[], metadata={}), InteractionRecord(id='5b905f7ae66a', timestamp='2026-05-27T09:12:58.788131', interaction_type="InteractionRecord(id='af3dcf9cb40a', timestamp='2026-05-27T09:12:58.788131', interaction_type='conversation', user_satisfaction=0.7, response_quality=0.6, latency_ms=0.0, tokens_used=0, was_proactive=False, context_relevance=0.5, error_occurred=False, tags=[], metadata={})", user_satisfaction=None, response_quality=0.5, latency_ms=0.0, tokens_used=0, was_proactive=False, context_relevance=0.5, error_occurred=False, tags=[], metadata={}), InteractionRecord(id='4093e3ec7697', timestamp='2026-05-27T09:12:58.804857', interaction_type="InteractionRecord(id='df273b7e91aa', timestamp='2026-05-27T09:12:58.804857', interaction_type='conversation', user_satisfaction=0.7, response_quality=0.6, latency_ms=0.0, tokens_used=0, was_proactive=False, context_relevance=0.5, error_occurred=False, tags=[], metadata={})", user_satisfaction=None, response_quality=0.5, latency_ms=0.0, tokens_used=0, was_proactive=False, context_relevance=0.5, error_occurred=False, tags=[], metadata={}), InteractionRecord(id='90b4accadcb0', timestamp='2026-05-27T09:12:58.804857', interaction_type="InteractionRecord(id='b6b61f52eb81', timestamp='2026-05-27T09:12:58.804857', interaction_type='conversation', user_satisfaction=0.7, response_quality=0.6, latency_ms=0.0, tokens_used=0, was_proactive=False, context_relevance=0.5, error_occurred=False, tags=[], metadata={})", user_satisfaction=None, response_quality=0.5, latency_ms=0.0, tokens_used=0, was_proactive=False, context_relevance=0.5, error_occurred=False, tags=[], metadata={}), InteractionRecord(id='5ea22ca19b70', timestamp='2026-05-27T09:12:58.871531', interaction_type="InteractionRecord(id='06d8231f11a8', timestamp='2026-05-27T09:12:58.871531', interaction_type='conversation', user_satisfaction=0.7, response_quality=0.6, latency_ms=0.0, tokens_used=0, was_proactive=False, context_relevance=0.5, error_occurred=False, tags=[], metadata={})", user_satisfaction=None, response_quality=0.5, latency_ms=0.0, tokens_used=0, was_proactive=False, context_relevance=0.5, error_occurred=False, tags=[], metadata={}), InteractionRecord(id='70d95692efbf', timestamp='2026-05-27T09:12:58.888208', interaction_type="InteractionRecord(id='3e2d4b13487a', timestamp='2026-05-27T09:12:58.888208', interaction_type='conversation', user_satisfaction=0.7, response_quality=0.6, latency_ms=0.0, tokens_used=0, was_proactive=False, context_relevance=0.5, error_occurred=False, tags=[], metadata={})", user_satisfaction=None, response_quality=0.5, latency_ms=0.0, tokens_used=0, was_proactive=False, context_relevance=0.5, error_occurred=False, tags=[], metadata={}), InteractionRecord(id='3766e2d77924', timestamp='2026-05-27T09:12:58.888208', interaction_type="InteractionRecord(id='82eab43552de', timestamp='2026-05-27T09:12:58.888208', interaction_type='conversation', user_satisfaction=0.7, response_quality=0.6, latency_ms=0.0, tokens_used=0, was_proactive=False, context_relevance=0.5, error_occurred=False, tags=[], metadata={})", user_satisfaction=None, response_quality=0.5, latency_ms=0.0, tokens_used=0, was_proactive=False, context_relevance=0.5, error_occurred=False, tags=[], metadata={}), InteractionRecord(id='ddc4e398c87d', timestamp='2026-05-27T09:12:58.904841', interaction_type="InteractionRecord(id='a8868b9d157c', timestamp='2026-05-27T09:12:58.904841', interaction_type='conversation', user_satisfaction=0.7, response_quality=0.6, latency_ms=0.0, tokens_used=0, was_proactive=False, context_relevance=0.5, error_occurred=False, tags=[], metadata={})", user_satisfaction=None, response_quality=0.5, latency_ms=0.0, tokens_used=0, was_proactive=False, context_relevance=0.5, error_occurred=False, tags=[], metadata={}), InteractionRecord(id='4fd0ac9d2be1', timestamp='2026-05-27T09:12:58.904841', interaction_type="InteractionRecord(id='324d92137a7e', timestamp='2026-05-27T09:12:58.904841', interaction_type='conversation', user_satisfaction=0.7, response_quality=0.6, latency_ms=0.0, tokens_used=0, was_proactive=False, context_relevance=0.5, error_occurred=False, tags=[], metadata={})", user_satisfaction=None, response_quality=0.5, latency_ms=0.0, tokens_used=0, was_proactive=False, context_relevance=0.5, error_occurred=False, tags=[], metadata={}), InteractionRecord(id='4da900ae97a6', timestamp='2026-05-27T09:12:58.921515', interaction_type="InteractionRecord(id='8d4c0579dcfc', timestamp='2026-05-27T09:12:58.921515', interaction_type='conversation', user_satisfaction=0.7, response_quality=0.6, latency_ms=0.0, tokens_used=0, was_proactive=False, context_relevance=0.5, error_occurred=False, tags=[], metadata={})", user_satisfaction=None, response_quality=0.5, latency_ms=0.0, tokens_used=0, was_proactive=False, context_relevance=0.5, error_occurred=False, tags=[], metadata={}), InteractionRecord(id='706d78fb7426', timestamp='2026-05-27T09:12:58.921515', interaction_type="InteractionRecord(id='3176575b21fb', timestamp='2026-05-27T09:12:58.921515', interaction_type='conversation', user_satisfaction=0.7, response_quality=0.6, latency_ms=0.0, tokens_used=0, was_proactive=False, context_relevance=0.5, error_occurred=False, tags=[], metadata={})", user_satisfaction=None, response_quality=0.5, latency_ms=0.0, tokens_used=0, was_proactive=False, context_relevance=0.5, error_occurred=False, tags=[], metadata={}), InteractionRecord(id='89df0befad19', timestamp='2026-05-27T09:12:58.921515', interaction_type="InteractionRecord(id='aa885b3a6503', timestamp='2026-05-27T09:12:58.921515', interaction_type='conversation', user_satisfaction=0.7, response_quality=0.6, latency_ms=0.0, tokens_used=0, was_proactive=False, context_relevance=0.5, error_occurred=False, tags=[], metadata={})", user_satisfaction=None, response_quality=0.5, latency_ms=0.0, tokens_used=0, was_proactive=False, context_relevance=0.5, error_occurred=False, tags=[], metadata={}), InteractionRecord(id=658954774415, timestamp='2026-05-27T09:12:58.942116', interaction_type="InteractionRecord(id='67879e50aa14', timestamp='2026-05-27T09:12:58.942116', interaction_type='conversation', user_satisfaction=0.7, response_quality=0.6, latency_ms=0.0, tokens_used=0, was_proactive=False, context_relevance=0.5, error_occurred=False, tags=[], metadata={})", user_satisfaction=None, response_quality=0.5, latency_ms=0.0, tokens_used=0, was_proactive=False, context_relevance=0.5, error_occurred=False, tags=[], metadata={}), InteractionRecord(id='f835a0c54145', timestamp='2026-05-27T09:12:58.942116', interaction_type="InteractionRecord(id='2b811184fccb', timestamp='2026-05-27T09:12:58.942116', interaction_type='conversation', user_satisfaction=0.7, response_quality=0.6, latency_ms=0.0, tokens_used=0, was_proactive=False, context_relevance=0.5, error_occurred=False, tags=[], metadata={})", user_satisfaction=None, response_quality=0.5, latency_ms=0.0, tokens_used=0, was_proactive=False, context_relevance=0.5, error_occurred=False, tags=[], metadata={}), InteractionRecord(id='03f2689effac', timestamp='2026-05-27T09:12:58.954888', interaction_type="InteractionRecord(id='3db4a8458625', timestamp='2026-05-27T09:12:58.954888', interaction_type='conversation', user_satisfaction=0.7, response_quality=0.6, latency_ms=0.0, tokens_used=0, was_proactive=False, context_relevance=0.5, error_occurred=False, tags=[], metadata={})", user_satisfaction=None, response_quality=0.5, latency_ms=0.0, tokens_used=0, was_proactive=False, context_relevance=0.5, error_occurred=False, tags=[], metadata={}), InteractionRecord(id='e4b9ee29d9a3', timestamp='2026-05-27T09:12:58.954888', interaction_type="InteractionRecord(id='4ef273b63985', timestamp='2026-05-27T09:12:58.954888', interaction_type='conversation', user_satisfaction=0.7, response_quality=0.6, latency_ms=0.0, tokens_used=0, was_proactive=False, context_relevance=0.5, error_occurred=False, tags=[], metadata={})", user_satisfaction=None, response_quality=0.5, latency_ms=0.0, tokens_used=0, was_proactive=False, context_relevance=0.5, error_occurred=False, tags=[], metadata={}), InteractionRecord(id='06da97f7d858', timestamp='2026-05-27T09:12:58.971574', interaction_type="InteractionRecord(id='99312cc4a5fa', timestamp='2026-05-27T09:12:58.971574', interaction_type='conversation', user_satisfaction=0.7, response_quality=0.6, latency_ms=0.0, tokens_used=0, was_proactive=False, context_relevance=0.5, error_occurred=False, tags=[], metadata={})", user_satisfaction=None, response_quality=0.5, latency_ms=0.0, tokens_used=0, was_proactive=False, context_relevance=0.5, error_occurred=False, tags=[], metadata={}), InteractionRecord(id='abe2c1ce1cbb', timestamp='2026-05-27T09:12:58.971574', interaction_type="InteractionRecord(id='e9fc448042f7', timestamp='2026-05-27T09:12:58.971574', interaction_type='conversation', user_satisfaction=0.7, response_quality=0.6, latency_ms=0.0, tokens_used=0, was_proactive=False, context_relevance=0.5, error_occurred=False, tags=[], metadata={})", user_satisfaction=None, response_quality=0.5, latency_ms=0.0, tokens_used=0, was_proactive=False, context_relevance=0.5, error_occurred=False, tags=[], metadata={}), InteractionRecord(id='3b0e16bf6b76', timestamp='2026-05-27T09:12:58.971574', interaction_type="InteractionRecord(id='1f6d60c788d9', timestamp='2026-05-27T09:12:58.971574', interaction_type='conversation', user_satisfaction=0.7, response_quality=0.6, latency_ms=0.0, tokens_used=0, was_proactive=False, context_relevance=0.5, error_occurred=False, tags=[], metadata={})", user_satisfaction=None, response_quality=0.5, latency_ms=0.0, tokens_used=0, was_proactive=False, context_relevance=0.5, error_occurred=False, tags=[], metadata={}), InteractionRecord(id='3d7660a8dcd9', timestamp='2026-05-27T09:12:58.988208', interaction_type="InteractionRecord(id='d342e0560a01', timestamp='2026-05-27T09:12:58.988208', interaction_type='conversation', user_satisfaction=0.7, response_quality=0.6, latency_ms=0.0, tokens_used=0, was_proactive=False, context_relevance=0.5, error_occurred=False, tags=[], metadata={})", user_satisfaction=None, response_quality=0.5, latency_ms=0.0, tokens_used=0, was_proactive=False, context_relevance=0.5, error_occurred=False, tags=[], metadata={}), InteractionRecord(id='714bc86356ec', timestamp='2026-05-27T09:12:58.988208', interaction_type="InteractionRecord(id='d49370dfbf7f', timestamp='2026-05-27T09:12:58.988208', interaction_type='conversation', user_satisfaction=0.7, response_quality=0.6, latency_ms=0.0, tokens_used=0, was_proactive=False, context_relevance=0.5, error_occurred=False, tags=[], metadata={})", user_satisfaction=None, response_quality=0.5, latency_ms=0.0, tokens_used=0, was_proactive=False, context_relevance=0.5, error_occurred=False, tags=[], metadata={}), InteractionRecord(id='94fb0f293598', timestamp='2026-05-27T09:12:59.004873', interaction_type="InteractionRecord(id='a4fc4ab672e0', timestamp='2026-05-27T09:12:59.004873', interaction_type='conversation', user_satisfaction=0.7, response_quality=0.6, latency_ms=0.0, tokens_used=0, was_proactive=False, context_relevance=0.5, error_occurred=False, tags=[], metadata={})", user_satisfaction=None, response_quality=0.5, latency_ms=0.0, tokens_used=0, was_proactive=False, context_relevance=0.5, error_occurred=False, tags=[], metadata={}), InteractionRecord(id='93f3a6702940', timestamp='2026-05-27T09:12:59.004873', interaction_type="InteractionRecord(id='2d8b1117533f', timestamp='2026-05-27T09:12:59.004873', interaction_type='conversation', user_satisfaction=0.7, response_quality=0.6, latency_ms=0.0, tokens_used=0, was_proactive=False, context_relevance=0.5, error_occurred=False, tags=[], metadata={})", user_satisfaction=None, response_quality=0.5, latency_ms=0.0, tokens_used=0, was_proactive=False, context_relevance=0.5, error_occurred=False, tags=[], metadata={}), InteractionRecord(id='3664a09d2e26', timestamp='2026-05-27T09:12:59.021542', interaction_type="InteractionRecord(id='7cec96699184', timestamp='2026-05-27T09:12:59.021542', interaction_type='conversation', user_satisfaction=0.7, response_quality=0.6, latency_ms=0.0, tokens_used=0, was_proactive=False, context_relevance=0.5, error_occurred=False, tags=[], metadata={})", user_satisfaction=None, response_quality=0.5, latency_ms=0.0, tokens_used=0, was_proactive=False, context_relevance=0.5, error_occurred=False, tags=[], metadata={}), InteractionRecord(id='f9bf40dd346d', timestamp='2026-05-27T09:12:59.021542', interaction_type="InteractionRecord(id='38150988a6d7', timestamp='2026-05-27T09:12:59.021542', interaction_type='conversation', user_satisfaction=0.7, response_quality=0.6, latency_ms=0.0, tokens_used=0, was_proactive=False, context_relevance=0.5, error_occurred=False, tags=[], metadata={})", user_satisfaction=None, response_quality=0.5, latency_ms=0.0, tokens_used=0, was_proactive=False, context_relevance=0.5, error_occurred=False, tags=[], metadata={}), InteractionRecord(id='ee925806bab6', timestamp='2026-05-27T09:12:59.036924', interaction_type="InteractionRecord(id='3ce27a307bfe', timestamp='2026-05-27T09:12:59.036924', interaction_type='conversation', user_satisfaction=0.7, response_quality=0.6, latency_ms=0.0, tokens_used=0, was_proactive=False, context_relevance=0.5, error_occurred=False, tags=[], metadata={})", user_satisfaction=None, response_quality=0.5, latency_ms=0.0, tokens_used=0, was_proactive=False, context_relevance=0.5, error_occurred=False, tags=[], metadata={}), InteractionRecord(id='431a2807a604', timestamp='2026-05-27T09:12:59.042024', interaction_type="InteractionRecord(id='fdbc1515dbf8', timestamp='2026-05-27T09:12:59.042024', interaction_type='conversation', user_satisfaction=0.7, response_quality=0.6, latency_ms=0.0, tokens_used=0, was_proactive=False, context_relevance=0.5, error_occurred=False, tags=[], metadata={})", user_satisfaction=None, response_quality=0.5, latency_ms=0.0, tokens_used=0, was_proactive=False, context_relevance=0.5, error_occurred=False, tags=[], metadata={}), InteractionRecord(id='a1e2ae5312a6', timestamp='2026-05-27T09:12:59.053596', interaction_type="InteractionRecord(id='6edc6c9582d6', timestamp='2026-05-27T09:12:59.053596', interaction_type='conversation', user_satisfaction=0.7, response_quality=0.6, latency_ms=0.0, tokens_used=0, was_proactive=False, context_relevance=0.5, error_occurred=False, tags=[], metadata={})", user_satisfaction=None, response_quality=0.5, latency_ms=0.0, tokens_used=0, was_proactive=False, context_relevance=0.5, error_occurred=False, tags=[], metadata={}), InteractionRecord(id='fc0229474fc6', timestamp='2026-05-27T09:12:59.055118', interaction_type="InteractionRecord(id='bc80f7e302f3', timestamp='2026-05-27T09:12:59.055118', interaction_type='conversation', user_satisfaction=0.7, response_quality=0.6, latency_ms=0.0, tokens_used=0, was_proactive=False, context_relevance=0.5, error_occurred=False, tags=[], metadata={})", user_satisfaction=None, response_quality=0.5, latency_ms=0.0, tokens_used=0, was_proactive=False, context_relevance=0.5, error_occurred=False, tags=[], metadata={}), InteractionRecord(id='17eea09f0b3d', timestamp='2026-05-27T09:12:59.055118', interaction_type="InteractionRecord(id='e89f30c14562', timestamp='2026-05-27T09:12:59.055118', interaction_type='conversation', user_satisfaction=0.7, response_quality=0.6, latency_ms=0.0, tokens_used=0, was_proactive=False, context_relevance=0.5, error_occurred=False, tags=[], metadata={})", user_satisfaction=None, response_quality=0.5, latency_ms=0.0, tokens_used=0, was_proactive=False, context_relevance=0.5, error_occurred=False, tags=[], metadata={}), InteractionRecord(id='7785cedc2f59', timestamp='2026-05-27T09:12:59.071699', interaction_type="InteractionRecord(id='69239108b29c', timestamp='2026-05-27T09:12:59.071699', interaction_type='conversation', user_satisfaction=0.7, response_quality=0.6, latency_ms=0.0, tokens_used=0, was_proactive=False, context_relevance=0.5, error_occurred=False, tags=[], metadata={})", user_satisfaction=None, response_quality=0.5, latency_ms=0.0, tokens_used=0, was_proactive=False, context_relevance=0.5, error_occurred=False, tags=[], metadata={}), InteractionRecord(id='a8f08f65c470', timestamp='2026-05-27T09:12:59.082112', interaction_type="InteractionRecord(id='b4558a53c2a3', timestamp='2026-05-27T09:12:59.082112', interaction_type='conversation', user_satisfaction=0.7, response_quality=0.6, latency_ms=0.0, tokens_used=0, was_proactive=False, context_relevance=0.5, error_occurred=False, tags=[], metadata={})", user_satisfaction=None, response_quality=0.5, latency_ms=0.0, tokens_used=0, was_proactive=False, context_relevance=0.5, error_occurred=False, tags=[], metadata={}), InteractionRecord(id='3b480746e19f', timestamp='2026-05-27T09:12:59.088327', interaction_type="InteractionRecord(id='6fcfacec4019', timestamp='2026-05-27T09:12:59.088327', interaction_type='conversation', user_satisfaction=0.7, response_quality=0.6, latency_ms=0.0, tokens_used=0, was_proactive=False, context_relevance=0.5, error_occurred=False, tags=[], metadata={})", user_satisfaction=None, response_quality=0.5, latency_ms=0.0, tokens_used=0, was_proactive=False, context_relevance=0.5, error_occurred=False, tags=[], metadata={}), InteractionRecord(id=inf, timestamp='2026-05-27T09:12:59.105504', interaction_type="InteractionRecord(id='3571fa26aaa2', timestamp='2026-05-27T09:12:59.105504', interaction_type='conversation', user_satisfaction=0.7, response_quality=0.6, latency_ms=0.0, tokens_used=0, was_proactive=False, context_relevance=0.5, error_occurred=False, tags=[], metadata={})", user_satisfaction=None, response_quality=0.5, latency_ms=0.0, tokens_used=0, was_proactive=False, context_relevance=0.5, error_occurred=False, tags=[], metadata={}), InteractionRecord(id='b86189ebd7b6', timestamp='2026-05-27T09:12:59.105504', interaction_type="InteractionRecord(id='410999815c30', timestamp='2026-05-27T09:12:59.105504', interaction_type='conversation', user_satisfaction=0.7, response_quality=0.6, latency_ms=0.0, tokens_used=0, was_proactive=False, context_relevance=0.5, error_occurred=False, tags=[], metadata={})", user_satisfaction=None, response_quality=0.5, latency_ms=0.0, tokens_used=0, was_proactive=False, context_relevance=0.5, error_occurred=False, tags=[], metadata={}), InteractionRecord(id='51f589da7309', timestamp='2026-05-27T09:12:59.121698', interaction_type="InteractionRecord(id='e63362e84196', timestamp='2026-05-27T09:12:59.121698', interaction_type='conversation', user_satisfaction=0.7, response_quality=0.6, latency_ms=0.0, tokens_used=0, was_proactive=False, context_relevance=0.5, error_occurred=False, tags=[], metadata={})", user_satisfaction=None, response_quality=0.5, latency_ms=0.0, tokens_used=0, was_proactive=False, context_relevance=0.5, error_occurred=False, tags=[], metadata={}), InteractionRecord(id='a420140392fd', timestamp='2026-05-27T09:12:59.121698', interaction_type="InteractionRecord(id='771ddf992423', timestamp='2026-05-27T09:12:59.121698', interaction_type='conversation', user_satisfaction=0.7, response_quality=0.6, latency_ms=0.0, tokens_used=0, was_proactive=False, context_relevance=0.5, error_occurred=False, tags=[], metadata={})", user_satisfaction=None, response_quality=0.5, latency_ms=0.0, tokens_used=0, was_proactive=False, context_relevance=0.5, error_occurred=False, tags=[], metadata={}), InteractionRecord(id='04098b2996df', timestamp='2026-05-27T09:12:59.142270', interaction_type="InteractionRecord(id='9b0413e2e9db', timestamp='2026-05-27T09:12:59.142270', interaction_type='conversation', user_satisfaction=0.7, response_quality=0.6, latency_ms=0.0, tokens_used=0, was_proactive=False, context_relevance=0.5, error_occurred=False, tags=[], metadata={})", user_satisfaction=None, response_quality=0.5, latency_ms=0.0, tokens_used=0, was_proactive=False, context_relevance=0.5, error_occurred=False, tags=[], metadata={}), InteractionRecord(id='36790b1a291e', timestamp='2026-05-27T09:12:59.153381', interaction_type="InteractionRecord(id='b56969882de3', timestamp='2026-05-27T09:12:59.153381', interaction_type='conversation', user_satisfaction=0.7, response_quality=0.6, latency_ms=0.0, tokens_used=0, was_proactive=False, context_relevance=0.5, error_occurred=False, tags=[], metadata={})", user_satisfaction=None, response_quality=0.5, latency_ms=0.0, tokens_used=0, was_proactive=False, context_relevance=0.5, error_occurred=False, tags=[], metadata={}), InteractionRecord(id='c2a36ab3e1e5', timestamp='2026-05-27T09:12:59.154901', interaction_type="InteractionRecord(id='f873c7a36f57', timestamp='2026-05-27T09:12:59.154901', interaction_type='conversation', user_satisfaction=0.7, response_quality=0.6, latency_ms=0.0, tokens_used=0, was_proactive=False, context_relevance=0.5, error_occurred=False, tags=[], metadata={})", user_satisfaction=None, response_quality=0.5, latency_ms=0.0, tokens_used=0, was_proactive=False, context_relevance=0.5, error_occurred=False, tags=[], metadata={}), InteractionRecord(id='712905c2253e', timestamp='2026-05-27T09:12:59.169662', interaction_type="InteractionRecord(id='ad043c6b300d', timestamp='2026-05-27T09:12:59.169662', interaction_type='conversation', user_satisfaction=0.7, response_quality=0.6, latency_ms=0.0, tokens_used=0, was_proactive=False, context_relevance=0.5, error_occurred=False, tags=[], metadata={})", user_satisfaction=None, response_quality=0.5, latency_ms=0.0, tokens_used=0, was_proactive=False, context_relevance=0.5, error_occurred=False, tags=[], metadata={}), InteractionRecord(id='65312d3cb8a4', timestamp='2026-05-27T09:12:59.180072', interaction_type="InteractionRecord(id='55eb77b298b5', timestamp='2026-05-27T09:12:59.180072', interaction_type='conversation', user_satisfaction=0.7, response_quality=0.6, latency_ms=0.0, tokens_used=0, was_proactive=False, context_relevance=0.5, error_occurred=False, tags=[], metadata={})", user_satisfaction=None, response_quality=0.5, latency_ms=0.0, tokens_used=0, was_proactive=False, context_relevance=0.5, error_occurred=False, tags=[], metadata={}), InteractionRecord(id='e56a03ab0a4b', timestamp='2026-05-27T09:12:59.192737', interaction_type="InteractionRecord(id='dfc90ec2ebfc', timestamp='2026-05-27T09:12:59.192737', interaction_type='conversation', user_satisfaction=0.7, response_quality=0.6, latency_ms=0.0, tokens_used=0, was_proactive=False, context_relevance=0.5, error_occurred=False, tags=[], metadata={})", user_satisfaction=None, response_quality=0.5, latency_ms=0.0, tokens_used=0, was_proactive=False, context_relevance=0.5, error_occurred=False, tags=[], metadata={}), InteractionRecord(id='db5a78fa44ff', timestamp='2026-05-27T09:12:59.196773', interaction_type="InteractionRecord(id='4316a12e41fe', timestamp='2026-05-27T09:12:59.196773', interaction_type='conversation', user_satisfaction=0.7, response_quality=0.6, latency_ms=0.0, tokens_used=0, was_proactive=False, context_relevance=0.5, error_occurred=False, tags=[], metadata={})", user_satisfaction=None, response_quality=0.5, latency_ms=0.0, tokens_used=0, was_proactive=False, context_relevance=0.5, error_occurred=False, tags=[], metadata={}), InteractionRecord(id='d0be3732773f', timestamp='2026-05-27T09:12:59.212456', interaction_type="InteractionRecord(id='a6870ac47782', timestamp='2026-05-27T09:12:59.212456', interaction_type='conversation', user_satisfaction=0.7, response_quality=0.6, latency_ms=0.0, tokens_used=0, was_proactive=False, context_relevance=0.5, error_occurred=False, tags=[], metadata={})", user_satisfaction=None, response_quality=0.5, latency_ms=0.0, tokens_used=0, was_proactive=False, context_relevance=0.5, error_occurred=False, tags=[], metadata={}), InteractionRecord(id='1bc7e4b4ecf1', timestamp='2026-05-27T09:12:59.220455', interaction_type="InteractionRecord(id='c5d7897cf5ee', timestamp='2026-05-27T09:12:59.220455', interaction_type='conversation', user_satisfaction=0.7, response_quality=0.6, latency_ms=0.0, tokens_used=0, was_proactive=False, context_relevance=0.5, error_occurred=False, tags=[], metadata={})", user_satisfaction=None, response_quality=0.5, latency_ms=0.0, tokens_used=0, was_proactive=False, context_relevance=0.5, error_occurred=False, tags=[], metadata={}), InteractionRecord(id='9136c27ef509', timestamp='2026-05-27T09:12:59.230462', interaction_type="InteractionRecord(id='3fba03fbd2b7', timestamp='2026-05-27T09:12:59.230462', interaction_type='conversation', user_satisfaction=0.7, response_quality=0.6, latency_ms=0.0, tokens_used=0, was_proactive=False, context_relevance=0.5, error_occurred=False, tags=[], metadata={})", user_satisfaction=None, response_quality=0.5, latency_ms=0.0, tokens_used=0, was_proactive=False, context_relevance=0.5, error_occurred=False, tags=[], metadata={}), InteractionRecord(id='127c509a1ff4', timestamp='2026-05-27T09:12:59.237492', interaction_type="InteractionRecord(id='a620cc390112', timestamp='2026-05-27T09:12:59.237492', interaction_type='conversation', user_satisfaction=0.7, response_quality=0.6, latency_ms=0.0, tokens_used=0, was_proactive=False, context_relevance=0.5, error_occurred=False, tags=[], metadata={})", user_satisfaction=None, response_quality=0.5, latency_ms=0.0, tokens_used=0, was_proactive=False, context_relevance=0.5, error_occurred=False, tags=[], metadata={}), InteractionRecord(id='ea25b76271ec', timestamp='2026-05-27T09:12:59.242548', interaction_type="InteractionRecord(id='6496ea3b444b', timestamp='2026-05-27T09:12:59.242548', interaction_type='conversation', user_satisfaction=0.7, response_quality=0.6, latency_ms=0.0, tokens_used=0, was_proactive=False, context_relevance=0.5, error_occurred=False, tags=[], metadata={})", user_satisfaction=None, response_quality=0.5, latency_ms=0.0, tokens_used=0, was_proactive=False, context_relevance=0.5, error_occurred=False, tags=[], metadata={}), InteractionRecord(id='53b7ba403f88', timestamp='2026-05-27T09:12:59.242548', interaction_type="InteractionRecord(id='692a8a14123b', timestamp='2026-05-27T09:12:59.242548', interaction_type='conversation', user_satisfaction=0.7, response_quality=0.6, latency_ms=0.0, tokens_used=0, was_proactive=False, context_relevance=0.5, error_occurred=False, tags=[], metadata={})", user_satisfaction=None, response_quality=0.5, latency_ms=0.0, tokens_used=0, was_proactive=False, context_relevance=0.5, error_occurred=False, tags=[], metadata={}), InteractionRecord(id='f2aa141d3867', timestamp='2026-05-27T09:12:59.254989', interaction_type="InteractionRecord(id='37519ba78c06', timestamp='2026-05-27T09:12:59.254989', interaction_type='conversation', user_satisfaction=0.7, response_quality=0.6, latency_ms=0.0, tokens_used=0, was_proactive=False, context_relevance=0.5, error_occurred=False, tags=[], metadata={})", user_satisfaction=None, response_quality=0.5, latency_ms=0.0, tokens_used=0, was_proactive=False, context_relevance=0.5, error_occurred=False, tags=[], metadata={}), InteractionRecord(id='e9f2782ffc4b', timestamp='2026-05-27T09:12:59.254989', interaction_type="InteractionRecord(id='2e48c80a6b8b', timestamp='2026-05-27T09:12:59.254989', interaction_type='conversation', user_satisfaction=0.7, response_quality=0.6, latency_ms=0.0, tokens_used=0, was_proactive=False, context_relevance=0.5, error_occurred=False, tags=[], metadata={})", user_satisfaction=None, response_quality=0.5, latency_ms=0.0, tokens_used=0, was_proactive=False, context_relevance=0.5, error_occurred=False, tags=[], metadata={}), InteractionRecord(id='6f250e1fb18b', timestamp='2026-05-27T09:12:59.275983', interaction_type="InteractionRecord(id='92ce7801920c', timestamp='2026-05-27T09:12:59.275983', interaction_type='conversation', user_satisfaction=0.7, response_quality=0.6, latency_ms=0.0, tokens_used=0, was_proactive=False, context_relevance=0.5, error_occurred=False, tags=[], metadata={})", user_satisfaction=None, response_quality=0.5, latency_ms=0.0, tokens_used=0, was_proactive=False, context_relevance=0.5, error_occurred=False, tags=[], metadata={}), InteractionRecord(id='cbf16f2cecc4', timestamp='2026-05-27T09:12:59.275983', interaction_type="InteractionRecord(id='249693b68fbb', timestamp='2026-05-27T09:12:59.275983', interaction_type='conversation', user_satisfaction=0.7, response_quality=0.6, latency_ms=0.0, tokens_used=0, was_proactive=False, context_relevance=0.5, error_occurred=False, tags=[], metadata={})", user_satisfaction=None, response_quality=0.5, latency_ms=0.0, tokens_used=0, was_proactive=False, context_relevance=0.5, error_occurred=False, tags=[], metadata={}), InteractionRecord(id='8ee27abbf338', timestamp='2026-05-27T09:12:59.288427', interaction_type="InteractionRecord(id='980fe317d413', timestamp='2026-05-27T09:12:59.288427', interaction_type='conversation', user_satisfaction=0.7, response_quality=0.6, latency_ms=0.0, tokens_used=0, was_proactive=False, context_relevance=0.5, error_occurred=False, tags=[], metadata={})", user_satisfaction=None, response_quality=0.5, latency_ms=0.0, tokens_used=0, was_proactive=False, context_relevance=0.5, error_occurred=False, tags=[], metadata={}), InteractionRecord(id='10456720d7b8', timestamp='2026-05-27T09:12:59.303476', interaction_type="InteractionRecord(id='a7493c516c69', timestamp='2026-05-27T09:12:59.303476', interaction_type='conversation', user_satisfaction=0.7, response_quality=0.6, latency_ms=0.0, tokens_used=0, was_proactive=False, context_relevance=0.5, error_occurred=False, tags=[], metadata={})", user_satisfaction=None, response_quality=0.5, latency_ms=0.0, tokens_used=0, was_proactive=False, context_relevance=0.5, error_occurred=False, tags=[], metadata={}), InteractionRecord(id='04f04c49e2ea', timestamp='2026-05-27T09:12:59.304962', interaction_type="InteractionRecord(id='040fb17439bc', timestamp='2026-05-27T09:12:59.304962', interaction_type='conversation', user_satisfaction=0.7, response_quality=0.6, latency_ms=0.0, tokens_used=0, was_proactive=False, context_relevance=0.5, error_occurred=False, tags=[], metadata={})", user_satisfaction=None, response_quality=0.5, latency_ms=0.0, tokens_used=0, was_proactive=False, context_relevance=0.5, error_occurred=False, tags=[], metadata={}), InteractionRecord(id='792f8d709c43', timestamp='2026-05-27T09:12:59.321679', interaction_type="InteractionRecord(id='c6cf2f4f46ac', timestamp='2026-05-27T09:12:59.321679', interaction_type='conversation', user_satisfaction=0.7, response_quality=0.6, latency_ms=0.0, tokens_used=0, was_proactive=False, context_relevance=0.5, error_occurred=False, tags=[], metadata={})", user_satisfaction=None, response_quality=0.5, latency_ms=0.0, tokens_used=0, was_proactive=False, context_relevance=0.5, error_occurred=False, tags=[], metadata={}), InteractionRecord(id='a551d5b9f7ff', timestamp='2026-05-27T09:12:59.321679', interaction_type="InteractionRecord(id='e0d8d763c3c3', timestamp='2026-05-27T09:12:59.321679', interaction_type='conversation', user_satisfaction=0.7, response_quality=0.6, latency_ms=0.0, tokens_used=0, was_proactive=False, context_relevance=0.5, error_occurred=False, tags=[], metadata={})", user_satisfaction=None, response_quality=0.5, latency_ms=0.0, tokens_used=0, was_proactive=False, context_relevance=0.5, error_occurred=False, tags=[], metadata={}), InteractionRecord(id='2961cf0e6c47', timestamp='2026-05-27T09:12:59.342439', interaction_type="InteractionRecord(id='e0c0c09d21e6', timestamp='2026-05-27T09:12:59.342439', interaction_type='conversation', user_satisfaction=0.7, response_quality=0.6, latency_ms=0.0, tokens_used=0, was_proactive=False, context_relevance=0.5, error_occurred=False, tags=[], metadata={})", user_satisfaction=None, response_quality=0.5, latency_ms=0.0, tokens_used=0, was_proactive=False, context_relevance=0.5, error_occurred=False, tags=[], metadata={}), InteractionRecord(id='85ca605c08f1', timestamp='2026-05-27T09:12:59.354904', interaction_type="InteractionRecord(id='4ae373822d13', timestamp='2026-05-27T09:12:59.354904', interaction_type='conversation', user_satisfaction=0.7, response_quality=0.6, latency_ms=0.0, tokens_used=0, was_proactive=False, context_relevance=0.5, error_occurred=False, tags=[], metadata={})", user_satisfaction=None, response_quality=0.5, latency_ms=0.0, tokens_used=0, was_proactive=False, context_relevance=0.5, error_occurred=False, tags=[], metadata={}), InteractionRecord(id='49d8213fe177', timestamp='2026-05-27T09:12:59.368191', interaction_type="InteractionRecord(id='bb723c9087de', timestamp='2026-05-27T09:12:59.368191', interaction_type='conversation', user_satisfaction=0.7, response_quality=0.6, latency_ms=0.0, tokens_used=0, was_proactive=False, context_relevance=0.5, error_occurred=False, tags=[], metadata={})", user_satisfaction=None, response_quality=0.5, latency_ms=0.0, tokens_used=0, was_proactive=False, context_relevance=0.5, error_occurred=False, tags=[], metadata={}), InteractionRecord(id='93fb4ac4676d', timestamp='2026-05-27T09:12:59.379113', interaction_type="InteractionRecord(id='8b902d777c91', timestamp='2026-05-27T09:12:59.379113', interaction_type='conversation', user_satisfaction=0.7, response_quality=0.6, latency_ms=0.0, tokens_used=0, was_proactive=False, context_relevance=0.5, error_occurred=False, tags=[], metadata={})", user_satisfaction=None, response_quality=0.5, latency_ms=0.0, tokens_used=0, was_proactive=False, context_relevance=0.5, error_occurred=False, tags=[], metadata={}), InteractionRecord(id='78becf26b21c', timestamp='2026-05-27T09:12:59.389784', interaction_type="InteractionRecord(id='06c755a78432', timestamp='2026-05-27T09:12:59.389784', interaction_type='conversation', user_satisfaction=0.7, response_quality=0.6, latency_ms=0.0, tokens_used=0, was_proactive=False, context_relevance=0.5, error_occurred=False, tags=[], metadata={})", user_satisfaction=None, response_quality=0.5, latency_ms=0.0, tokens_used=0, was_proactive=False, context_relevance=0.5, error_occurred=False, tags=[], metadata={}), InteractionRecord(id='ed396d97c512', timestamp='2026-05-27T09:12:59.402035', interaction_type="InteractionRecord(id='368a01e0e7e1', timestamp='2026-05-27T09:12:59.402035', interaction_type='conversation', user_satisfaction=0.7, response_quality=0.6, latency_ms=0.0, tokens_used=0, was_proactive=False, context_relevance=0.5, error_occurred=False, tags=[], metadata={})", user_satisfaction=None, response_quality=0.5, latency_ms=0.0, tokens_used=0, was_proactive=False, context_relevance=0.5, error_occurred=False, tags=[], metadata={}), InteractionRecord(id='c76da2090116', timestamp='2026-05-27T09:12:59.407165', interaction_type="InteractionRecord(id='32484b38227d', timestamp='2026-05-27T09:12:59.407165', interaction_type='conversation', user_satisfaction=0.7, response_quality=0.6, latency_ms=0.0, tokens_used=0, was_proactive=False, context_relevance=0.5, error_occurred=False, tags=[], metadata={})", user_satisfaction=None, response_quality=0.5, latency_ms=0.0, tokens_used=0, was_proactive=False, context_relevance=0.5, error_occurred=False, tags=[], metadata={}), InteractionRecord(id='ee4d836fb8e6', timestamp='2026-05-27T09:12:59.429098', interaction_type="InteractionRecord(id='737e15b91a35', timestamp='2026-05-27T09:12:59.429098', interaction_type='conversation', user_satisfaction=0.7, response_quality=0.6, latency_ms=0.0, tokens_used=0, was_proactive=False, context_relevance=0.5, error_occurred=False, tags=[], metadata={})", user_satisfaction=None, response_quality=0.5, latency_ms=0.0, tokens_used=0, was_proactive=False, context_relevance=0.5, error_occurred=False, tags=[], metadata={}), InteractionRecord(id='c705a53daddd', timestamp='2026-05-27T09:12:59.441098', interaction_type="InteractionRecord(id='07b06f86061b', timestamp='2026-05-27T09:12:59.441098', interaction_type='conversation', user_satisfaction=0.7, response_quality=0.6, latency_ms=0.0, tokens_used=0, was_proactive=False, context_relevance=0.5, error_occurred=False, tags=[], metadata={})", user_satisfaction=None, response_quality=0.5, latency_ms=0.0, tokens_used=0, was_proactive=False, context_relevance=0.5, error_occurred=False, tags=[], metadata={}), InteractionRecord(id='9c97f1317e86', timestamp='2026-05-27T09:12:59.455405', interaction_type="InteractionRecord(id='92aedd8acdd8', timestamp='2026-05-27T09:12:59.455405', interaction_type='conversation', user_satisfaction=0.7, response_quality=0.6, latency_ms=0.0, tokens_used=0, was_proactive=False, context_relevance=0.5, error_occurred=False, tags=[], metadata={})", user_satisfaction=None, response_quality=0.5, latency_ms=0.0, tokens_used=0, was_proactive=False, context_relevance=0.5, error_occurred=False, tags=[], metadata={}), InteractionRecord(id='0b1c4d6681a0', timestamp='2026-05-27T09:12:59.467953', interaction_type="InteractionRecord(id='242ce263b604', timestamp='2026-05-27T09:12:59.467953', interaction_type='conversation', user_satisfaction=0.7, response_quality=0.6, latency_ms=0.0, tokens_used=0, was_proactive=False, context_relevance=0.5, error_occurred=False, tags=[], metadata={})", user_satisfaction=None, response_quality=0.5, latency_ms=0.0, tokens_used=0, was_proactive=False, context_relevance=0.5, error_occurred=False, tags=[], metadata={}), InteractionRecord(id='b2e610154dd8', timestamp='2026-05-27T09:12:59.478994', interaction_type="InteractionRecord(id='5adac2d5f8ae', timestamp='2026-05-27T09:12:59.478994', interaction_type='conversation', user_satisfaction=0.7, response_quality=0.6, latency_ms=0.0, tokens_used=0, was_proactive=False, context_relevance=0.5, error_occurred=False, tags=[], metadata={})", user_satisfaction=None, response_quality=0.5, latency_ms=0.0, tokens_used=0, was_proactive=False, context_relevance=0.5, error_occurred=False, tags=[], metadata={}), InteractionRecord(id='177968a997fc', timestamp='2026-05-27T09:12:59.487994', interaction_type="InteractionRecord(id='6d4ffc54e3f3', timestamp='2026-05-27T09:12:59.487994', interaction_type='conversation', user_satisfaction=0.7, response_quality=0.6, latency_ms=0.0, tokens_used=0, was_proactive=False, context_relevance=0.5, error_occurred=False, tags=[], metadata={})", user_satisfaction=None, response_quality=0.5, latency_ms=0.0, tokens_used=0, was_proactive=False, context_relevance=0.5, error_occurred=False, tags=[], metadata={}), InteractionRecord(id='8763728bec7a', timestamp='2026-05-27T09:12:59.496993', interaction_type="InteractionRecord(id='5bbd55d6f243', timestamp='2026-05-27T09:12:59.496993', interaction_type='conversation', user_satisfaction=0.7, response_quality=0.6, latency_ms=0.0, tokens_used=0, was_proactive=False, context_relevance=0.5, error_occurred=False, tags=[], metadata={})", user_satisfaction=None, response_quality=0.5, latency_ms=0.0, tokens_used=0, was_proactive=False, context_relevance=0.5, error_occurred=False, tags=[], metadata={}), InteractionRecord(id='8c56cb83b529', timestamp='2026-05-27T09:12:59.505994', interaction_type="InteractionRecord(id='971f6c23728e', timestamp='2026-05-27T09:12:59.505994', interaction_type='conversation', user_satisfaction=0.7, response_quality=0.6, latency_ms=0.0, tokens_used=0, was_proactive=False, context_relevance=0.5, error_occurred=False, tags=[], metadata={})", user_satisfaction=None, response_quality=0.5, latency_ms=0.0, tokens_used=0, was_proactive=False, context_relevance=0.5, error_occurred=False, tags=[], metadata={}), InteractionRecord(id='28d8310b5b35', timestamp='2026-05-27T09:12:59.505994', interaction_type="InteractionRecord(id='bc28282fd11a', timestamp='2026-05-27T09:12:59.505994', interaction_type='conversation', user_satisfaction=0.7, response_quality=0.6, latency_ms=0.0, tokens_used=0, was_proactive=False, context_relevance=0.5, error_occurred=False, tags=[], metadata={})", user_satisfaction=None, response_quality=0.5, latency_ms=0.0, tokens_used=0, was_proactive=False, context_relevance=0.5, error_occurred=False, tags=[], metadata={}), InteractionRecord(id='2d092e1f6952', timestamp='2026-05-27T09:12:59.522195', interaction_type="InteractionRecord(id='d002d399abdf', timestamp='2026-05-27T09:12:59.522195', interaction_type='conversation', user_satisfaction=0.7, response_quality=0.6, latency_ms=0.0, tokens_used=0, was_proactive=False, context_relevance=0.5, error_occurred=False, tags=[], metadata={})", user_satisfaction=None, response_quality=0.5, latency_ms=0.0, tokens_used=0, was_proactive=False, context_relevance=0.5, error_occurred=False, tags=[], metadata={}), InteractionRecord(id='8278d174157e', timestamp='2026-05-27T09:12:59.542849', interaction_type="InteractionRecord(id='5525dc14504f', timestamp='2026-05-27T09:12:59.542849', interaction_type='conversation', user_satisfaction=0.7, response_quality=0.6, latency_ms=0.0, tokens_used=0, was_proactive=False, context_relevance=0.5, error_occurred=False, tags=[], metadata={})", user_satisfaction=None, response_quality=0.5, latency_ms=0.0, tokens_used=0, was_proactive=False, context_relevance=0.5, error_occurred=False, tags=[], metadata={}), InteractionRecord(id='1ae3606e3402', timestamp='2026-05-27T09:12:59.542849', interaction_type="InteractionRecord(id='828ecb79fda0', timestamp='2026-05-27T09:12:59.542849', interaction_type='conversation', user_satisfaction=0.7, response_quality=0.6, latency_ms=0.0, tokens_used=0, was_proactive=False, context_relevance=0.5, error_occurred=False, tags=[], metadata={})", user_satisfaction=None, response_quality=0.5, latency_ms=0.0, tokens_used=0, was_proactive=False, context_relevance=0.5, error_occurred=False, tags=[], metadata={}), InteractionRecord(id='cdb676cad5b2', timestamp='2026-05-27T09:12:59.555401', interaction_type="InteractionRecord(id='a905bf003636', timestamp='2026-05-27T09:12:59.555401', interaction_type='conversation', user_satisfaction=0.7, response_quality=0.6, latency_ms=0.0, tokens_used=0, was_proactive=False, context_relevance=0.5, error_occurred=False, tags=[], metadata={})", user_satisfaction=None, response_quality=0.5, latency_ms=0.0, tokens_used=0, was_proactive=False, context_relevance=0.5, error_occurred=False, tags=[], metadata={}), InteractionRecord(id='bd41d0263dda', timestamp='2026-05-27T09:12:59.572278', interaction_type="InteractionRecord(id='db806dc0f151', timestamp='2026-05-27T09:12:59.572278', interaction_type='conversation', user_satisfaction=0.7, response_quality=0.6, latency_ms=0.0, tokens_used=0, was_proactive=False, context_relevance=0.5, error_occurred=False, tags=[], metadata={})", user_satisfaction=None, response_quality=0.5, latency_ms=0.0, tokens_used=0, was_proactive=False, context_relevance=0.5, error_occurred=False, tags=[], metadata={}), InteractionRecord(id='b2d5c0f1768e', timestamp='2026-05-27T09:12:59.582175', interaction_type="InteractionRecord(id='30f4e1e25b5f', timestamp='2026-05-27T09:12:59.582175', interaction_type='conversation', user_satisfaction=0.7, response_quality=0.6, latency_ms=0.0, tokens_used=0, was_proactive=False, context_relevance=0.5, error_occurred=False, tags=[], metadata={})", user_satisfaction=None, response_quality=0.5, latency_ms=0.0, tokens_used=0, was_proactive=False, context_relevance=0.5, error_occurred=False, tags=[], metadata={}), InteractionRecord(id='e035d628a585', timestamp='2026-05-27T09:12:59.588741', interaction_type="InteractionRecord(id='cc3a99e8306f', timestamp='2026-05-27T09:12:59.588741', interaction_type='conversation', user_satisfaction=0.7, response_quality=0.6, latency_ms=0.0, tokens_used=0, was_proactive=False, context_relevance=0.5, error_occurred=False, tags=[], metadata={})", user_satisfaction=None, response_quality=0.5, latency_ms=0.0, tokens_used=0, was_proactive=False, context_relevance=0.5, error_occurred=False, tags=[], metadata={}), InteractionRecord(id='c0f21d4d0641', timestamp='2026-05-27T09:12:59.588741', interaction_type="InteractionRecord(id='c91b0052732f', timestamp='2026-05-27T09:12:59.588741', interaction_type='conversation', user_satisfaction=0.7, response_quality=0.6, latency_ms=0.0, tokens_used=0, was_proactive=False, context_relevance=0.5, error_occurred=False, tags=[], metadata={})", user_satisfaction=None, response_quality=0.5, latency_ms=0.0, tokens_used=0, was_proactive=False, context_relevance=0.5, error_occurred=False, tags=[], metadata={}), InteractionRecord(id='61713e03588d', timestamp='2026-05-27T09:12:59.612311', interaction_type="InteractionRecord(id='b1c47b67ff95', timestamp='2026-05-27T09:12:59.612311', interaction_type='conversation', user_satisfaction=0.7, response_quality=0.6, latency_ms=0.0, tokens_used=0, was_proactive=False, context_relevance=0.5, error_occurred=False, tags=[], metadata={})", user_satisfaction=None, response_quality=0.5, latency_ms=0.0, tokens_used=0, was_proactive=False, context_relevance=0.5, error_occurred=False, tags=[], metadata={}), InteractionRecord(id='1519ec68e213', timestamp='2026-05-27T09:12:59.625120', interaction_type="InteractionRecord(id='edc3f6d4779e', timestamp='2026-05-27T09:12:59.624120', interaction_type='conversation', user_satisfaction=0.7, response_quality=0.6, latency_ms=0.0, tokens_used=0, was_proactive=False, context_relevance=0.5, error_occurred=False, tags=[], metadata={})", user_satisfaction=None, response_quality=0.5, latency_ms=0.0, tokens_used=0, was_proactive=False, context_relevance=0.5, error_occurred=False, tags=[], metadata={}), InteractionRecord(id='2f8774af1832', timestamp='2026-05-27T09:12:59.634124', interaction_type="InteractionRecord(id='26c980c81e67', timestamp='2026-05-27T09:12:59.634124', interaction_type='conversation', user_satisfaction=0.7, response_quality=0.6, latency_ms=0.0, tokens_used=0, was_proactive=False, context_relevance=0.5, error_occurred=False, tags=[], metadata={})", user_satisfaction=None, response_quality=0.5, latency_ms=0.0, tokens_used=0, was_proactive=False, context_relevance=0.5, error_occurred=False, tags=[], metadata={}), InteractionRecord(id='fe00cc00e099', timestamp='2026-05-27T09:12:59.645633', interaction_type="InteractionRecord(id='880f716f6a00', timestamp='2026-05-27T09:12:59.645633', interaction_type='conversation', user_satisfaction=0.7, response_quality=0.6, latency_ms=0.0, tokens_used=0, was_proactive=False, context_relevance=0.5, error_occurred=False, tags=[], metadata={})", user_satisfaction=None, response_quality=0.5, latency_ms=0.0, tokens_used=0, was_proactive=False, context_relevance=0.5, error_occurred=False, tags=[], metadata={}), InteractionRecord(id='86c26972ab30', timestamp='2026-05-27T09:12:59.655657', interaction_type="InteractionRecord(id='7c50e00fe662', timestamp='2026-05-27T09:12:59.655657', interaction_type='conversation', user_satisfaction=0.7, response_quality=0.6, latency_ms=0.0, tokens_used=0, was_proactive=False, context_relevance=0.5, error_occurred=False, tags=[], metadata={})", user_satisfaction=None, response_quality=0.5, latency_ms=0.0, tokens_used=0, was_proactive=False, context_relevance=0.5, error_occurred=False, tags=[], metadata={}), InteractionRecord(id='e27ca8e528a2', timestamp='2026-05-27T09:12:59.655657', interaction_type="InteractionRecord(id='bc791295facf', timestamp='2026-05-27T09:12:59.655657', interaction_type='conversation', user_satisfaction=0.7, response_quality=0.6, latency_ms=0.0, tokens_used=0, was_proactive=False, context_relevance=0.5, error_occurred=False, tags=[], metadata={})", user_satisfaction=None, response_quality=0.5, latency_ms=0.0, tokens_used=0, was_proactive=False, context_relevance=0.5, error_occurred=False, tags=[], metadata={}), InteractionRecord(id='d8b6529686c6', timestamp='2026-05-27T09:12:59.672158', interaction_type="InteractionRecord(id='8ae94a8122ce', timestamp='2026-05-27T09:12:59.672158', interaction_type='conversation', user_satisfaction=0.7, response_quality=0.6, latency_ms=0.0, tokens_used=0, was_proactive=False, context_relevance=0.5, error_occurred=False, tags=[], metadata={})", user_satisfaction=None, response_quality=0.5, latency_ms=0.0, tokens_used=0, was_proactive=False, context_relevance=0.5, error_occurred=False, tags=[], metadata={}), InteractionRecord(id='a01290506102', timestamp='2026-05-27T09:12:59.688288', interaction_type="InteractionRecord(id='14353aa866a0', timestamp='2026-05-27T09:12:59.688288', interaction_type='conversation', user_satisfaction=0.7, response_quality=0.6, latency_ms=0.0, tokens_used=0, was_proactive=False, context_relevance=0.5, error_occurred=False, tags=[], metadata={})", user_satisfaction=None, response_quality=0.5, latency_ms=0.0, tokens_used=0, was_proactive=False, context_relevance=0.5, error_occurred=False, tags=[], metadata={}), InteractionRecord(id='f613edeae038', timestamp='2026-05-27T09:12:59.704973', interaction_type="InteractionRecord(id='4e2448efebf4', timestamp='2026-05-27T09:12:59.704973', interaction_type='conversation', user_satisfaction=0.7, response_quality=0.6, latency_ms=0.0, tokens_used=0, was_proactive=False, context_relevance=0.5, error_occurred=False, tags=[], metadata={})", user_satisfaction=None, response_quality=0.5, latency_ms=0.0, tokens_used=0, was_proactive=False, context_relevance=0.5, error_occurred=False, tags=[], metadata={}), InteractionRecord(id='dfc735fb2093', timestamp='2026-05-27T09:12:59.721610', interaction_type="InteractionRecord(id='ecab598815b5', timestamp='2026-05-27T09:12:59.721610', interaction_type='conversation', user_satisfaction=0.7, response_quality=0.6, latency_ms=0.0, tokens_used=0, was_proactive=False, context_relevance=0.5, error_occurred=False, tags=[], metadata={})", user_satisfaction=None, response_quality=0.5, latency_ms=0.0, tokens_used=0, was_proactive=False, context_relevance=0.5, error_occurred=False, tags=[], metadata={}), InteractionRecord(id='fe4ef7ca08eb', timestamp='2026-05-27T09:12:59.721610', interaction_type="InteractionRecord(id='80c8c8207ba1', timestamp='2026-05-27T09:12:59.721610', interaction_type='conversation', user_satisfaction=0.7, response_quality=0.6, latency_ms=0.0, tokens_used=0, was_proactive=False, context_relevance=0.5, error_occurred=False, tags=[], metadata={})", user_satisfaction=None, response_quality=0.5, latency_ms=0.0, tokens_used=0, was_proactive=False, context_relevance=0.5, error_occurred=False, tags=[], metadata={}), InteractionRecord(id='3afb5a805f31', timestamp='2026-05-27T09:12:59.737030', interaction_type="InteractionRecord(id='72472fbd1217', timestamp='2026-05-27T09:12:59.737030', interaction_type='conversation', user_satisfaction=0.7, response_quality=0.6, latency_ms=0.0, tokens_used=0, was_proactive=False, context_relevance=0.5, error_occurred=False, tags=[], metadata={})", user_satisfaction=None, response_quality=0.5, latency_ms=0.0, tokens_used=0, was_proactive=False, context_relevance=0.5, error_occurred=False, tags=[], metadata={}), InteractionRecord(id='283e21e90033', timestamp='2026-05-27T09:12:59.743190', interaction_type="InteractionRecord(id='c3f772ae2c56', timestamp='2026-05-27T09:12:59.743190', interaction_type='conversation', user_satisfaction=0.7, response_quality=0.6, latency_ms=0.0, tokens_used=0, was_proactive=False, context_relevance=0.5, error_occurred=False, tags=[], metadata={})", user_satisfaction=None, response_quality=0.5, latency_ms=0.0, tokens_used=0, was_proactive=False, context_relevance=0.5, error_occurred=False, tags=[], metadata={}), InteractionRecord(id='fb126514cb98', timestamp='2026-05-27T09:12:59.743190', interaction_type="InteractionRecord(id='ee4657014fda', timestamp='2026-05-27T09:12:59.743190', interaction_type='conversation', user_satisfaction=0.7, response_quality=0.6, latency_ms=0.0, tokens_used=0, was_proactive=False, context_relevance=0.5, error_occurred=False, tags=[], metadata={})", user_satisfaction=None, response_quality=0.5, latency_ms=0.0, tokens_used=0, was_proactive=False, context_relevance=0.5, error_occurred=False, tags=[], metadata={}), InteractionRecord(id='0e738b8d19a0', timestamp='2026-05-27T09:12:59.755656', interaction_type="InteractionRecord(id='488231092a2f', timestamp='2026-05-27T09:12:59.755656', interaction_type='conversation', user_satisfaction=0.7, response_quality=0.6, latency_ms=0.0, tokens_used=0, was_proactive=False, context_relevance=0.5, error_occurred=False, tags=[], metadata={})", user_satisfaction=None, response_quality=0.5, latency_ms=0.0, tokens_used=0, was_proactive=False, context_relevance=0.5, error_occurred=False, tags=[], metadata={}), InteractionRecord(id='ac25f59080c0', timestamp='2026-05-27T09:13:46.370191', interaction_type="InteractionRecord(id='f77a3070d970', timestamp='2026-05-27T09:13:46.370191', interaction_type='conversation', user_satisfaction=0.8, response_quality=0.7, latency_ms=500, tokens_used=0, was_proactive=False, context_relevance=0.5, error_occurred=False, tags=[], metadata={})", user_satisfaction=None, response_quality=0.5, latency_ms=0.0, tokens_used=0, was_proactive=False, context_relevance=0.5, error_occurred=False, tags=[], metadata={})])
E        +    where [InteractionRecord(id='e2f3da450bf4', timestamp='2026-05-25T19:14:24.068595', interaction_type='test query', user_satisfaction={'response_time': 100, 'mode': 'general'}, response_quality='test response', latency_ms=0.0, tokens_used=0, was_proactive=False, context_relevance=0.5, error_occurred=False, tags=[], metadata={}), InteractionRecord(id='525ae9afde7b', timestamp='2026-05-27T01:07:36.950688', interaction_type={'id': 'f89520ae7416', 'timestamp': '2026-05-27T01:07:36.950688', 'interaction_type': 'conversation', 'user_satisfaction': 0.8, 'response_quality': 0.7, 'latency_ms': 500, 'tokens_used': 0, 'was_proactive': False, 'context_relevance': 0.5, 'error_occurred': False, 'tags': [], 'metadata': {}}, user_satisfaction=None, response_quality=0.5, latency_ms=0.0, tokens_used=0, was_proactive=False, context_relevance=0.5, error_occurred=False, tags=[], metadata={}), InteractionRecord(id='8a7476e778f6', timestamp='2026-05-27T01:07:37.081324', interaction_type={'id': '5bf89541dc64', 'timestamp': '2026-05-27T01:07:37.081324', 'interaction_type': 'conversation', 'user_satisfaction': 0.7, 'response_quality': 0.6, 'latency_ms': 400, 'tokens_used': 0, 'was_proactive': False, 'context_relevance': 0.5, 'error_occurred': False, 'tags': [], 'metadata': {}}, user_satisfaction=None, response_quality=0.5, latency_ms=0.0, tokens_used=0, was_proactive=False, context_relevance=0.5, error_occurred=False, tags=[], metadata={}), InteractionRecord(id='31cbedddbe59', timestamp='2026-05-27T01:07:37.081324', interaction_type={'id': '2da4e70d940f', 'timestamp': '2026-05-27T01:07:37.081324', 'interaction_type': 'conversation', 'user_satisfaction': 0.7999999999999999, 'response_quality': 0.8, 'latency_ms': 450, 'tokens_used': 0, 'was_proactive': False, 'context_relevance': 0.5, 'error_occurred': False, 'tags': [], 'metadata': {}}, user_satisfaction=None, response_quality=0.5, latency_ms=0.0, tokens_used=0, was_proactive=False, context_relevance=0.5, error_occurred=False, tags=[], metadata={}), InteractionRecord(id='34b8fe0379a2', timestamp='2026-05-27T01:07:37.081324', interaction_type={'id': 'f4ab18965d6f', 'timestamp': '2026-05-27T01:07:37.081324', 'interaction_type': 'conversation', 'user_satisfaction': 0.8999999999999999, 'response_quality': 0.6, 'latency_ms': 500, 'tokens_used': 0, 'was_proactive': False, 'context_relevance': 0.5, 'error_occurred': False, 'tags': [], 'metadata': {}}, user_satisfaction=None, response_quality=0.5, latency_ms=0.0, tokens_used=0, was_proactive=False, context_relevance=0.5, error_occurred=False, tags=[], metadata={}), InteractionRecord(id='f8eb52a200a7', timestamp='2026-05-27T01:07:37.081324', interaction_type={'id': '6fe10ef5cf7f', 'timestamp': '2026-05-27T01:07:37.081324', 'interaction_type': 'conversation', 'user_satisfaction': 0.7, 'response_quality': 0.8, 'latency_ms': 550, 'tokens_used': 0, 'was_proactive': False, 'context_relevance': 0.5, 'error_occurred': False, 'tags': [], 'metadata': {}}, user_satisfaction=None, response_quality=0.5, latency_ms=0.0, tokens_used=0, was_proactive=False, context_relevance=0.5, error_occurred=False, tags=[], metadata={}), InteractionRecord(id='f8fa6c8b1fd8', timestamp='2026-05-27T01:07:37.092250', interaction_type={'id': '030ca84ffde5', 'timestamp': '2026-05-27T01:07:37.092250', 'interaction_type': 'conversation', 'user_satisfaction': 0.7999999999999999, 'response_quality': 0.6, 'latency_ms': 600, 'tokens_used': 0, 'was_proactive': False, 'context_relevance': 0.5, 'error_occurred': False, 'tags': [], 'metadata': {}}, user_satisfaction=None, response_quality=0.5, latency_ms=0.0, tokens_used=0, was_proactive=False, context_relevance=0.5, error_occurred=False, tags=[], metadata={}), InteractionRecord(id=inf, timestamp='2026-05-27T01:07:37.092818', interaction_type={'id': '3253838b53d3', 'timestamp': '2026-05-27T01:07:37.092818', 'interaction_type': 'conversation', 'user_satisfaction': 0.8999999999999999, 'response_quality': 0.8, 'latency_ms': 650, 'tokens_used': 0, 'was_proactive': False, 'context_relevance': 0.5, 'error_occurred': False, 'tags': [], 'metadata': {}}, user_satisfaction=None, response_quality=0.5, latency_ms=0.0, tokens_used=0, was_proactive=False, context_relevance=0.5, error_occurred=False, tags=[], metadata={}), InteractionRecord(id='fe5ae29f38fe', timestamp='2026-05-27T01:07:37.092818', interaction_type={'id': '0163153cb2b4', 'timestamp': '2026-05-27T01:07:37.092818', 'interaction_type': 'conversation', 'user_satisfaction': 0.7, 'response_quality': 0.6, 'latency_ms': 700, 'tokens_used': 0, 'was_proactive': False, 'context_relevance': 0.5, 'error_occurred': False, 'tags': [], 'metadata': {}}, user_satisfaction=None, response_quality=0.5, latency_ms=0.0, tokens_used=0, was_proactive=False, context_relevance=0.5, error_occurred=False, tags=[], metadata={}), InteractionRecord(id='a94266b0e6dc', timestamp='2026-05-27T01:07:37.092818', interaction_type={'id': '6ef735dc7502', 'timestamp': '2026-05-27T01:07:37.092818', 'interaction_type': 'conversation', 'user_satisfaction': 0.7999999999999999, 'response_quality': 0.8, 'latency_ms': 750, 'tokens_used': 0, 'was_proactive': False, 'context_relevance': 0.5, 'error_occurred': False, 'tags': [], 'metadata': {}}, user_satisfaction=None, response_quality=0.5, latency_ms=0.0, tokens_used=0, was_proactive=False, context_relevance=0.5, error_occurred=False, tags=[], metadata={}), InteractionRecord(id='5ebebf2085dd', timestamp='2026-05-27T01:07:37.092818', interaction_type={'id': 'a3e7b6f22bc4', 'timestamp': '2026-05-27T01:07:37.092818', 'interaction_type': 'conversation', 'user_satisfaction': 0.8999999999999999, 'response_quality': 0.6, 'latency_ms': 800, 'tokens_used': 0, 'was_proactive': False, 'context_relevance': 0.5, 'error_occurred': False, 'tags': [], 'metadata': {}}, user_satisfaction=None, response_quality=0.5, latency_ms=0.0, tokens_used=0, was_proactive=False, context_relevance=0.5, error_occurred=False, tags=[], metadata={}), InteractionRecord(id='eddded8b8029', timestamp='2026-05-27T01:07:37.092818', interaction_type={'id': 'ed9cfb60e2f0', 'timestamp': '2026-05-27T01:07:37.092818', 'interaction_type': 'conversation', 'user_satisfaction': 0.7, 'response_quality': 0.8, 'latency_ms': 850, 'tokens_used': 0, 'was_proactive': False, 'context_relevance': 0.5, 'error_occurred': False, 'tags': [], 'metadata': {}}, user_satisfaction=None, response_quality=0.5, latency_ms=0.0, tokens_used=0, was_proactive=False, context_relevance=0.5, error_occurred=False, tags=[], metadata={}), InteractionRecord(id='46426420335e', timestamp='2026-05-27T01:08:05.544697', interaction_type={'id': '49c42f07784c', 'timestamp': '2026-05-27T01:08:05.544697', 'interaction_type': 'conversation', 'user_satisfaction': 0.8, 'response_quality': 0.7, 'latency_ms': 0.0, 'tokens_used': 0, 'was_proactive': False, 'context_relevance': 0.5, 'error_occurred': False, 'tags': [], 'metadata': {}}, user_satisfaction=None, response_quality=0.5, latency_ms=0.0, tokens_used=0, was_proactive=False, context_relevance=0.5, error_occurred=False, tags=[], metadata={}), InteractionRecord(id='167b795ddba3', timestamp='2026-05-27T01:08:05.544697', interaction_type={'id': '1715974d7018', 'timestamp': '2026-05-27T01:08:05.544697', 'interaction_type': 'conversation', 'user_satisfaction': 0.8, 'response_quality': 0.7, 'latency_ms': 0.0, 'tokens_used': 0, 'was_proactive': False, 'context_relevance': 0.5, 'error_occurred': False, 'tags': [], 'metadata': {}}, user_satisfaction=None, response_quality=0.5, latency_ms=0.0, tokens_used=0, was_proactive=False, context_relevance=0.5, error_occurred=False, tags=[], metadata={}), InteractionRecord(id='2b4fe625b581', timestamp='2026-05-27T01:08:05.544697', interaction_type={'id': '8c416908236f', 'timestamp': '2026-05-27T01:08:05.544697', 'interaction_type': 'conversation', 'user_satisfaction': 0.8, 'response_quality': 0.7, 'latency_ms': 0.0, 'tokens_used': 0, 'was_proactive': False, 'context_relevance': 0.5, 'error_occurred': False, 'tags': [], 'metadata': {}}, user_satisfaction=None, response_quality=0.5, latency_ms=0.0, tokens_used=0, was_proactive=False, context_relevance=0.5, error_occurred=False, tags=[], metadata={}), InteractionRecord(id='858e39dc93dc', timestamp='2026-05-27T01:08:05.544697', interaction_type={'id': '8f752f06899d', 'timestamp': '2026-05-27T01:08:05.544697', 'interaction_type': 'conversation', 'user_satisfaction': 0.8, 'response_quality': 0.7, 'latency_ms': 0.0, 'tokens_used': 0, 'was_proactive': False, 'context_relevance': 0.5, 'error_occurred': False, 'tags': [], 'metadata': {}}, user_satisfaction=None, response_quality=0.5, latency_ms=0.0, tokens_used=0, was_proactive=False, context_relevance=0.5, error_occurred=False, tags=[], metadata={}), InteractionRecord(id='5e9b93b49461', timestamp='2026-05-27T01:08:05.544697', interaction_type={'id': '7f1ea2d502ef', 'timestamp': '2026-05-27T01:08:05.544697', 'interaction_type': 'conversation', 'user_satisfaction': 0.8, 'response_quality': 0.7, 'latency_ms': 0.0, 'tokens_used': 0, 'was_proactive': False, 'context_relevance': 0.5, 'error_occurred': False, 'tags': [], 'metadata': {}}, user_satisfaction=None, response_quality=0.5, latency_ms=0.0, tokens_used=0, was_proactive=False, context_relevance=0.5, error_occurred=False, tags=[], metadata={}), InteractionRecord(id='d51836a9cb0c', timestamp='2026-05-27T01:08:05.636825', interaction_type={'id': '82d74f817772', 'timestamp': '2026-05-27T01:08:05.636825', 'interaction_type': 'conversation', 'user_satisfaction': 0.7, 'response_quality': 0.6, 'latency_ms': 0.0, 'tokens_used': 0, 'was_proactive': False, 'context_relevance': 0.5, 'error_occurred': False, 'tags': [], 'metadata': {}}, user_satisfaction=None, response_quality=0.5, latency_ms=0.0, tokens_used=0, was_proactive=False, context_relevance=0.5, error_occurred=False, tags=[], metadata={}), InteractionRecord(id='30bf3a63473d', timestamp='2026-05-27T01:08:05.636825', interaction_type={'id': '7a27c5c07dc5', 'timestamp': '2026-05-27T01:08:05.636825', 'interaction_type': 'conversation', 'user_satisfaction': 0.7, 'response_quality': 0.6, 'latency_ms': 0.0, 'tokens_used': 0, 'was_proactive': False, 'context_relevance': 0.5, 'error_occurred': False, 'tags': [], 'metadata': {}}, user_satisfaction=None, response_quality=0.5, latency_ms=0.0, tokens_used=0, was_proactive=False, context_relevance=0.5, error_occurred=False, tags=[], metadata={}), InteractionRecord(id='c3669c27856f', timestamp='2026-05-27T01:08:05.636825', interaction_type={'id': '1c838961accb', 'timestamp': '2026-05-27T01:08:05.636825', 'interaction_type': 'conversation', 'user_satisfaction': 0.7, 'response_quality': 0.6, 'latency_ms': 0.0, 'tokens_used': 0, 'was_proactive': False, 'context_relevance': 0.5, 'error_occurred': False, 'tags': [], 'metadata': {}}, user_satisfaction=None, response_quality=0.5, latency_ms=0.0, tokens_used=0, was_proactive=False, context_relevance=0.5, error_occurred=False, tags=[], metadata={}), InteractionRecord(id='a0df3745705d', timestamp='2026-05-27T01:08:05.636825', interaction_type={'id': 'c516a733cd7e', 'timestamp': '2026-05-27T01:08:05.636825', 'interaction_type': 'conversation', 'user_satisfaction': 0.7, 'response_quality': 0.6, 'latency_ms': 0.0, 'tokens_used': 0, 'was_proactive': False, 'context_relevance': 0.5, 'error_occurred': False, 'tags': [], 'metadata': {}}, user_satisfaction=None, response_quality=0.5, latency_ms=0.0, tokens_used=0, was_proactive=False, context_relevance=0.5, error_occurred=False, tags=[], metadata={}), InteractionRecord(id='ed4882e0a997', timestamp='2026-05-27T01:08:05.643119', interaction_type={'id': '7bff6b1dc9d2', 'timestamp': '2026-05-27T01:08:05.643119', 'interaction_type': 'conversation', 'user_satisfaction': 0.7, 'response_quality': 0.6, 'latency_ms': 0.0, 'tokens_used': 0, 'was_proactive': False, 'context_relevance': 0.5, 'error_occurred': False, 'tags': [], 'metadata': {}}, user_satisfaction=None, response_quality=0.5, latency_ms=0.0, tokens_used=0, was_proactive=False, context_relevance=0.5, error_occurred=False, tags=[], metadata={}), InteractionRecord(id='c6f558e5aa22', timestamp='2026-05-27T01:08:05.643119', interaction_type={'id': 'a7fb16a569d3', 'timestamp': '2026-05-27T01:08:05.643119', 'interaction_type': 'conversation', 'user_satisfaction': 0.7, 'response_quality': 0.6, 'latency_ms': 0.0, 'tokens_used': 0, 'was_proactive': False, 'context_relevance': 0.5, 'error_occurred': False, 'tags': [], 'metadata': {}}, user_satisfaction=None, response_quality=0.5, latency_ms=0.0, tokens_used=0, was_proactive=False, context_relevance=0.5, error_occurred=False, tags=[], metadata={}), InteractionRecord(id='2b4a6ed38ed3', timestamp='2026-05-27T01:08:05.643119', interaction_type={'id': '422b6e731613', 'timestamp': '2026-05-27T01:08:05.643119', 'interaction_type': 'conversation', 'user_satisfaction': 0.7, 'response_quality': 0.6, 'latency_ms': 0.0, 'tokens_used': 0, 'was_proactive': False, 'context_relevance': 0.5, 'error_occurred': False, 'tags': [], 'metadata': {}}, user_satisfaction=None, response_quality=0.5, latency_ms=0.0, tokens_used=0, was_proactive=False, context_relevance=0.5, error_occurred=False, tags=[], metadata={}), InteractionRecord(id='17d3d749ca42', timestamp='2026-05-27T01:08:05.643119', interaction_type={'id': '8a09eaacc5d1', 'timestamp': '2026-05-27T01:08:05.643119', 'interaction_type': 'conversation', 'user_satisfaction': 0.7, 'response_quality': 0.6, 'latency_ms': 0.0, 'tokens_used': 0, 'was_proactive': False, 'context_relevance': 0.5, 'error_occurred': False, 'tags': [], 'metadata': {}}, user_satisfaction=None, response_quality=0.5, latency_ms=0.0, tokens_used=0, was_proactive=False, context_relevance=0.5, error_occurred=False, tags=[], metadata={}), InteractionRecord(id='784e5df63966', timestamp='2026-05-27T01:08:05.643119', interaction_type={'id': '738a902dedbc', 'timestamp': '2026-05-27T01:08:05.643119', 'interaction_type': 'conversation', 'user_satisfaction': 0.7, 'response_quality': 0.6, 'latency_ms': 0.0, 'tokens_used': 0, 'was_proactive': False, 'context_relevance': 0.5, 'error_occurred': False, 'tags': [], 'metadata': {}}, user_satisfaction=None, response_quality=0.5, latency_ms=0.0, tokens_used=0, was_proactive=False, context_relevance=0.5, error_occurred=False, tags=[], metadata={}), InteractionRecord(id='b2a675444082', timestamp='2026-05-27T01:08:05.643119', interaction_type={'id': '5474d20f8c84', 'timestamp': '2026-05-27T01:08:05.643119', 'interaction_type': 'conversation', 'user_satisfaction': 0.7, 'response_quality': 0.6, 'latency_ms': 0.0, 'tokens_used': 0, 'was_proactive': False, 'context_relevance': 0.5, 'error_occurred': False, 'tags': [], 'metadata': {}}, user_satisfaction=None, response_quality=0.5, latency_ms=0.0, tokens_used=0, was_proactive=False, context_relevance=0.5, error_occurred=False, tags=[], metadata={}), InteractionRecord(id='f15520c6760d', timestamp='2026-05-27T01:08:05.643119', interaction_type={'id': '8cc9e98a4366', 'timestamp': '2026-05-27T01:08:05.643119', 'interaction_type': 'conversation', 'user_satisfaction': 0.7, 'response_quality': 0.6, 'latency_ms': 0.0, 'tokens_used': 0, 'was_proactive': False, 'context_relevance': 0.5, 'error_occurred': False, 'tags': [], 'metadata': {}}, user_satisfaction=None, response_quality=0.5, latency_ms=0.0, tokens_used=0, was_proactive=False, context_relevance=0.5, error_occurred=False, tags=[], metadata={}), InteractionRecord(id='16477f0f45eb', timestamp='2026-05-27T01:08:05.643119', interaction_type={'id': '1b6e214b527f', 'timestamp': '2026-05-27T01:08:05.643119', 'interaction_type': 'conversation', 'user_satisfaction': 0.7, 'response_quality': 0.6, 'latency_ms': 0.0, 'tokens_used': 0, 'was_proactive': False, 'context_relevance': 0.5, 'error_occurred': False, 'tags': [], 'metadata': {}}, user_satisfaction=None, response_quality=0.5, latency_ms=0.0, tokens_used=0, was_proactive=False, context_relevance=0.5, error_occurred=False, tags=[], metadata={}), InteractionRecord(id='76d0f0ebf171', timestamp='2026-05-27T01:08:05.643119', interaction_type={'id': '2f9f95717a85', 'timestamp': '2026-05-27T01:08:05.643119', 'interaction_type': 'conversation', 'user_satisfaction': 0.7, 'response_quality': 0.6, 'latency_ms': 0.0, 'tokens_used': 0, 'was_proactive': False, 'context_relevance': 0.5, 'error_occurred': False, 'tags': [], 'metadata': {}}, user_satisfaction=None, response_quality=0.5, latency_ms=0.0, tokens_used=0, was_proactive=False, context_relevance=0.5, error_occurred=False, tags=[], metadata={}), InteractionRecord(id='656cde98d85c', timestamp='2026-05-27T01:08:05.643119', interaction_type={'id': '815a202c7e1c', 'timestamp': '2026-05-27T01:08:05.643119', 'interaction_type': 'conversation', 'user_satisfaction': 0.7, 'response_quality': 0.6, 'latency_ms': 0.0, 'tokens_used': 0, 'was_proactive': False, 'context_relevance': 0.5, 'error_occurred': False, 'tags': [], 'metadata': {}}, user_satisfaction=None, response_quality=0.5, latency_ms=0.0, tokens_used=0, was_proactive=False, context_relevance=0.5, error_occurred=False, tags=[], metadata={}), InteractionRecord(id='8a1a5bce7188', timestamp='2026-05-27T01:08:05.643119', interaction_type={'id': '2008d25e6167', 'timestamp': '2026-05-27T01:08:05.643119', 'interaction_type': 'conversation', 'user_satisfaction': 0.7, 'response_quality': 0.6, 'latency_ms': 0.0, 'tokens_used': 0, 'was_proactive': False, 'context_relevance': 0.5, 'error_occurred': False, 'tags': [], 'metadata': {}}, user_satisfaction=None, response_quality=0.5, latency_ms=0.0, tokens_used=0, was_proactive=False, context_relevance=0.5, error_occurred=False, tags=[], metadata={}), InteractionRecord(id='cebf16722aa4', timestamp='2026-05-27T01:08:05.643119', interaction_type={'id': '86dfdaa44116', 'timestamp': '2026-05-27T01:08:05.643119', 'interaction_type': 'conversation', 'user_satisfaction': 0.7, 'response_quality': 0.6, 'latency_ms': 0.0, 'tokens_used': 0, 'was_proactive': False, 'context_relevance': 0.5, 'error_occurred': False, 'tags': [], 'metadata': {}}, user_satisfaction=None, response_quality=0.5, latency_ms=0.0, tokens_used=0, was_proactive=False, context_relevance=0.5, error_occurred=False, tags=[], metadata={}), InteractionRecord(id='c76bcb7e61b3', timestamp='2026-05-27T01:08:05.643119', interaction_type={'id': '29c2dae9544b', 'timestamp': '2026-05-27T01:08:05.643119', 'interaction_type': 'conversation', 'user_satisfaction': 0.7, 'response_quality': 0.6, 'latency_ms': 0.0, 'tokens_used': 0, 'was_proactive': False, 'context_relevance': 0.5, 'error_occurred': False, 'tags': [], 'metadata': {}}, user_satisfaction=None, response_quality=0.5, latency_ms=0.0, tokens_used=0, was_proactive=False, context_relevance=0.5, error_occurred=False, tags=[], metadata={}), InteractionRecord(id='b827e76baca2', timestamp='2026-05-27T01:08:05.643119', interaction_type={'id': 'ce158d3fba21', 'timestamp': '2026-05-27T01:08:05.643119', 'interaction_type': 'conversation', 'user_satisfaction': 0.7, 'response_quality': 0.6, 'latency_ms': 0.0, 'tokens_used': 0, 'was_proactive': False, 'context_relevance': 0.5, 'error_occurred': False, 'tags': [], 'metadata': {}}, user_satisfaction=None, response_quality=0.5, latency_ms=0.0, tokens_used=0, was_proactive=False, context_relevance=0.5, error_occurred=False, tags=[], metadata={}), InteractionRecord(id='d91e2d0180c1', timestamp='2026-05-27T01:08:05.643119', interaction_type={'id': 'bb024e24cadf', 'timestamp': '2026-05-27T01:08:05.643119', 'interaction_type': 'conversation', 'user_satisfaction': 0.7, 'response_quality': 0.6, 'latency_ms': 0.0, 'tokens_used': 0, 'was_proactive': False, 'context_relevance': 0.5, 'error_occurred': False, 'tags': [], 'metadata': {}}, user_satisfaction=None, response_quality=0.5, latency_ms=0.0, tokens_used=0, was_proactive=False, context_relevance=0.5, error_occurred=False, tags=[], metadata={}), InteractionRecord(id='1ed2480e1e2e', timestamp='2026-05-27T01:08:05.659216', interaction_type={'id': '43ac1dbcd36e', 'timestamp': '2026-05-27T01:08:05.659216', 'interaction_type': 'conversation', 'user_satisfaction': 0.7, 'response_quality': 0.6, 'latency_ms': 0.0, 'tokens_used': 0, 'was_proactive': False, 'context_relevance': 0.5, 'error_occurred': False, 'tags': [], 'metadata': {}}, user_satisfaction=None, response_quality=0.5, latency_ms=0.0, tokens_used=0, was_proactive=False, context_relevance=0.5, error_occurred=False, tags=[], metadata={}), InteractionRecord(id='ec4133fef290', timestamp='2026-05-27T01:08:05.661049', interaction_type={'id': 'b207efc947ea', 'timestamp': '2026-05-27T01:08:05.661049', 'interaction_type': 'conversation', 'user_satisfaction': 0.7, 'response_quality': 0.6, 'latency_ms': 0.0, 'tokens_used': 0, 'was_proactive': False, 'context_relevance': 0.5, 'error_occurred': False, 'tags': [], 'metadata': {}}, user_satisfaction=None, response_quality=0.5, latency_ms=0.0, tokens_used=0, was_proactive=False, context_relevance=0.5, error_occurred=False, tags=[], metadata={}), InteractionRecord(id='61507604b7d0', timestamp='2026-05-27T01:08:05.662521', interaction_type={'id': '293bdbb651fe', 'timestamp': '2026-05-27T01:08:05.662521', 'interaction_type': 'conversation', 'user_satisfaction': 0.7, 'response_quality': 0.6, 'latency_ms': 0.0, 'tokens_used': 0, 'was_proactive': False, 'context_relevance': 0.5, 'error_occurred': False, 'tags': [], 'metadata': {}}, user_satisfaction=None, response_quality=0.5, latency_ms=0.0, tokens_used=0, was_proactive=False, context_relevance=0.5, error_occurred=False, tags=[], metadata={}), InteractionRecord(id='03495f42b6e4', timestamp='2026-05-27T01:08:05.663520', interaction_type={'id': 'b70c9f23914e', 'timestamp': '2026-05-27T01:08:05.663520', 'interaction_type': 'conversation', 'user_satisfaction': 0.7, 'response_quality': 0.6, 'latency_ms': 0.0, 'tokens_used': 0, 'was_proactive': False, 'context_relevance': 0.5, 'error_occurred': False, 'tags': [], 'metadata': {}}, user_satisfaction=None, response_quality=0.5, latency_ms=0.0, tokens_used=0, was_proactive=False, context_relevance=0.5, error_occurred=False, tags=[], metadata={}), InteractionRecord(id='574ad9cd127b', timestamp='2026-05-27T01:08:05.664520', interaction_type={'id': '8f2126cf23bc', 'timestamp': '2026-05-27T01:08:05.664520', 'interaction_type': 'conversation', 'user_satisfaction': 0.7, 'response_quality': 0.6, 'latency_ms': 0.0, 'tokens_used': 0, 'was_proactive': False, 'context_relevance': 0.5, 'error_occurred': False, 'tags': [], 'metadata': {}}, user_satisfaction=None, response_quality=0.5, latency_ms=0.0, tokens_used=0, was_proactive=False, context_relevance=0.5, error_occurred=False, tags=[], metadata={}), InteractionRecord(id='6df77f3acb62', timestamp='2026-05-27T01:08:05.665521', interaction_type={'id': '4bf234ce4f07', 'timestamp': '2026-05-27T01:08:05.665521', 'interaction_type': 'conversation', 'user_satisfaction': 0.7, 'response_quality': 0.6, 'latency_ms': 0.0, 'tokens_used': 0, 'was_proactive': False, 'context_relevance': 0.5, 'error_occurred': False, 'tags': [], 'metadata': {}}, user_satisfaction=None, response_quality=0.5, latency_ms=0.0, tokens_used=0, was_proactive=False, context_relevance=0.5, error_occurred=False, tags=[], metadata={}), InteractionRecord(id='8f7cf32e6937', timestamp='2026-05-27T01:08:05.668029', interaction_type={'id': 'a5a98d11ca6e', 'timestamp': '2026-05-27T01:08:05.668029', 'interaction_type': 'conversation', 'user_satisfaction': 0.7, 'response_quality': 0.6, 'latency_ms': 0.0, 'tokens_used': 0, 'was_proactive': False, 'context_relevance': 0.5, 'error_occurred': False, 'tags': [], 'metadata': {}}, user_satisfaction=None, response_quality=0.5, latency_ms=0.0, tokens_used=0, was_proactive=False, context_relevance=0.5, error_occurred=False, tags=[], metadata={}), InteractionRecord(id='0f2efd2a800d', timestamp='2026-05-27T01:08:05.669029', interaction_type={'id': '84c89938d665', 'timestamp': '2026-05-27T01:08:05.669029', 'interaction_type': 'conversation', 'user_satisfaction': 0.7, 'response_quality': 0.6, 'latency_ms': 0.0, 'tokens_used': 0, 'was_proactive': False, 'context_relevance': 0.5, 'error_occurred': False, 'tags': [], 'metadata': {}}, user_satisfaction=None, response_quality=0.5, latency_ms=0.0, tokens_used=0, was_proactive=False, context_relevance=0.5, error_occurred=False, tags=[], metadata={}), InteractionRecord(id='95892095ed0f', timestamp='2026-05-27T01:08:05.671029', interaction_type={'id': '49f09f6dc103', 'timestamp': '2026-05-27T01:08:05.671029', 'interaction_type': 'conversation', 'user_satisfaction': 0.7, 'response_quality': 0.6, 'latency_ms': 0.0, 'tokens_used': 0, 'was_proactive': False, 'context_relevance': 0.5, 'error_occurred': False, 'tags': [], 'metadata': {}}, user_satisfaction=None, response_quality=0.5, latency_ms=0.0, tokens_used=0, was_proactive=False, context_relevance=0.5, error_occurred=False, tags=[], metadata={}), InteractionRecord(id='088a63ad4f4f', timestamp='2026-05-27T01:08:05.672030', interaction_type={'id': '773fb033b2d4', 'timestamp': '2026-05-27T01:08:05.672030', 'interaction_type': 'conversation', 'user_satisfaction': 0.7, 'response_quality': 0.6, 'latency_ms': 0.0, 'tokens_used': 0, 'was_proactive': False, 'context_relevance': 0.5, 'error_occurred': False, 'tags': [], 'metadata': {}}, user_satisfaction=None, response_quality=0.5, latency_ms=0.0, tokens_used=0, was_proactive=False, context_relevance=0.5, error_occurred=False, tags=[], metadata={}), InteractionRecord(id='4efc85db78dd', timestamp='2026-05-27T01:08:05.674034', interaction_type={'id': '868a504c893d', 'timestamp': '2026-05-27T01:08:05.674034', 'interaction_type': 'conversation', 'user_satisfaction': 0.7, 'response_quality': 0.6, 'latency_ms': 0.0, 'tokens_used': 0, 'was_proactive': False, 'context_relevance': 0.5, 'error_occurred': False, 'tags': [], 'metadata': {}}, user_satisfaction=None, response_quality=0.5, latency_ms=0.0, tokens_used=0, was_proactive=False, context_relevance=0.5, error_occurred=False, tags=[], metadata={}), InteractionRecord(id='3a2fe81d0df7', timestamp='2026-05-27T01:08:05.675034', interaction_type={'id': '0d4d4328b8b3', 'timestamp': '2026-05-27T01:08:05.675034', 'interaction_type': 'conversation', 'user_satisfaction': 0.7, 'response_quality': 0.6, 'latency_ms': 0.0, 'tokens_used': 0, 'was_proactive': False, 'context_relevance': 0.5, 'error_occurred': False, 'tags': [], 'metadata': {}}, user_satisfaction=None, response_quality=0.5, latency_ms=0.0, tokens_used=0, was_proactive=False, context_relevance=0.5, error_occurred=False, tags=[], metadata={}), InteractionRecord(id='43c7ae7da93f', timestamp='2026-05-27T01:08:05.676034', interaction_type={'id': 'cb1a8fba7ec4', 'timestamp': '2026-05-27T01:08:05.676034', 'interaction_type': 'conversation', 'user_satisfaction': 0.7, 'response_quality': 0.6, 'latency_ms': 0.0, 'tokens_used': 0, 'was_proactive': False, 'context_relevance': 0.5, 'error_occurred': False, 'tags': [], 'metadata': {}}, user_satisfaction=None, response_quality=0.5, latency_ms=0.0, tokens_used=0, was_proactive=False, context_relevance=0.5, error_occurred=False, tags=[], metadata={}), InteractionRecord(id='500cfdbdf89b', timestamp='2026-05-27T01:08:05.678157', interaction_type={'id': 'd2cc415a55e4', 'timestamp': '2026-05-27T01:08:05.678157', 'interaction_type': 'conversation', 'user_satisfaction': 0.7, 'response_quality': 0.6, 'latency_ms': 0.0, 'tokens_used': 0, 'was_proactive': False, 'context_relevance': 0.5, 'error_occurred': False, 'tags': [], 'metadata': {}}, user_satisfaction=None, response_quality=0.5, latency_ms=0.0, tokens_used=0, was_proactive=False, context_relevance=0.5, error_occurred=False, tags=[], metadata={}), InteractionRecord(id='b49b14e46105', timestamp='2026-05-27T01:08:05.679163', interaction_type={'id': '29fc10ccca61', 'timestamp': '2026-05-27T01:08:05.679163', 'interaction_type': 'conversation', 'user_satisfaction': 0.7, 'response_quality': 0.6, 'latency_ms': 0.0, 'tokens_used': 0, 'was_proactive': False, 'context_relevance': 0.5, 'error_occurred': False, 'tags': [], 'metadata': {}}, user_satisfaction=None, response_quality=0.5, latency_ms=0.0, tokens_used=0, was_proactive=False, context_relevance=0.5, error_occurred=False, tags=[], metadata={}), InteractionRecord(id='a57f608c2ba7', timestamp='2026-05-27T01:08:05.681162', interaction_type={'id': 'd13a65106f57', 'timestamp': '2026-05-27T01:08:05.681162', 'interaction_type': 'conversation', 'user_satisfaction': 0.7, 'response_quality': 0.6, 'latency_ms': 0.0, 'tokens_used': 0, 'was_proactive': False, 'context_relevance': 0.5, 'error_occurred': False, 'tags': [], 'metadata': {}}, user_satisfaction=None, response_quality=0.5, latency_ms=0.0, tokens_used=0, was_proactive=False, context_relevance=0.5, error_occurred=False, tags=[], metadata={}), InteractionRecord(id='6ac9354500c8', timestamp='2026-05-27T01:08:05.683164', interaction_type={'id': '904cbc418607', 'timestamp': '2026-05-27T01:08:05.682165', 'interaction_type': 'conversation', 'user_satisfaction': 0.7, 'response_quality': 0.6, 'latency_ms': 0.0, 'tokens_used': 0, 'was_proactive': False, 'context_relevance': 0.5, 'error_occurred': False, 'tags': [], 'metadata': {}}, user_satisfaction=None, response_quality=0.5, latency_ms=0.0, tokens_used=0, was_proactive=False, context_relevance=0.5, error_occurred=False, tags=[], metadata={}), InteractionRecord(id='684f6cecb409', timestamp='2026-05-27T01:08:05.684165', interaction_type={'id': '1de77b83159f', 'timestamp': '2026-05-27T01:08:05.684165', 'interaction_type': 'conversation', 'user_satisfaction': 0.7, 'response_quality': 0.6, 'latency_ms': 0.0, 'tokens_used': 0, 'was_proactive': False, 'context_relevance': 0.5, 'error_occurred': False, 'tags': [], 'metadata': {}}, user_satisfaction=None, response_quality=0.5, latency_ms=0.0, tokens_used=0, was_proactive=False, context_relevance=0.5, error_occurred=False, tags=[], metadata={}), InteractionRecord(id='2fee094bceb6', timestamp='2026-05-27T01:08:05.686166', interaction_type={'id': 'b370136e4d1d', 'timestamp': '2026-05-27T01:08:05.686166', 'interaction_type': 'conversation', 'user_satisfaction': 0.7, 'response_quality': 0.6, 'latency_ms': 0.0, 'tokens_used': 0, 'was_proactive': False, 'context_relevance': 0.5, 'error_occurred': False, 'tags': [], 'metadata': {}}, user_satisfaction=None, response_quality=0.5, latency_ms=0.0, tokens_used=0, was_proactive=False, context_relevance=0.5, error_occurred=False, tags=[], metadata={}), InteractionRecord(id='b74eb8b030c7', timestamp='2026-05-27T01:08:05.687677', interaction_type={'id': 'f440ceef98f7', 'timestamp': '2026-05-27T01:08:05.687677', 'interaction_type': 'conversation', 'user_satisfaction': 0.7, 'response_quality': 0.6, 'latency_ms': 0.0, 'tokens_used': 0, 'was_proactive': False, 'context_relevance': 0.5, 'error_occurred': False, 'tags': [], 'metadata': {}}, user_satisfaction=None, response_quality=0.5, latency_ms=0.0, tokens_used=0, was_proactive=False, context_relevance=0.5, error_occurred=False, tags=[], metadata={}), InteractionRecord(id='812d0012c3ba', timestamp='2026-05-27T01:08:05.689679', interaction_type={'id': 'bf5a258b7df9', 'timestamp': '2026-05-27T01:08:05.689679', 'interaction_type': 'conversation', 'user_satisfaction': 0.7, 'response_quality': 0.6, 'latency_ms': 0.0, 'tokens_used': 0, 'was_proactive': False, 'context_relevance': 0.5, 'error_occurred': False, 'tags': [], 'metadata': {}}, user_satisfaction=None, response_quality=0.5, latency_ms=0.0, tokens_used=0, was_proactive=False, context_relevance=0.5, error_occurred=False, tags=[], metadata={}), InteractionRecord(id='835453066dae', timestamp='2026-05-27T01:08:05.691615', interaction_type={'id': 'b9dfa8f075ca', 'timestamp': '2026-05-27T01:08:05.691615', 'interaction_type': 'conversation', 'user_satisfaction': 0.7, 'response_quality': 0.6, 'latency_ms': 0.0, 'tokens_used': 0, 'was_proactive': False, 'context_relevance': 0.5, 'error_occurred': False, 'tags': [], 'metadata': {}}, user_satisfaction=None, response_quality=0.5, latency_ms=0.0, tokens_used=0, was_proactive=False, context_relevance=0.5, error_occurred=False, tags=[], metadata={}), InteractionRecord(id='f8a6583aa56a', timestamp='2026-05-27T01:08:05.691615', interaction_type={'id': '8c126d4db42e', 'timestamp': '2026-05-27T01:08:05.691615', 'interaction_type': 'conversation', 'user_satisfaction': 0.7, 'response_quality': 0.6, 'latency_ms': 0.0, 'tokens_used': 0, 'was_proactive': False, 'context_relevance': 0.5, 'error_occurred': False, 'tags': [], 'metadata': {}}, user_satisfaction=None, response_quality=0.5, latency_ms=0.0, tokens_used=0, was_proactive=False, context_relevance=0.5, error_occurred=False, tags=[], metadata={}), InteractionRecord(id='6c3557433411', timestamp='2026-05-27T01:08:05.695440', interaction_type={'id': 'e116eb132102', 'timestamp': '2026-05-27T01:08:05.695440', 'interaction_type': 'conversation', 'user_satisfaction': 0.7, 'response_quality': 0.6, 'latency_ms': 0.0, 'tokens_used': 0, 'was_proactive': False, 'context_relevance': 0.5, 'error_occurred': False, 'tags': [], 'metadata': {}}, user_satisfaction=None, response_quality=0.5, latency_ms=0.0, tokens_used=0, was_proactive=False, context_relevance=0.5, error_occurred=False, tags=[], metadata={}), InteractionRecord(id='4137d54db27e', timestamp='2026-05-27T01:08:05.697257', interaction_type={'id': '550212cb7176', 'timestamp': '2026-05-27T01:08:05.697257', 'interaction_type': 'conversation', 'user_satisfaction': 0.7, 'response_quality': 0.6, 'latency_ms': 0.0, 'tokens_used': 0, 'was_proactive': False, 'context_relevance': 0.5, 'error_occurred': False, 'tags': [], 'metadata': {}}, user_satisfaction=None, response_quality=0.5, latency_ms=0.0, tokens_used=0, was_proactive=False, context_relevance=0.5, error_occurred=False, tags=[], metadata={}), InteractionRecord(id='9de27277d466', timestamp='2026-05-27T01:08:05.697643', interaction_type={'id': '2279cec7621a', 'timestamp': '2026-05-27T01:08:05.697643', 'interaction_type': 'conversation', 'user_satisfaction': 0.7, 'response_quality': 0.6, 'latency_ms': 0.0, 'tokens_used': 0, 'was_proactive': False, 'context_relevance': 0.5, 'error_occurred': False, 'tags': [], 'metadata': {}}, user_satisfaction=None, response_quality=0.5, latency_ms=0.0, tokens_used=0, was_proactive=False, context_relevance=0.5, error_occurred=False, tags=[], metadata={}), InteractionRecord(id='6263466a6220', timestamp='2026-05-27T01:08:05.701292', interaction_type={'id': '926e507ea839', 'timestamp': '2026-05-27T01:08:05.701292', 'interaction_type': 'conversation', 'user_satisfaction': 0.7, 'response_quality': 0.6, 'latency_ms': 0.0, 'tokens_used': 0, 'was_proactive': False, 'context_relevance': 0.5, 'error_occurred': False, 'tags': [], 'metadata': {}}, user_satisfaction=None, response_quality=0.5, latency_ms=0.0, tokens_used=0, was_proactive=False, context_relevance=0.5, error_occurred=False, tags=[], metadata={}), InteractionRecord(id='05eff93e55ff', timestamp='2026-05-27T01:08:05.701292', interaction_type={'id': '98f7a2586bf9', 'timestamp': '2026-05-27T01:08:05.701292', 'interaction_type': 'conversation', 'user_satisfaction': 0.7, 'response_quality': 0.6, 'latency_ms': 0.0, 'tokens_used': 0, 'was_proactive': False, 'context_relevance': 0.5, 'error_occurred': False, 'tags': [], 'metadata': {}}, user_satisfaction=None, response_quality=0.5, latency_ms=0.0, tokens_used=0, was_proactive=False, context_relevance=0.5, error_occurred=False, tags=[], metadata={}), InteractionRecord(id='e52b3346a5ef', timestamp='2026-05-27T01:08:05.701292', interaction_type={'id': '72085904a09b', 'timestamp': '2026-05-27T01:08:05.701292', 'interaction_type': 'conversation', 'user_satisfaction': 0.7, 'response_quality': 0.6, 'latency_ms': 0.0, 'tokens_used': 0, 'was_proactive': False, 'context_relevance': 0.5, 'error_occurred': False, 'tags': [], 'metadata': {}}, user_satisfaction=None, response_quality=0.5, latency_ms=0.0, tokens_used=0, was_proactive=False, context_relevance=0.5, error_occurred=False, tags=[], metadata={}), InteractionRecord(id='856fd489a03a', timestamp='2026-05-27T01:08:05.701292', interaction_type={'id': '2f16d9bb6d25', 'timestamp': '2026-05-27T01:08:05.701292', 'interaction_type': 'conversation', 'user_satisfaction': 0.7, 'response_quality': 0.6, 'latency_ms': 0.0, 'tokens_used': 0, 'was_proactive': False, 'context_relevance': 0.5, 'error_occurred': False, 'tags': [], 'metadata': {}}, user_satisfaction=None, response_quality=0.5, latency_ms=0.0, tokens_used=0, was_proactive=False, context_relevance=0.5, error_occurred=False, tags=[], metadata={}), InteractionRecord(id='5b3f3e9e2ebc', timestamp='2026-05-27T01:08:05.701292', interaction_type={'id': '2949236b697a', 'timestamp': '2026-05-27T01:08:05.701292', 'interaction_type': 'conversation', 'user_satisfaction': 0.7, 'response_quality': 0.6, 'latency_ms': 0.0, 'tokens_used': 0, 'was_proactive': False, 'context_relevance': 0.5, 'error_occurred': False, 'tags': [], 'metadata': {}}, user_satisfaction=None, response_quality=0.5, latency_ms=0.0, tokens_used=0, was_proactive=False, context_relevance=0.5, error_occurred=False, tags=[], metadata={}), InteractionRecord(id='fe8db2bd88a3', timestamp='2026-05-27T01:08:05.711049', interaction_type={'id': '194ed632a236', 'timestamp': '2026-05-27T01:08:05.711049', 'interaction_type': 'conversation', 'user_satisfaction': 0.7, 'response_quality': 0.6, 'latency_ms': 0.0, 'tokens_used': 0, 'was_proactive': False, 'context_relevance': 0.5, 'error_occurred': False, 'tags': [], 'metadata': {}}, user_satisfaction=None, response_quality=0.5, latency_ms=0.0, tokens_used=0, was_proactive=False, context_relevance=0.5, error_occurred=False, tags=[], metadata={}), InteractionRecord(id='e5c48aa3940a', timestamp='2026-05-27T01:08:05.714342', interaction_type={'id': '641f6b5c8b19', 'timestamp': '2026-05-27T01:08:05.714342', 'interaction_type': 'conversation', 'user_satisfaction': 0.7, 'response_quality': 0.6, 'latency_ms': 0.0, 'tokens_used': 0, 'was_proactive': False, 'context_relevance': 0.5, 'error_occurred': False, 'tags': [], 'metadata': {}}, user_satisfaction=None, response_quality=0.5, latency_ms=0.0, tokens_used=0, was_proactive=False, context_relevance=0.5, error_occurred=False, tags=[], metadata={}), InteractionRecord(id='a170ba4ce063', timestamp='2026-05-27T01:08:05.716342', interaction_type={'id': '573baa9f76df', 'timestamp': '2026-05-27T01:08:05.716342', 'interaction_type': 'conversation', 'user_satisfaction': 0.7, 'response_quality': 0.6, 'latency_ms': 0.0, 'tokens_used': 0, 'was_proactive': False, 'context_relevance': 0.5, 'error_occurred': False, 'tags': [], 'metadata': {}}, user_satisfaction=None, response_quality=0.5, latency_ms=0.0, tokens_used=0, was_proactive=False, context_relevance=0.5, error_occurred=False, tags=[], metadata={}), InteractionRecord(id='a54048fb58be', timestamp='2026-05-27T01:08:05.717853', interaction_type={'id': 'f465931d8bb6', 'timestamp': '2026-05-27T01:08:05.717853', 'interaction_type': 'conversation', 'user_satisfaction': 0.7, 'response_quality': 0.6, 'latency_ms': 0.0, 'tokens_used': 0, 'was_proactive': False, 'context_relevance': 0.5, 'error_occurred': False, 'tags': [], 'metadata': {}}, user_satisfaction=None, response_quality=0.5, latency_ms=0.0, tokens_used=0, was_proactive=False, context_relevance=0.5, error_occurred=False, tags=[], metadata={}), InteractionRecord(id='ca7eb8e73a73', timestamp='2026-05-27T01:08:05.719855', interaction_type={'id': 'fcb70a78fab4', 'timestamp': '2026-05-27T01:08:05.719855', 'interaction_type': 'conversation', 'user_satisfaction': 0.7, 'response_quality': 0.6, 'latency_ms': 0.0, 'tokens_used': 0, 'was_proactive': False, 'context_relevance': 0.5, 'error_occurred': False, 'tags': [], 'metadata': {}}, user_satisfaction=None, response_quality=0.5, latency_ms=0.0, tokens_used=0, was_proactive=False, context_relevance=0.5, error_occurred=False, tags=[], metadata={}), InteractionRecord(id='a6111816d745', timestamp='2026-05-27T01:08:05.721853', interaction_type={'id': '593f6d5b0bbd', 'timestamp': '2026-05-27T01:08:05.721853', 'interaction_type': 'conversation', 'user_satisfaction': 0.7, 'response_quality': 0.6, 'latency_ms': 0.0, 'tokens_used': 0, 'was_proactive': False, 'context_relevance': 0.5, 'error_occurred': False, 'tags': [], 'metadata': {}}, user_satisfaction=None, response_quality=0.5, latency_ms=0.0, tokens_used=0, was_proactive=False, context_relevance=0.5, error_occurred=False, tags=[], metadata={}), InteractionRecord(id='4fe33e82d08a', timestamp='2026-05-27T01:08:05.723858', interaction_type={'id': 'c14214829094', 'timestamp': '2026-05-27T01:08:05.723858', 'interaction_type': 'conversation', 'user_satisfaction': 0.7, 'response_quality': 0.6, 'latency_ms': 0.0, 'tokens_used': 0, 'was_proactive': False, 'context_relevance': 0.5, 'error_occurred': False, 'tags': [], 'metadata': {}}, user_satisfaction=None, response_quality=0.5, latency_ms=0.0, tokens_used=0, was_proactive=False, context_relevance=0.5, error_occurred=False, tags=[], metadata={}), InteractionRecord(id='fe7a5216d32f', timestamp='2026-05-27T01:08:05.725859', interaction_type={'id': 'ae1b78d90150', 'timestamp': '2026-05-27T01:08:05.725859', 'interaction_type': 'conversation', 'user_satisfaction': 0.7, 'response_quality': 0.6, 'latency_ms': 0.0, 'tokens_used': 0, 'was_proactive': False, 'context_relevance': 0.5, 'error_occurred': False, 'tags': [], 'metadata': {}}, user_satisfaction=None, response_quality=0.5, latency_ms=0.0, tokens_used=0, was_proactive=False, context_relevance=0.5, error_occurred=False, tags=[], metadata={}), InteractionRecord(id='c343f21fab5b', timestamp='2026-05-27T01:08:05.728048', interaction_type={'id': '6a645ac36f3b', 'timestamp': '2026-05-27T01:08:05.728048', 'interaction_type': 'conversation', 'user_satisfaction': 0.7, 'response_quality': 0.6, 'latency_ms': 0.0, 'tokens_used': 0, 'was_proactive': False, 'context_relevance': 0.5, 'error_occurred': False, 'tags': [], 'metadata': {}}, user_satisfaction=None, response_quality=0.5, latency_ms=0.0, tokens_used=0, was_proactive=False, context_relevance=0.5, error_occurred=False, tags=[], metadata={}), InteractionRecord(id='609e45e0aa77', timestamp='2026-05-27T01:08:05.730058', interaction_type={'id': '8e852efe0470', 'timestamp': '2026-05-27T01:08:05.730058', 'interaction_type': 'conversation', 'user_satisfaction': 0.7, 'response_quality': 0.6, 'latency_ms': 0.0, 'tokens_used': 0, 'was_proactive': False, 'context_relevance': 0.5, 'error_occurred': False, 'tags': [], 'metadata': {}}, user_satisfaction=None, response_quality=0.5, latency_ms=0.0, tokens_used=0, was_proactive=False, context_relevance=0.5, error_occurred=False, tags=[], metadata={}), InteractionRecord(id='49befcaf6d40', timestamp='2026-05-27T01:08:05.733056', interaction_type={'id': 'dedc21d39d44', 'timestamp': '2026-05-27T01:08:05.733056', 'interaction_type': 'conversation', 'user_satisfaction': 0.7, 'response_quality': 0.6, 'latency_ms': 0.0, 'tokens_used': 0, 'was_proactive': False, 'context_relevance': 0.5, 'error_occurred': False, 'tags': [], 'metadata': {}}, user_satisfaction=None, response_quality=0.5, latency_ms=0.0, tokens_used=0, was_proactive=False, context_relevance=0.5, error_occurred=False, tags=[], metadata={}), InteractionRecord(id='ca369a5e2ad8', timestamp='2026-05-27T01:08:05.735054', interaction_type={'id': '022896fcc827', 'timestamp': '2026-05-27T01:08:05.735054', 'interaction_type': 'conversation', 'user_satisfaction': 0.7, 'response_quality': 0.6, 'latency_ms': 0.0, 'tokens_used': 0, 'was_proactive': False, 'context_relevance': 0.5, 'error_occurred': False, 'tags': [], 'metadata': {}}, user_satisfaction=None, response_quality=0.5, latency_ms=0.0, tokens_used=0, was_proactive=False, context_relevance=0.5, error_occurred=False, tags=[], metadata={}), InteractionRecord(id='5442f966d1f5', timestamp='2026-05-27T01:08:05.738564', interaction_type={'id': 'c4dcd936c9f3', 'timestamp': '2026-05-27T01:08:05.738564', 'interaction_type': 'conversation', 'user_satisfaction': 0.7, 'response_quality': 0.6, 'latency_ms': 0.0, 'tokens_used': 0, 'was_proactive': False, 'context_relevance': 0.5, 'error_occurred': False, 'tags': [], 'metadata': {}}, user_satisfaction=None, response_quality=0.5, latency_ms=0.0, tokens_used=0, was_proactive=False, context_relevance=0.5, error_occurred=False, tags=[], metadata={}), InteractionRecord(id='8bb2edfa241c', timestamp='2026-05-27T01:08:05.740564', interaction_type={'id': '1c799487bd76', 'timestamp': '2026-05-27T01:08:05.740564', 'interaction_type': 'conversation', 'user_satisfaction': 0.7, 'response_quality': 0.6, 'latency_ms': 0.0, 'tokens_used': 0, 'was_proactive': False, 'context_relevance': 0.5, 'error_occurred': False, 'tags': [], 'metadata': {}}, user_satisfaction=None, response_quality=0.5, latency_ms=0.0, tokens_used=0, was_proactive=False, context_relevance=0.5, error_occurred=False, tags=[], metadata={}), InteractionRecord(id='8f8860b74745', timestamp='2026-05-27T01:08:05.741565', interaction_type={'id': 'c860daedcd6e', 'timestamp': '2026-05-27T01:08:05.741565', 'interaction_type': 'conversation', 'user_satisfaction': 0.7, 'response_quality': 0.6, 'latency_ms': 0.0, 'tokens_used': 0, 'was_proactive': False, 'context_relevance': 0.5, 'error_occurred': False, 'tags': [], 'metadata': {}}, user_satisfaction=None, response_quality=0.5, latency_ms=0.0, tokens_used=0, was_proactive=False, context_relevance=0.5, error_occurred=False, tags=[], metadata={}), InteractionRecord(id='5b5e9d4ee310', timestamp='2026-05-27T01:08:05.745369', interaction_type={'id': 'fe3227220a34', 'timestamp': '2026-05-27T01:08:05.745369', 'interaction_type': 'conversation', 'user_satisfaction': 0.7, 'response_quality': 0.6, 'latency_ms': 0.0, 'tokens_used': 0, 'was_proactive': False, 'context_relevance': 0.5, 'error_occurred': False, 'tags': [], 'metadata': {}}, user_satisfaction=None, response_quality=0.5, latency_ms=0.0, tokens_used=0, was_proactive=False, context_relevance=0.5, error_occurred=False, tags=[], metadata={}), InteractionRecord(id='b890994dbe51', timestamp='2026-05-27T01:08:05.747369', interaction_type={'id': 'fd0c7b7febd2', 'timestamp': '2026-05-27T01:08:05.747369', 'interaction_type': 'conversation', 'user_satisfaction': 0.7, 'response_quality': 0.6, 'latency_ms': 0.0, 'tokens_used': 0, 'was_proactive': False, 'context_relevance': 0.5, 'error_occurred': False, 'tags': [], 'metadata': {}}, user_satisfaction=None, response_quality=0.5, latency_ms=0.0, tokens_used=0, was_proactive=False, context_relevance=0.5, error_occurred=False, tags=[], metadata={}), InteractionRecord(id='776bfc249de1', timestamp='2026-05-27T01:08:05.749369', interaction_type={'id': '6c992eeefb33', 'timestamp': '2026-05-27T01:08:05.749369', 'interaction_type': 'conversation', 'user_satisfaction': 0.7, 'response_quality': 0.6, 'latency_ms': 0.0, 'tokens_used': 0, 'was_proactive': False, 'context_relevance': 0.5, 'error_occurred': False, 'tags': [], 'metadata': {}}, user_satisfaction=None, response_quality=0.5, latency_ms=0.0, tokens_used=0, was_proactive=False, context_relevance=0.5, error_occurred=False, tags=[], metadata={}), InteractionRecord(id='932bcf3196c2', timestamp='2026-05-27T01:08:05.752374', interaction_type={'id': '1921a3e39d17', 'timestamp': '2026-05-27T01:08:05.752374', 'interaction_type': 'conversation', 'user_satisfaction': 0.7, 'response_quality': 0.6, 'latency_ms': 0.0, 'tokens_used': 0, 'was_proactive': False, 'context_relevance': 0.5, 'error_occurred': False, 'tags': [], 'metadata': {}}, user_satisfaction=None, response_quality=0.5, latency_ms=0.0, tokens_used=0, was_proactive=False, context_relevance=0.5, error_occurred=False, tags=[], metadata={}), InteractionRecord(id='e0c5c6ac0201', timestamp='2026-05-27T01:08:05.755376', interaction_type={'id': '845287ec99e7', 'timestamp': '2026-05-27T01:08:05.755376', 'interaction_type': 'conversation', 'user_satisfaction': 0.7, 'response_quality': 0.6, 'latency_ms': 0.0, 'tokens_used': 0, 'was_proactive': False, 'context_relevance': 0.5, 'error_occurred': False, 'tags': [], 'metadata': {}}, user_satisfaction=None, response_quality=0.5, latency_ms=0.0, tokens_used=0, was_proactive=False, context_relevance=0.5, error_occurred=False, tags=[], metadata={}), InteractionRecord(id='205a81778346', timestamp='2026-05-27T01:08:05.757681', interaction_type={'id': '9f8d94ea6069', 'timestamp': '2026-05-27T01:08:05.757681', 'interaction_type': 'conversation', 'user_satisfaction': 0.7, 'response_quality': 0.6, 'latency_ms': 0.0, 'tokens_used': 0, 'was_proactive': False, 'context_relevance': 0.5, 'error_occurred': False, 'tags': [], 'metadata': {}}, user_satisfaction=None, response_quality=0.5, latency_ms=0.0, tokens_used=0, was_proactive=False, context_relevance=0.5, error_occurred=False, tags=[], metadata={}), InteractionRecord(id='e71972760c28', timestamp='2026-05-27T01:08:05.758864', interaction_type={'id': 'ae944e17c581', 'timestamp': '2026-05-27T01:08:05.758864', 'interaction_type': 'conversation', 'user_satisfaction': 0.7, 'response_quality': 0.6, 'latency_ms': 0.0, 'tokens_used': 0, 'was_proactive': False, 'context_relevance': 0.5, 'error_occurred': False, 'tags': [], 'metadata': {}}, user_satisfaction=None, response_quality=0.5, latency_ms=0.0, tokens_used=0, was_proactive=False, context_relevance=0.5, error_occurred=False, tags=[], metadata={}), InteractionRecord(id='863eec0f714d', timestamp='2026-05-27T01:08:05.762194', interaction_type={'id': 'c267f71070e1', 'timestamp': '2026-05-27T01:08:05.762194', 'interaction_type': 'conversation', 'user_satisfaction': 0.7, 'response_quality': 0.6, 'latency_ms': 0.0, 'tokens_used': 0, 'was_proactive': False, 'context_relevance': 0.5, 'error_occurred': False, 'tags': [], 'metadata': {}}, user_satisfaction=None, response_quality=0.5, latency_ms=0.0, tokens_used=0, was_proactive=False, context_relevance=0.5, error_occurred=False, tags=[], metadata={}), InteractionRecord(id='809bb11c9322', timestamp='2026-05-27T01:08:05.762194', interaction_type={'id': '510f77f59cb0', 'timestamp': '2026-05-27T01:08:05.762194', 'interaction_type': 'conversation', 'user_satisfaction': 0.7, 'response_quality': 0.6, 'latency_ms': 0.0, 'tokens_used': 0, 'was_proactive': False, 'context_relevance': 0.5, 'error_occurred': False, 'tags': [], 'metadata': {}}, user_satisfaction=None, response_quality=0.5, latency_ms=0.0, tokens_used=0, was_proactive=False, context_relevance=0.5, error_occurred=False, tags=[], metadata={}), InteractionRecord(id='226cb8015a07', timestamp='2026-05-27T01:08:05.767295', interaction_type={'id': '6e54475fc963', 'timestamp': '2026-05-27T01:08:05.767295', 'interaction_type': 'conversation', 'user_satisfaction': 0.7, 'response_quality': 0.6, 'latency_ms': 0.0, 'tokens_used': 0, 'was_proactive': False, 'context_relevance': 0.5, 'error_occurred': False, 'tags': [], 'metadata': {}}, user_satisfaction=None, response_quality=0.5, latency_ms=0.0, tokens_used=0, was_proactive=False, context_relevance=0.5, error_occurred=False, tags=[], metadata={}), InteractionRecord(id='e423a6ee7d06', timestamp='2026-05-27T01:08:05.767295', interaction_type={'id': '9e4bde36cc73', 'timestamp': '2026-05-27T01:08:05.767295', 'interaction_type': 'conversation', 'user_satisfaction': 0.7, 'response_quality': 0.6, 'latency_ms': 0.0, 'tokens_used': 0, 'was_proactive': False, 'context_relevance': 0.5, 'error_occurred': False, 'tags': [], 'metadata': {}}, user_satisfaction=None, response_quality=0.5, latency_ms=0.0, tokens_used=0, was_proactive=False, context_relevance=0.5, error_occurred=False, tags=[], metadata={}), InteractionRecord(id='aa30b4225b64', timestamp='2026-05-27T01:08:05.767295', interaction_type={'id': 'f72750824659', 'timestamp': '2026-05-27T01:08:05.767295', 'interaction_type': 'conversation', 'user_satisfaction': 0.7, 'response_quality': 0.6, 'latency_ms': 0.0, 'tokens_used': 0, 'was_proactive': False, 'context_relevance': 0.5, 'error_occurred': False, 'tags': [], 'metadata': {}}, user_satisfaction=None, response_quality=0.5, latency_ms=0.0, tokens_used=0, was_proactive=False, context_relevance=0.5, error_occurred=False, tags=[], metadata={}), InteractionRecord(id='a6424d62cb13', timestamp='2026-05-27T01:08:05.767295', interaction_type={'id': '44f24a4cb5c0', 'timestamp': '2026-05-27T01:08:05.767295', 'interaction_type': 'conversation', 'user_satisfaction': 0.7, 'response_quality': 0.6, 'latency_ms': 0.0, 'tokens_used': 0, 'was_proactive': False, 'context_relevance': 0.5, 'error_occurred': False, 'tags': [], 'metadata': {}}, user_satisfaction=None, response_quality=0.5, latency_ms=0.0, tokens_used=0, was_proactive=False, context_relevance=0.5, error_occurred=False, tags=[], metadata={}), InteractionRecord(id='e09c7f385a9d', timestamp='2026-05-27T01:08:05.777881', interaction_type={'id': 'fa37337d17d0', 'timestamp': '2026-05-27T01:08:05.777881', 'interaction_type': 'conversation', 'user_satisfaction': 0.7, 'response_quality': 0.6, 'latency_ms': 0.0, 'tokens_used': 0, 'was_proactive': False, 'context_relevance': 0.5, 'error_occurred': False, 'tags': [], 'metadata': {}}, user_satisfaction=None, response_quality=0.5, latency_ms=0.0, tokens_used=0, was_proactive=False, context_relevance=0.5, error_occurred=False, tags=[], metadata={}), InteractionRecord(id='f67368525e10', timestamp='2026-05-27T01:08:05.777881', interaction_type={'id': '39ef78f89da1', 'timestamp': '2026-05-27T01:08:05.777881', 'interaction_type': 'conversation', 'user_satisfaction': 0.7, 'response_quality': 0.6, 'latency_ms': 0.0, 'tokens_used': 0, 'was_proactive': False, 'context_relevance': 0.5, 'error_occurred': False, 'tags': [], 'metadata': {}}, user_satisfaction=None, response_quality=0.5, latency_ms=0.0, tokens_used=0, was_proactive=False, context_relevance=0.5, error_occurred=False, tags=[], metadata={}), InteractionRecord(id='f3670a9c4ef2', timestamp='2026-05-27T01:08:05.777881', interaction_type={'id': '634fc0d85cf8', 'timestamp': '2026-05-27T01:08:05.777881', 'interaction_type': 'conversation', 'user_satisfaction': 0.7, 'response_quality': 0.6, 'latency_ms': 0.0, 'tokens_used': 0, 'was_proactive': False, 'context_relevance': 0.5, 'error_occurred': False, 'tags': [], 'metadata': {}}, user_satisfaction=None, response_quality=0.5, latency_ms=0.0, tokens_used=0, was_proactive=False, context_relevance=0.5, error_occurred=False, tags=[], metadata={}), InteractionRecord(id='f39ffcb9f7f4', timestamp='2026-05-27T01:08:05.777881', interaction_type={'id': '170c42416971', 'timestamp': '2026-05-27T01:08:05.777881', 'interaction_type': 'conversation', 'user_satisfaction': 0.7, 'response_quality': 0.6, 'latency_ms': 0.0, 'tokens_used': 0, 'was_proactive': False, 'context_relevance': 0.5, 'error_occurred': False, 'tags': [], 'metadata': {}}, user_satisfaction=None, response_quality=0.5, latency_ms=0.0, tokens_used=0, was_proactive=False, context_relevance=0.5, error_occurred=False, tags=[], metadata={}), InteractionRecord(id='186a8f53efb5', timestamp='2026-05-27T01:08:05.787956', interaction_type={'id': '914a302b1e90', 'timestamp': '2026-05-27T01:08:05.787956', 'interaction_type': 'conversation', 'user_satisfaction': 0.7, 'response_quality': 0.6, 'latency_ms': 0.0, 'tokens_used': 0, 'was_proactive': False, 'context_relevance': 0.5, 'error_occurred': False, 'tags': [], 'metadata': {}}, user_satisfaction=None, response_quality=0.5, latency_ms=0.0, tokens_used=0, was_proactive=False, context_relevance=0.5, error_occurred=False, tags=[], metadata={}), InteractionRecord(id='24e1d2c111a9', timestamp='2026-05-27T01:08:05.787956', interaction_type={'id': '3944bb7de7a0', 'timestamp': '2026-05-27T01:08:05.787956', 'interaction_type': 'conversation', 'user_satisfaction': 0.7, 'response_quality': 0.6, 'latency_ms': 0.0, 'tokens_used': 0, 'was_proactive': False, 'context_relevance': 0.5, 'error_occurred': False, 'tags': [], 'metadata': {}}, user_satisfaction=None, response_quality=0.5, latency_ms=0.0, tokens_used=0, was_proactive=False, context_relevance=0.5, error_occurred=False, tags=[], metadata={}), InteractionRecord(id='6b7d02505158', timestamp='2026-05-27T01:08:05.793979', interaction_type={'id': '15b0fab64e3f', 'timestamp': '2026-05-27T01:08:05.793979', 'interaction_type': 'conversation', 'user_satisfaction': 0.7, 'response_quality': 0.6, 'latency_ms': 0.0, 'tokens_used': 0, 'was_proactive': False, 'context_relevance': 0.5, 'error_occurred': False, 'tags': [], 'metadata': {}}, user_satisfaction=None, response_quality=0.5, latency_ms=0.0, tokens_used=0, was_proactive=False, context_relevance=0.5, error_occurred=False, tags=[], metadata={}), InteractionRecord(id='7e274348413f', timestamp='2026-05-27T01:08:05.793979', interaction_type={'id': '9c30487bdda1', 'timestamp': '2026-05-27T01:08:05.793979', 'interaction_type': 'conversation', 'user_satisfaction': 0.7, 'response_quality': 0.6, 'latency_ms': 0.0, 'tokens_used': 0, 'was_proactive': False, 'context_relevance': 0.5, 'error_occurred': False, 'tags': [], 'metadata': {}}, user_satisfaction=None, response_quality=0.5, latency_ms=0.0, tokens_used=0, was_proactive=False, context_relevance=0.5, error_occurred=False, tags=[], metadata={}), InteractionRecord(id='7d4109045e52', timestamp='2026-05-27T01:08:05.801466', interaction_type={'id': 'ceea58ae41f7', 'timestamp': '2026-05-27T01:08:05.801466', 'interaction_type': 'conversation', 'user_satisfaction': 0.7, 'response_quality': 0.6, 'latency_ms': 0.0, 'tokens_used': 0, 'was_proactive': False, 'context_relevance': 0.5, 'error_occurred': False, 'tags': [], 'metadata': {}}, user_satisfaction=None, response_quality=0.5, latency_ms=0.0, tokens_used=0, was_proactive=False, context_relevance=0.5, error_occurred=False, tags=[], metadata={}), InteractionRecord(id='fedcf8ba6ba3', timestamp='2026-05-27T01:08:05.801466', interaction_type={'id': 'd5251ca5e541', 'timestamp': '2026-05-27T01:08:05.801466', 'interaction_type': 'conversation', 'user_satisfaction': 0.7, 'response_quality': 0.6, 'latency_ms': 0.0, 'tokens_used': 0, 'was_proactive': False, 'context_relevance': 0.5, 'error_occurred': False, 'tags': [], 'metadata': {}}, user_satisfaction=None, response_quality=0.5, latency_ms=0.0, tokens_used=0, was_proactive=False, context_relevance=0.5, error_occurred=False, tags=[], metadata={}), InteractionRecord(id='3f45d4f4bce1', timestamp='2026-05-27T01:08:05.801466', interaction_type={'id': 'b1519b0c84f5', 'timestamp': '2026-05-27T01:08:05.801466', 'interaction_type': 'conversation', 'user_satisfaction': 0.7, 'response_quality': 0.6, 'latency_ms': 0.0, 'tokens_used': 0, 'was_proactive': False, 'context_relevance': 0.5, 'error_occurred': False, 'tags': [], 'metadata': {}}, user_satisfaction=None, response_quality=0.5, latency_ms=0.0, tokens_used=0, was_proactive=False, context_relevance=0.5, error_occurred=False, tags=[], metadata={}), InteractionRecord(id='542a2ac35232', timestamp='2026-05-27T01:08:05.809986', interaction_type={'id': 'a6e614e3f061', 'timestamp': '2026-05-27T01:08:05.809986', 'interaction_type': 'conversation', 'user_satisfaction': 0.7, 'response_quality': 0.6, 'latency_ms': 0.0, 'tokens_used': 0, 'was_proactive': False, 'context_relevance': 0.5, 'error_occurred': False, 'tags': [], 'metadata': {}}, user_satisfaction=None, response_quality=0.5, latency_ms=0.0, tokens_used=0, was_proactive=False, context_relevance=0.5, error_occurred=False, tags=[], metadata={}), InteractionRecord(id='566d4c836587', timestamp='2026-05-27T01:08:05.809986', interaction_type={'id': 'f980d8a33d65', 'timestamp': '2026-05-27T01:08:05.809986', 'interaction_type': 'conversation', 'user_satisfaction': 0.7, 'response_quality': 0.6, 'latency_ms': 0.0, 'tokens_used': 0, 'was_proactive': False, 'context_relevance': 0.5, 'error_occurred': False, 'tags': [], 'metadata': {}}, user_satisfaction=None, response_quality=0.5, latency_ms=0.0, tokens_used=0, was_proactive=False, context_relevance=0.5, error_occurred=False, tags=[], metadata={}), InteractionRecord(id='62327ffbc69e', timestamp='2026-05-27T01:08:05.816542', interaction_type={'id': 'cf0bd5426235', 'timestamp': '2026-05-27T01:08:05.816542', 'interaction_type': 'conversation', 'user_satisfaction': 0.7, 'response_quality': 0.6, 'latency_ms': 0.0, 'tokens_used': 0, 'was_proactive': False, 'context_relevance': 0.5, 'error_occurred': False, 'tags': [], 'metadata': {}}, user_satisfaction=None, response_quality=0.5, latency_ms=0.0, tokens_used=0, was_proactive=False, context_relevance=0.5, error_occurred=False, tags=[], metadata={}), InteractionRecord(id='4ac70cca0142', timestamp='2026-05-27T01:08:05.816542', interaction_type={'id': '2cfc069b9f61', 'timestamp': '2026-05-27T01:08:05.816542', 'interaction_type': 'conversation', 'user_satisfaction': 0.7, 'response_quality': 0.6, 'latency_ms': 0.0, 'tokens_used': 0, 'was_proactive': False, 'context_relevance': 0.5, 'error_occurred': False, 'tags': [], 'metadata': {}}, user_satisfaction=None, response_quality=0.5, latency_ms=0.0, tokens_used=0, was_proactive=False, context_relevance=0.5, error_occurred=False, tags=[], metadata={}), InteractionRecord(id='93529a564c73', timestamp='2026-05-27T01:08:05.816542', interaction_type={'id': '16c3b1445aa5', 'timestamp': '2026-05-27T01:08:05.816542', 'interaction_type': 'conversation', 'user_satisfaction': 0.7, 'response_quality': 0.6, 'latency_ms': 0.0, 'tokens_used': 0, 'was_proactive': False, 'context_relevance': 0.5, 'error_occurred': False, 'tags': [], 'metadata': {}}, user_satisfaction=None, response_quality=0.5, latency_ms=0.0, tokens_used=0, was_proactive=False, context_relevance=0.5, error_occurred=False, tags=[], metadata={}), InteractionRecord(id='2ce1c423e166', timestamp='2026-05-27T01:08:05.816542', interaction_type={'id': '4322a0b1ecc1', 'timestamp': '2026-05-27T01:08:05.816542', 'interaction_type': 'conversation', 'user_satisfaction': 0.7, 'response_quality': 0.6, 'latency_ms': 0.0, 'tokens_used': 0, 'was_proactive': False, 'context_relevance': 0.5, 'error_occurred': False, 'tags': [], 'metadata': {}}, user_satisfaction=None, response_quality=0.5, latency_ms=0.0, tokens_used=0, was_proactive=False, context_relevance=0.5, error_occurred=False, tags=[], metadata={}), InteractionRecord(id='b4efc4419542', timestamp='2026-05-27T01:08:05.827486', interaction_type={'id': '0f8edfbdf38d', 'timestamp': '2026-05-27T01:08:05.827486', 'interaction_type': 'conversation', 'user_satisfaction': 0.7, 'response_quality': 0.6, 'latency_ms': 0.0, 'tokens_used': 0, 'was_proactive': False, 'context_relevance': 0.5, 'error_occurred': False, 'tags': [], 'metadata': {}}, user_satisfaction=None, response_quality=0.5, latency_ms=0.0, tokens_used=0, was_proactive=False, context_relevance=0.5, error_occurred=False, tags=[], metadata={}), InteractionRecord(id='978baba2132f', timestamp='2026-05-27T01:08:05.827486', interaction_type={'id': 'b8e0de9741fb', 'timestamp': '2026-05-27T01:08:05.827486', 'interaction_type': 'conversation', 'user_satisfaction': 0.7, 'response_quality': 0.6, 'latency_ms': 0.0, 'tokens_used': 0, 'was_proactive': False, 'context_relevance': 0.5, 'error_occurred': False, 'tags': [], 'metadata': {}}, user_satisfaction=None, response_quality=0.5, latency_ms=0.0, tokens_used=0, was_proactive=False, context_relevance=0.5, error_occurred=False, tags=[], metadata={}), InteractionRecord(id='0225a4d3dcbe', timestamp='2026-05-27T01:08:05.834851', interaction_type={'id': 'dacd63531caf', 'timestamp': '2026-05-27T01:08:05.834851', 'interaction_type': 'conversation', 'user_satisfaction': 0.7, 'response_quality': 0.6, 'latency_ms': 0.0, 'tokens_used': 0, 'was_proactive': False, 'context_relevance': 0.5, 'error_occurred': False, 'tags': [], 'metadata': {}}, user_satisfaction=None, response_quality=0.5, latency_ms=0.0, tokens_used=0, was_proactive=False, context_relevance=0.5, error_occurred=False, tags=[], metadata={}), InteractionRecord(id='b366f097a6eb', timestamp='2026-05-27T01:08:05.838375', interaction_type={'id': '1ce0aa76745b', 'timestamp': '2026-05-27T01:08:05.838375', 'interaction_type': 'conversation', 'user_satisfaction': 0.7, 'response_quality': 0.6, 'latency_ms': 0.0, 'tokens_used': 0, 'was_proactive': False, 'context_relevance': 0.5, 'error_occurred': False, 'tags': [], 'metadata': {}}, user_satisfaction=None, response_quality=0.5, latency_ms=0.0, tokens_used=0, was_proactive=False, context_relevance=0.5, error_occurred=False, tags=[], metadata={}), InteractionRecord(id='1de2ce6e8ca5', timestamp='2026-05-27T01:08:05.838375', interaction_type={'id': 'd55f5b4efd97', 'timestamp': '2026-05-27T01:08:05.838375', 'interaction_type': 'conversation', 'user_satisfaction': 0.7, 'response_quality': 0.6, 'latency_ms': 0.0, 'tokens_used': 0, 'was_proactive': False, 'context_relevance': 0.5, 'error_occurred': False, 'tags': [], 'metadata': {}}, user_satisfaction=None, response_quality=0.5, latency_ms=0.0, tokens_used=0, was_proactive=False, context_relevance=0.5, error_occurred=False, tags=[], metadata={}), InteractionRecord(id='128cd2ef29a2', timestamp='2026-05-27T01:55:29.115062', interaction_type='conversation', user_satisfaction=1.0, response_quality=0.5, latency_ms=0.0, tokens_used=0, was_proactive=False, context_relevance=0.5, error_occurred=False, tags=[], metadata={}), InteractionRecord(id='f0df2a9e16b9', timestamp='2026-05-27T01:55:29.187742', interaction_type='conversation', user_satisfaction=-0.7, response_quality=0.5, latency_ms=0.0, tokens_used=0, was_proactive=False, context_relevance=0.5, error_occurred=False, tags=[], metadata={}), InteractionRecord(id='ceba479a209d', timestamp='2026-05-27T01:56:51.318195', interaction_type='conversation', user_satisfaction=1.0, response_quality=0.5, latency_ms=0.0, tokens_used=0, was_proactive=False, context_relevance=0.5, error_occurred=False, tags=[], metadata={}), InteractionRecord(id='d70408f92f8f', timestamp='2026-05-27T01:56:51.357519', interaction_type='conversation', user_satisfaction=-0.7, response_quality=0.5, latency_ms=0.0, tokens_used=0, was_proactive=False, context_relevance=0.5, error_occurred=False, tags=[], metadata={}), InteractionRecord(id='04bef9c01cd2', timestamp='2026-05-27T09:10:45.546336', interaction_type="InteractionRecord(id='6ef4f6a0c7f6', timestamp='2026-05-27T09:10:45.546336', interaction_type='conversation', user_satisfaction=0.8, response_quality=0.7, latency_ms=500, tokens_used=0, was_proactive=False, context_relevance=0.5, error_occurred=False, tags=[], metadata={})", user_satisfaction=None, response_quality=0.5, latency_ms=0.0, tokens_used=0, was_proactive=False, context_relevance=0.5, error_occurred=False, tags=[], metadata={}), InteractionRecord(id='cfeed52ac79d', timestamp='2026-05-27T09:10:45.646274', interaction_type="InteractionRecord(id='004c5b3341dc', timestamp='2026-05-27T09:10:45.646274', interaction_type='conversation', user_satisfaction=0.7, response_quality=0.6, latency_ms=400, tokens_used=0, was_proactive=False, context_relevance=0.5, error_occurred=False, tags=[], metadata={})", user_satisfaction=None, response_quality=0.5, latency_ms=0.0, tokens_used=0, was_proactive=False, context_relevance=0.5, error_occurred=False, tags=[], metadata={}), InteractionRecord(id='2d0376b2d8d6', timestamp='2026-05-27T09:10:45.646274', interaction_type="InteractionRecord(id='b8f8d8dcda8a', timestamp='2026-05-27T09:10:45.646274', interaction_type='conversation', user_satisfaction=0.7999999999999999, response_quality=0.8, latency_ms=450, tokens_used=0, was_proactive=False, context_relevance=0.5, error_occurred=False, tags=[], metadata={})", user_satisfaction=None, response_quality=0.5, latency_ms=0.0, tokens_used=0, was_proactive=False, context_relevance=0.5, error_occurred=False, tags=[], metadata={}), InteractionRecord(id='51eba0386522', timestamp='2026-05-27T09:10:45.646274', interaction_type="InteractionRecord(id='11642981b673', timestamp='2026-05-27T09:10:45.646274', interaction_type='conversation', user_satisfaction=0.8999999999999999, response_quality=0.6, latency_ms=500, tokens_used=0, was_proactive=False, context_relevance=0.5, error_occurred=False, tags=[], metadata={})", user_satisfaction=None, response_quality=0.5, latency_ms=0.0, tokens_used=0, was_proactive=False, context_relevance=0.5, error_occurred=False, tags=[], metadata={}), InteractionRecord(id='698c96e0a1a2', timestamp='2026-05-27T09:10:45.646274', interaction_type="InteractionRecord(id='ab8900a880d5', timestamp='2026-05-27T09:10:45.646274', interaction_type='conversation', user_satisfaction=0.7, response_quality=0.8, latency_ms=550, tokens_used=0, was_proactive=False, context_relevance=0.5, error_occurred=False, tags=[], metadata={})", user_satisfaction=None, response_quality=0.5, latency_ms=0.0, tokens_used=0, was_proactive=False, context_relevance=0.5, error_occurred=False, tags=[], metadata={}), InteractionRecord(id='09012ff7b26b', timestamp='2026-05-27T09:10:45.664222', interaction_type="InteractionRecord(id='31a815e3c92f', timestamp='2026-05-27T09:10:45.664222', interaction_type='conversation', user_satisfaction=0.7999999999999999, response_quality=0.6, latency_ms=600, tokens_used=0, was_proactive=False, context_relevance=0.5, error_occurred=False, tags=[], metadata={})", user_satisfaction=None, response_quality=0.5, latency_ms=0.0, tokens_used=0, was_proactive=False, context_relevance=0.5, error_occurred=False, tags=[], metadata={}), InteractionRecord(id='e43116528eb0', timestamp='2026-05-27T09:10:45.667277', interaction_type="InteractionRecord(id='1f94a661291f', timestamp='2026-05-27T09:10:45.667277', interaction_type='conversation', user_satisfaction=0.8999999999999999, response_quality=0.8, latency_ms=650, tokens_used=0, was_proactive=False, context_relevance=0.5, error_occurred=False, tags=[], metadata={})", user_satisfaction=None, response_quality=0.5, latency_ms=0.0, tokens_used=0, was_proactive=False, context_relevance=0.5, error_occurred=False, tags=[], metadata={}), InteractionRecord(id='2bb70aefdade', timestamp='2026-05-27T09:10:45.668278', interaction_type="InteractionRecord(id='92efc7b9d34e', timestamp='2026-05-27T09:10:45.668278', interaction_type='conversation', user_satisfaction=0.7, response_quality=0.6, latency_ms=700, tokens_used=0, was_proactive=False, context_relevance=0.5, error_occurred=False, tags=[], metadata={})", user_satisfaction=None, response_quality=0.5, latency_ms=0.0, tokens_used=0, was_proactive=False, context_relevance=0.5, error_occurred=False, tags=[], metadata={}), InteractionRecord(id='8eef67245321', timestamp='2026-05-27T09:10:45.668278', interaction_type="InteractionRecord(id='589d80559c25', timestamp='2026-05-27T09:10:45.668278', interaction_type='conversation', user_satisfaction=0.7999999999999999, response_quality=0.8, latency_ms=750, tokens_used=0, was_proactive=False, context_relevance=0.5, error_occurred=False, tags=[], metadata={})", user_satisfaction=None, response_quality=0.5, latency_ms=0.0, tokens_used=0, was_proactive=False, context_relevance=0.5, error_occurred=False, tags=[], metadata={}), InteractionRecord(id='8d40a7217cc8', timestamp='2026-05-27T09:10:45.668278', interaction_type="InteractionRecord(id='e7fcc520b900', timestamp='2026-05-27T09:10:45.668278', interaction_type='conversation', user_satisfaction=0.8999999999999999, response_quality=0.6, latency_ms=800, tokens_used=0, was_proactive=False, context_relevance=0.5, error_occurred=False, tags=[], metadata={})", user_satisfaction=None, response_quality=0.5, latency_ms=0.0, tokens_used=0, was_proactive=False, context_relevance=0.5, error_occurred=False, tags=[], metadata={}), InteractionRecord(id='e03aca632e2b', timestamp='2026-05-27T09:10:45.679198', interaction_type="InteractionRecord(id='4d08b10d8f77', timestamp='2026-05-27T09:10:45.679198', interaction_type='conversation', user_satisfaction=0.7, response_quality=0.8, latency_ms=850, tokens_used=0, was_proactive=False, context_relevance=0.5, error_occurred=False, tags=[], metadata={})", user_satisfaction=None, response_quality=0.5, latency_ms=0.0, tokens_used=0, was_proactive=False, context_relevance=0.5, error_occurred=False, tags=[], metadata={}), InteractionRecord(id='dd8827ae6a77', timestamp='2026-05-27T09:11:12.997869', interaction_type="InteractionRecord(id='f3cb8a4a824f', timestamp='2026-05-27T09:11:12.997869', interaction_type='conversation', user_satisfaction=0.8, response_quality=0.7, latency_ms=0.0, tokens_used=0, was_proactive=False, context_relevance=0.5, error_occurred=False, tags=[], metadata={})", user_satisfaction=None, response_quality=0.5, latency_ms=0.0, tokens_used=0, was_proactive=False, context_relevance=0.5, error_occurred=False, tags=[], metadata={}), InteractionRecord(id='c18e1b6120fa', timestamp='2026-05-27T09:11:12.997869', interaction_type="InteractionRecord(id='b56334fe61d7', timestamp='2026-05-27T09:11:12.997869', interaction_type='conversation', user_satisfaction=0.8, response_quality=0.7, latency_ms=0.0, tokens_used=0, was_proactive=False, context_relevance=0.5, error_occurred=False, tags=[], metadata={})", user_satisfaction=None, response_quality=0.5, latency_ms=0.0, tokens_used=0, was_proactive=False, context_relevance=0.5, error_occurred=False, tags=[], metadata={}), InteractionRecord(id='cfaed7df9aee', timestamp='2026-05-27T09:11:12.997869', interaction_type="InteractionRecord(id='6e17c9b9d78a', timestamp='2026-05-27T09:11:12.997869', interaction_type='conversation', user_satisfaction=0.8, response_quality=0.7, latency_ms=0.0, tokens_used=0, was_proactive=False, context_relevance=0.5, error_occurred=False, tags=[], metadata={})", user_satisfaction=None, response_quality=0.5, latency_ms=0.0, tokens_used=0, was_proactive=False, context_relevance=0.5, error_occurred=False, tags=[], metadata={}), InteractionRecord(id='2f3654c4af5a', timestamp='2026-05-27T09:11:12.997869', interaction_type="InteractionRecord(id='0f15704cc5a7', timestamp='2026-05-27T09:11:12.997869', interaction_type='conversation', user_satisfaction=0.8, response_quality=0.7, latency_ms=0.0, tokens_used=0, was_proactive=False, context_relevance=0.5, error_occurred=False, tags=[], metadata={})", user_satisfaction=None, response_quality=0.5, latency_ms=0.0, tokens_used=0, was_proactive=False, context_relevance=0.5, error_occurred=False, tags=[], metadata={}), InteractionRecord(id='645039a5522a', timestamp='2026-05-27T09:11:13.013971', interaction_type="InteractionRecord(id='178cb4c9caab', timestamp='2026-05-27T09:11:13.013971', interaction_type='conversation', user_satisfaction=0.8, response_quality=0.7, latency_ms=0.0, tokens_used=0, was_proactive=False, context_relevance=0.5, error_occurred=False, tags=[], metadata={})", user_satisfaction=None, response_quality=0.5, latency_ms=0.0, tokens_used=0, was_proactive=False, context_relevance=0.5, error_occurred=False, tags=[], metadata={}), InteractionRecord(id='c7180c536a40', timestamp='2026-05-27T09:11:13.034417', interaction_type="InteractionRecord(id='d69f3e2f0138', timestamp='2026-05-27T09:11:13.034417', interaction_type='conversation', user_satisfaction=0.7, response_quality=0.6, latency_ms=0.0, tokens_used=0, was_proactive=False, context_relevance=0.5, error_occurred=False, tags=[], metadata={})", user_satisfaction=None, response_quality=0.5, latency_ms=0.0, tokens_used=0, was_proactive=False, context_relevance=0.5, error_occurred=False, tags=[], metadata={}), InteractionRecord(id='831e84913b5d', timestamp='2026-05-27T09:11:13.038416', interaction_type="InteractionRecord(id='c1a9329f88af', timestamp='2026-05-27T09:11:13.038416', interaction_type='conversation', user_satisfaction=0.7, response_quality=0.6, latency_ms=0.0, tokens_used=0, was_proactive=False, context_relevance=0.5, error_occurred=False, tags=[], metadata={})", user_satisfaction=None, response_quality=0.5, latency_ms=0.0, tokens_used=0, was_proactive=False, context_relevance=0.5, error_occurred=False, tags=[], metadata={}), InteractionRecord(id='8402968d88fc', timestamp='2026-05-27T09:11:13.038416', interaction_type="InteractionRecord(id='ef9c013e10a9', timestamp='2026-05-27T09:11:13.038416', interaction_type='conversation', user_satisfaction=0.7, response_quality=0.6, latency_ms=0.0, tokens_used=0, was_proactive=False, context_relevance=0.5, error_occurred=False, tags=[], metadata={})", user_satisfaction=None, response_quality=0.5, latency_ms=0.0, tokens_used=0, was_proactive=False, context_relevance=0.5, error_occurred=False, tags=[], metadata={}), InteractionRecord(id='4151856d3c84', timestamp='2026-05-27T09:11:13.038416', interaction_type="InteractionRecord(id='46b625b25e27', timestamp='2026-05-27T09:11:13.038416', interaction_type='conversation', user_satisfaction=0.7, response_quality=0.6, latency_ms=0.0, tokens_used=0, was_proactive=False, context_relevance=0.5, error_occurred=False, tags=[], metadata={})", user_satisfaction=None, response_quality=0.5, latency_ms=0.0, tokens_used=0, was_proactive=False, context_relevance=0.5, error_occurred=False, tags=[], metadata={}), InteractionRecord(id='1823f7aecaed', timestamp='2026-05-27T09:11:13.048165', interaction_type="InteractionRecord(id='9232867121c4', timestamp='2026-05-27T09:11:13.048165', interaction_type='conversation', user_satisfaction=0.7, response_quality=0.6, latency_ms=0.0, tokens_used=0, was_proactive=False, context_relevance=0.5, error_occurred=False, tags=[], metadata={})", user_satisfaction=None, response_quality=0.5, latency_ms=0.0, tokens_used=0, was_proactive=False, context_relevance=0.5, error_occurred=False, tags=[], metadata={}), InteractionRecord(id='bec235a1b2aa', timestamp='2026-05-27T09:11:13.052991', interaction_type="InteractionRecord(id='58893ffbb99b', timestamp='2026-05-27T09:11:13.052991', interaction_type='conversation', user_satisfaction=0.7, response_quality=0.6, latency_ms=0.0, tokens_used=0, was_proactive=False, context_relevance=0.5, error_occurred=False, tags=[], metadata={})", user_satisfaction=None, response_quality=0.5, latency_ms=0.0, tokens_used=0, was_proactive=False, context_relevance=0.5, error_occurred=False, tags=[], metadata={}), InteractionRecord(id='696687b92ca5', timestamp='2026-05-27T09:11:13.114780', interaction_type="InteractionRecord(id='1887bdec3eef', timestamp='2026-05-27T09:11:13.114780', interaction_type='conversation', user_satisfaction=0.7, response_quality=0.6, latency_ms=0.0, tokens_used=0, was_proactive=False, context_relevance=0.5, error_occurred=False, tags=[], metadata={})", user_satisfaction=None, response_quality=0.5, latency_ms=0.0, tokens_used=0, was_proactive=False, context_relevance=0.5, error_occurred=False, tags=[], metadata={}), InteractionRecord(id='793565955edb', timestamp='2026-05-27T09:11:13.114780', interaction_type="InteractionRecord(id='21fe48d65516', timestamp='2026-05-27T09:11:13.114780', interaction_type='conversation', user_satisfaction=0.7, response_quality=0.6, latency_ms=0.0, tokens_used=0, was_proactive=False, context_relevance=0.5, error_occurred=False, tags=[], metadata={})", user_satisfaction=None, response_quality=0.5, latency_ms=0.0, tokens_used=0, was_proactive=False, context_relevance=0.5, error_occurred=False, tags=[], metadata={}), InteractionRecord(id='78e6d1d3b7f9', timestamp='2026-05-27T09:11:13.114780', interaction_type="InteractionRecord(id='c080a48931b9', timestamp='2026-05-27T09:11:13.114780', interaction_type='conversation', user_satisfaction=0.7, response_quality=0.6, latency_ms=0.0, tokens_used=0, was_proactive=False, context_relevance=0.5, error_occurred=False, tags=[], metadata={})", user_satisfaction=None, response_quality=0.5, latency_ms=0.0, tokens_used=0, was_proactive=False, context_relevance=0.5, error_occurred=False, tags=[], metadata={}), InteractionRecord(id='ff16ffd3ac04', timestamp='2026-05-27T09:11:13.114780', interaction_type="InteractionRecord(id='808aa61f33ad', timestamp='2026-05-27T09:11:13.114780', interaction_type='conversation', user_satisfaction=0.7, response_quality=0.6, latency_ms=0.0, tokens_used=0, was_proactive=False, context_relevance=0.5, error_occurred=False, tags=[], metadata={})", user_satisfaction=None, response_quality=0.5, latency_ms=0.0, tokens_used=0, was_proactive=False, context_relevance=0.5, error_occurred=False, tags=[], metadata={}), InteractionRecord(id='5c54ec77ef48', timestamp='2026-05-27T09:11:13.131507', interaction_type="InteractionRecord(id='9ba293584d33', timestamp='2026-05-27T09:11:13.131507', interaction_type='conversation', user_satisfaction=0.7, response_quality=0.6, latency_ms=0.0, tokens_used=0, was_proactive=False, context_relevance=0.5, error_occurred=False, tags=[], metadata={})", user_satisfaction=None, response_quality=0.5, latency_ms=0.0, tokens_used=0, was_proactive=False, context_relevance=0.5, error_occurred=False, tags=[], metadata={}), InteractionRecord(id='b630354552c3', timestamp='2026-05-27T09:11:13.131507', interaction_type="InteractionRecord(id='a4f4c51b5112', timestamp='2026-05-27T09:11:13.131507', interaction_type='conversation', user_satisfaction=0.7, response_quality=0.6, latency_ms=0.0, tokens_used=0, was_proactive=False, context_relevance=0.5, error_occurred=False, tags=[], metadata={})", user_satisfaction=None, response_quality=0.5, latency_ms=0.0, tokens_used=0, was_proactive=False, context_relevance=0.5, error_occurred=False, tags=[], metadata={}), InteractionRecord(id='a8fcd3892cb7', timestamp='2026-05-27T09:11:13.131507', interaction_type="InteractionRecord(id='d5022616bc27', timestamp='2026-05-27T09:11:13.131507', interaction_type='conversation', user_satisfaction=0.7, response_quality=0.6, latency_ms=0.0, tokens_used=0, was_proactive=False, context_relevance=0.5, error_occurred=False, tags=[], metadata={})", user_satisfaction=None, response_quality=0.5, latency_ms=0.0, tokens_used=0, was_proactive=False, context_relevance=0.5, error_occurred=False, tags=[], metadata={}), InteractionRecord(id='ab29265779b5', timestamp='2026-05-27T09:11:13.131507', interaction_type="InteractionRecord(id='bf16f3345710', timestamp='2026-05-27T09:11:13.131507', interaction_type='conversation', user_satisfaction=0.7, response_quality=0.6, latency_ms=0.0, tokens_used=0, was_proactive=False, context_relevance=0.5, error_occurred=False, tags=[], metadata={})", user_satisfaction=None, response_quality=0.5, latency_ms=0.0, tokens_used=0, was_proactive=False, context_relevance=0.5, error_occurred=False, tags=[], metadata={}), InteractionRecord(id='6bf11a0d9e9b', timestamp='2026-05-27T09:11:13.131507', interaction_type="InteractionRecord(id='52daeb6fc83b', timestamp='2026-05-27T09:11:13.131507', interaction_type='conversation', user_satisfaction=0.7, response_quality=0.6, latency_ms=0.0, tokens_used=0, was_proactive=False, context_relevance=0.5, error_occurred=False, tags=[], metadata={})", user_satisfaction=None, response_quality=0.5, latency_ms=0.0, tokens_used=0, was_proactive=False, context_relevance=0.5, error_occurred=False, tags=[], metadata={}), InteractionRecord(id='51de4fb89ebd', timestamp='2026-05-27T09:11:13.148081', interaction_type="InteractionRecord(id='f639d70ec7ba', timestamp='2026-05-27T09:11:13.148081', interaction_type='conversation', user_satisfaction=0.7, response_quality=0.6, latency_ms=0.0, tokens_used=0, was_proactive=False, context_relevance=0.5, error_occurred=False, tags=[], metadata={})", user_satisfaction=None, response_quality=0.5, latency_ms=0.0, tokens_used=0, was_proactive=False, context_relevance=0.5, error_occurred=False, tags=[], metadata={}), InteractionRecord(id='f5f62e7a450f', timestamp='2026-05-27T09:11:13.151238', interaction_type="InteractionRecord(id='7b50de47a850', timestamp='2026-05-27T09:11:13.151238', interaction_type='conversation', user_satisfaction=0.7, response_quality=0.6, latency_ms=0.0, tokens_used=0, was_proactive=False, context_relevance=0.5, error_occurred=False, tags=[], metadata={})", user_satisfaction=None, response_quality=0.5, latency_ms=0.0, tokens_used=0, was_proactive=False, context_relevance=0.5, error_occurred=False, tags=[], metadata={}), InteractionRecord(id='be179a3f47ee', timestamp='2026-05-27T09:11:13.151238', interaction_type="InteractionRecord(id='55a4c0c89797', timestamp='2026-05-27T09:11:13.151238', interaction_type='conversation', user_satisfaction=0.7, response_quality=0.6, latency_ms=0.0, tokens_used=0, was_proactive=False, context_relevance=0.5, error_occurred=False, tags=[], metadata={})", user_satisfaction=None, response_quality=0.5, latency_ms=0.0, tokens_used=0, was_proactive=False, context_relevance=0.5, error_occurred=False, tags=[], metadata={}), InteractionRecord(id='cde10e9f7424', timestamp='2026-05-27T09:11:13.151238', interaction_type="InteractionRecord(id='2b42c3d07f95', timestamp='2026-05-27T09:11:13.151238', interaction_type='conversation', user_satisfaction=0.7, response_quality=0.6, latency_ms=0.0, tokens_used=0, was_proactive=False, context_relevance=0.5, error_occurred=False, tags=[], metadata={})", user_satisfaction=None, response_quality=0.5, latency_ms=0.0, tokens_used=0, was_proactive=False, context_relevance=0.5, error_occurred=False, tags=[], metadata={}), InteractionRecord(id='54a1125caa5e', timestamp='2026-05-27T09:11:13.165214', interaction_type="InteractionRecord(id='bf1e178bdebb', timestamp='2026-05-27T09:11:13.165214', interaction_type='conversation', user_satisfaction=0.7, response_quality=0.6, latency_ms=0.0, tokens_used=0, was_proactive=False, context_relevance=0.5, error_occurred=False, tags=[], metadata={})", user_satisfaction=None, response_quality=0.5, latency_ms=0.0, tokens_used=0, was_proactive=False, context_relevance=0.5, error_occurred=False, tags=[], metadata={}), InteractionRecord(id='9b66518e8300', timestamp='2026-05-27T09:11:13.165214', interaction_type="InteractionRecord(id='b45bd9e1dae7', timestamp='2026-05-27T09:11:13.165214', interaction_type='conversation', user_satisfaction=0.7, response_quality=0.6, latency_ms=0.0, tokens_used=0, was_proactive=False, context_relevance=0.5, error_occurred=False, tags=[], metadata={})", user_satisfaction=None, response_quality=0.5, latency_ms=0.0, tokens_used=0, was_proactive=False, context_relevance=0.5, error_occurred=False, tags=[], metadata={}), InteractionRecord(id='5b6922f31256', timestamp='2026-05-27T09:11:13.165214', interaction_type="InteractionRecord(id='241867650155', timestamp='2026-05-27T09:11:13.165214', interaction_type='conversation', user_satisfaction=0.7, response_quality=0.6, latency_ms=0.0, tokens_used=0, was_proactive=False, context_relevance=0.5, error_occurred=False, tags=[], metadata={})", user_satisfaction=None, response_quality=0.5, latency_ms=0.0, tokens_used=0, was_proactive=False, context_relevance=0.5, error_occurred=False, tags=[], metadata={}), InteractionRecord(id='0d1c96ccfa02', timestamp='2026-05-27T09:11:13.165214', interaction_type="InteractionRecord(id='8456be72dd2a', timestamp='2026-05-27T09:11:13.165214', interaction_type='conversation', user_satisfaction=0.7, response_quality=0.6, latency_ms=0.0, tokens_used=0, was_proactive=False, context_relevance=0.5, error_occurred=False, tags=[], metadata={})", user_satisfaction=None, response_quality=0.5, latency_ms=0.0, tokens_used=0, was_proactive=False, context_relevance=0.5, error_occurred=False, tags=[], metadata={}), InteractionRecord(id='0973c610262c', timestamp='2026-05-27T09:11:13.180985', interaction_type="InteractionRecord(id='9cd3a58edd38', timestamp='2026-05-27T09:11:13.180985', interaction_type='conversation', user_satisfaction=0.7, response_quality=0.6, latency_ms=0.0, tokens_used=0, was_proactive=False, context_relevance=0.5, error_occurred=False, tags=[], metadata={})", user_satisfaction=None, response_quality=0.5, latency_ms=0.0, tokens_used=0, was_proactive=False, context_relevance=0.5, error_occurred=False, tags=[], metadata={}), InteractionRecord(id='8ebec8b9786c', timestamp='2026-05-27T09:11:13.185232', interaction_type="InteractionRecord(id='fb9924242b5b', timestamp='2026-05-27T09:11:13.185232', interaction_type='conversation', user_satisfaction=0.7, response_quality=0.6, latency_ms=0.0, tokens_used=0, was_proactive=False, context_relevance=0.5, error_occurred=False, tags=[], metadata={})", user_satisfaction=None, response_quality=0.5, latency_ms=0.0, tokens_used=0, was_proactive=False, context_relevance=0.5, error_occurred=False, tags=[], metadata={}), InteractionRecord(id='00049ef73072', timestamp='2026-05-27T09:11:13.185232', interaction_type="InteractionRecord(id='374d19c0706a', timestamp='2026-05-27T09:11:13.185232', interaction_type='conversation', user_satisfaction=0.7, response_quality=0.6, latency_ms=0.0, tokens_used=0, was_proactive=False, context_relevance=0.5, error_occurred=False, tags=[], metadata={})", user_satisfaction=None, response_quality=0.5, latency_ms=0.0, tokens_used=0, was_proactive=False, context_relevance=0.5, error_occurred=False, tags=[], metadata={}), InteractionRecord(id='4bb63e381de8', timestamp='2026-05-27T09:11:13.185232', interaction_type="InteractionRecord(id='558be7dc9caa', timestamp='2026-05-27T09:11:13.185232', interaction_type='conversation', user_satisfaction=0.7, response_quality=0.6, latency_ms=0.0, tokens_used=0, was_proactive=False, context_relevance=0.5, error_occurred=False, tags=[], metadata={})", user_satisfaction=None, response_quality=0.5, latency_ms=0.0, tokens_used=0, was_proactive=False, context_relevance=0.5, error_occurred=False, tags=[], metadata={}), InteractionRecord(id='721d680325ce', timestamp='2026-05-27T09:11:13.198072', interaction_type="InteractionRecord(id='39b38f46d0b0', timestamp='2026-05-27T09:11:13.198072', interaction_type='conversation', user_satisfaction=0.7, response_quality=0.6, latency_ms=0.0, tokens_used=0, was_proactive=False, context_relevance=0.5, error_occurred=False, tags=[], metadata={})", user_satisfaction=None, response_quality=0.5, latency_ms=0.0, tokens_used=0, was_proactive=False, context_relevance=0.5, error_occurred=False, tags=[], metadata={}), InteractionRecord(id='ef84a80e9afc', timestamp='2026-05-27T09:11:13.198072', interaction_type="InteractionRecord(id='329023aab274', timestamp='2026-05-27T09:11:13.198072', interaction_type='conversation', user_satisfaction=0.7, response_quality=0.6, latency_ms=0.0, tokens_used=0, was_proactive=False, context_relevance=0.5, error_occurred=False, tags=[], metadata={})", user_satisfaction=None, response_quality=0.5, latency_ms=0.0, tokens_used=0, was_proactive=False, context_relevance=0.5, error_occurred=False, tags=[], metadata={}), InteractionRecord(id='3a1ea63597b2', timestamp='2026-05-27T09:11:13.198072', interaction_type="InteractionRecord(id='72454c7677de', timestamp='2026-05-27T09:11:13.198072', interaction_type='conversation', user_satisfaction=0.7, response_quality=0.6, latency_ms=0.0, tokens_used=0, was_proactive=False, context_relevance=0.5, error_occurred=False, tags=[], metadata={})", user_satisfaction=None, response_quality=0.5, latency_ms=0.0, tokens_used=0, was_proactive=False, context_relevance=0.5, error_occurred=False, tags=[], metadata={}), InteractionRecord(id='3b2222d0627d', timestamp='2026-05-27T09:11:13.198072', interaction_type="InteractionRecord(id='5b8e51938a78', timestamp='2026-05-27T09:11:13.198072', interaction_type='conversation', user_satisfaction=0.7, response_quality=0.6, latency_ms=0.0, tokens_used=0, was_proactive=False, context_relevance=0.5, error_occurred=False, tags=[], metadata={})", user_satisfaction=None, response_quality=0.5, latency_ms=0.0, tokens_used=0, was_proactive=False, context_relevance=0.5, error_occurred=False, tags=[], metadata={}), InteractionRecord(id='b0a2904c2ace', timestamp='2026-05-27T09:11:13.198072', interaction_type="InteractionRecord(id='b529afcbe2dc', timestamp='2026-05-27T09:11:13.198072', interaction_type='conversation', user_satisfaction=0.7, response_quality=0.6, latency_ms=0.0, tokens_used=0, was_proactive=False, context_relevance=0.5, error_occurred=False, tags=[], metadata={})", user_satisfaction=None, response_quality=0.5, latency_ms=0.0, tokens_used=0, was_proactive=False, context_relevance=0.5, error_occurred=False, tags=[], metadata={}), InteractionRecord(id='5eb0a298e9ad', timestamp='2026-05-27T09:11:13.214721', interaction_type="InteractionRecord(id='b4f760d3fded', timestamp='2026-05-27T09:11:13.214721', interaction_type='conversation', user_satisfaction=0.7, response_quality=0.6, latency_ms=0.0, tokens_used=0, was_proactive=False, context_relevance=0.5, error_occurred=False, tags=[], metadata={})", user_satisfaction=None, response_quality=0.5, latency_ms=0.0, tokens_used=0, was_proactive=False, context_relevance=0.5, error_occurred=False, tags=[], metadata={}), InteractionRecord(id='963c7e655580', timestamp='2026-05-27T09:11:13.214721', interaction_type="InteractionRecord(id='7c844770d520', timestamp='2026-05-27T09:11:13.214721', interaction_type='conversation', user_satisfaction=0.7, response_quality=0.6, latency_ms=0.0, tokens_used=0, was_proactive=False, context_relevance=0.5, error_occurred=False, tags=[], metadata={})", user_satisfaction=None, response_quality=0.5, latency_ms=0.0, tokens_used=0, was_proactive=False, context_relevance=0.5, error_occurred=False, tags=[], metadata={}), InteractionRecord(id='f2cbf368b330', timestamp='2026-05-27T09:11:13.214721', interaction_type="InteractionRecord(id='aac969c75e88', timestamp='2026-05-27T09:11:13.214721', interaction_type='conversation', user_satisfaction=0.7, response_quality=0.6, latency_ms=0.0, tokens_used=0, was_proactive=False, context_relevance=0.5, error_occurred=False, tags=[], metadata={})", user_satisfaction=None, response_quality=0.5, latency_ms=0.0, tokens_used=0, was_proactive=False, context_relevance=0.5, error_occurred=False, tags=[], metadata={}), InteractionRecord(id='4b1ef5e412bd', timestamp='2026-05-27T09:11:13.231378', interaction_type="InteractionRecord(id='df98839f9839', timestamp='2026-05-27T09:11:13.231378', interaction_type='conversation', user_satisfaction=0.7, response_quality=0.6, latency_ms=0.0, tokens_used=0, was_proactive=False, context_relevance=0.5, error_occurred=False, tags=[], metadata={})", user_satisfaction=None, response_quality=0.5, latency_ms=0.0, tokens_used=0, was_proactive=False, context_relevance=0.5, error_occurred=False, tags=[], metadata={}), InteractionRecord(id='23e146b58d16', timestamp='2026-05-27T09:11:13.231378', interaction_type="InteractionRecord(id='4c3870ce998d', timestamp='2026-05-27T09:11:13.231378', interaction_type='conversation', user_satisfaction=0.7, response_quality=0.6, latency_ms=0.0, tokens_used=0, was_proactive=False, context_relevance=0.5, error_occurred=False, tags=[], metadata={})", user_satisfaction=None, response_quality=0.5, latency_ms=0.0, tokens_used=0, was_proactive=False, context_relevance=0.5, error_occurred=False, tags=[], metadata={}), InteractionRecord(id='53dcf455ec14', timestamp='2026-05-27T09:11:13.231378', interaction_type="InteractionRecord(id='12066bc9a109', timestamp='2026-05-27T09:11:13.231378', interaction_type='conversation', user_satisfaction=0.7, response_quality=0.6, latency_ms=0.0, tokens_used=0, was_proactive=False, context_relevance=0.5, error_occurred=False, tags=[], metadata={})", user_satisfaction=None, response_quality=0.5, latency_ms=0.0, tokens_used=0, was_proactive=False, context_relevance=0.5, error_occurred=False, tags=[], metadata={}), InteractionRecord(id='cbbc1b51681c', timestamp='2026-05-27T09:11:13.243081', interaction_type="InteractionRecord(id='1bf36abb9c9e', timestamp='2026-05-27T09:11:13.243081', interaction_type='conversation', user_satisfaction=0.7, response_quality=0.6, latency_ms=0.0, tokens_used=0, was_proactive=False, context_relevance=0.5, error_occurred=False, tags=[], metadata={})", user_satisfaction=None, response_quality=0.5, latency_ms=0.0, tokens_used=0, was_proactive=False, context_relevance=0.5, error_occurred=False, tags=[], metadata={}), InteractionRecord(id='5976280ba674', timestamp='2026-05-27T09:11:13.248258', interaction_type="InteractionRecord(id='91c6bf36bbf6', timestamp='2026-05-27T09:11:13.248258', interaction_type='conversation', user_satisfaction=0.7, response_quality=0.6, latency_ms=0.0, tokens_used=0, was_proactive=False, context_relevance=0.5, error_occurred=False, tags=[], metadata={})", user_satisfaction=None, response_quality=0.5, latency_ms=0.0, tokens_used=0, was_proactive=False, context_relevance=0.5, error_occurred=False, tags=[], metadata={}), InteractionRecord(id='fda2de4b7761', timestamp='2026-05-27T09:11:13.248258', interaction_type="InteractionRecord(id='cff39f12f663', timestamp='2026-05-27T09:11:13.248258', interaction_type='conversation', user_satisfaction=0.7, response_quality=0.6, latency_ms=0.0, tokens_used=0, was_proactive=False, context_relevance=0.5, error_occurred=False, tags=[], metadata={})", user_satisfaction=None, response_quality=0.5, latency_ms=0.0, tokens_used=0, was_proactive=False, context_relevance=0.5, error_occurred=False, tags=[], metadata={}), InteractionRecord(id='a3979a240759', timestamp='2026-05-27T09:11:13.248258', interaction_type="InteractionRecord(id='f1cdddae7267', timestamp='2026-05-27T09:11:13.248258', interaction_type='conversation', user_satisfaction=0.7, response_quality=0.6, latency_ms=0.0, tokens_used=0, was_proactive=False, context_relevance=0.5, error_occurred=False, tags=[], metadata={})", user_satisfaction=None, response_quality=0.5, latency_ms=0.0, tokens_used=0, was_proactive=False, context_relevance=0.5, error_occurred=False, tags=[], metadata={}), InteractionRecord(id='50ebb502472c', timestamp='2026-05-27T09:11:13.248258', interaction_type="InteractionRecord(id='d416429fd670', timestamp='2026-05-27T09:11:13.248258', interaction_type='conversation', user_satisfaction=0.7, response_quality=0.6, latency_ms=0.0, tokens_used=0, was_proactive=False, context_relevance=0.5, error_occurred=False, tags=[], metadata={})", user_satisfaction=None, response_quality=0.5, latency_ms=0.0, tokens_used=0, was_proactive=False, context_relevance=0.5, error_occurred=False, tags=[], metadata={}), InteractionRecord(id='e52fd0a8c939', timestamp='2026-05-27T09:11:13.264893', interaction_type="InteractionRecord(id='d335fd42e87b', timestamp='2026-05-27T09:11:13.264893', interaction_type='conversation', user_satisfaction=0.7, response_quality=0.6, latency_ms=0.0, tokens_used=0, was_proactive=False, context_relevance=0.5, error_occurred=False, tags=[], metadata={})", user_satisfaction=None, response_quality=0.5, latency_ms=0.0, tokens_used=0, was_proactive=False, context_relevance=0.5, error_occurred=False, tags=[], metadata={}), InteractionRecord(id='4a7e7e9bdd56', timestamp='2026-05-27T09:11:13.264893', interaction_type="InteractionRecord(id='4be44eae3f3a', timestamp='2026-05-27T09:11:13.264893', interaction_type='conversation', user_satisfaction=0.7, response_quality=0.6, latency_ms=0.0, tokens_used=0, was_proactive=False, context_relevance=0.5, error_occurred=False, tags=[], metadata={})", user_satisfaction=None, response_quality=0.5, latency_ms=0.0, tokens_used=0, was_proactive=False, context_relevance=0.5, error_occurred=False, tags=[], metadata={}), InteractionRecord(id='9461067cab9e', timestamp='2026-05-27T09:11:13.264893', interaction_type="InteractionRecord(id='d8812b8270c4', timestamp='2026-05-27T09:11:13.264893', interaction_type='conversation', user_satisfaction=0.7, response_quality=0.6, latency_ms=0.0, tokens_used=0, was_proactive=False, context_relevance=0.5, error_occurred=False, tags=[], metadata={})", user_satisfaction=None, response_quality=0.5, latency_ms=0.0, tokens_used=0, was_proactive=False, context_relevance=0.5, error_occurred=False, tags=[], metadata={}), InteractionRecord(id='ae1df6725a33', timestamp='2026-05-27T09:11:13.264893', interaction_type="InteractionRecord(id='648538c6e4ef', timestamp='2026-05-27T09:11:13.264893', interaction_type='conversation', user_satisfaction=0.7, response_quality=0.6, latency_ms=0.0, tokens_used=0, was_proactive=False, context_relevance=0.5, error_occurred=False, tags=[], metadata={})", user_satisfaction=None, response_quality=0.5, latency_ms=0.0, tokens_used=0, was_proactive=False, context_relevance=0.5, error_occurred=False, tags=[], metadata={}), InteractionRecord(id='5debe632e4bf', timestamp='2026-05-27T09:11:13.281398', interaction_type="InteractionRecord(id='22bff1fda873', timestamp='2026-05-27T09:11:13.281398', interaction_type='conversation', user_satisfaction=0.7, response_quality=0.6, latency_ms=0.0, tokens_used=0, was_proactive=False, context_relevance=0.5, error_occurred=False, tags=[], metadata={})", user_satisfaction=None, response_quality=0.5, latency_ms=0.0, tokens_used=0, was_proactive=False, context_relevance=0.5, error_occurred=False, tags=[], metadata={}), InteractionRecord(id='b860ea063949', timestamp='2026-05-27T09:11:13.285325', interaction_type="InteractionRecord(id='580787e1e420', timestamp='2026-05-27T09:11:13.285325', interaction_type='conversation', user_satisfaction=0.7, response_quality=0.6, latency_ms=0.0, tokens_used=0, was_proactive=False, context_relevance=0.5, error_occurred=False, tags=[], metadata={})", user_satisfaction=None, response_quality=0.5, latency_ms=0.0, tokens_used=0, was_proactive=False, context_relevance=0.5, error_occurred=False, tags=[], metadata={}), InteractionRecord(id='71e8253e3774', timestamp='2026-05-27T09:11:13.291734', interaction_type="InteractionRecord(id='7ba82738c5ae', timestamp='2026-05-27T09:11:13.291734', interaction_type='conversation', user_satisfaction=0.7, response_quality=0.6, latency_ms=0.0, tokens_used=0, was_proactive=False, context_relevance=0.5, error_occurred=False, tags=[], metadata={})", user_satisfaction=None, response_quality=0.5, latency_ms=0.0, tokens_used=0, was_proactive=False, context_relevance=0.5, error_occurred=False, tags=[], metadata={}), InteractionRecord(id='fbf367e2ddef', timestamp='2026-05-27T09:11:13.296750', interaction_type="InteractionRecord(id='c28e7ba001a9', timestamp='2026-05-27T09:11:13.296750', interaction_type='conversation', user_satisfaction=0.7, response_quality=0.6, latency_ms=0.0, tokens_used=0, was_proactive=False, context_relevance=0.5, error_occurred=False, tags=[], metadata={})", user_satisfaction=None, response_quality=0.5, latency_ms=0.0, tokens_used=0, was_proactive=False, context_relevance=0.5, error_occurred=False, tags=[], metadata={}), InteractionRecord(id='6f85022f7a68', timestamp='2026-05-27T09:11:13.298577', interaction_type="InteractionRecord(id='8d6c9075d1c8', timestamp='2026-05-27T09:11:13.298577', interaction_type='conversation', user_satisfaction=0.7, response_quality=0.6, latency_ms=0.0, tokens_used=0, was_proactive=False, context_relevance=0.5, error_occurred=False, tags=[], metadata={})", user_satisfaction=None, response_quality=0.5, latency_ms=0.0, tokens_used=0, was_proactive=False, context_relevance=0.5, error_occurred=False, tags=[], metadata={}), InteractionRecord(id='2de502a2a708', timestamp='2026-05-27T09:11:13.298577', interaction_type="InteractionRecord(id='9468897dc9cd', timestamp='2026-05-27T09:11:13.298577', interaction_type='conversation', user_satisfaction=0.7, response_quality=0.6, latency_ms=0.0, tokens_used=0, was_proactive=False, context_relevance=0.5, error_occurred=False, tags=[], metadata={})", user_satisfaction=None, response_quality=0.5, latency_ms=0.0, tokens_used=0, was_proactive=False, context_relevance=0.5, error_occurred=False, tags=[], metadata={}), InteractionRecord(id='a865ebfdec38', timestamp='2026-05-27T09:11:13.298577', interaction_type="InteractionRecord(id='5ee27f47bcd6', timestamp='2026-05-27T09:11:13.298577', interaction_type='conversation', user_satisfaction=0.7, response_quality=0.6, latency_ms=0.0, tokens_used=0, was_proactive=False, context_relevance=0.5, error_occurred=False, tags=[], metadata={})", user_satisfaction=None, response_quality=0.5, latency_ms=0.0, tokens_used=0, was_proactive=False, context_relevance=0.5, error_occurred=False, tags=[], metadata={}), InteractionRecord(id='a45f09a2f4b2', timestamp='2026-05-27T09:11:13.313977', interaction_type="InteractionRecord(id='e6e3e4455f00', timestamp='2026-05-27T09:11:13.313977', interaction_type='conversation', user_satisfaction=0.7, response_quality=0.6, latency_ms=0.0, tokens_used=0, was_proactive=False, context_relevance=0.5, error_occurred=False, tags=[], metadata={})", user_satisfaction=None, response_quality=0.5, latency_ms=0.0, tokens_used=0, was_proactive=False, context_relevance=0.5, error_occurred=False, tags=[], metadata={}), InteractionRecord(id='a2cc3880f781', timestamp='2026-05-27T09:11:13.314657', interaction_type="InteractionRecord(id='a07ebad7d0f6', timestamp='2026-05-27T09:11:13.314657', interaction_type='conversation', user_satisfaction=0.7, response_quality=0.6, latency_ms=0.0, tokens_used=0, was_proactive=False, context_relevance=0.5, error_occurred=False, tags=[], metadata={})", user_satisfaction=None, response_quality=0.5, latency_ms=0.0, tokens_used=0, was_proactive=False, context_relevance=0.5, error_occurred=False, tags=[], metadata={}), InteractionRecord(id='86c0911872e3', timestamp='2026-05-27T09:11:13.314657', interaction_type="InteractionRecord(id='4922539f499f', timestamp='2026-05-27T09:11:13.314657', interaction_type='conversation', user_satisfaction=0.7, response_quality=0.6, latency_ms=0.0, tokens_used=0, was_proactive=False, context_relevance=0.5, error_occurred=False, tags=[], metadata={})", user_satisfaction=None, response_quality=0.5, latency_ms=0.0, tokens_used=0, was_proactive=False, context_relevance=0.5, error_occurred=False, tags=[], metadata={}), InteractionRecord(id='ee78995cadb3', timestamp='2026-05-27T09:11:13.314657', interaction_type="InteractionRecord(id='39c4e8d226d9', timestamp='2026-05-27T09:11:13.314657', interaction_type='conversation', user_satisfaction=0.7, response_quality=0.6, latency_ms=0.0, tokens_used=0, was_proactive=False, context_relevance=0.5, error_occurred=False, tags=[], metadata={})", user_satisfaction=None, response_quality=0.5, latency_ms=0.0, tokens_used=0, was_proactive=False, context_relevance=0.5, error_occurred=False, tags=[], metadata={}), InteractionRecord(id='44fb7f0cdec0', timestamp='2026-05-27T09:11:13.329823', interaction_type="InteractionRecord(id='99852ffe3e1d', timestamp='2026-05-27T09:11:13.329823', interaction_type='conversation', user_satisfaction=0.7, response_quality=0.6, latency_ms=0.0, tokens_used=0, was_proactive=False, context_relevance=0.5, error_occurred=False, tags=[], metadata={})", user_satisfaction=None, response_quality=0.5, latency_ms=0.0, tokens_used=0, was_proactive=False, context_relevance=0.5, error_occurred=False, tags=[], metadata={}), InteractionRecord(id='e4db9874736e', timestamp='2026-05-27T09:11:13.331399', interaction_type="InteractionRecord(id='4bedc62c8fb3', timestamp='2026-05-27T09:11:13.331399', interaction_type='conversation', user_satisfaction=0.7, response_quality=0.6, latency_ms=0.0, tokens_used=0, was_proactive=False, context_relevance=0.5, error_occurred=False, tags=[], metadata={})", user_satisfaction=None, response_quality=0.5, latency_ms=0.0, tokens_used=0, was_proactive=False, context_relevance=0.5, error_occurred=False, tags=[], metadata={}), InteractionRecord(id='9c6ffb7cf155', timestamp='2026-05-27T09:11:13.331399', interaction_type="InteractionRecord(id='7bf857c858ea', timestamp='2026-05-27T09:11:13.331399', interaction_type='conversation', user_satisfaction=0.7, response_quality=0.6, latency_ms=0.0, tokens_used=0, was_proactive=False, context_relevance=0.5, error_occurred=False, tags=[], metadata={})", user_satisfaction=None, response_quality=0.5, latency_ms=0.0, tokens_used=0, was_proactive=False, context_relevance=0.5, error_occurred=False, tags=[], metadata={}), InteractionRecord(id='acbda23a8617', timestamp='2026-05-27T09:11:13.331399', interaction_type="InteractionRecord(id='da2d19f708dd', timestamp='2026-05-27T09:11:13.331399', interaction_type='conversation', user_satisfaction=0.7, response_quality=0.6, latency_ms=0.0, tokens_used=0, was_proactive=False, context_relevance=0.5, error_occurred=False, tags=[], metadata={})", user_satisfaction=None, response_quality=0.5, latency_ms=0.0, tokens_used=0, was_proactive=False, context_relevance=0.5, error_occurred=False, tags=[], metadata={}), InteractionRecord(id='6b06511a332b', timestamp='2026-05-27T09:11:13.331399', interaction_type="InteractionRecord(id='910c6badcad8', timestamp='2026-05-27T09:11:13.331399', interaction_type='conversation', user_satisfaction=0.7, response_quality=0.6, latency_ms=0.0, tokens_used=0, was_proactive=False, context_relevance=0.5, error_occurred=False, tags=[], metadata={})", user_satisfaction=None, response_quality=0.5, latency_ms=0.0, tokens_used=0, was_proactive=False, context_relevance=0.5, error_occurred=False, tags=[], metadata={}), InteractionRecord(id='168fb6cff1bc', timestamp='2026-05-27T09:11:13.348056', interaction_type="InteractionRecord(id='f794fdd428de', timestamp='2026-05-27T09:11:13.348056', interaction_type='conversation', user_satisfaction=0.7, response_quality=0.6, latency_ms=0.0, tokens_used=0, was_proactive=False, context_relevance=0.5, error_occurred=False, tags=[], metadata={})", user_satisfaction=None, response_quality=0.5, latency_ms=0.0, tokens_used=0, was_proactive=False, context_relevance=0.5, error_occurred=False, tags=[], metadata={}), InteractionRecord(id='88b7e75ce1fd', timestamp='2026-05-27T09:11:13.348056', interaction_type="InteractionRecord(id='35c22715be12', timestamp='2026-05-27T09:11:13.348056', interaction_type='conversation', user_satisfaction=0.7, response_quality=0.6, latency_ms=0.0, tokens_used=0, was_proactive=False, context_relevance=0.5, error_occurred=False, tags=[], metadata={})", user_satisfaction=None, response_quality=0.5, latency_ms=0.0, tokens_used=0, was_proactive=False, context_relevance=0.5, error_occurred=False, tags=[], metadata={}), InteractionRecord(id='551f13e2166f', timestamp='2026-05-27T09:11:13.348056', interaction_type="InteractionRecord(id='3dfe8f32b0a7', timestamp='2026-05-27T09:11:13.348056', interaction_type='conversation', user_satisfaction=0.7, response_quality=0.6, latency_ms=0.0, tokens_used=0, was_proactive=False, context_relevance=0.5, error_occurred=False, tags=[], metadata={})", user_satisfaction=None, response_quality=0.5, latency_ms=0.0, tokens_used=0, was_proactive=False, context_relevance=0.5, error_occurred=False, tags=[], metadata={}), InteractionRecord(id='b4f2b33f4b64', timestamp='2026-05-27T09:11:13.348056', interaction_type="InteractionRecord(id='3f4dfee1a363', timestamp='2026-05-27T09:11:13.348056', interaction_type='conversation', user_satisfaction=0.7, response_quality=0.6, latency_ms=0.0, tokens_used=0, was_proactive=False, context_relevance=0.5, error_occurred=False, tags=[], metadata={})", user_satisfaction=None, response_quality=0.5, latency_ms=0.0, tokens_used=0, was_proactive=False, context_relevance=0.5, error_occurred=False, tags=[], metadata={}), InteractionRecord(id='92b65fb0b1c3', timestamp='2026-05-27T09:11:13.364710', interaction_type="InteractionRecord(id='ebf5870b3cf5', timestamp='2026-05-27T09:11:13.364710', interaction_type='conversation', user_satisfaction=0.7, response_quality=0.6, latency_ms=0.0, tokens_used=0, was_proactive=False, context_relevance=0.5, error_occurred=False, tags=[], metadata={})", user_satisfaction=None, response_quality=0.5, latency_ms=0.0, tokens_used=0, was_proactive=False, context_relevance=0.5, error_occurred=False, tags=[], metadata={}), InteractionRecord(id='78fa0862b9e3', timestamp='2026-05-27T09:11:13.364710', interaction_type="InteractionRecord(id='62875523efd5', timestamp='2026-05-27T09:11:13.364710', interaction_type='conversation', user_satisfaction=0.7, response_quality=0.6, latency_ms=0.0, tokens_used=0, was_proactive=False, context_relevance=0.5, error_occurred=False, tags=[], metadata={})", user_satisfaction=None, response_quality=0.5, latency_ms=0.0, tokens_used=0, was_proactive=False, context_relevance=0.5, error_occurred=False, tags=[], metadata={}), InteractionRecord(id='93b08fceda83', timestamp='2026-05-27T09:11:13.364710', interaction_type="InteractionRecord(id='a24bb12bd559', timestamp='2026-05-27T09:11:13.364710', interaction_type='conversation', user_satisfaction=0.7, response_quality=0.6, latency_ms=0.0, tokens_used=0, was_proactive=False, context_relevance=0.5, error_occurred=False, tags=[], metadata={})", user_satisfaction=None, response_quality=0.5, latency_ms=0.0, tokens_used=0, was_proactive=False, context_relevance=0.5, error_occurred=False, tags=[], metadata={}), InteractionRecord(id='78ae72b04637', timestamp='2026-05-27T09:11:13.364710', interaction_type="InteractionRecord(id='1e38c93556c9', timestamp='2026-05-27T09:11:13.364710', interaction_type='conversation', user_satisfaction=0.7, response_quality=0.6, latency_ms=0.0, tokens_used=0, was_proactive=False, context_relevance=0.5, error_occurred=False, tags=[], metadata={})", user_satisfaction=None, response_quality=0.5, latency_ms=0.0, tokens_used=0, was_proactive=False, context_relevance=0.5, error_occurred=False, tags=[], metadata={}), InteractionRecord(id='7f5963b4d48d', timestamp='2026-05-27T09:11:13.381344', interaction_type="InteractionRecord(id='5276d28c6d4a', timestamp='2026-05-27T09:11:13.381344', interaction_type='conversation', user_satisfaction=0.7, response_quality=0.6, latency_ms=0.0, tokens_used=0, was_proactive=False, context_relevance=0.5, error_occurred=False, tags=[], metadata={})", user_satisfaction=None, response_quality=0.5, latency_ms=0.0, tokens_used=0, was_proactive=False, context_relevance=0.5, error_occurred=False, tags=[], metadata={}), InteractionRecord(id='3dcd512b1b51', timestamp='2026-05-27T09:11:13.385308', interaction_type="InteractionRecord(id='46825d59533d', timestamp='2026-05-27T09:11:13.385308', interaction_type='conversation', user_satisfaction=0.7, response_quality=0.6, latency_ms=0.0, tokens_used=0, was_proactive=False, context_relevance=0.5, error_occurred=False, tags=[], metadata={})", user_satisfaction=None, response_quality=0.5, latency_ms=0.0, tokens_used=0, was_proactive=False, context_relevance=0.5, error_occurred=False, tags=[], metadata={}), InteractionRecord(id='a194098b7e3f', timestamp='2026-05-27T09:11:13.391910', interaction_type="InteractionRecord(id='02869ad7f6a3', timestamp='2026-05-27T09:11:13.391910', interaction_type='conversation', user_satisfaction=0.7, response_quality=0.6, latency_ms=0.0, tokens_used=0, was_proactive=False, context_relevance=0.5, error_occurred=False, tags=[], metadata={})", user_satisfaction=None, response_quality=0.5, latency_ms=0.0, tokens_used=0, was_proactive=False, context_relevance=0.5, error_occurred=False, tags=[], metadata={}), InteractionRecord(id='03323b83126d', timestamp='2026-05-27T09:11:13.396924', interaction_type="InteractionRecord(id='e430ea1cd24e', timestamp='2026-05-27T09:11:13.396924', interaction_type='conversation', user_satisfaction=0.7, response_quality=0.6, latency_ms=0.0, tokens_used=0, was_proactive=False, context_relevance=0.5, error_occurred=False, tags=[], metadata={})", user_satisfaction=None, response_quality=0.5, latency_ms=0.0, tokens_used=0, was_proactive=False, context_relevance=0.5, error_occurred=False, tags=[], metadata={}), InteractionRecord(id='bf0bc7abcf2d', timestamp='2026-05-27T09:11:13.401305', interaction_type="InteractionRecord(id='1b70aeaceb6e', timestamp='2026-05-27T09:11:13.401305', interaction_type='conversation', user_satisfaction=0.7, response_quality=0.6, latency_ms=0.0, tokens_used=0, was_proactive=False, context_relevance=0.5, error_occurred=False, tags=[], metadata={})", user_satisfaction=None, response_quality=0.5, latency_ms=0.0, tokens_used=0, was_proactive=False, context_relevance=0.5, error_occurred=False, tags=[], metadata={}), InteractionRecord(id='ed475caf8aa4', timestamp='2026-05-27T09:11:13.405314', interaction_type="InteractionRecord(id='ac94814761bc', timestamp='2026-05-27T09:11:13.405314', interaction_type='conversation', user_satisfaction=0.7, response_quality=0.6, latency_ms=0.0, tokens_used=0, was_proactive=False, context_relevance=0.5, error_occurred=False, tags=[], metadata={})", user_satisfaction=None, response_quality=0.5, latency_ms=0.0, tokens_used=0, was_proactive=False, context_relevance=0.5, error_occurred=False, tags=[], metadata={}), InteractionRecord(id='a8028f1074ae', timestamp='2026-05-27T09:11:13.409324', interaction_type="InteractionRecord(id='0783347465ea', timestamp='2026-05-27T09:11:13.409324', interaction_type='conversation', user_satisfaction=0.7, response_quality=0.6, latency_ms=0.0, tokens_used=0, was_proactive=False, context_relevance=0.5, error_occurred=False, tags=[], metadata={})", user_satisfaction=None, response_quality=0.5, latency_ms=0.0, tokens_used=0, was_proactive=False, context_relevance=0.5, error_occurred=False, tags=[], metadata={}), InteractionRecord(id='ff1a2585f1e9', timestamp='2026-05-27T09:11:13.414689', interaction_type="InteractionRecord(id='221a15e098af', timestamp='2026-05-27T09:11:13.414689', interaction_type='conversation', user_satisfaction=0.7, response_quality=0.6, latency_ms=0.0, tokens_used=0, was_proactive=False, context_relevance=0.5, error_occurred=False, tags=[], metadata={})", user_satisfaction=None, response_quality=0.5, latency_ms=0.0, tokens_used=0, was_proactive=False, context_relevance=0.5, error_occurred=False, tags=[], metadata={}), InteractionRecord(id='bfd4416fd70c', timestamp='2026-05-27T09:11:13.414689', interaction_type="InteractionRecord(id='466c68daa808', timestamp='2026-05-27T09:11:13.414689', interaction_type='conversation', user_satisfaction=0.7, response_quality=0.6, latency_ms=0.0, tokens_used=0, was_proactive=False, context_relevance=0.5, error_occurred=False, tags=[], metadata={})", user_satisfaction=None, response_quality=0.5, latency_ms=0.0, tokens_used=0, was_proactive=False, context_relevance=0.5, error_occurred=False, tags=[], metadata={}), InteractionRecord(id='ed1b52d682e9', timestamp='2026-05-27T09:11:13.414689', interaction_type="InteractionRecord(id='c6f822de3f27', timestamp='2026-05-27T09:11:13.414689', interaction_type='conversation', user_satisfaction=0.7, response_quality=0.6, latency_ms=0.0, tokens_used=0, was_proactive=False, context_relevance=0.5, error_occurred=False, tags=[], metadata={})", user_satisfaction=None, response_quality=0.5, latency_ms=0.0, tokens_used=0, was_proactive=False, context_relevance=0.5, error_occurred=False, tags=[], metadata={}), InteractionRecord(id='b5875c7563df', timestamp='2026-05-27T09:11:13.414689', interaction_type="InteractionRecord(id='7ebeab24b572', timestamp='2026-05-27T09:11:13.414689', interaction_type='conversation', user_satisfaction=0.7, response_quality=0.6, latency_ms=0.0, tokens_used=0, was_proactive=False, context_relevance=0.5, error_occurred=False, tags=[], metadata={})", user_satisfaction=None, response_quality=0.5, latency_ms=0.0, tokens_used=0, was_proactive=False, context_relevance=0.5, error_occurred=False, tags=[], metadata={}), InteractionRecord(id='e5212255c712', timestamp='2026-05-27T09:11:13.431351', interaction_type="InteractionRecord(id='182ed8b93750', timestamp='2026-05-27T09:11:13.431351', interaction_type='conversation', user_satisfaction=0.7, response_quality=0.6, latency_ms=0.0, tokens_used=0, was_proactive=False, context_relevance=0.5, error_occurred=False, tags=[], metadata={})", user_satisfaction=None, response_quality=0.5, latency_ms=0.0, tokens_used=0, was_proactive=False, context_relevance=0.5, error_occurred=False, tags=[], metadata={}), InteractionRecord(id='10ab354e54a3', timestamp='2026-05-27T09:11:13.431351', interaction_type="InteractionRecord(id='71ee8eb58899', timestamp='2026-05-27T09:11:13.431351', interaction_type='conversation', user_satisfaction=0.7, response_quality=0.6, latency_ms=0.0, tokens_used=0, was_proactive=False, context_relevance=0.5, error_occurred=False, tags=[], metadata={})", user_satisfaction=None, response_quality=0.5, latency_ms=0.0, tokens_used=0, was_proactive=False, context_relevance=0.5, error_occurred=False, tags=[], metadata={}), InteractionRecord(id='8f82ed13b32c', timestamp='2026-05-27T09:11:13.431351', interaction_type="InteractionRecord(id='f4a1b4eab7fb', timestamp='2026-05-27T09:11:13.431351', interaction_type='conversation', user_satisfaction=0.7, response_quality=0.6, latency_ms=0.0, tokens_used=0, was_proactive=False, context_relevance=0.5, error_occurred=False, tags=[], metadata={})", user_satisfaction=None, response_quality=0.5, latency_ms=0.0, tokens_used=0, was_proactive=False, context_relevance=0.5, error_occurred=False, tags=[], metadata={}), InteractionRecord(id='6953407bb18d', timestamp='2026-05-27T09:11:13.431351', interaction_type="InteractionRecord(id='b954cb36358b', timestamp='2026-05-27T09:11:13.431351', interaction_type='conversation', user_satisfaction=0.7, response_quality=0.6, latency_ms=0.0, tokens_used=0, was_proactive=False, context_relevance=0.5, error_occurred=False, tags=[], metadata={})", user_satisfaction=None, response_quality=0.5, latency_ms=0.0, tokens_used=0, was_proactive=False, context_relevance=0.5, error_occurred=False, tags=[], metadata={}), InteractionRecord(id='797324c277a9', timestamp='2026-05-27T09:11:13.448075', interaction_type="InteractionRecord(id='e3c75e5ac87c', timestamp='2026-05-27T09:11:13.448075', interaction_type='conversation', user_satisfaction=0.7, response_quality=0.6, latency_ms=0.0, tokens_used=0, was_proactive=False, context_relevance=0.5, error_occurred=False, tags=[], metadata={})", user_satisfaction=None, response_quality=0.5, latency_ms=0.0, tokens_used=0, was_proactive=False, context_relevance=0.5, error_occurred=False, tags=[], metadata={}), InteractionRecord(id='19b01a0b312d', timestamp='2026-05-27T09:11:13.448075', interaction_type="InteractionRecord(id='6429e4f9be76', timestamp='2026-05-27T09:11:13.448075', interaction_type='conversation', user_satisfaction=0.7, response_quality=0.6, latency_ms=0.0, tokens_used=0, was_proactive=False, context_relevance=0.5, error_occurred=False, tags=[], metadata={})", user_satisfaction=None, response_quality=0.5, latency_ms=0.0, tokens_used=0, was_proactive=False, context_relevance=0.5, error_occurred=False, tags=[], metadata={}), InteractionRecord(id='99f6c3ea3029', timestamp='2026-05-27T09:11:13.448075', interaction_type="InteractionRecord(id='3faedcabc969', timestamp='2026-05-27T09:11:13.448075', interaction_type='conversation', user_satisfaction=0.7, response_quality=0.6, latency_ms=0.0, tokens_used=0, was_proactive=False, context_relevance=0.5, error_occurred=False, tags=[], metadata={})", user_satisfaction=None, response_quality=0.5, latency_ms=0.0, tokens_used=0, was_proactive=False, context_relevance=0.5, error_occurred=False, tags=[], metadata={}), InteractionRecord(id='ccb8b67f6c58', timestamp='2026-05-27T09:11:13.448075', interaction_type="InteractionRecord(id='955636202280', timestamp='2026-05-27T09:11:13.448075', interaction_type='conversation', user_satisfaction=0.7, response_quality=0.6, latency_ms=0.0, tokens_used=0, was_proactive=False, context_relevance=0.5, error_occurred=False, tags=[], metadata={})", user_satisfaction=None, response_quality=0.5, latency_ms=0.0, tokens_used=0, was_proactive=False, context_relevance=0.5, error_occurred=False, tags=[], metadata={}), InteractionRecord(id='564c9d40417b', timestamp='2026-05-27T09:11:13.464727', interaction_type="InteractionRecord(id='1097406c9726', timestamp='2026-05-27T09:11:13.464727', interaction_type='conversation', user_satisfaction=0.7, response_quality=0.6, latency_ms=0.0, tokens_used=0, was_proactive=False, context_relevance=0.5, error_occurred=False, tags=[], metadata={})", user_satisfaction=None, response_quality=0.5, latency_ms=0.0, tokens_used=0, was_proactive=False, context_relevance=0.5, error_occurred=False, tags=[], metadata={}), InteractionRecord(id='c36cd9a33949', timestamp='2026-05-27T09:11:13.464727', interaction_type="InteractionRecord(id='f8347554728d', timestamp='2026-05-27T09:11:13.464727', interaction_type='conversation', user_satisfaction=0.7, response_quality=0.6, latency_ms=0.0, tokens_used=0, was_proactive=False, context_relevance=0.5, error_occurred=False, tags=[], metadata={})", user_satisfaction=None, response_quality=0.5, latency_ms=0.0, tokens_used=0, was_proactive=False, context_relevance=0.5, error_occurred=False, tags=[], metadata={}), InteractionRecord(id='1992147b511a', timestamp='2026-05-27T09:11:13.464727', interaction_type="InteractionRecord(id='338b44eeeb5e', timestamp='2026-05-27T09:11:13.464727', interaction_type='conversation', user_satisfaction=0.7, response_quality=0.6, latency_ms=0.0, tokens_used=0, was_proactive=False, context_relevance=0.5, error_occurred=False, tags=[], metadata={})", user_satisfaction=None, response_quality=0.5, latency_ms=0.0, tokens_used=0, was_proactive=False, context_relevance=0.5, error_occurred=False, tags=[], metadata={}), InteractionRecord(id='2ecc1ab721dc', timestamp='2026-05-27T09:11:13.464727', interaction_type="InteractionRecord(id='aa0071765f72', timestamp='2026-05-27T09:11:13.464727', interaction_type='conversation', user_satisfaction=0.7, response_quality=0.6, latency_ms=0.0, tokens_used=0, was_proactive=False, context_relevance=0.5, error_occurred=False, tags=[], metadata={})", user_satisfaction=None, response_quality=0.5, latency_ms=0.0, tokens_used=0, was_proactive=False, context_relevance=0.5, error_occurred=False, tags=[], metadata={}), InteractionRecord(id='7fb306ef783e', timestamp='2026-05-27T09:11:13.481389', interaction_type="InteractionRecord(id='b6002622e1cd', timestamp='2026-05-27T09:11:13.481389', interaction_type='conversation', user_satisfaction=0.7, response_quality=0.6, latency_ms=0.0, tokens_used=0, was_proactive=False, context_relevance=0.5, error_occurred=False, tags=[], metadata={})", user_satisfaction=None, response_quality=0.5, latency_ms=0.0, tokens_used=0, was_proactive=False, context_relevance=0.5, error_occurred=False, tags=[], metadata={}), InteractionRecord(id='605cc36447a6', timestamp='2026-05-27T09:11:13.485354', interaction_type="InteractionRecord(id='db8fb03efff0', timestamp='2026-05-27T09:11:13.485354', interaction_type='conversation', user_satisfaction=0.7, response_quality=0.6, latency_ms=0.0, tokens_used=0, was_proactive=False, context_relevance=0.5, error_occurred=False, tags=[], metadata={})", user_satisfaction=None, response_quality=0.5, latency_ms=0.0, tokens_used=0, was_proactive=False, context_relevance=0.5, error_occurred=False, tags=[], metadata={}), InteractionRecord(id='cac7f9233e3b', timestamp='2026-05-27T09:11:13.485354', interaction_type="InteractionRecord(id='b315794b564c', timestamp='2026-05-27T09:11:13.485354', interaction_type='conversation', user_satisfaction=0.7, response_quality=0.6, latency_ms=0.0, tokens_used=0, was_proactive=False, context_relevance=0.5, error_occurred=False, tags=[], metadata={})", user_satisfaction=None, response_quality=0.5, latency_ms=0.0, tokens_used=0, was_proactive=False, context_relevance=0.5, error_occurred=False, tags=[], metadata={}), InteractionRecord(id='3f9d7e9f7f9f', timestamp='2026-05-27T09:11:13.485354', interaction_type="InteractionRecord(id='6a37f54ac2ea', timestamp='2026-05-27T09:11:13.485354', interaction_type='conversation', user_satisfaction=0.7, response_quality=0.6, latency_ms=0.0, tokens_used=0, was_proactive=False, context_relevance=0.5, error_occurred=False, tags=[], metadata={})", user_satisfaction=None, response_quality=0.5, latency_ms=0.0, tokens_used=0, was_proactive=False, context_relevance=0.5, error_occurred=False, tags=[], metadata={}), InteractionRecord(id='de7c549e378d', timestamp='2026-05-27T09:11:13.498061', interaction_type="InteractionRecord(id='8929c1a306f2', timestamp='2026-05-27T09:11:13.498061', interaction_type='conversation', user_satisfaction=0.7, response_quality=0.6, latency_ms=0.0, tokens_used=0, was_proactive=False, context_relevance=0.5, error_occurred=False, tags=[], metadata={})", user_satisfaction=None, response_quality=0.5, latency_ms=0.0, tokens_used=0, was_proactive=False, context_relevance=0.5, error_occurred=False, tags=[], metadata={}), InteractionRecord(id='50b23cd6a764', timestamp='2026-05-27T09:11:13.498061', interaction_type="InteractionRecord(id='a5b988daf23f', timestamp='2026-05-27T09:11:13.498061', interaction_type='conversation', user_satisfaction=0.7, response_quality=0.6, latency_ms=0.0, tokens_used=0, was_proactive=False, context_relevance=0.5, error_occurred=False, tags=[], metadata={})", user_satisfaction=None, response_quality=0.5, latency_ms=0.0, tokens_used=0, was_proactive=False, context_relevance=0.5, error_occurred=False, tags=[], metadata={}), InteractionRecord(id=573127408927, timestamp='2026-05-27T09:11:57.151003', interaction_type="InteractionRecord(id='2a369dc5e32f', timestamp='2026-05-27T09:11:57.151003', interaction_type='conversation', user_satisfaction=0.8, response_quality=0.7, latency_ms=500, tokens_used=0, was_proactive=False, context_relevance=0.5, error_occurred=False, tags=[], metadata={})", user_satisfaction=None, response_quality=0.5, latency_ms=0.0, tokens_used=0, was_proactive=False, context_relevance=0.5, error_occurred=False, tags=[], metadata={}), InteractionRecord(id='ca4f8f2da893', timestamp='2026-05-27T09:11:57.256857', interaction_type="InteractionRecord(id='34377fba0ada', timestamp='2026-05-27T09:11:57.256857', interaction_type='conversation', user_satisfaction=0.7, response_quality=0.6, latency_ms=400, tokens_used=0, was_proactive=False, context_relevance=0.5, error_occurred=False, tags=[], metadata={})", user_satisfaction=None, response_quality=0.5, latency_ms=0.0, tokens_used=0, was_proactive=False, context_relevance=0.5, error_occurred=False, tags=[], metadata={}), InteractionRecord(id='074efbd01f2f', timestamp='2026-05-27T09:11:57.267663', interaction_type="InteractionRecord(id='71927786a488', timestamp='2026-05-27T09:11:57.267663', interaction_type='conversation', user_satisfaction=0.7999999999999999, response_quality=0.8, latency_ms=450, tokens_used=0, was_proactive=False, context_relevance=0.5, error_occurred=False, tags=[], metadata={})", user_satisfaction=None, response_quality=0.5, latency_ms=0.0, tokens_used=0, was_proactive=False, context_relevance=0.5, error_occurred=False, tags=[], metadata={}), InteractionRecord(id='6e2a98bd3a3d', timestamp='2026-05-27T09:11:57.271938', interaction_type="InteractionRecord(id='04d3d5e0c1ef', timestamp='2026-05-27T09:11:57.271938', interaction_type='conversation', user_satisfaction=0.8999999999999999, response_quality=0.6, latency_ms=500, tokens_used=0, was_proactive=False, context_relevance=0.5, error_occurred=False, tags=[], metadata={})", user_satisfaction=None, response_quality=0.5, latency_ms=0.0, tokens_used=0, was_proactive=False, context_relevance=0.5, error_occurred=False, tags=[], metadata={}), InteractionRecord(id='e0bbb30b7bcb', timestamp='2026-05-27T09:11:57.272940', interaction_type="InteractionRecord(id='be68f3e5aa2c', timestamp='2026-05-27T09:11:57.272940', interaction_type='conversation', user_satisfaction=0.7, response_quality=0.8, latency_ms=550, tokens_used=0, was_proactive=False, context_relevance=0.5, error_occurred=False, tags=[], metadata={})", user_satisfaction=None, response_quality=0.5, latency_ms=0.0, tokens_used=0, was_proactive=False, context_relevance=0.5, error_occurred=False, tags=[], metadata={}), InteractionRecord(id='6689073e9e4a', timestamp='2026-05-27T09:11:57.272940', interaction_type="InteractionRecord(id='d2ebbad76acb', timestamp='2026-05-27T09:11:57.272940', interaction_type='conversation', user_satisfaction=0.7999999999999999, response_quality=0.6, latency_ms=600, tokens_used=0, was_proactive=False, context_relevance=0.5, error_occurred=False, tags=[], metadata={})", user_satisfaction=None, response_quality=0.5, latency_ms=0.0, tokens_used=0, was_proactive=False, context_relevance=0.5, error_occurred=False, tags=[], metadata={}), InteractionRecord(id='ee9baa513ff5', timestamp='2026-05-27T09:11:57.284233', interaction_type="InteractionRecord(id='4966037e445a', timestamp='2026-05-27T09:11:57.284233', interaction_type='conversation', user_satisfaction=0.8999999999999999, response_quality=0.8, latency_ms=650, tokens_used=0, was_proactive=False, context_relevance=0.5, error_occurred=False, tags=[], metadata={})", user_satisfaction=None, response_quality=0.5, latency_ms=0.0, tokens_used=0, was_proactive=False, context_relevance=0.5, error_occurred=False, tags=[], metadata={}), InteractionRecord(id='56780332626e', timestamp='2026-05-27T09:11:57.284233', interaction_type="InteractionRecord(id='47f390763bb7', timestamp='2026-05-27T09:11:57.284233', interaction_type='conversation', user_satisfaction=0.7, response_quality=0.6, latency_ms=700, tokens_used=0, was_proactive=False, context_relevance=0.5, error_occurred=False, tags=[], metadata={})", user_satisfaction=None, response_quality=0.5, latency_ms=0.0, tokens_used=0, was_proactive=False, context_relevance=0.5, error_occurred=False, tags=[], metadata={}), InteractionRecord(id='25efbb972345', timestamp='2026-05-27T09:11:57.284233', interaction_type="InteractionRecord(id='a969d0e7e173', timestamp='2026-05-27T09:11:57.284233', interaction_type='conversation', user_satisfaction=0.7999999999999999, response_quality=0.8, latency_ms=750, tokens_used=0, was_proactive=False, context_relevance=0.5, error_occurred=False, tags=[], metadata={})", user_satisfaction=None, response_quality=0.5, latency_ms=0.0, tokens_used=0, was_proactive=False, context_relevance=0.5, error_occurred=False, tags=[], metadata={}), InteractionRecord(id='3c23ff89cb11', timestamp='2026-05-27T09:11:57.284233', interaction_type="InteractionRecord(id='e4bdb8cb09e9', timestamp='2026-05-27T09:11:57.284233', interaction_type='conversation', user_satisfaction=0.8999999999999999, response_quality=0.6, latency_ms=800, tokens_used=0, was_proactive=False, context_relevance=0.5, error_occurred=False, tags=[], metadata={})", user_satisfaction=None, response_quality=0.5, latency_ms=0.0, tokens_used=0, was_proactive=False, context_relevance=0.5, error_occurred=False, tags=[], metadata={}), InteractionRecord(id='449980aca7df', timestamp='2026-05-27T09:11:57.300928', interaction_type="InteractionRecord(id='3e24882b8572', timestamp='2026-05-27T09:11:57.300928', interaction_type='conversation', user_satisfaction=0.7, response_quality=0.8, latency_ms=850, tokens_used=0, was_proactive=False, context_relevance=0.5, error_occurred=False, tags=[], metadata={})", user_satisfaction=None, response_quality=0.5, latency_ms=0.0, tokens_used=0, was_proactive=False, context_relevance=0.5, error_occurred=False, tags=[], metadata={}), InteractionRecord(id='d5b09fd029f6', timestamp='2026-05-27T09:12:16.732588', interaction_type="InteractionRecord(id='8089b69c9896', timestamp='2026-05-27T09:12:16.732588', interaction_type='conversation', user_satisfaction=0.8, response_quality=0.7, latency_ms=0.0, tokens_used=0, was_proactive=False, context_relevance=0.5, error_occurred=False, tags=[], metadata={})", user_satisfaction=None, response_quality=0.5, latency_ms=0.0, tokens_used=0, was_proactive=False, context_relevance=0.5, error_occurred=False, tags=[], metadata={}), InteractionRecord(id='6d6d56231cfa', timestamp='2026-05-27T09:12:16.736996', interaction_type="InteractionRecord(id='f15a36ca6a7a', timestamp='2026-05-27T09:12:16.736996', interaction_type='conversation', user_satisfaction=0.8, response_quality=0.7, latency_ms=0.0, tokens_used=0, was_proactive=False, context_relevance=0.5, error_occurred=False, tags=[], metadata={})", user_satisfaction=None, response_quality=0.5, latency_ms=0.0, tokens_used=0, was_proactive=False, context_relevance=0.5, error_occurred=False, tags=[], metadata={}), InteractionRecord(id='990c5684c16a', timestamp='2026-05-27T09:12:16.736996', interaction_type="InteractionRecord(id='ef440c688691', timestamp='2026-05-27T09:12:16.736996', interaction_type='conversation', user_satisfaction=0.8, response_quality=0.7, latency_ms=0.0, tokens_used=0, was_proactive=False, context_relevance=0.5, error_occurred=False, tags=[], metadata={})", user_satisfaction=None, response_quality=0.5, latency_ms=0.0, tokens_used=0, was_proactive=False, context_relevance=0.5, error_occurred=False, tags=[], metadata={}), InteractionRecord(id='a84b68ac5ca0', timestamp='2026-05-27T09:12:16.748556', interaction_type="InteractionRecord(id='1c952a6f8269', timestamp='2026-05-27T09:12:16.748556', interaction_type='conversation', user_satisfaction=0.8, response_quality=0.7, latency_ms=0.0, tokens_used=0, was_proactive=False, context_relevance=0.5, error_occurred=False, tags=[], metadata={})", user_satisfaction=None, response_quality=0.5, latency_ms=0.0, tokens_used=0, was_proactive=False, context_relevance=0.5, error_occurred=False, tags=[], metadata={}), InteractionRecord(id='14bd3265b42f', timestamp='2026-05-27T09:12:16.753853', interaction_type="InteractionRecord(id='0535a87cd5c1', timestamp='2026-05-27T09:12:16.753853', interaction_type='conversation', user_satisfaction=0.8, response_quality=0.7, latency_ms=0.0, tokens_used=0, was_proactive=False, context_relevance=0.5, error_occurred=False, tags=[], metadata={})", user_satisfaction=None, response_quality=0.5, latency_ms=0.0, tokens_used=0, was_proactive=False, context_relevance=0.5, error_occurred=False, tags=[], metadata={}), InteractionRecord(id='1c13f9df77c6', timestamp='2026-05-27T09:12:16.775536', interaction_type="InteractionRecord(id='18ee3895d3b6', timestamp='2026-05-27T09:12:16.775536', interaction_type='conversation', user_satisfaction=0.7, response_quality=0.6, latency_ms=0.0, tokens_used=0, was_proactive=False, context_relevance=0.5, error_occurred=False, tags=[], metadata={})", user_satisfaction=None, response_quality=0.5, latency_ms=0.0, tokens_used=0, was_proactive=False, context_relevance=0.5, error_occurred=False, tags=[], metadata={}), InteractionRecord(id='0dd73da0d595', timestamp='2026-05-27T09:12:16.780542', interaction_type="InteractionRecord(id='48e8ca78de6c', timestamp='2026-05-27T09:12:16.780542', interaction_type='conversation', user_satisfaction=0.7, response_quality=0.6, latency_ms=0.0, tokens_used=0, was_proactive=False, context_relevance=0.5, error_occurred=False, tags=[], metadata={})", user_satisfaction=None, response_quality=0.5, latency_ms=0.0, tokens_used=0, was_proactive=False, context_relevance=0.5, error_occurred=False, tags=[], metadata={}), InteractionRecord(id='95d91c6b6859', timestamp='2026-05-27T09:12:16.780542', interaction_type="InteractionRecord(id='4a27c3ef9033', timestamp='2026-05-27T09:12:16.780542', interaction_type='conversation', user_satisfaction=0.7, response_quality=0.6, latency_ms=0.0, tokens_used=0, was_proactive=False, context_relevance=0.5, error_occurred=False, tags=[], metadata={})", user_satisfaction=None, response_quality=0.5, latency_ms=0.0, tokens_used=0, was_proactive=False, context_relevance=0.5, error_occurred=False, tags=[], metadata={}), InteractionRecord(id='54dcdb28505b', timestamp='2026-05-27T09:12:16.780542', interaction_type="InteractionRecord(id='94f9d6a950dc', timestamp='2026-05-27T09:12:16.780542', interaction_type='conversation', user_satisfaction=0.7, response_quality=0.6, latency_ms=0.0, tokens_used=0, was_proactive=False, context_relevance=0.5, error_occurred=False, tags=[], metadata={})", user_satisfaction=None, response_quality=0.5, latency_ms=0.0, tokens_used=0, was_proactive=False, context_relevance=0.5, error_occurred=False, tags=[], metadata={}), InteractionRecord(id='451675794ccb', timestamp='2026-05-27T09:12:16.798457', interaction_type="InteractionRecord(id='38ae77cd1037', timestamp='2026-05-27T09:12:16.798457', interaction_type='conversation', user_satisfaction=0.7, response_quality=0.6, latency_ms=0.0, tokens_used=0, was_proactive=False, context_relevance=0.5, error_occurred=False, tags=[], metadata={})", user_satisfaction=None, response_quality=0.5, latency_ms=0.0, tokens_used=0, was_proactive=False, context_relevance=0.5, error_occurred=False, tags=[], metadata={}), InteractionRecord(id='5870ff45be03', timestamp='2026-05-27T09:12:16.803832', interaction_type="InteractionRecord(id='1f8af72e046b', timestamp='2026-05-27T09:12:16.803832', interaction_type='conversation', user_satisfaction=0.7, response_quality=0.6, latency_ms=0.0, tokens_used=0, was_proactive=False, context_relevance=0.5, error_occurred=False, tags=[], metadata={})", user_satisfaction=None, response_quality=0.5, latency_ms=0.0, tokens_used=0, was_proactive=False, context_relevance=0.5, error_occurred=False, tags=[], metadata={}), InteractionRecord(id='880fb94351f3', timestamp='2026-05-27T09:12:16.809904', interaction_type="InteractionRecord(id='acc97f1017c7', timestamp='2026-05-27T09:12:16.809904', interaction_type='conversation', user_satisfaction=0.7, response_quality=0.6, latency_ms=0.0, tokens_used=0, was_proactive=False, context_relevance=0.5, error_occurred=False, tags=[], metadata={})", user_satisfaction=None, response_quality=0.5, latency_ms=0.0, tokens_used=0, was_proactive=False, context_relevance=0.5, error_occurred=False, tags=[], metadata={}), InteractionRecord(id='23ad73cb0d8d', timestamp='2026-05-27T09:12:16.813919', interaction_type="InteractionRecord(id='43698976b73a', timestamp='2026-05-27T09:12:16.813919', interaction_type='conversation', user_satisfaction=0.7, response_quality=0.6, latency_ms=0.0, tokens_used=0, was_proactive=False, context_relevance=0.5, error_occurred=False, tags=[], metadata={})", user_satisfaction=None, response_quality=0.5, latency_ms=0.0, tokens_used=0, was_proactive=False, context_relevance=0.5, error_occurred=False, tags=[], metadata={}), InteractionRecord(id='ee0e635ed4cd', timestamp='2026-05-27T09:12:16.818445', interaction_type="InteractionRecord(id='f30038299409', timestamp='2026-05-27T09:12:16.818445', interaction_type='conversation', user_satisfaction=0.7, response_quality=0.6, latency_ms=0.0, tokens_used=0, was_proactive=False, context_relevance=0.5, error_occurred=False, tags=[], metadata={})", user_satisfaction=None, response_quality=0.5, latency_ms=0.0, tokens_used=0, was_proactive=False, context_relevance=0.5, error_occurred=False, tags=[], metadata={}), InteractionRecord(id='a1015be41dce', timestamp='2026-05-27T09:12:16.818445', interaction_type="InteractionRecord(id='23f41926ec5a', timestamp='2026-05-27T09:12:16.818445', interaction_type='conversation', user_satisfaction=0.7, response_quality=0.6, latency_ms=0.0, tokens_used=0, was_proactive=False, context_relevance=0.5, error_occurred=False, tags=[], metadata={})", user_satisfaction=None, response_quality=0.5, latency_ms=0.0, tokens_used=0, was_proactive=False, context_relevance=0.5, error_occurred=False, tags=[], metadata={}), InteractionRecord(id='4bd401f244e4', timestamp='2026-05-27T09:12:16.818445', interaction_type="InteractionRecord(id='fb3924acde6c', timestamp='2026-05-27T09:12:16.818445', interaction_type='conversation', user_satisfaction=0.7, response_quality=0.6, latency_ms=0.0, tokens_used=0, was_proactive=False, context_relevance=0.5, error_occurred=False, tags=[], metadata={})", user_satisfaction=None, response_quality=0.5, latency_ms=0.0, tokens_used=0, was_proactive=False, context_relevance=0.5, error_occurred=False, tags=[], metadata={}), InteractionRecord(id='1b62d5d637bf', timestamp='2026-05-27T09:12:16.834296', interaction_type="InteractionRecord(id='fd72d8d71696', timestamp='2026-05-27T09:12:16.834296', interaction_type='conversation', user_satisfaction=0.7, response_quality=0.6, latency_ms=0.0, tokens_used=0, was_proactive=False, context_relevance=0.5, error_occurred=False, tags=[], metadata={})", user_satisfaction=None, response_quality=0.5, latency_ms=0.0, tokens_used=0, was_proactive=False, context_relevance=0.5, error_occurred=False, tags=[], metadata={}), InteractionRecord(id='76e16826dbdc', timestamp='2026-05-27T09:12:16.834296', interaction_type="InteractionRecord(id='fc49ecf180a4', timestamp='2026-05-27T09:12:16.834296', interaction_type='conversation', user_satisfaction=0.7, response_quality=0.6, latency_ms=0.0, tokens_used=0, was_proactive=False, context_relevance=0.5, error_occurred=False, tags=[], metadata={})", user_satisfaction=None, response_quality=0.5, latency_ms=0.0, tokens_used=0, was_proactive=False, context_relevance=0.5, error_occurred=False, tags=[], metadata={}), InteractionRecord(id='849edcc23299', timestamp='2026-05-27T09:12:16.834296', interaction_type="InteractionRecord(id='d875cd64f158', timestamp='2026-05-27T09:12:16.834296', interaction_type='conversation', user_satisfaction=0.7, response_quality=0.6, latency_ms=0.0, tokens_used=0, was_proactive=False, context_relevance=0.5, error_occurred=False, tags=[], metadata={})", user_satisfaction=None, response_quality=0.5, latency_ms=0.0, tokens_used=0, was_proactive=False, context_relevance=0.5, error_occurred=False, tags=[], metadata={}), InteractionRecord(id='e493c46c7f4d', timestamp='2026-05-27T09:12:16.851845', interaction_type="InteractionRecord(id='a78a71b5b74b', timestamp='2026-05-27T09:12:16.851845', interaction_type='conversation', user_satisfaction=0.7, response_quality=0.6, latency_ms=0.0, tokens_used=0, was_proactive=False, context_relevance=0.5, error_occurred=False, tags=[], metadata={})", user_satisfaction=None, response_quality=0.5, latency_ms=0.0, tokens_used=0, was_proactive=False, context_relevance=0.5, error_occurred=False, tags=[], metadata={}), InteractionRecord(id='9c3df55eeb55', timestamp='2026-05-27T09:12:16.861098', interaction_type="InteractionRecord(id='adbf2f88b853', timestamp='2026-05-27T09:12:16.861098', interaction_type='conversation', user_satisfaction=0.7, response_quality=0.6, latency_ms=0.0, tokens_used=0, was_proactive=False, context_relevance=0.5, error_occurred=False, tags=[], metadata={})", user_satisfaction=None, response_quality=0.5, latency_ms=0.0, tokens_used=0, was_proactive=False, context_relevance=0.5, error_occurred=False, tags=[], metadata={}), InteractionRecord(id='c4604b37f237', timestamp='2026-05-27T09:12:16.867674', interaction_type="InteractionRecord(id='c2182d5d532f', timestamp='2026-05-27T09:12:16.867674', interaction_type='conversation', user_satisfaction=0.7, response_quality=0.6, latency_ms=0.0, tokens_used=0, was_proactive=False, context_relevance=0.5, error_occurred=False, tags=[], metadata={})", user_satisfaction=None, response_quality=0.5, latency_ms=0.0, tokens_used=0, was_proactive=False, context_relevance=0.5, error_occurred=False, tags=[], metadata={}), InteractionRecord(id='59920258217f', timestamp='2026-05-27T09:12:16.867674', interaction_type="InteractionRecord(id='e5bbf74b1572', timestamp='2026-05-27T09:12:16.867674', interaction_type='conversation', user_satisfaction=0.7, response_quality=0.6, latency_ms=0.0, tokens_used=0, was_proactive=False, context_relevance=0.5, error_occurred=False, tags=[], metadata={})", user_satisfaction=None, response_quality=0.5, latency_ms=0.0, tokens_used=0, was_proactive=False, context_relevance=0.5, error_occurred=False, tags=[], metadata={}), InteractionRecord(id='a8f344d711b7', timestamp='2026-05-27T09:12:16.867674', interaction_type="InteractionRecord(id='48ab64b17653', timestamp='2026-05-27T09:12:16.867674', interaction_type='conversation', user_satisfaction=0.7, response_quality=0.6, latency_ms=0.0, tokens_used=0, was_proactive=False, context_relevance=0.5, error_occurred=False, tags=[], metadata={})", user_satisfaction=None, response_quality=0.5, latency_ms=0.0, tokens_used=0, was_proactive=False, context_relevance=0.5, error_occurred=False, tags=[], metadata={}), InteractionRecord(id='ff4e4e018d24', timestamp='2026-05-27T09:12:16.883656', interaction_type="InteractionRecord(id='77ee7414c8cb', timestamp='2026-05-27T09:12:16.883656', interaction_type='conversation', user_satisfaction=0.7, response_quality=0.6, latency_ms=0.0, tokens_used=0, was_proactive=False, context_relevance=0.5, error_occurred=False, tags=[], metadata={})", user_satisfaction=None, response_quality=0.5, latency_ms=0.0, tokens_used=0, was_proactive=False, context_relevance=0.5, error_occurred=False, tags=[], metadata={}), InteractionRecord(id='0614c31f5fcc', timestamp='2026-05-27T09:12:16.885369', interaction_type="InteractionRecord(id='6dd4b15089ca', timestamp='2026-05-27T09:12:16.885369', interaction_type='conversation', user_satisfaction=0.7, response_quality=0.6, latency_ms=0.0, tokens_used=0, was_proactive=False, context_relevance=0.5, error_occurred=False, tags=[], metadata={})", user_satisfaction=None, response_quality=0.5, latency_ms=0.0, tokens_used=0, was_proactive=False, context_relevance=0.5, error_occurred=False, tags=[], metadata={}), InteractionRecord(id='d984dac253ea', timestamp='2026-05-27T09:12:16.896516', interaction_type="InteractionRecord(id='0b19ec67aa51', timestamp='2026-05-27T09:12:16.894510', interaction_type='conversation', user_satisfaction=0.7, response_quality=0.6, latency_ms=0.0, tokens_used=0, was_proactive=False, context_relevance=0.5, error_occurred=False, tags=[], metadata={})", user_satisfaction=None, response_quality=0.5, latency_ms=0.0, tokens_used=0, was_proactive=False, context_relevance=0.5, error_occurred=False, tags=[], metadata={}), InteractionRecord(id='89882fe7f919', timestamp='2026-05-27T09:12:16.901181', interaction_type="InteractionRecord(id='7b56dcf3005f', timestamp='2026-05-27T09:12:16.901181', interaction_type='conversation', user_satisfaction=0.7, response_quality=0.6, latency_ms=0.0, tokens_used=0, was_proactive=False, context_relevance=0.5, error_occurred=False, tags=[], metadata={})", user_satisfaction=None, response_quality=0.5, latency_ms=0.0, tokens_used=0, was_proactive=False, context_relevance=0.5, error_occurred=False, tags=[], metadata={}), InteractionRecord(id='b87f3b56168f', timestamp='2026-05-27T09:12:16.901181', interaction_type="InteractionRecord(id='23b9762b573b', timestamp='2026-05-27T09:12:16.901181', interaction_type='conversation', user_satisfaction=0.7, response_quality=0.6, latency_ms=0.0, tokens_used=0, was_proactive=False, context_relevance=0.5, error_occurred=False, tags=[], metadata={})", user_satisfaction=None, response_quality=0.5, latency_ms=0.0, tokens_used=0, was_proactive=False, context_relevance=0.5, error_occurred=False, tags=[], metadata={}), InteractionRecord(id='7e1b2663c09a', timestamp='2026-05-27T09:12:16.901181', interaction_type="InteractionRecord(id='314b9742b7c5', timestamp='2026-05-27T09:12:16.901181', interaction_type='conversation', user_satisfaction=0.7, response_quality=0.6, latency_ms=0.0, tokens_used=0, was_proactive=False, context_relevance=0.5, error_occurred=False, tags=[], metadata={})", user_satisfaction=None, response_quality=0.5, latency_ms=0.0, tokens_used=0, was_proactive=False, context_relevance=0.5, error_occurred=False, tags=[], metadata={}), InteractionRecord(id='2383cf221e99', timestamp='2026-05-27T09:12:16.918391', interaction_type="InteractionRecord(id='f3d6e2a8891d', timestamp='2026-05-27T09:12:16.918391', interaction_type='conversation', user_satisfaction=0.7, response_quality=0.6, latency_ms=0.0, tokens_used=0, was_proactive=False, context_relevance=0.5, error_occurred=False, tags=[], metadata={})", user_satisfaction=None, response_quality=0.5, latency_ms=0.0, tokens_used=0, was_proactive=False, context_relevance=0.5, error_occurred=False, tags=[], metadata={}), InteractionRecord(id='2690e434e030', timestamp='2026-05-27T09:12:16.925849', interaction_type="InteractionRecord(id='13531e80ece1', timestamp='2026-05-27T09:12:16.925849', interaction_type='conversation', user_satisfaction=0.7, response_quality=0.6, latency_ms=0.0, tokens_used=0, was_proactive=False, context_relevance=0.5, error_occurred=False, tags=[], metadata={})", user_satisfaction=None, response_quality=0.5, latency_ms=0.0, tokens_used=0, was_proactive=False, context_relevance=0.5, error_occurred=False, tags=[], metadata={}), InteractionRecord(id='b5c55b4d47ef', timestamp='2026-05-27T09:12:16.925849', interaction_type="InteractionRecord(id='923b838c9c88', timestamp='2026-05-27T09:12:16.925849', interaction_type='conversation', user_satisfaction=0.7, response_quality=0.6, latency_ms=0.0, tokens_used=0, was_proactive=False, context_relevance=0.5, error_occurred=False, tags=[], metadata={})", user_satisfaction=None, response_quality=0.5, latency_ms=0.0, tokens_used=0, was_proactive=False, context_relevance=0.5, error_occurred=False, tags=[], metadata={}), InteractionRecord(id='25b46f2b8bc5', timestamp='2026-05-27T09:12:16.998629', interaction_type="InteractionRecord(id='0174d6d9bd6c', timestamp='2026-05-27T09:12:16.998629', interaction_type='conversation', user_satisfaction=0.7, response_quality=0.6, latency_ms=0.0, tokens_used=0, was_proactive=False, context_relevance=0.5, error_occurred=False, tags=[], metadata={})", user_satisfaction=None, response_quality=0.5, latency_ms=0.0, tokens_used=0, was_proactive=False, context_relevance=0.5, error_occurred=False, tags=[], metadata={}), InteractionRecord(id='9e55ecc0a4e3', timestamp='2026-05-27T09:12:17.001769', interaction_type="InteractionRecord(id='8e81449fca4d', timestamp='2026-05-27T09:12:17.001769', interaction_type='conversation', user_satisfaction=0.7, response_quality=0.6, latency_ms=0.0, tokens_used=0, was_proactive=False, context_relevance=0.5, error_occurred=False, tags=[], metadata={})", user_satisfaction=None, response_quality=0.5, latency_ms=0.0, tokens_used=0, was_proactive=False, context_relevance=0.5, error_occurred=False, tags=[], metadata={}), InteractionRecord(id='a69f69b9e32a', timestamp='2026-05-27T09:12:17.001769', interaction_type="InteractionRecord(id='e95b52ac49ea', timestamp='2026-05-27T09:12:17.001769', interaction_type='conversation', user_satisfaction=0.7, response_quality=0.6, latency_ms=0.0, tokens_used=0, was_proactive=False, context_relevance=0.5, error_occurred=False, tags=[], metadata={})", user_satisfaction=None, response_quality=0.5, latency_ms=0.0, tokens_used=0, was_proactive=False, context_relevance=0.5, error_occurred=False, tags=[], metadata={}), InteractionRecord(id='2fc9c12b123f', timestamp='2026-05-27T09:12:17.001769', interaction_type="InteractionRecord(id='18a2441fed52', timestamp='2026-05-27T09:12:17.001769', interaction_type='conversation', user_satisfaction=0.7, response_quality=0.6, latency_ms=0.0, tokens_used=0, was_proactive=False, context_relevance=0.5, error_occurred=False, tags=[], metadata={})", user_satisfaction=None, response_quality=0.5, latency_ms=0.0, tokens_used=0, was_proactive=False, context_relevance=0.5, error_occurred=False, tags=[], metadata={}), InteractionRecord(id='14d82f29fe90', timestamp='2026-05-27T09:12:17.018435', interaction_type="InteractionRecord(id='370245dfef5f', timestamp='2026-05-27T09:12:17.018435', interaction_type='conversation', user_satisfaction=0.7, response_quality=0.6, latency_ms=0.0, tokens_used=0, was_proactive=False, context_relevance=0.5, error_occurred=False, tags=[], metadata={})", user_satisfaction=None, response_quality=0.5, latency_ms=0.0, tokens_used=0, was_proactive=False, context_relevance=0.5, error_occurred=False, tags=[], metadata={}), InteractionRecord(id='57242e112a04', timestamp='2026-05-27T09:12:17.018435', interaction_type="InteractionRecord(id='aca7c090e5f8', timestamp='2026-05-27T09:12:17.018435', interaction_type='conversation', user_satisfaction=0.7, response_quality=0.6, latency_ms=0.0, tokens_used=0, was_proactive=False, context_relevance=0.5, error_occurred=False, tags=[], metadata={})", user_satisfaction=None, response_quality=0.5, latency_ms=0.0, tokens_used=0, was_proactive=False, context_relevance=0.5, error_occurred=False, tags=[], metadata={}), InteractionRecord(id='9d79a4e6b4f7', timestamp='2026-05-27T09:12:17.018435', interaction_type="InteractionRecord(id='d430dc6a2f13', timestamp='2026-05-27T09:12:17.018435', interaction_type='conversation', user_satisfaction=0.7, response_quality=0.6, latency_ms=0.0, tokens_used=0, was_proactive=False, context_relevance=0.5, error_occurred=False, tags=[], metadata={})", user_satisfaction=None, response_quality=0.5, latency_ms=0.0, tokens_used=0, was_proactive=False, context_relevance=0.5, error_occurred=False, tags=[], metadata={}), InteractionRecord(id='d172fd053e4d', timestamp='2026-05-27T09:12:17.034539', interaction_type="InteractionRecord(id='8cc0c96b754e', timestamp='2026-05-27T09:12:17.034539', interaction_type='conversation', user_satisfaction=0.7, response_quality=0.6, latency_ms=0.0, tokens_used=0, was_proactive=False, context_relevance=0.5, error_occurred=False, tags=[], metadata={})", user_satisfaction=None, response_quality=0.5, latency_ms=0.0, tokens_used=0, was_proactive=False, context_relevance=0.5, error_occurred=False, tags=[], metadata={}), InteractionRecord(id='97aa3d2d454d', timestamp='2026-05-27T09:12:17.035093', interaction_type="InteractionRecord(id='3a98135da3e7', timestamp='2026-05-27T09:12:17.035093', interaction_type='conversation', user_satisfaction=0.7, response_quality=0.6, latency_ms=0.0, tokens_used=0, was_proactive=False, context_relevance=0.5, error_occurred=False, tags=[], metadata={})", user_satisfaction=None, response_quality=0.5, latency_ms=0.0, tokens_used=0, was_proactive=False, context_relevance=0.5, error_occurred=False, tags=[], metadata={}), InteractionRecord(id='8f0cb5372fd8', timestamp='2026-05-27T09:12:17.035093', interaction_type="InteractionRecord(id='3da27632a209', timestamp='2026-05-27T09:12:17.035093', interaction_type='conversation', user_satisfaction=0.7, response_quality=0.6, latency_ms=0.0, tokens_used=0, was_proactive=False, context_relevance=0.5, error_occurred=False, tags=[], metadata={})", user_satisfaction=None, response_quality=0.5, latency_ms=0.0, tokens_used=0, was_proactive=False, context_relevance=0.5, error_occurred=False, tags=[], metadata={}), InteractionRecord(id='22501f6998ed', timestamp='2026-05-27T09:12:17.035093', interaction_type="InteractionRecord(id='c48c0dc2e557', timestamp='2026-05-27T09:12:17.035093', interaction_type='conversation', user_satisfaction=0.7, response_quality=0.6, latency_ms=0.0, tokens_used=0, was_proactive=False, context_relevance=0.5, error_occurred=False, tags=[], metadata={})", user_satisfaction=None, response_quality=0.5, latency_ms=0.0, tokens_used=0, was_proactive=False, context_relevance=0.5, error_occurred=False, tags=[], metadata={}), InteractionRecord(id='6d8742d6596b', timestamp='2026-05-27T09:12:17.053292', interaction_type="InteractionRecord(id='cbed851c7ff9', timestamp='2026-05-27T09:12:17.053292', interaction_type='conversation', user_satisfaction=0.7, response_quality=0.6, latency_ms=0.0, tokens_used=0, was_proactive=False, context_relevance=0.5, error_occurred=False, tags=[], metadata={})", user_satisfaction=None, response_quality=0.5, latency_ms=0.0, tokens_used=0, was_proactive=False, context_relevance=0.5, error_occurred=False, tags=[], metadata={}), InteractionRecord(id='ab30485a7b6a', timestamp='2026-05-27T09:12:17.061310', interaction_type="InteractionRecord(id='f9ffe8b2b28e', timestamp='2026-05-27T09:12:17.061310', interaction_type='conversation', user_satisfaction=0.7, response_quality=0.6, latency_ms=0.0, tokens_used=0, was_proactive=False, context_relevance=0.5, error_occurred=False, tags=[], metadata={})", user_satisfaction=None, response_quality=0.5, latency_ms=0.0, tokens_used=0, was_proactive=False, context_relevance=0.5, error_occurred=False, tags=[], metadata={}), InteractionRecord(id='a9909376e1fc', timestamp='2026-05-27T09:12:17.061310', interaction_type="InteractionRecord(id='c1b24e7f2641', timestamp='2026-05-27T09:12:17.061310', interaction_type='conversation', user_satisfaction=0.7, response_quality=0.6, latency_ms=0.0, tokens_used=0, was_proactive=False, context_relevance=0.5, error_occurred=False, tags=[], metadata={})", user_satisfaction=None, response_quality=0.5, latency_ms=0.0, tokens_used=0, was_proactive=False, context_relevance=0.5, error_occurred=False, tags=[], metadata={}), InteractionRecord(id='9ea70c418e9f', timestamp='2026-05-27T09:12:17.068412', interaction_type="InteractionRecord(id='4cfc0669b645', timestamp='2026-05-27T09:12:17.068412', interaction_type='conversation', user_satisfaction=0.7, response_quality=0.6, latency_ms=0.0, tokens_used=0, was_proactive=False, context_relevance=0.5, error_occurred=False, tags=[], metadata={})", user_satisfaction=None, response_quality=0.5, latency_ms=0.0, tokens_used=0, was_proactive=False, context_relevance=0.5, error_occurred=False, tags=[], metadata={}), InteractionRecord(id='3eba14d3bc6c', timestamp='2026-05-27T09:12:17.068412', interaction_type="InteractionRecord(id='3e1c36c91c5e', timestamp='2026-05-27T09:12:17.068412', interaction_type='conversation', user_satisfaction=0.7, response_quality=0.6, latency_ms=0.0, tokens_used=0, was_proactive=False, context_relevance=0.5, error_occurred=False, tags=[], metadata={})", user_satisfaction=None, response_quality=0.5, latency_ms=0.0, tokens_used=0, was_proactive=False, context_relevance=0.5, error_occurred=False, tags=[], metadata={}), InteractionRecord(id='111fc5bf0917', timestamp='2026-05-27T09:12:17.068412', interaction_type="InteractionRecord(id='a734fc9575fc', timestamp='2026-05-27T09:12:17.068412', interaction_type='conversation', user_satisfaction=0.7, response_quality=0.6, latency_ms=0.0, tokens_used=0, was_proactive=False, context_relevance=0.5, error_occurred=False, tags=[], metadata={})", user_satisfaction=None, response_quality=0.5, latency_ms=0.0, tokens_used=0, was_proactive=False, context_relevance=0.5, error_occurred=False, tags=[], metadata={}), InteractionRecord(id='c38c1147cfd8', timestamp='2026-05-27T09:12:17.085112', interaction_type="InteractionRecord(id='cc5968f9c120', timestamp='2026-05-27T09:12:17.085112', interaction_type='conversation', user_satisfaction=0.7, response_quality=0.6, latency_ms=0.0, tokens_used=0, was_proactive=False, context_relevance=0.5, error_occurred=False, tags=[], metadata={})", user_satisfaction=None, response_quality=0.5, latency_ms=0.0, tokens_used=0, was_proactive=False, context_relevance=0.5, error_occurred=False, tags=[], metadata={}), InteractionRecord(id='343e03c8febe', timestamp='2026-05-27T09:12:17.085112', interaction_type="InteractionRecord(id='f2e8b070140f', timestamp='2026-05-27T09:12:17.085112', interaction_type='conversation', user_satisfaction=0.7, response_quality=0.6, latency_ms=0.0, tokens_used=0, was_proactive=False, context_relevance=0.5, error_occurred=False, tags=[], metadata={})", user_satisfaction=None, response_quality=0.5, latency_ms=0.0, tokens_used=0, was_proactive=False, context_relevance=0.5, error_occurred=False, tags=[], metadata={}), InteractionRecord(id='23bf01082e72', timestamp='2026-05-27T09:12:17.085112', interaction_type="InteractionRecord(id='708e1eb02025', timestamp='2026-05-27T09:12:17.085112', interaction_type='conversation', user_satisfaction=0.7, response_quality=0.6, latency_ms=0.0, tokens_used=0, was_proactive=False, context_relevance=0.5, error_occurred=False, tags=[], metadata={})", user_satisfaction=None, response_quality=0.5, latency_ms=0.0, tokens_used=0, was_proactive=False, context_relevance=0.5, error_occurred=False, tags=[], metadata={}), InteractionRecord(id='c025f75107c2', timestamp='2026-05-27T09:12:17.101799', interaction_type="InteractionRecord(id='cf33c44eed42', timestamp='2026-05-27T09:12:17.101799', interaction_type='conversation', user_satisfaction=0.7, response_quality=0.6, latency_ms=0.0, tokens_used=0, was_proactive=False, context_relevance=0.5, error_occurred=False, tags=[], metadata={})", user_satisfaction=None, response_quality=0.5, latency_ms=0.0, tokens_used=0, was_proactive=False, context_relevance=0.5, error_occurred=False, tags=[], metadata={}), InteractionRecord(id='f67374c2b530', timestamp='2026-05-27T09:12:17.101799', interaction_type="InteractionRecord(id='bc53d42217fb', timestamp='2026-05-27T09:12:17.101799', interaction_type='conversation', user_satisfaction=0.7, response_quality=0.6, latency_ms=0.0, tokens_used=0, was_proactive=False, context_relevance=0.5, error_occurred=False, tags=[], metadata={})", user_satisfaction=None, response_quality=0.5, latency_ms=0.0, tokens_used=0, was_proactive=False, context_relevance=0.5, error_occurred=False, tags=[], metadata={}), InteractionRecord(id='1ee7c262a568', timestamp='2026-05-27T09:12:17.101799', interaction_type="InteractionRecord(id='5b2cb02daee5', timestamp='2026-05-27T09:12:17.101799', interaction_type='conversation', user_satisfaction=0.7, response_quality=0.6, latency_ms=0.0, tokens_used=0, was_proactive=False, context_relevance=0.5, error_occurred=False, tags=[], metadata={})", user_satisfaction=None, response_quality=0.5, latency_ms=0.0, tokens_used=0, was_proactive=False, context_relevance=0.5, error_occurred=False, tags=[], metadata={}), InteractionRecord(id='d14dbe3c7acc', timestamp='2026-05-27T09:12:17.118441', interaction_type="InteractionRecord(id='195f4c3b676e', timestamp='2026-05-27T09:12:17.118441', interaction_type='conversation', user_satisfaction=0.7, response_quality=0.6, latency_ms=0.0, tokens_used=0, was_proactive=False, context_relevance=0.5, error_occurred=False, tags=[], metadata={})", user_satisfaction=None, response_quality=0.5, latency_ms=0.0, tokens_used=0, was_proactive=False, context_relevance=0.5, error_occurred=False, tags=[], metadata={}), InteractionRecord(id='d587c44b0702', timestamp='2026-05-27T09:12:17.118441', interaction_type="InteractionRecord(id='fe8330f9635e', timestamp='2026-05-27T09:12:17.118441', interaction_type='conversation', user_satisfaction=0.7, response_quality=0.6, latency_ms=0.0, tokens_used=0, was_proactive=False, context_relevance=0.5, error_occurred=False, tags=[], metadata={})", user_satisfaction=None, response_quality=0.5, latency_ms=0.0, tokens_used=0, was_proactive=False, context_relevance=0.5, error_occurred=False, tags=[], metadata={}), InteractionRecord(id='11db29da926e', timestamp='2026-05-27T09:12:17.118441', interaction_type="InteractionRecord(id='f9d469e16fe2', timestamp='2026-05-27T09:12:17.118441', interaction_type='conversation', user_satisfaction=0.7, response_quality=0.6, latency_ms=0.0, tokens_used=0, was_proactive=False, context_relevance=0.5, error_occurred=False, tags=[], metadata={})", user_satisfaction=None, response_quality=0.5, latency_ms=0.0, tokens_used=0, was_proactive=False, context_relevance=0.5, error_occurred=False, tags=[], metadata={}), InteractionRecord(id='e4c35d24eaf2', timestamp='2026-05-27T09:12:17.135106', interaction_type="InteractionRecord(id='220360fe1a97', timestamp='2026-05-27T09:12:17.135106', interaction_type='conversation', user_satisfaction=0.7, response_quality=0.6, latency_ms=0.0, tokens_used=0, was_proactive=False, context_relevance=0.5, error_occurred=False, tags=[], metadata={})", user_satisfaction=None, response_quality=0.5, latency_ms=0.0, tokens_used=0, was_proactive=False, context_relevance=0.5, error_occurred=False, tags=[], metadata={}), InteractionRecord(id='a61fb569407a', timestamp='2026-05-27T09:12:17.135106', interaction_type="InteractionRecord(id='1bea0ff15fa6', timestamp='2026-05-27T09:12:17.135106', interaction_type='conversation', user_satisfaction=0.7, response_quality=0.6, latency_ms=0.0, tokens_used=0, was_proactive=False, context_relevance=0.5, error_occurred=False, tags=[], metadata={})", user_satisfaction=None, response_quality=0.5, latency_ms=0.0, tokens_used=0, was_proactive=False, context_relevance=0.5, error_occurred=False, tags=[], metadata={}), InteractionRecord(id='9f7a16a986ca', timestamp='2026-05-27T09:12:17.135106', interaction_type="InteractionRecord(id='fa03009a625a', timestamp='2026-05-27T09:12:17.135106', interaction_type='conversation', user_satisfaction=0.7, response_quality=0.6, latency_ms=0.0, tokens_used=0, was_proactive=False, context_relevance=0.5, error_occurred=False, tags=[], metadata={})", user_satisfaction=None, response_quality=0.5, latency_ms=0.0, tokens_used=0, was_proactive=False, context_relevance=0.5, error_occurred=False, tags=[], metadata={}), InteractionRecord(id='6d8875eb62d6', timestamp='2026-05-27T09:12:17.150737', interaction_type="InteractionRecord(id='d0a4e579e1fc', timestamp='2026-05-27T09:12:17.150737', interaction_type='conversation', user_satisfaction=0.7, response_quality=0.6, latency_ms=0.0, tokens_used=0, was_proactive=False, context_relevance=0.5, error_occurred=False, tags=[], metadata={})", user_satisfaction=None, response_quality=0.5, latency_ms=0.0, tokens_used=0, was_proactive=False, context_relevance=0.5, error_occurred=False, tags=[], metadata={}), InteractionRecord(id='3a55b3ef2291', timestamp='2026-05-27T09:12:17.150737', interaction_type="InteractionRecord(id='af23fdd07bd5', timestamp='2026-05-27T09:12:17.150737', interaction_type='conversation', user_satisfaction=0.7, response_quality=0.6, latency_ms=0.0, tokens_used=0, was_proactive=False, context_relevance=0.5, error_occurred=False, tags=[], metadata={})", user_satisfaction=None, response_quality=0.5, latency_ms=0.0, tokens_used=0, was_proactive=False, context_relevance=0.5, error_occurred=False, tags=[], metadata={}), InteractionRecord(id='441b6d48e7c9', timestamp='2026-05-27T09:12:17.161251', interaction_type="InteractionRecord(id='49e9759b12bc', timestamp='2026-05-27T09:12:17.161251', interaction_type='conversation', user_satisfaction=0.7, response_quality=0.6, latency_ms=0.0, tokens_used=0, was_proactive=False, context_relevance=0.5, error_occurred=False, tags=[], metadata={})", user_satisfaction=None, response_quality=0.5, latency_ms=0.0, tokens_used=0, was_proactive=False, context_relevance=0.5, error_occurred=False, tags=[], metadata={}), InteractionRecord(id='467a1fb08681', timestamp='2026-05-27T09:12:17.168425', interaction_type="InteractionRecord(id='28c2468dffdd', timestamp='2026-05-27T09:12:17.168425', interaction_type='conversation', user_satisfaction=0.7, response_quality=0.6, latency_ms=0.0, tokens_used=0, was_proactive=False, context_relevance=0.5, error_occurred=False, tags=[], metadata={})", user_satisfaction=None, response_quality=0.5, latency_ms=0.0, tokens_used=0, was_proactive=False, context_relevance=0.5, error_occurred=False, tags=[], metadata={}), InteractionRecord(id='d7d66f23385a', timestamp='2026-05-27T09:12:17.168425', interaction_type="InteractionRecord(id='b85b1d37d21d', timestamp='2026-05-27T09:12:17.168425', interaction_type='conversation', user_satisfaction=0.7, response_quality=0.6, latency_ms=0.0, tokens_used=0, was_proactive=False, context_relevance=0.5, error_occurred=False, tags=[], metadata={})", user_satisfaction=None, response_quality=0.5, latency_ms=0.0, tokens_used=0, was_proactive=False, context_relevance=0.5, error_occurred=False, tags=[], metadata={}), InteractionRecord(id='2bbe7189d531', timestamp='2026-05-27T09:12:17.168425', interaction_type="InteractionRecord(id='de85325697ab', timestamp='2026-05-27T09:12:17.168425', interaction_type='conversation', user_satisfaction=0.7, response_quality=0.6, latency_ms=0.0, tokens_used=0, was_proactive=False, context_relevance=0.5, error_occurred=False, tags=[], metadata={})", user_satisfaction=None, response_quality=0.5, latency_ms=0.0, tokens_used=0, was_proactive=False, context_relevance=0.5, error_occurred=False, tags=[], metadata={}), InteractionRecord(id='65bdc884cdf9', timestamp='2026-05-27T09:12:17.185090', interaction_type="InteractionRecord(id='701b9c948d58', timestamp='2026-05-27T09:12:17.185090', interaction_type='conversation', user_satisfaction=0.7, response_quality=0.6, latency_ms=0.0, tokens_used=0, was_proactive=False, context_relevance=0.5, error_occurred=False, tags=[], metadata={})", user_satisfaction=None, response_quality=0.5, latency_ms=0.0, tokens_used=0, was_proactive=False, context_relevance=0.5, error_occurred=False, tags=[], metadata={}), InteractionRecord(id='31820064e9d9', timestamp='2026-05-27T09:12:17.185090', interaction_type="InteractionRecord(id='a42ad4e1f2a3', timestamp='2026-05-27T09:12:17.185090', interaction_type='conversation', user_satisfaction=0.7, response_quality=0.6, latency_ms=0.0, tokens_used=0, was_proactive=False, context_relevance=0.5, error_occurred=False, tags=[], metadata={})", user_satisfaction=None, response_quality=0.5, latency_ms=0.0, tokens_used=0, was_proactive=False, context_relevance=0.5, error_occurred=False, tags=[], metadata={}), InteractionRecord(id='4f09fb5c0318', timestamp='2026-05-27T09:12:17.185090', interaction_type="InteractionRecord(id='a67385caa0e5', timestamp='2026-05-27T09:12:17.185090', interaction_type='conversation', user_satisfaction=0.7, response_quality=0.6, latency_ms=0.0, tokens_used=0, was_proactive=False, context_relevance=0.5, error_occurred=False, tags=[], metadata={})", user_satisfaction=None, response_quality=0.5, latency_ms=0.0, tokens_used=0, was_proactive=False, context_relevance=0.5, error_occurred=False, tags=[], metadata={}), InteractionRecord(id='35fa771b34ee', timestamp='2026-05-27T09:12:17.204173', interaction_type="InteractionRecord(id='0fac26b4a342', timestamp='2026-05-27T09:12:17.204173', interaction_type='conversation', user_satisfaction=0.7, response_quality=0.6, latency_ms=0.0, tokens_used=0, was_proactive=False, context_relevance=0.5, error_occurred=False, tags=[], metadata={})", user_satisfaction=None, response_quality=0.5, latency_ms=0.0, tokens_used=0, was_proactive=False, context_relevance=0.5, error_occurred=False, tags=[], metadata={}), InteractionRecord(id='b5bf80c7cd0b', timestamp='2026-05-27T09:12:17.205189', interaction_type="InteractionRecord(id='e0368e483043', timestamp='2026-05-27T09:12:17.205189', interaction_type='conversation', user_satisfaction=0.7, response_quality=0.6, latency_ms=0.0, tokens_used=0, was_proactive=False, context_relevance=0.5, error_occurred=False, tags=[], metadata={})", user_satisfaction=None, response_quality=0.5, latency_ms=0.0, tokens_used=0, was_proactive=False, context_relevance=0.5, error_occurred=False, tags=[], metadata={}), InteractionRecord(id='1672ba5409e0', timestamp='2026-05-27T09:12:17.205189', interaction_type="InteractionRecord(id='c82f487a0662', timestamp='2026-05-27T09:12:17.205189', interaction_type='conversation', user_satisfaction=0.7, response_quality=0.6, latency_ms=0.0, tokens_used=0, was_proactive=False, context_relevance=0.5, error_occurred=False, tags=[], metadata={})", user_satisfaction=None, response_quality=0.5, latency_ms=0.0, tokens_used=0, was_proactive=False, context_relevance=0.5, error_occurred=False, tags=[], metadata={}), InteractionRecord(id='2a2ea197b5ac', timestamp='2026-05-27T09:12:17.221250', interaction_type="InteractionRecord(id='9fa491b53b74', timestamp='2026-05-27T09:12:17.221250', interaction_type='conversation', user_satisfaction=0.7, response_quality=0.6, latency_ms=0.0, tokens_used=0, was_proactive=False, context_relevance=0.5, error_occurred=False, tags=[], metadata={})", user_satisfaction=None, response_quality=0.5, latency_ms=0.0, tokens_used=0, was_proactive=False, context_relevance=0.5, error_occurred=False, tags=[], metadata={}), InteractionRecord(id='b254e50e6925', timestamp='2026-05-27T09:12:17.221250', interaction_type="InteractionRecord(id='aebd9b9780b1', timestamp='2026-05-27T09:12:17.221250', interaction_type='conversation', user_satisfaction=0.7, response_quality=0.6, latency_ms=0.0, tokens_used=0, was_proactive=False, context_relevance=0.5, error_occurred=False, tags=[], metadata={})", user_satisfaction=None, response_quality=0.5, latency_ms=0.0, tokens_used=0, was_proactive=False, context_relevance=0.5, error_occurred=False, tags=[], metadata={}), InteractionRecord(id='43892cfa200e', timestamp='2026-05-27T09:12:17.221250', interaction_type="InteractionRecord(id='7768d90de4db', timestamp='2026-05-27T09:12:17.221250', interaction_type='conversation', user_satisfaction=0.7, response_quality=0.6, latency_ms=0.0, tokens_used=0, was_proactive=False, context_relevance=0.5, error_occurred=False, tags=[], metadata={})", user_satisfaction=None, response_quality=0.5, latency_ms=0.0, tokens_used=0, was_proactive=False, context_relevance=0.5, error_occurred=False, tags=[], metadata={}), InteractionRecord(id='3d0de90f7e05', timestamp='2026-05-27T09:12:17.236944', interaction_type="InteractionRecord(id='08d4538a2277', timestamp='2026-05-27T09:12:17.236944', interaction_type='conversation', user_satisfaction=0.7, response_quality=0.6, latency_ms=0.0, tokens_used=0, was_proactive=False, context_relevance=0.5, error_occurred=False, tags=[], metadata={})", user_satisfaction=None, response_quality=0.5, latency_ms=0.0, tokens_used=0, was_proactive=False, context_relevance=0.5, error_occurred=False, tags=[], metadata={}), InteractionRecord(id='0e33ba892884', timestamp='2026-05-27T09:12:17.236944', interaction_type="InteractionRecord(id='681cea105a6a', timestamp='2026-05-27T09:12:17.236944', interaction_type='conversation', user_satisfaction=0.7, response_quality=0.6, latency_ms=0.0, tokens_used=0, was_proactive=False, context_relevance=0.5, error_occurred=False, tags=[], metadata={})", user_satisfaction=None, response_quality=0.5, latency_ms=0.0, tokens_used=0, was_proactive=False, context_relevance=0.5, error_occurred=False, tags=[], metadata={}), InteractionRecord(id='773b91e21d56', timestamp='2026-05-27T09:12:17.236944', interaction_type="InteractionRecord(id='b73bb2998b63', timestamp='2026-05-27T09:12:17.236944', interaction_type='conversation', user_satisfaction=0.7, response_quality=0.6, latency_ms=0.0, tokens_used=0, was_proactive=False, context_relevance=0.5, error_occurred=False, tags=[], metadata={})", user_satisfaction=None, response_quality=0.5, latency_ms=0.0, tokens_used=0, was_proactive=False, context_relevance=0.5, error_occurred=False, tags=[], metadata={}), InteractionRecord(id='e55fb284fb33', timestamp='2026-05-27T09:12:17.251787', interaction_type="InteractionRecord(id='228a391ac531', timestamp='2026-05-27T09:12:17.251787', interaction_type='conversation', user_satisfaction=0.7, response_quality=0.6, latency_ms=0.0, tokens_used=0, was_proactive=False, context_relevance=0.5, error_occurred=False, tags=[], metadata={})", user_satisfaction=None, response_quality=0.5, latency_ms=0.0, tokens_used=0, was_proactive=False, context_relevance=0.5, error_occurred=False, tags=[], metadata={}), InteractionRecord(id='bde76d3de09f', timestamp='2026-05-27T09:12:17.261459', interaction_type="InteractionRecord(id='71f62393cd78', timestamp='2026-05-27T09:12:17.261459', interaction_type='conversation', user_satisfaction=0.7, response_quality=0.6, latency_ms=0.0, tokens_used=0, was_proactive=False, context_relevance=0.5, error_occurred=False, tags=[], metadata={})", user_satisfaction=None, response_quality=0.5, latency_ms=0.0, tokens_used=0, was_proactive=False, context_relevance=0.5, error_occurred=False, tags=[], metadata={}), InteractionRecord(id='908b1c212a84', timestamp='2026-05-27T09:12:17.267541', interaction_type="InteractionRecord(id='78006f3abb54', timestamp='2026-05-27T09:12:17.267541', interaction_type='conversation', user_satisfaction=0.7, response_quality=0.6, latency_ms=0.0, tokens_used=0, was_proactive=False, context_relevance=0.5, error_occurred=False, tags=[], metadata={})", user_satisfaction=None, response_quality=0.5, latency_ms=0.0, tokens_used=0, was_proactive=False, context_relevance=0.5, error_occurred=False, tags=[], metadata={}), InteractionRecord(id='536b2ef4acf4', timestamp='2026-05-27T09:12:17.268426', interaction_type="InteractionRecord(id='7d858265ca4a', timestamp='2026-05-27T09:12:17.268426', interaction_type='conversation', user_satisfaction=0.7, response_quality=0.6, latency_ms=0.0, tokens_used=0, was_proactive=False, context_relevance=0.5, error_occurred=False, tags=[], metadata={})", user_satisfaction=None, response_quality=0.5, latency_ms=0.0, tokens_used=0, was_proactive=False, context_relevance=0.5, error_occurred=False, tags=[], metadata={}), InteractionRecord(id='f62e20e67fb8', timestamp='2026-05-27T09:12:17.268426', interaction_type="InteractionRecord(id='945f1169dd95', timestamp='2026-05-27T09:12:17.268426', interaction_type='conversation', user_satisfaction=0.7, response_quality=0.6, latency_ms=0.0, tokens_used=0, was_proactive=False, context_relevance=0.5, error_occurred=False, tags=[], metadata={})", user_satisfaction=None, response_quality=0.5, latency_ms=0.0, tokens_used=0, was_proactive=False, context_relevance=0.5, error_occurred=False, tags=[], metadata={}), InteractionRecord(id='d184dcc9d944', timestamp='2026-05-27T09:12:17.284471', interaction_type="InteractionRecord(id='b994d912c855', timestamp='2026-05-27T09:12:17.284471', interaction_type='conversation', user_satisfaction=0.7, response_quality=0.6, latency_ms=0.0, tokens_used=0, was_proactive=False, context_relevance=0.5, error_occurred=False, tags=[], metadata={})", user_satisfaction=None, response_quality=0.5, latency_ms=0.0, tokens_used=0, was_proactive=False, context_relevance=0.5, error_occurred=False, tags=[], metadata={}), InteractionRecord(id='b1c2bbabddac', timestamp='2026-05-27T09:12:17.285099', interaction_type="InteractionRecord(id='3979d4e26a9c', timestamp='2026-05-27T09:12:17.285099', interaction_type='conversation', user_satisfaction=0.7, response_quality=0.6, latency_ms=0.0, tokens_used=0, was_proactive=False, context_relevance=0.5, error_occurred=False, tags=[], metadata={})", user_satisfaction=None, response_quality=0.5, latency_ms=0.0, tokens_used=0, was_proactive=False, context_relevance=0.5, error_occurred=False, tags=[], metadata={}), InteractionRecord(id='9c9d60b74b8c', timestamp='2026-05-27T09:12:17.285099', interaction_type="InteractionRecord(id='72069d8835e3', timestamp='2026-05-27T09:12:17.285099', interaction_type='conversation', user_satisfaction=0.7, response_quality=0.6, latency_ms=0.0, tokens_used=0, was_proactive=False, context_relevance=0.5, error_occurred=False, tags=[], metadata={})", user_satisfaction=None, response_quality=0.5, latency_ms=0.0, tokens_used=0, was_proactive=False, context_relevance=0.5, error_occurred=False, tags=[], metadata={}), InteractionRecord(id='92d7cfd34b5f', timestamp='2026-05-27T09:12:17.301749', interaction_type="InteractionRecord(id='95eafd55e74f', timestamp='2026-05-27T09:12:17.301749', interaction_type='conversation', user_satisfaction=0.7, response_quality=0.6, latency_ms=0.0, tokens_used=0, was_proactive=False, context_relevance=0.5, error_occurred=False, tags=[], metadata={})", user_satisfaction=None, response_quality=0.5, latency_ms=0.0, tokens_used=0, was_proactive=False, context_relevance=0.5, error_occurred=False, tags=[], metadata={}), InteractionRecord(id='6e1d3866a02f', timestamp='2026-05-27T09:12:17.301749', interaction_type="InteractionRecord(id='73cad0037d48', timestamp='2026-05-27T09:12:17.301749', interaction_type='conversation', user_satisfaction=0.7, response_quality=0.6, latency_ms=0.0, tokens_used=0, was_proactive=False, context_relevance=0.5, error_occurred=False, tags=[], metadata={})", user_satisfaction=None, response_quality=0.5, latency_ms=0.0, tokens_used=0, was_proactive=False, context_relevance=0.5, error_occurred=False, tags=[], metadata={}), InteractionRecord(id='60e6c7c631fd', timestamp='2026-05-27T09:12:17.301749', interaction_type="InteractionRecord(id='d4dad25cba31', timestamp='2026-05-27T09:12:17.301749', interaction_type='conversation', user_satisfaction=0.7, response_quality=0.6, latency_ms=0.0, tokens_used=0, was_proactive=False, context_relevance=0.5, error_occurred=False, tags=[], metadata={})", user_satisfaction=None, response_quality=0.5, latency_ms=0.0, tokens_used=0, was_proactive=False, context_relevance=0.5, error_occurred=False, tags=[], metadata={}), InteractionRecord(id='0cd6346f8ef8', timestamp='2026-05-27T09:12:17.318485', interaction_type="InteractionRecord(id='c0caacb93c66', timestamp='2026-05-27T09:12:17.318485', interaction_type='conversation', user_satisfaction=0.7, response_quality=0.6, latency_ms=0.0, tokens_used=0, was_proactive=False, context_relevance=0.5, error_occurred=False, tags=[], metadata={})", user_satisfaction=None, response_quality=0.5, latency_ms=0.0, tokens_used=0, was_proactive=False, context_relevance=0.5, error_occurred=False, tags=[], metadata={}), InteractionRecord(id='bf8289dae552', timestamp='2026-05-27T09:12:17.321991', interaction_type="InteractionRecord(id='c5c75706174a', timestamp='2026-05-27T09:12:17.321991', interaction_type='conversation', user_satisfaction=0.7, response_quality=0.6, latency_ms=0.0, tokens_used=0, was_proactive=False, context_relevance=0.5, error_occurred=False, tags=[], metadata={})", user_satisfaction=None, response_quality=0.5, latency_ms=0.0, tokens_used=0, was_proactive=False, context_relevance=0.5, error_occurred=False, tags=[], metadata={}), InteractionRecord(id='8fe144bdab16', timestamp='2026-05-27T09:12:17.321991', interaction_type="InteractionRecord(id='388b5d255d95', timestamp='2026-05-27T09:12:17.321991', interaction_type='conversation', user_satisfaction=0.7, response_quality=0.6, latency_ms=0.0, tokens_used=0, was_proactive=False, context_relevance=0.5, error_occurred=False, tags=[], metadata={})", user_satisfaction=None, response_quality=0.5, latency_ms=0.0, tokens_used=0, was_proactive=False, context_relevance=0.5, error_occurred=False, tags=[], metadata={}), InteractionRecord(id='e67121d5eed7', timestamp='2026-05-27T09:12:17.335096', interaction_type="InteractionRecord(id='7a4c0f6b29b4', timestamp='2026-05-27T09:12:17.335096', interaction_type='conversation', user_satisfaction=0.7, response_quality=0.6, latency_ms=0.0, tokens_used=0, was_proactive=False, context_relevance=0.5, error_occurred=False, tags=[], metadata={})", user_satisfaction=None, response_quality=0.5, latency_ms=0.0, tokens_used=0, was_proactive=False, context_relevance=0.5, error_occurred=False, tags=[], metadata={}), InteractionRecord(id='a6d1efe79e5a', timestamp='2026-05-27T09:12:17.335096', interaction_type="InteractionRecord(id='5980e957267e', timestamp='2026-05-27T09:12:17.335096', interaction_type='conversation', user_satisfaction=0.7, response_quality=0.6, latency_ms=0.0, tokens_used=0, was_proactive=False, context_relevance=0.5, error_occurred=False, tags=[], metadata={})", user_satisfaction=None, response_quality=0.5, latency_ms=0.0, tokens_used=0, was_proactive=False, context_relevance=0.5, error_occurred=False, tags=[], metadata={}), InteractionRecord(id='716f3ca7192b', timestamp='2026-05-27T09:12:17.335096', interaction_type="InteractionRecord(id='17730d91617b', timestamp='2026-05-27T09:12:17.335096', interaction_type='conversation', user_satisfaction=0.7, response_quality=0.6, latency_ms=0.0, tokens_used=0, was_proactive=False, context_relevance=0.5, error_occurred=False, tags=[], metadata={})", user_satisfaction=None, response_quality=0.5, latency_ms=0.0, tokens_used=0, was_proactive=False, context_relevance=0.5, error_occurred=False, tags=[], metadata={}), InteractionRecord(id='5f3225a9ddea', timestamp='2026-05-27T09:12:17.351746', interaction_type="InteractionRecord(id='314911e8bc11', timestamp='2026-05-27T09:12:17.351746', interaction_type='conversation', user_satisfaction=0.7, response_quality=0.6, latency_ms=0.0, tokens_used=0, was_proactive=False, context_relevance=0.5, error_occurred=False, tags=[], metadata={})", user_satisfaction=None, response_quality=0.5, latency_ms=0.0, tokens_used=0, was_proactive=False, context_relevance=0.5, error_occurred=False, tags=[], metadata={}), InteractionRecord(id='91aee50bff10', timestamp='2026-05-27T09:12:17.361868', interaction_type="InteractionRecord(id='cb31d2e9b25f', timestamp='2026-05-27T09:12:17.361868', interaction_type='conversation', user_satisfaction=0.7, response_quality=0.6, latency_ms=0.0, tokens_used=0, was_proactive=False, context_relevance=0.5, error_occurred=False, tags=[], metadata={})", user_satisfaction=None, response_quality=0.5, latency_ms=0.0, tokens_used=0, was_proactive=False, context_relevance=0.5, error_occurred=False, tags=[], metadata={}), InteractionRecord(id='11678ddf09c4', timestamp='2026-05-27T09:12:17.367620', interaction_type="InteractionRecord(id='643d2b8aa516', timestamp='2026-05-27T09:12:17.367620', interaction_type='conversation', user_satisfaction=0.7, response_quality=0.6, latency_ms=0.0, tokens_used=0, was_proactive=False, context_relevance=0.5, error_occurred=False, tags=[], metadata={})", user_satisfaction=None, response_quality=0.5, latency_ms=0.0, tokens_used=0, was_proactive=False, context_relevance=0.5, error_occurred=False, tags=[], metadata={}), InteractionRecord(id='f9548e0831a8', timestamp='2026-05-27T09:12:17.373636', interaction_type="InteractionRecord(id='effd114fc64e', timestamp='2026-05-27T09:12:17.373636', interaction_type='conversation', user_satisfaction=0.7, response_quality=0.6, latency_ms=0.0, tokens_used=0, was_proactive=False, context_relevance=0.5, error_occurred=False, tags=[], metadata={})", user_satisfaction=None, response_quality=0.5, latency_ms=0.0, tokens_used=0, was_proactive=False, context_relevance=0.5, error_occurred=False, tags=[], metadata={}), InteractionRecord(id='45ee983efe82', timestamp='2026-05-27T09:12:17.379648', interaction_type="InteractionRecord(id='bc505cf7e934', timestamp='2026-05-27T09:12:17.379648', interaction_type='conversation', user_satisfaction=0.7, response_quality=0.6, latency_ms=0.0, tokens_used=0, was_proactive=False, context_relevance=0.5, error_occurred=False, tags=[], metadata={})", user_satisfaction=None, response_quality=0.5, latency_ms=0.0, tokens_used=0, was_proactive=False, context_relevance=0.5, error_occurred=False, tags=[], metadata={}), InteractionRecord(id='b58eb9f622b0', timestamp='2026-05-27T09:12:17.385140', interaction_type="InteractionRecord(id='0b7f28f1ee18', timestamp='2026-05-27T09:12:17.385140', interaction_type='conversation', user_satisfaction=0.7, response_quality=0.6, latency_ms=0.0, tokens_used=0, was_proactive=False, context_relevance=0.5, error_occurred=False, tags=[], metadata={})", user_satisfaction=None, response_quality=0.5, latency_ms=0.0, tokens_used=0, was_proactive=False, context_relevance=0.5, error_occurred=False, tags=[], metadata={}), InteractionRecord(id='cb57e3e2b883', timestamp='2026-05-27T09:12:17.392414', interaction_type="InteractionRecord(id='c84823e94dab', timestamp='2026-05-27T09:12:17.392414', interaction_type='conversation', user_satisfaction=0.7, response_quality=0.6, latency_ms=0.0, tokens_used=0, was_proactive=False, context_relevance=0.5, error_occurred=False, tags=[], metadata={})", user_satisfaction=None, response_quality=0.5, latency_ms=0.0, tokens_used=0, was_proactive=False, context_relevance=0.5, error_occurred=False, tags=[], metadata={}), InteractionRecord(id='28e796ec9543', timestamp='2026-05-27T09:12:17.392414', interaction_type="InteractionRecord(id='dbf6a6e8fb7a', timestamp='2026-05-27T09:12:17.392414', interaction_type='conversation', user_satisfaction=0.7, response_quality=0.6, latency_ms=0.0, tokens_used=0, was_proactive=False, context_relevance=0.5, error_occurred=False, tags=[], metadata={})", user_satisfaction=None, response_quality=0.5, latency_ms=0.0, tokens_used=0, was_proactive=False, context_relevance=0.5, error_occurred=False, tags=[], metadata={}), InteractionRecord(id='5b84abf04da4', timestamp='2026-05-27T09:12:37.979488', interaction_type="InteractionRecord(id='e45b4cef9e0f', timestamp='2026-05-27T09:12:37.979488', interaction_type='conversation', user_satisfaction=0.8, response_quality=0.7, latency_ms=500, tokens_used=0, was_proactive=False, context_relevance=0.5, error_occurred=False, tags=[], metadata={})", user_satisfaction=None, response_quality=0.5, latency_ms=0.0, tokens_used=0, was_proactive=False, context_relevance=0.5, error_occurred=False, tags=[], metadata={}), InteractionRecord(id='da432232769b', timestamp='2026-05-27T09:12:38.091688', interaction_type="InteractionRecord(id='20712f5a3552', timestamp='2026-05-27T09:12:38.091688', interaction_type='conversation', user_satisfaction=0.7, response_quality=0.6, latency_ms=400, tokens_used=0, was_proactive=False, context_relevance=0.5, error_occurred=False, tags=[], metadata={})", user_satisfaction=None, response_quality=0.5, latency_ms=0.0, tokens_used=0, was_proactive=False, context_relevance=0.5, error_occurred=False, tags=[], metadata={}), InteractionRecord(id='1dd644e904ee', timestamp='2026-05-27T09:12:38.097700', interaction_type="InteractionRecord(id='1241be701811', timestamp='2026-05-27T09:12:38.097700', interaction_type='conversation', user_satisfaction=0.7999999999999999, response_quality=0.8, latency_ms=450, tokens_used=0, was_proactive=False, context_relevance=0.5, error_occurred=False, tags=[], metadata={})", user_satisfaction=None, response_quality=0.5, latency_ms=0.0, tokens_used=0, was_proactive=False, context_relevance=0.5, error_occurred=False, tags=[], metadata={}), InteractionRecord(id='cf27fc6058e2', timestamp='2026-05-27T09:12:38.103144', interaction_type="InteractionRecord(id='2f1cf79b0b1f', timestamp='2026-05-27T09:12:38.103144', interaction_type='conversation', user_satisfaction=0.8999999999999999, response_quality=0.6, latency_ms=500, tokens_used=0, was_proactive=False, context_relevance=0.5, error_occurred=False, tags=[], metadata={})", user_satisfaction=None, response_quality=0.5, latency_ms=0.0, tokens_used=0, was_proactive=False, context_relevance=0.5, error_occurred=False, tags=[], metadata={}), InteractionRecord(id='493cd291fb0d', timestamp='2026-05-27T09:12:38.109362', interaction_type="InteractionRecord(id='f344ec16181c', timestamp='2026-05-27T09:12:38.109362', interaction_type='conversation', user_satisfaction=0.7, response_quality=0.8, latency_ms=550, tokens_used=0, was_proactive=False, context_relevance=0.5, error_occurred=False, tags=[], metadata={})", user_satisfaction=None, response_quality=0.5, latency_ms=0.0, tokens_used=0, was_proactive=False, context_relevance=0.5, error_occurred=False, tags=[], metadata={}), InteractionRecord(id='aa78251350a8', timestamp='2026-05-27T09:12:38.153169', interaction_type="InteractionRecord(id='cc7bd63d8e67', timestamp='2026-05-27T09:12:38.153169', interaction_type='conversation', user_satisfaction=0.7999999999999999, response_quality=0.6, latency_ms=600, tokens_used=0, was_proactive=False, context_relevance=0.5, error_occurred=False, tags=[], metadata={})", user_satisfaction=None, response_quality=0.5, latency_ms=0.0, tokens_used=0, was_proactive=False, context_relevance=0.5, error_occurred=False, tags=[], metadata={}), InteractionRecord(id='fd62f96f894e', timestamp='2026-05-27T09:12:38.153169', interaction_type="InteractionRecord(id='a8ef917e0e07', timestamp='2026-05-27T09:12:38.153169', interaction_type='conversation', user_satisfaction=0.8999999999999999, response_quality=0.8, latency_ms=650, tokens_used=0, was_proactive=False, context_relevance=0.5, error_occurred=False, tags=[], metadata={})", user_satisfaction=None, response_quality=0.5, latency_ms=0.0, tokens_used=0, was_proactive=False, context_relevance=0.5, error_occurred=False, tags=[], metadata={}), InteractionRecord(id='fdb4a24f527d', timestamp='2026-05-27T09:12:38.153169', interaction_type="InteractionRecord(id='ada42165040f', timestamp='2026-05-27T09:12:38.153169', interaction_type='conversation', user_satisfaction=0.7, response_quality=0.6, latency_ms=700, tokens_used=0, was_proactive=False, context_relevance=0.5, error_occurred=False, tags=[], metadata={})", user_satisfaction=None, response_quality=0.5, latency_ms=0.0, tokens_used=0, was_proactive=False, context_relevance=0.5, error_occurred=False, tags=[], metadata={}), InteractionRecord(id='99a7d0dd0562', timestamp='2026-05-27T09:12:38.173291', interaction_type="InteractionRecord(id='f7ffb1695bd8', timestamp='2026-05-27T09:12:38.173291', interaction_type='conversation', user_satisfaction=0.7999999999999999, response_quality=0.8, latency_ms=750, tokens_used=0, was_proactive=False, context_relevance=0.5, error_occurred=False, tags=[], metadata={})", user_satisfaction=None, response_quality=0.5, latency_ms=0.0, tokens_used=0, was_proactive=False, context_relevance=0.5, error_occurred=False, tags=[], metadata={}), InteractionRecord(id='5861f40529fc', timestamp='2026-05-27T09:12:38.179304', interaction_type="InteractionRecord(id='aee9ef19662d', timestamp='2026-05-27T09:12:38.179304', interaction_type='conversation', user_satisfaction=0.8999999999999999, response_quality=0.6, latency_ms=800, tokens_used=0, was_proactive=False, context_relevance=0.5, error_occurred=False, tags=[], metadata={})", user_satisfaction=None, response_quality=0.5, latency_ms=0.0, tokens_used=0, was_proactive=False, context_relevance=0.5, error_occurred=False, tags=[], metadata={}), InteractionRecord(id='1d8e269daa94', timestamp='2026-05-27T09:12:38.183310', interaction_type="InteractionRecord(id='5257d0267dc0', timestamp='2026-05-27T09:12:38.183310', interaction_type='conversation', user_satisfaction=0.7, response_quality=0.8, latency_ms=850, tokens_used=0, was_proactive=False, context_relevance=0.5, error_occurred=False, tags=[], metadata={})", user_satisfaction=None, response_quality=0.5, latency_ms=0.0, tokens_used=0, was_proactive=False, context_relevance=0.5, error_occurred=False, tags=[], metadata={}), InteractionRecord(id='c096518175e8', timestamp='2026-05-27T09:12:58.722019', interaction_type="InteractionRecord(id='59852e3a9b5e', timestamp='2026-05-27T09:12:58.722019', interaction_type='conversation', user_satisfaction=0.8, response_quality=0.7, latency_ms=0.0, tokens_used=0, was_proactive=False, context_relevance=0.5, error_occurred=False, tags=[], metadata={})", user_satisfaction=None, response_quality=0.5, latency_ms=0.0, tokens_used=0, was_proactive=False, context_relevance=0.5, error_occurred=False, tags=[], metadata={}), InteractionRecord(id='06cdec58b619', timestamp='2026-05-27T09:12:58.738241', interaction_type="InteractionRecord(id='1d53a62de915', timestamp='2026-05-27T09:12:58.738241', interaction_type='conversation', user_satisfaction=0.8, response_quality=0.7, latency_ms=0.0, tokens_used=0, was_proactive=False, context_relevance=0.5, error_occurred=False, tags=[], metadata={})", user_satisfaction=None, response_quality=0.5, latency_ms=0.0, tokens_used=0, was_proactive=False, context_relevance=0.5, error_occurred=False, tags=[], metadata={}), InteractionRecord(id='c986be003eee', timestamp='2026-05-27T09:12:58.741626', interaction_type="InteractionRecord(id='85c496f90ae8', timestamp='2026-05-27T09:12:58.741626', interaction_type='conversation', user_satisfaction=0.8, response_quality=0.7, latency_ms=0.0, tokens_used=0, was_proactive=False, context_relevance=0.5, error_occurred=False, tags=[], metadata={})", user_satisfaction=None, response_quality=0.5, latency_ms=0.0, tokens_used=0, was_proactive=False, context_relevance=0.5, error_occurred=False, tags=[], metadata={}), InteractionRecord(id='af84710a7fe4', timestamp='2026-05-27T09:12:58.741626', interaction_type="InteractionRecord(id='a2e9d0524436', timestamp='2026-05-27T09:12:58.741626', interaction_type='conversation', user_satisfaction=0.8, response_quality=0.7, latency_ms=0.0, tokens_used=0, was_proactive=False, context_relevance=0.5, error_occurred=False, tags=[], metadata={})", user_satisfaction=None, response_quality=0.5, latency_ms=0.0, tokens_used=0, was_proactive=False, context_relevance=0.5, error_occurred=False, tags=[], metadata={}), InteractionRecord(id='a8aff4569298', timestamp='2026-05-27T09:12:58.754858', interaction_type="InteractionRecord(id='74aa81752854', timestamp='2026-05-27T09:12:58.754858', interaction_type='conversation', user_satisfaction=0.8, response_quality=0.7, latency_ms=0.0, tokens_used=0, was_proactive=False, context_relevance=0.5, error_occurred=False, tags=[], metadata={})", user_satisfaction=None, response_quality=0.5, latency_ms=0.0, tokens_used=0, was_proactive=False, context_relevance=0.5, error_occurred=False, tags=[], metadata={}), InteractionRecord(id='895c782a199b', timestamp='2026-05-27T09:12:58.771584', interaction_type="InteractionRecord(id='904ea6b286ea', timestamp='2026-05-27T09:12:58.771584', interaction_type='conversation', user_satisfaction=0.7, response_quality=0.6, latency_ms=0.0, tokens_used=0, was_proactive=False, context_relevance=0.5, error_occurred=False, tags=[], metadata={})", user_satisfaction=None, response_quality=0.5, latency_ms=0.0, tokens_used=0, was_proactive=False, context_relevance=0.5, error_occurred=False, tags=[], metadata={}), InteractionRecord(id='0fdf8c0d78e5', timestamp='2026-05-27T09:12:58.788131', interaction_type="InteractionRecord(id='9c9212c059a2', timestamp='2026-05-27T09:12:58.788131', interaction_type='conversation', user_satisfaction=0.7, response_quality=0.6, latency_ms=0.0, tokens_used=0, was_proactive=False, context_relevance=0.5, error_occurred=False, tags=[], metadata={})", user_satisfaction=None, response_quality=0.5, latency_ms=0.0, tokens_used=0, was_proactive=False, context_relevance=0.5, error_occurred=False, tags=[], metadata={}), InteractionRecord(id='35ae3feb668b', timestamp='2026-05-27T09:12:58.788131', interaction_type="InteractionRecord(id='904ae170f2dc', timestamp='2026-05-27T09:12:58.788131', interaction_type='conversation', user_satisfaction=0.7, response_quality=0.6, latency_ms=0.0, tokens_used=0, was_proactive=False, context_relevance=0.5, error_occurred=False, tags=[], metadata={})", user_satisfaction=None, response_quality=0.5, latency_ms=0.0, tokens_used=0, was_proactive=False, context_relevance=0.5, error_occurred=False, tags=[], metadata={}), InteractionRecord(id='5b905f7ae66a', timestamp='2026-05-27T09:12:58.788131', interaction_type="InteractionRecord(id='af3dcf9cb40a', timestamp='2026-05-27T09:12:58.788131', interaction_type='conversation', user_satisfaction=0.7, response_quality=0.6, latency_ms=0.0, tokens_used=0, was_proactive=False, context_relevance=0.5, error_occurred=False, tags=[], metadata={})", user_satisfaction=None, response_quality=0.5, latency_ms=0.0, tokens_used=0, was_proactive=False, context_relevance=0.5, error_occurred=False, tags=[], metadata={}), InteractionRecord(id='4093e3ec7697', timestamp='2026-05-27T09:12:58.804857', interaction_type="InteractionRecord(id='df273b7e91aa', timestamp='2026-05-27T09:12:58.804857', interaction_type='conversation', user_satisfaction=0.7, response_quality=0.6, latency_ms=0.0, tokens_used=0, was_proactive=False, context_relevance=0.5, error_occurred=False, tags=[], metadata={})", user_satisfaction=None, response_quality=0.5, latency_ms=0.0, tokens_used=0, was_proactive=False, context_relevance=0.5, error_occurred=False, tags=[], metadata={}), InteractionRecord(id='90b4accadcb0', timestamp='2026-05-27T09:12:58.804857', interaction_type="InteractionRecord(id='b6b61f52eb81', timestamp='2026-05-27T09:12:58.804857', interaction_type='conversation', user_satisfaction=0.7, response_quality=0.6, latency_ms=0.0, tokens_used=0, was_proactive=False, context_relevance=0.5, error_occurred=False, tags=[], metadata={})", user_satisfaction=None, response_quality=0.5, latency_ms=0.0, tokens_used=0, was_proactive=False, context_relevance=0.5, error_occurred=False, tags=[], metadata={}), InteractionRecord(id='5ea22ca19b70', timestamp='2026-05-27T09:12:58.871531', interaction_type="InteractionRecord(id='06d8231f11a8', timestamp='2026-05-27T09:12:58.871531', interaction_type='conversation', user_satisfaction=0.7, response_quality=0.6, latency_ms=0.0, tokens_used=0, was_proactive=False, context_relevance=0.5, error_occurred=False, tags=[], metadata={})", user_satisfaction=None, response_quality=0.5, latency_ms=0.0, tokens_used=0, was_proactive=False, context_relevance=0.5, error_occurred=False, tags=[], metadata={}), InteractionRecord(id='70d95692efbf', timestamp='2026-05-27T09:12:58.888208', interaction_type="InteractionRecord(id='3e2d4b13487a', timestamp='2026-05-27T09:12:58.888208', interaction_type='conversation', user_satisfaction=0.7, response_quality=0.6, latency_ms=0.0, tokens_used=0, was_proactive=False, context_relevance=0.5, error_occurred=False, tags=[], metadata={})", user_satisfaction=None, response_quality=0.5, latency_ms=0.0, tokens_used=0, was_proactive=False, context_relevance=0.5, error_occurred=False, tags=[], metadata={}), InteractionRecord(id='3766e2d77924', timestamp='2026-05-27T09:12:58.888208', interaction_type="InteractionRecord(id='82eab43552de', timestamp='2026-05-27T09:12:58.888208', interaction_type='conversation', user_satisfaction=0.7, response_quality=0.6, latency_ms=0.0, tokens_used=0, was_proactive=False, context_relevance=0.5, error_occurred=False, tags=[], metadata={})", user_satisfaction=None, response_quality=0.5, latency_ms=0.0, tokens_used=0, was_proactive=False, context_relevance=0.5, error_occurred=False, tags=[], metadata={}), InteractionRecord(id='ddc4e398c87d', timestamp='2026-05-27T09:12:58.904841', interaction_type="InteractionRecord(id='a8868b9d157c', timestamp='2026-05-27T09:12:58.904841', interaction_type='conversation', user_satisfaction=0.7, response_quality=0.6, latency_ms=0.0, tokens_used=0, was_proactive=False, context_relevance=0.5, error_occurred=False, tags=[], metadata={})", user_satisfaction=None, response_quality=0.5, latency_ms=0.0, tokens_used=0, was_proactive=False, context_relevance=0.5, error_occurred=False, tags=[], metadata={}), InteractionRecord(id='4fd0ac9d2be1', timestamp='2026-05-27T09:12:58.904841', interaction_type="InteractionRecord(id='324d92137a7e', timestamp='2026-05-27T09:12:58.904841', interaction_type='conversation', user_satisfaction=0.7, response_quality=0.6, latency_ms=0.0, tokens_used=0, was_proactive=False, context_relevance=0.5, error_occurred=False, tags=[], metadata={})", user_satisfaction=None, response_quality=0.5, latency_ms=0.0, tokens_used=0, was_proactive=False, context_relevance=0.5, error_occurred=False, tags=[], metadata={}), InteractionRecord(id='4da900ae97a6', timestamp='2026-05-27T09:12:58.921515', interaction_type="InteractionRecord(id='8d4c0579dcfc', timestamp='2026-05-27T09:12:58.921515', interaction_type='conversation', user_satisfaction=0.7, response_quality=0.6, latency_ms=0.0, tokens_used=0, was_proactive=False, context_relevance=0.5, error_occurred=False, tags=[], metadata={})", user_satisfaction=None, response_quality=0.5, latency_ms=0.0, tokens_used=0, was_proactive=False, context_relevance=0.5, error_occurred=False, tags=[], metadata={}), InteractionRecord(id='706d78fb7426', timestamp='2026-05-27T09:12:58.921515', interaction_type="InteractionRecord(id='3176575b21fb', timestamp='2026-05-27T09:12:58.921515', interaction_type='conversation', user_satisfaction=0.7, response_quality=0.6, latency_ms=0.0, tokens_used=0, was_proactive=False, context_relevance=0.5, error_occurred=False, tags=[], metadata={})", user_satisfaction=None, response_quality=0.5, latency_ms=0.0, tokens_used=0, was_proactive=False, context_relevance=0.5, error_occurred=False, tags=[], metadata={}), InteractionRecord(id='89df0befad19', timestamp='2026-05-27T09:12:58.921515', interaction_type="InteractionRecord(id='aa885b3a6503', timestamp='2026-05-27T09:12:58.921515', interaction_type='conversation', user_satisfaction=0.7, response_quality=0.6, latency_ms=0.0, tokens_used=0, was_proactive=False, context_relevance=0.5, error_occurred=False, tags=[], metadata={})", user_satisfaction=None, response_quality=0.5, latency_ms=0.0, tokens_used=0, was_proactive=False, context_relevance=0.5, error_occurred=False, tags=[], metadata={}), InteractionRecord(id=658954774415, timestamp='2026-05-27T09:12:58.942116', interaction_type="InteractionRecord(id='67879e50aa14', timestamp='2026-05-27T09:12:58.942116', interaction_type='conversation', user_satisfaction=0.7, response_quality=0.6, latency_ms=0.0, tokens_used=0, was_proactive=False, context_relevance=0.5, error_occurred=False, tags=[], metadata={})", user_satisfaction=None, response_quality=0.5, latency_ms=0.0, tokens_used=0, was_proactive=False, context_relevance=0.5, error_occurred=False, tags=[], metadata={}), InteractionRecord(id='f835a0c54145', timestamp='2026-05-27T09:12:58.942116', interaction_type="InteractionRecord(id='2b811184fccb', timestamp='2026-05-27T09:12:58.942116', interaction_type='conversation', user_satisfaction=0.7, response_quality=0.6, latency_ms=0.0, tokens_used=0, was_proactive=False, context_relevance=0.5, error_occurred=False, tags=[], metadata={})", user_satisfaction=None, response_quality=0.5, latency_ms=0.0, tokens_used=0, was_proactive=False, context_relevance=0.5, error_occurred=False, tags=[], metadata={}), InteractionRecord(id='03f2689effac', timestamp='2026-05-27T09:12:58.954888', interaction_type="InteractionRecord(id='3db4a8458625', timestamp='2026-05-27T09:12:58.954888', interaction_type='conversation', user_satisfaction=0.7, response_quality=0.6, latency_ms=0.0, tokens_used=0, was_proactive=False, context_relevance=0.5, error_occurred=False, tags=[], metadata={})", user_satisfaction=None, response_quality=0.5, latency_ms=0.0, tokens_used=0, was_proactive=False, context_relevance=0.5, error_occurred=False, tags=[], metadata={}), InteractionRecord(id='e4b9ee29d9a3', timestamp='2026-05-27T09:12:58.954888', interaction_type="InteractionRecord(id='4ef273b63985', timestamp='2026-05-27T09:12:58.954888', interaction_type='conversation', user_satisfaction=0.7, response_quality=0.6, latency_ms=0.0, tokens_used=0, was_proactive=False, context_relevance=0.5, error_occurred=False, tags=[], metadata={})", user_satisfaction=None, response_quality=0.5, latency_ms=0.0, tokens_used=0, was_proactive=False, context_relevance=0.5, error_occurred=False, tags=[], metadata={}), InteractionRecord(id='06da97f7d858', timestamp='2026-05-27T09:12:58.971574', interaction_type="InteractionRecord(id='99312cc4a5fa', timestamp='2026-05-27T09:12:58.971574', interaction_type='conversation', user_satisfaction=0.7, response_quality=0.6, latency_ms=0.0, tokens_used=0, was_proactive=False, context_relevance=0.5, error_occurred=False, tags=[], metadata={})", user_satisfaction=None, response_quality=0.5, latency_ms=0.0, tokens_used=0, was_proactive=False, context_relevance=0.5, error_occurred=False, tags=[], metadata={}), InteractionRecord(id='abe2c1ce1cbb', timestamp='2026-05-27T09:12:58.971574', interaction_type="InteractionRecord(id='e9fc448042f7', timestamp='2026-05-27T09:12:58.971574', interaction_type='conversation', user_satisfaction=0.7, response_quality=0.6, latency_ms=0.0, tokens_used=0, was_proactive=False, context_relevance=0.5, error_occurred=False, tags=[], metadata={})", user_satisfaction=None, response_quality=0.5, latency_ms=0.0, tokens_used=0, was_proactive=False, context_relevance=0.5, error_occurred=False, tags=[], metadata={}), InteractionRecord(id='3b0e16bf6b76', timestamp='2026-05-27T09:12:58.971574', interaction_type="InteractionRecord(id='1f6d60c788d9', timestamp='2026-05-27T09:12:58.971574', interaction_type='conversation', user_satisfaction=0.7, response_quality=0.6, latency_ms=0.0, tokens_used=0, was_proactive=False, context_relevance=0.5, error_occurred=False, tags=[], metadata={})", user_satisfaction=None, response_quality=0.5, latency_ms=0.0, tokens_used=0, was_proactive=False, context_relevance=0.5, error_occurred=False, tags=[], metadata={}), InteractionRecord(id='3d7660a8dcd9', timestamp='2026-05-27T09:12:58.988208', interaction_type="InteractionRecord(id='d342e0560a01', timestamp='2026-05-27T09:12:58.988208', interaction_type='conversation', user_satisfaction=0.7, response_quality=0.6, latency_ms=0.0, tokens_used=0, was_proactive=False, context_relevance=0.5, error_occurred=False, tags=[], metadata={})", user_satisfaction=None, response_quality=0.5, latency_ms=0.0, tokens_used=0, was_proactive=False, context_relevance=0.5, error_occurred=False, tags=[], metadata={}), InteractionRecord(id='714bc86356ec', timestamp='2026-05-27T09:12:58.988208', interaction_type="InteractionRecord(id='d49370dfbf7f', timestamp='2026-05-27T09:12:58.988208', interaction_type='conversation', user_satisfaction=0.7, response_quality=0.6, latency_ms=0.0, tokens_used=0, was_proactive=False, context_relevance=0.5, error_occurred=False, tags=[], metadata={})", user_satisfaction=None, response_quality=0.5, latency_ms=0.0, tokens_used=0, was_proactive=False, context_relevance=0.5, error_occurred=False, tags=[], metadata={}), InteractionRecord(id='94fb0f293598', timestamp='2026-05-27T09:12:59.004873', interaction_type="InteractionRecord(id='a4fc4ab672e0', timestamp='2026-05-27T09:12:59.004873', interaction_type='conversation', user_satisfaction=0.7, response_quality=0.6, latency_ms=0.0, tokens_used=0, was_proactive=False, context_relevance=0.5, error_occurred=False, tags=[], metadata={})", user_satisfaction=None, response_quality=0.5, latency_ms=0.0, tokens_used=0, was_proactive=False, context_relevance=0.5, error_occurred=False, tags=[], metadata={}), InteractionRecord(id='93f3a6702940', timestamp='2026-05-27T09:12:59.004873', interaction_type="InteractionRecord(id='2d8b1117533f', timestamp='2026-05-27T09:12:59.004873', interaction_type='conversation', user_satisfaction=0.7, response_quality=0.6, latency_ms=0.0, tokens_used=0, was_proactive=False, context_relevance=0.5, error_occurred=False, tags=[], metadata={})", user_satisfaction=None, response_quality=0.5, latency_ms=0.0, tokens_used=0, was_proactive=False, context_relevance=0.5, error_occurred=False, tags=[], metadata={}), InteractionRecord(id='3664a09d2e26', timestamp='2026-05-27T09:12:59.021542', interaction_type="InteractionRecord(id='7cec96699184', timestamp='2026-05-27T09:12:59.021542', interaction_type='conversation', user_satisfaction=0.7, response_quality=0.6, latency_ms=0.0, tokens_used=0, was_proactive=False, context_relevance=0.5, error_occurred=False, tags=[], metadata={})", user_satisfaction=None, response_quality=0.5, latency_ms=0.0, tokens_used=0, was_proactive=False, context_relevance=0.5, error_occurred=False, tags=[], metadata={}), InteractionRecord(id='f9bf40dd346d', timestamp='2026-05-27T09:12:59.021542', interaction_type="InteractionRecord(id='38150988a6d7', timestamp='2026-05-27T09:12:59.021542', interaction_type='conversation', user_satisfaction=0.7, response_quality=0.6, latency_ms=0.0, tokens_used=0, was_proactive=False, context_relevance=0.5, error_occurred=False, tags=[], metadata={})", user_satisfaction=None, response_quality=0.5, latency_ms=0.0, tokens_used=0, was_proactive=False, context_relevance=0.5, error_occurred=False, tags=[], metadata={}), InteractionRecord(id='ee925806bab6', timestamp='2026-05-27T09:12:59.036924', interaction_type="InteractionRecord(id='3ce27a307bfe', timestamp='2026-05-27T09:12:59.036924', interaction_type='conversation', user_satisfaction=0.7, response_quality=0.6, latency_ms=0.0, tokens_used=0, was_proactive=False, context_relevance=0.5, error_occurred=False, tags=[], metadata={})", user_satisfaction=None, response_quality=0.5, latency_ms=0.0, tokens_used=0, was_proactive=False, context_relevance=0.5, error_occurred=False, tags=[], metadata={}), InteractionRecord(id='431a2807a604', timestamp='2026-05-27T09:12:59.042024', interaction_type="InteractionRecord(id='fdbc1515dbf8', timestamp='2026-05-27T09:12:59.042024', interaction_type='conversation', user_satisfaction=0.7, response_quality=0.6, latency_ms=0.0, tokens_used=0, was_proactive=False, context_relevance=0.5, error_occurred=False, tags=[], metadata={})", user_satisfaction=None, response_quality=0.5, latency_ms=0.0, tokens_used=0, was_proactive=False, context_relevance=0.5, error_occurred=False, tags=[], metadata={}), InteractionRecord(id='a1e2ae5312a6', timestamp='2026-05-27T09:12:59.053596', interaction_type="InteractionRecord(id='6edc6c9582d6', timestamp='2026-05-27T09:12:59.053596', interaction_type='conversation', user_satisfaction=0.7, response_quality=0.6, latency_ms=0.0, tokens_used=0, was_proactive=False, context_relevance=0.5, error_occurred=False, tags=[], metadata={})", user_satisfaction=None, response_quality=0.5, latency_ms=0.0, tokens_used=0, was_proactive=False, context_relevance=0.5, error_occurred=False, tags=[], metadata={}), InteractionRecord(id='fc0229474fc6', timestamp='2026-05-27T09:12:59.055118', interaction_type="InteractionRecord(id='bc80f7e302f3', timestamp='2026-05-27T09:12:59.055118', interaction_type='conversation', user_satisfaction=0.7, response_quality=0.6, latency_ms=0.0, tokens_used=0, was_proactive=False, context_relevance=0.5, error_occurred=False, tags=[], metadata={})", user_satisfaction=None, response_quality=0.5, latency_ms=0.0, tokens_used=0, was_proactive=False, context_relevance=0.5, error_occurred=False, tags=[], metadata={}), InteractionRecord(id='17eea09f0b3d', timestamp='2026-05-27T09:12:59.055118', interaction_type="InteractionRecord(id='e89f30c14562', timestamp='2026-05-27T09:12:59.055118', interaction_type='conversation', user_satisfaction=0.7, response_quality=0.6, latency_ms=0.0, tokens_used=0, was_proactive=False, context_relevance=0.5, error_occurred=False, tags=[], metadata={})", user_satisfaction=None, response_quality=0.5, latency_ms=0.0, tokens_used=0, was_proactive=False, context_relevance=0.5, error_occurred=False, tags=[], metadata={}), InteractionRecord(id='7785cedc2f59', timestamp='2026-05-27T09:12:59.071699', interaction_type="InteractionRecord(id='69239108b29c', timestamp='2026-05-27T09:12:59.071699', interaction_type='conversation', user_satisfaction=0.7, response_quality=0.6, latency_ms=0.0, tokens_used=0, was_proactive=False, context_relevance=0.5, error_occurred=False, tags=[], metadata={})", user_satisfaction=None, response_quality=0.5, latency_ms=0.0, tokens_used=0, was_proactive=False, context_relevance=0.5, error_occurred=False, tags=[], metadata={}), InteractionRecord(id='a8f08f65c470', timestamp='2026-05-27T09:12:59.082112', interaction_type="InteractionRecord(id='b4558a53c2a3', timestamp='2026-05-27T09:12:59.082112', interaction_type='conversation', user_satisfaction=0.7, response_quality=0.6, latency_ms=0.0, tokens_used=0, was_proactive=False, context_relevance=0.5, error_occurred=False, tags=[], metadata={})", user_satisfaction=None, response_quality=0.5, latency_ms=0.0, tokens_used=0, was_proactive=False, context_relevance=0.5, error_occurred=False, tags=[], metadata={}), InteractionRecord(id='3b480746e19f', timestamp='2026-05-27T09:12:59.088327', interaction_type="InteractionRecord(id='6fcfacec4019', timestamp='2026-05-27T09:12:59.088327', interaction_type='conversation', user_satisfaction=0.7, response_quality=0.6, latency_ms=0.0, tokens_used=0, was_proactive=False, context_relevance=0.5, error_occurred=False, tags=[], metadata={})", user_satisfaction=None, response_quality=0.5, latency_ms=0.0, tokens_used=0, was_proactive=False, context_relevance=0.5, error_occurred=False, tags=[], metadata={}), InteractionRecord(id=inf, timestamp='2026-05-27T09:12:59.105504', interaction_type="InteractionRecord(id='3571fa26aaa2', timestamp='2026-05-27T09:12:59.105504', interaction_type='conversation', user_satisfaction=0.7, response_quality=0.6, latency_ms=0.0, tokens_used=0, was_proactive=False, context_relevance=0.5, error_occurred=False, tags=[], metadata={})", user_satisfaction=None, response_quality=0.5, latency_ms=0.0, tokens_used=0, was_proactive=False, context_relevance=0.5, error_occurred=False, tags=[], metadata={}), InteractionRecord(id='b86189ebd7b6', timestamp='2026-05-27T09:12:59.105504', interaction_type="InteractionRecord(id='410999815c30', timestamp='2026-05-27T09:12:59.105504', interaction_type='conversation', user_satisfaction=0.7, response_quality=0.6, latency_ms=0.0, tokens_used=0, was_proactive=False, context_relevance=0.5, error_occurred=False, tags=[], metadata={})", user_satisfaction=None, response_quality=0.5, latency_ms=0.0, tokens_used=0, was_proactive=False, context_relevance=0.5, error_occurred=False, tags=[], metadata={}), InteractionRecord(id='51f589da7309', timestamp='2026-05-27T09:12:59.121698', interaction_type="InteractionRecord(id='e63362e84196', timestamp='2026-05-27T09:12:59.121698', interaction_type='conversation', user_satisfaction=0.7, response_quality=0.6, latency_ms=0.0, tokens_used=0, was_proactive=False, context_relevance=0.5, error_occurred=False, tags=[], metadata={})", user_satisfaction=None, response_quality=0.5, latency_ms=0.0, tokens_used=0, was_proactive=False, context_relevance=0.5, error_occurred=False, tags=[], metadata={}), InteractionRecord(id='a420140392fd', timestamp='2026-05-27T09:12:59.121698', interaction_type="InteractionRecord(id='771ddf992423', timestamp='2026-05-27T09:12:59.121698', interaction_type='conversation', user_satisfaction=0.7, response_quality=0.6, latency_ms=0.0, tokens_used=0, was_proactive=False, context_relevance=0.5, error_occurred=False, tags=[], metadata={})", user_satisfaction=None, response_quality=0.5, latency_ms=0.0, tokens_used=0, was_proactive=False, context_relevance=0.5, error_occurred=False, tags=[], metadata={}), InteractionRecord(id='04098b2996df', timestamp='2026-05-27T09:12:59.142270', interaction_type="InteractionRecord(id='9b0413e2e9db', timestamp='2026-05-27T09:12:59.142270', interaction_type='conversation', user_satisfaction=0.7, response_quality=0.6, latency_ms=0.0, tokens_used=0, was_proactive=False, context_relevance=0.5, error_occurred=False, tags=[], metadata={})", user_satisfaction=None, response_quality=0.5, latency_ms=0.0, tokens_used=0, was_proactive=False, context_relevance=0.5, error_occurred=False, tags=[], metadata={}), InteractionRecord(id='36790b1a291e', timestamp='2026-05-27T09:12:59.153381', interaction_type="InteractionRecord(id='b56969882de3', timestamp='2026-05-27T09:12:59.153381', interaction_type='conversation', user_satisfaction=0.7, response_quality=0.6, latency_ms=0.0, tokens_used=0, was_proactive=False, context_relevance=0.5, error_occurred=False, tags=[], metadata={})", user_satisfaction=None, response_quality=0.5, latency_ms=0.0, tokens_used=0, was_proactive=False, context_relevance=0.5, error_occurred=False, tags=[], metadata={}), InteractionRecord(id='c2a36ab3e1e5', timestamp='2026-05-27T09:12:59.154901', interaction_type="InteractionRecord(id='f873c7a36f57', timestamp='2026-05-27T09:12:59.154901', interaction_type='conversation', user_satisfaction=0.7, response_quality=0.6, latency_ms=0.0, tokens_used=0, was_proactive=False, context_relevance=0.5, error_occurred=False, tags=[], metadata={})", user_satisfaction=None, response_quality=0.5, latency_ms=0.0, tokens_used=0, was_proactive=False, context_relevance=0.5, error_occurred=False, tags=[], metadata={}), InteractionRecord(id='712905c2253e', timestamp='2026-05-27T09:12:59.169662', interaction_type="InteractionRecord(id='ad043c6b300d', timestamp='2026-05-27T09:12:59.169662', interaction_type='conversation', user_satisfaction=0.7, response_quality=0.6, latency_ms=0.0, tokens_used=0, was_proactive=False, context_relevance=0.5, error_occurred=False, tags=[], metadata={})", user_satisfaction=None, response_quality=0.5, latency_ms=0.0, tokens_used=0, was_proactive=False, context_relevance=0.5, error_occurred=False, tags=[], metadata={}), InteractionRecord(id='65312d3cb8a4', timestamp='2026-05-27T09:12:59.180072', interaction_type="InteractionRecord(id='55eb77b298b5', timestamp='2026-05-27T09:12:59.180072', interaction_type='conversation', user_satisfaction=0.7, response_quality=0.6, latency_ms=0.0, tokens_used=0, was_proactive=False, context_relevance=0.5, error_occurred=False, tags=[], metadata={})", user_satisfaction=None, response_quality=0.5, latency_ms=0.0, tokens_used=0, was_proactive=False, context_relevance=0.5, error_occurred=False, tags=[], metadata={}), InteractionRecord(id='e56a03ab0a4b', timestamp='2026-05-27T09:12:59.192737', interaction_type="InteractionRecord(id='dfc90ec2ebfc', timestamp='2026-05-27T09:12:59.192737', interaction_type='conversation', user_satisfaction=0.7, response_quality=0.6, latency_ms=0.0, tokens_used=0, was_proactive=False, context_relevance=0.5, error_occurred=False, tags=[], metadata={})", user_satisfaction=None, response_quality=0.5, latency_ms=0.0, tokens_used=0, was_proactive=False, context_relevance=0.5, error_occurred=False, tags=[], metadata={}), InteractionRecord(id='db5a78fa44ff', timestamp='2026-05-27T09:12:59.196773', interaction_type="InteractionRecord(id='4316a12e41fe', timestamp='2026-05-27T09:12:59.196773', interaction_type='conversation', user_satisfaction=0.7, response_quality=0.6, latency_ms=0.0, tokens_used=0, was_proactive=False, context_relevance=0.5, error_occurred=False, tags=[], metadata={})", user_satisfaction=None, response_quality=0.5, latency_ms=0.0, tokens_used=0, was_proactive=False, context_relevance=0.5, error_occurred=False, tags=[], metadata={}), InteractionRecord(id='d0be3732773f', timestamp='2026-05-27T09:12:59.212456', interaction_type="InteractionRecord(id='a6870ac47782', timestamp='2026-05-27T09:12:59.212456', interaction_type='conversation', user_satisfaction=0.7, response_quality=0.6, latency_ms=0.0, tokens_used=0, was_proactive=False, context_relevance=0.5, error_occurred=False, tags=[], metadata={})", user_satisfaction=None, response_quality=0.5, latency_ms=0.0, tokens_used=0, was_proactive=False, context_relevance=0.5, error_occurred=False, tags=[], metadata={}), InteractionRecord(id='1bc7e4b4ecf1', timestamp='2026-05-27T09:12:59.220455', interaction_type="InteractionRecord(id='c5d7897cf5ee', timestamp='2026-05-27T09:12:59.220455', interaction_type='conversation', user_satisfaction=0.7, response_quality=0.6, latency_ms=0.0, tokens_used=0, was_proactive=False, context_relevance=0.5, error_occurred=False, tags=[], metadata={})", user_satisfaction=None, response_quality=0.5, latency_ms=0.0, tokens_used=0, was_proactive=False, context_relevance=0.5, error_occurred=False, tags=[], metadata={}), InteractionRecord(id='9136c27ef509', timestamp='2026-05-27T09:12:59.230462', interaction_type="InteractionRecord(id='3fba03fbd2b7', timestamp='2026-05-27T09:12:59.230462', interaction_type='conversation', user_satisfaction=0.7, response_quality=0.6, latency_ms=0.0, tokens_used=0, was_proactive=False, context_relevance=0.5, error_occurred=False, tags=[], metadata={})", user_satisfaction=None, response_quality=0.5, latency_ms=0.0, tokens_used=0, was_proactive=False, context_relevance=0.5, error_occurred=False, tags=[], metadata={}), InteractionRecord(id='127c509a1ff4', timestamp='2026-05-27T09:12:59.237492', interaction_type="InteractionRecord(id='a620cc390112', timestamp='2026-05-27T09:12:59.237492', interaction_type='conversation', user_satisfaction=0.7, response_quality=0.6, latency_ms=0.0, tokens_used=0, was_proactive=False, context_relevance=0.5, error_occurred=False, tags=[], metadata={})", user_satisfaction=None, response_quality=0.5, latency_ms=0.0, tokens_used=0, was_proactive=False, context_relevance=0.5, error_occurred=False, tags=[], metadata={}), InteractionRecord(id='ea25b76271ec', timestamp='2026-05-27T09:12:59.242548', interaction_type="InteractionRecord(id='6496ea3b444b', timestamp='2026-05-27T09:12:59.242548', interaction_type='conversation', user_satisfaction=0.7, response_quality=0.6, latency_ms=0.0, tokens_used=0, was_proactive=False, context_relevance=0.5, error_occurred=False, tags=[], metadata={})", user_satisfaction=None, response_quality=0.5, latency_ms=0.0, tokens_used=0, was_proactive=False, context_relevance=0.5, error_occurred=False, tags=[], metadata={}), InteractionRecord(id='53b7ba403f88', timestamp='2026-05-27T09:12:59.242548', interaction_type="InteractionRecord(id='692a8a14123b', timestamp='2026-05-27T09:12:59.242548', interaction_type='conversation', user_satisfaction=0.7, response_quality=0.6, latency_ms=0.0, tokens_used=0, was_proactive=False, context_relevance=0.5, error_occurred=False, tags=[], metadata={})", user_satisfaction=None, response_quality=0.5, latency_ms=0.0, tokens_used=0, was_proactive=False, context_relevance=0.5, error_occurred=False, tags=[], metadata={}), InteractionRecord(id='f2aa141d3867', timestamp='2026-05-27T09:12:59.254989', interaction_type="InteractionRecord(id='37519ba78c06', timestamp='2026-05-27T09:12:59.254989', interaction_type='conversation', user_satisfaction=0.7, response_quality=0.6, latency_ms=0.0, tokens_used=0, was_proactive=False, context_relevance=0.5, error_occurred=False, tags=[], metadata={})", user_satisfaction=None, response_quality=0.5, latency_ms=0.0, tokens_used=0, was_proactive=False, context_relevance=0.5, error_occurred=False, tags=[], metadata={}), InteractionRecord(id='e9f2782ffc4b', timestamp='2026-05-27T09:12:59.254989', interaction_type="InteractionRecord(id='2e48c80a6b8b', timestamp='2026-05-27T09:12:59.254989', interaction_type='conversation', user_satisfaction=0.7, response_quality=0.6, latency_ms=0.0, tokens_used=0, was_proactive=False, context_relevance=0.5, error_occurred=False, tags=[], metadata={})", user_satisfaction=None, response_quality=0.5, latency_ms=0.0, tokens_used=0, was_proactive=False, context_relevance=0.5, error_occurred=False, tags=[], metadata={}), InteractionRecord(id='6f250e1fb18b', timestamp='2026-05-27T09:12:59.275983', interaction_type="InteractionRecord(id='92ce7801920c', timestamp='2026-05-27T09:12:59.275983', interaction_type='conversation', user_satisfaction=0.7, response_quality=0.6, latency_ms=0.0, tokens_used=0, was_proactive=False, context_relevance=0.5, error_occurred=False, tags=[], metadata={})", user_satisfaction=None, response_quality=0.5, latency_ms=0.0, tokens_used=0, was_proactive=False, context_relevance=0.5, error_occurred=False, tags=[], metadata={}), InteractionRecord(id='cbf16f2cecc4', timestamp='2026-05-27T09:12:59.275983', interaction_type="InteractionRecord(id='249693b68fbb', timestamp='2026-05-27T09:12:59.275983', interaction_type='conversation', user_satisfaction=0.7, response_quality=0.6, latency_ms=0.0, tokens_used=0, was_proactive=False, context_relevance=0.5, error_occurred=False, tags=[], metadata={})", user_satisfaction=None, response_quality=0.5, latency_ms=0.0, tokens_used=0, was_proactive=False, context_relevance=0.5, error_occurred=False, tags=[], metadata={}), InteractionRecord(id='8ee27abbf338', timestamp='2026-05-27T09:12:59.288427', interaction_type="InteractionRecord(id='980fe317d413', timestamp='2026-05-27T09:12:59.288427', interaction_type='conversation', user_satisfaction=0.7, response_quality=0.6, latency_ms=0.0, tokens_used=0, was_proactive=False, context_relevance=0.5, error_occurred=False, tags=[], metadata={})", user_satisfaction=None, response_quality=0.5, latency_ms=0.0, tokens_used=0, was_proactive=False, context_relevance=0.5, error_occurred=False, tags=[], metadata={}), InteractionRecord(id='10456720d7b8', timestamp='2026-05-27T09:12:59.303476', interaction_type="InteractionRecord(id='a7493c516c69', timestamp='2026-05-27T09:12:59.303476', interaction_type='conversation', user_satisfaction=0.7, response_quality=0.6, latency_ms=0.0, tokens_used=0, was_proactive=False, context_relevance=0.5, error_occurred=False, tags=[], metadata={})", user_satisfaction=None, response_quality=0.5, latency_ms=0.0, tokens_used=0, was_proactive=False, context_relevance=0.5, error_occurred=False, tags=[], metadata={}), InteractionRecord(id='04f04c49e2ea', timestamp='2026-05-27T09:12:59.304962', interaction_type="InteractionRecord(id='040fb17439bc', timestamp='2026-05-27T09:12:59.304962', interaction_type='conversation', user_satisfaction=0.7, response_quality=0.6, latency_ms=0.0, tokens_used=0, was_proactive=False, context_relevance=0.5, error_occurred=False, tags=[], metadata={})", user_satisfaction=None, response_quality=0.5, latency_ms=0.0, tokens_used=0, was_proactive=False, context_relevance=0.5, error_occurred=False, tags=[], metadata={}), InteractionRecord(id='792f8d709c43', timestamp='2026-05-27T09:12:59.321679', interaction_type="InteractionRecord(id='c6cf2f4f46ac', timestamp='2026-05-27T09:12:59.321679', interaction_type='conversation', user_satisfaction=0.7, response_quality=0.6, latency_ms=0.0, tokens_used=0, was_proactive=False, context_relevance=0.5, error_occurred=False, tags=[], metadata={})", user_satisfaction=None, response_quality=0.5, latency_ms=0.0, tokens_used=0, was_proactive=False, context_relevance=0.5, error_occurred=False, tags=[], metadata={}), InteractionRecord(id='a551d5b9f7ff', timestamp='2026-05-27T09:12:59.321679', interaction_type="InteractionRecord(id='e0d8d763c3c3', timestamp='2026-05-27T09:12:59.321679', interaction_type='conversation', user_satisfaction=0.7, response_quality=0.6, latency_ms=0.0, tokens_used=0, was_proactive=False, context_relevance=0.5, error_occurred=False, tags=[], metadata={})", user_satisfaction=None, response_quality=0.5, latency_ms=0.0, tokens_used=0, was_proactive=False, context_relevance=0.5, error_occurred=False, tags=[], metadata={}), InteractionRecord(id='2961cf0e6c47', timestamp='2026-05-27T09:12:59.342439', interaction_type="InteractionRecord(id='e0c0c09d21e6', timestamp='2026-05-27T09:12:59.342439', interaction_type='conversation', user_satisfaction=0.7, response_quality=0.6, latency_ms=0.0, tokens_used=0, was_proactive=False, context_relevance=0.5, error_occurred=False, tags=[], metadata={})", user_satisfaction=None, response_quality=0.5, latency_ms=0.0, tokens_used=0, was_proactive=False, context_relevance=0.5, error_occurred=False, tags=[], metadata={}), InteractionRecord(id='85ca605c08f1', timestamp='2026-05-27T09:12:59.354904', interaction_type="InteractionRecord(id='4ae373822d13', timestamp='2026-05-27T09:12:59.354904', interaction_type='conversation', user_satisfaction=0.7, response_quality=0.6, latency_ms=0.0, tokens_used=0, was_proactive=False, context_relevance=0.5, error_occurred=False, tags=[], metadata={})", user_satisfaction=None, response_quality=0.5, latency_ms=0.0, tokens_used=0, was_proactive=False, context_relevance=0.5, error_occurred=False, tags=[], metadata={}), InteractionRecord(id='49d8213fe177', timestamp='2026-05-27T09:12:59.368191', interaction_type="InteractionRecord(id='bb723c9087de', timestamp='2026-05-27T09:12:59.368191', interaction_type='conversation', user_satisfaction=0.7, response_quality=0.6, latency_ms=0.0, tokens_used=0, was_proactive=False, context_relevance=0.5, error_occurred=False, tags=[], metadata={})", user_satisfaction=None, response_quality=0.5, latency_ms=0.0, tokens_used=0, was_proactive=False, context_relevance=0.5, error_occurred=False, tags=[], metadata={}), InteractionRecord(id='93fb4ac4676d', timestamp='2026-05-27T09:12:59.379113', interaction_type="InteractionRecord(id='8b902d777c91', timestamp='2026-05-27T09:12:59.379113', interaction_type='conversation', user_satisfaction=0.7, response_quality=0.6, latency_ms=0.0, tokens_used=0, was_proactive=False, context_relevance=0.5, error_occurred=False, tags=[], metadata={})", user_satisfaction=None, response_quality=0.5, latency_ms=0.0, tokens_used=0, was_proactive=False, context_relevance=0.5, error_occurred=False, tags=[], metadata={}), InteractionRecord(id='78becf26b21c', timestamp='2026-05-27T09:12:59.389784', interaction_type="InteractionRecord(id='06c755a78432', timestamp='2026-05-27T09:12:59.389784', interaction_type='conversation', user_satisfaction=0.7, response_quality=0.6, latency_ms=0.0, tokens_used=0, was_proactive=False, context_relevance=0.5, error_occurred=False, tags=[], metadata={})", user_satisfaction=None, response_quality=0.5, latency_ms=0.0, tokens_used=0, was_proactive=False, context_relevance=0.5, error_occurred=False, tags=[], metadata={}), InteractionRecord(id='ed396d97c512', timestamp='2026-05-27T09:12:59.402035', interaction_type="InteractionRecord(id='368a01e0e7e1', timestamp='2026-05-27T09:12:59.402035', interaction_type='conversation', user_satisfaction=0.7, response_quality=0.6, latency_ms=0.0, tokens_used=0, was_proactive=False, context_relevance=0.5, error_occurred=False, tags=[], metadata={})", user_satisfaction=None, response_quality=0.5, latency_ms=0.0, tokens_used=0, was_proactive=False, context_relevance=0.5, error_occurred=False, tags=[], metadata={}), InteractionRecord(id='c76da2090116', timestamp='2026-05-27T09:12:59.407165', interaction_type="InteractionRecord(id='32484b38227d', timestamp='2026-05-27T09:12:59.407165', interaction_type='conversation', user_satisfaction=0.7, response_quality=0.6, latency_ms=0.0, tokens_used=0, was_proactive=False, context_relevance=0.5, error_occurred=False, tags=[], metadata={})", user_satisfaction=None, response_quality=0.5, latency_ms=0.0, tokens_used=0, was_proactive=False, context_relevance=0.5, error_occurred=False, tags=[], metadata={}), InteractionRecord(id='ee4d836fb8e6', timestamp='2026-05-27T09:12:59.429098', interaction_type="InteractionRecord(id='737e15b91a35', timestamp='2026-05-27T09:12:59.429098', interaction_type='conversation', user_satisfaction=0.7, response_quality=0.6, latency_ms=0.0, tokens_used=0, was_proactive=False, context_relevance=0.5, error_occurred=False, tags=[], metadata={})", user_satisfaction=None, response_quality=0.5, latency_ms=0.0, tokens_used=0, was_proactive=False, context_relevance=0.5, error_occurred=False, tags=[], metadata={}), InteractionRecord(id='c705a53daddd', timestamp='2026-05-27T09:12:59.441098', interaction_type="InteractionRecord(id='07b06f86061b', timestamp='2026-05-27T09:12:59.441098', interaction_type='conversation', user_satisfaction=0.7, response_quality=0.6, latency_ms=0.0, tokens_used=0, was_proactive=False, context_relevance=0.5, error_occurred=False, tags=[], metadata={})", user_satisfaction=None, response_quality=0.5, latency_ms=0.0, tokens_used=0, was_proactive=False, context_relevance=0.5, error_occurred=False, tags=[], metadata={}), InteractionRecord(id='9c97f1317e86', timestamp='2026-05-27T09:12:59.455405', interaction_type="InteractionRecord(id='92aedd8acdd8', timestamp='2026-05-27T09:12:59.455405', interaction_type='conversation', user_satisfaction=0.7, response_quality=0.6, latency_ms=0.0, tokens_used=0, was_proactive=False, context_relevance=0.5, error_occurred=False, tags=[], metadata={})", user_satisfaction=None, response_quality=0.5, latency_ms=0.0, tokens_used=0, was_proactive=False, context_relevance=0.5, error_occurred=False, tags=[], metadata={}), InteractionRecord(id='0b1c4d6681a0', timestamp='2026-05-27T09:12:59.467953', interaction_type="InteractionRecord(id='242ce263b604', timestamp='2026-05-27T09:12:59.467953', interaction_type='conversation', user_satisfaction=0.7, response_quality=0.6, latency_ms=0.0, tokens_used=0, was_proactive=False, context_relevance=0.5, error_occurred=False, tags=[], metadata={})", user_satisfaction=None, response_quality=0.5, latency_ms=0.0, tokens_used=0, was_proactive=False, context_relevance=0.5, error_occurred=False, tags=[], metadata={}), InteractionRecord(id='b2e610154dd8', timestamp='2026-05-27T09:12:59.478994', interaction_type="InteractionRecord(id='5adac2d5f8ae', timestamp='2026-05-27T09:12:59.478994', interaction_type='conversation', user_satisfaction=0.7, response_quality=0.6, latency_ms=0.0, tokens_used=0, was_proactive=False, context_relevance=0.5, error_occurred=False, tags=[], metadata={})", user_satisfaction=None, response_quality=0.5, latency_ms=0.0, tokens_used=0, was_proactive=False, context_relevance=0.5, error_occurred=False, tags=[], metadata={}), InteractionRecord(id='177968a997fc', timestamp='2026-05-27T09:12:59.487994', interaction_type="InteractionRecord(id='6d4ffc54e3f3', timestamp='2026-05-27T09:12:59.487994', interaction_type='conversation', user_satisfaction=0.7, response_quality=0.6, latency_ms=0.0, tokens_used=0, was_proactive=False, context_relevance=0.5, error_occurred=False, tags=[], metadata={})", user_satisfaction=None, response_quality=0.5, latency_ms=0.0, tokens_used=0, was_proactive=False, context_relevance=0.5, error_occurred=False, tags=[], metadata={}), InteractionRecord(id='8763728bec7a', timestamp='2026-05-27T09:12:59.496993', interaction_type="InteractionRecord(id='5bbd55d6f243', timestamp='2026-05-27T09:12:59.496993', interaction_type='conversation', user_satisfaction=0.7, response_quality=0.6, latency_ms=0.0, tokens_used=0, was_proactive=False, context_relevance=0.5, error_occurred=False, tags=[], metadata={})", user_satisfaction=None, response_quality=0.5, latency_ms=0.0, tokens_used=0, was_proactive=False, context_relevance=0.5, error_occurred=False, tags=[], metadata={}), InteractionRecord(id='8c56cb83b529', timestamp='2026-05-27T09:12:59.505994', interaction_type="InteractionRecord(id='971f6c23728e', timestamp='2026-05-27T09:12:59.505994', interaction_type='conversation', user_satisfaction=0.7, response_quality=0.6, latency_ms=0.0, tokens_used=0, was_proactive=False, context_relevance=0.5, error_occurred=False, tags=[], metadata={})", user_satisfaction=None, response_quality=0.5, latency_ms=0.0, tokens_used=0, was_proactive=False, context_relevance=0.5, error_occurred=False, tags=[], metadata={}), InteractionRecord(id='28d8310b5b35', timestamp='2026-05-27T09:12:59.505994', interaction_type="InteractionRecord(id='bc28282fd11a', timestamp='2026-05-27T09:12:59.505994', interaction_type='conversation', user_satisfaction=0.7, response_quality=0.6, latency_ms=0.0, tokens_used=0, was_proactive=False, context_relevance=0.5, error_occurred=False, tags=[], metadata={})", user_satisfaction=None, response_quality=0.5, latency_ms=0.0, tokens_used=0, was_proactive=False, context_relevance=0.5, error_occurred=False, tags=[], metadata={}), InteractionRecord(id='2d092e1f6952', timestamp='2026-05-27T09:12:59.522195', interaction_type="InteractionRecord(id='d002d399abdf', timestamp='2026-05-27T09:12:59.522195', interaction_type='conversation', user_satisfaction=0.7, response_quality=0.6, latency_ms=0.0, tokens_used=0, was_proactive=False, context_relevance=0.5, error_occurred=False, tags=[], metadata={})", user_satisfaction=None, response_quality=0.5, latency_ms=0.0, tokens_used=0, was_proactive=False, context_relevance=0.5, error_occurred=False, tags=[], metadata={}), InteractionRecord(id='8278d174157e', timestamp='2026-05-27T09:12:59.542849', interaction_type="InteractionRecord(id='5525dc14504f', timestamp='2026-05-27T09:12:59.542849', interaction_type='conversation', user_satisfaction=0.7, response_quality=0.6, latency_ms=0.0, tokens_used=0, was_proactive=False, context_relevance=0.5, error_occurred=False, tags=[], metadata={})", user_satisfaction=None, response_quality=0.5, latency_ms=0.0, tokens_used=0, was_proactive=False, context_relevance=0.5, error_occurred=False, tags=[], metadata={}), InteractionRecord(id='1ae3606e3402', timestamp='2026-05-27T09:12:59.542849', interaction_type="InteractionRecord(id='828ecb79fda0', timestamp='2026-05-27T09:12:59.542849', interaction_type='conversation', user_satisfaction=0.7, response_quality=0.6, latency_ms=0.0, tokens_used=0, was_proactive=False, context_relevance=0.5, error_occurred=False, tags=[], metadata={})", user_satisfaction=None, response_quality=0.5, latency_ms=0.0, tokens_used=0, was_proactive=False, context_relevance=0.5, error_occurred=False, tags=[], metadata={}), InteractionRecord(id='cdb676cad5b2', timestamp='2026-05-27T09:12:59.555401', interaction_type="InteractionRecord(id='a905bf003636', timestamp='2026-05-27T09:12:59.555401', interaction_type='conversation', user_satisfaction=0.7, response_quality=0.6, latency_ms=0.0, tokens_used=0, was_proactive=False, context_relevance=0.5, error_occurred=False, tags=[], metadata={})", user_satisfaction=None, response_quality=0.5, latency_ms=0.0, tokens_used=0, was_proactive=False, context_relevance=0.5, error_occurred=False, tags=[], metadata={}), InteractionRecord(id='bd41d0263dda', timestamp='2026-05-27T09:12:59.572278', interaction_type="InteractionRecord(id='db806dc0f151', timestamp='2026-05-27T09:12:59.572278', interaction_type='conversation', user_satisfaction=0.7, response_quality=0.6, latency_ms=0.0, tokens_used=0, was_proactive=False, context_relevance=0.5, error_occurred=False, tags=[], metadata={})", user_satisfaction=None, response_quality=0.5, latency_ms=0.0, tokens_used=0, was_proactive=False, context_relevance=0.5, error_occurred=False, tags=[], metadata={}), InteractionRecord(id='b2d5c0f1768e', timestamp='2026-05-27T09:12:59.582175', interaction_type="InteractionRecord(id='30f4e1e25b5f', timestamp='2026-05-27T09:12:59.582175', interaction_type='conversation', user_satisfaction=0.7, response_quality=0.6, latency_ms=0.0, tokens_used=0, was_proactive=False, context_relevance=0.5, error_occurred=False, tags=[], metadata={})", user_satisfaction=None, response_quality=0.5, latency_ms=0.0, tokens_used=0, was_proactive=False, context_relevance=0.5, error_occurred=False, tags=[], metadata={}), InteractionRecord(id='e035d628a585', timestamp='2026-05-27T09:12:59.588741', interaction_type="InteractionRecord(id='cc3a99e8306f', timestamp='2026-05-27T09:12:59.588741', interaction_type='conversation', user_satisfaction=0.7, response_quality=0.6, latency_ms=0.0, tokens_used=0, was_proactive=False, context_relevance=0.5, error_occurred=False, tags=[], metadata={})", user_satisfaction=None, response_quality=0.5, latency_ms=0.0, tokens_used=0, was_proactive=False, context_relevance=0.5, error_occurred=False, tags=[], metadata={}), InteractionRecord(id='c0f21d4d0641', timestamp='2026-05-27T09:12:59.588741', interaction_type="InteractionRecord(id='c91b0052732f', timestamp='2026-05-27T09:12:59.588741', interaction_type='conversation', user_satisfaction=0.7, response_quality=0.6, latency_ms=0.0, tokens_used=0, was_proactive=False, context_relevance=0.5, error_occurred=False, tags=[], metadata={})", user_satisfaction=None, response_quality=0.5, latency_ms=0.0, tokens_used=0, was_proactive=False, context_relevance=0.5, error_occurred=False, tags=[], metadata={}), InteractionRecord(id='61713e03588d', timestamp='2026-05-27T09:12:59.612311', interaction_type="InteractionRecord(id='b1c47b67ff95', timestamp='2026-05-27T09:12:59.612311', interaction_type='conversation', user_satisfaction=0.7, response_quality=0.6, latency_ms=0.0, tokens_used=0, was_proactive=False, context_relevance=0.5, error_occurred=False, tags=[], metadata={})", user_satisfaction=None, response_quality=0.5, latency_ms=0.0, tokens_used=0, was_proactive=False, context_relevance=0.5, error_occurred=False, tags=[], metadata={}), InteractionRecord(id='1519ec68e213', timestamp='2026-05-27T09:12:59.625120', interaction_type="InteractionRecord(id='edc3f6d4779e', timestamp='2026-05-27T09:12:59.624120', interaction_type='conversation', user_satisfaction=0.7, response_quality=0.6, latency_ms=0.0, tokens_used=0, was_proactive=False, context_relevance=0.5, error_occurred=False, tags=[], metadata={})", user_satisfaction=None, response_quality=0.5, latency_ms=0.0, tokens_used=0, was_proactive=False, context_relevance=0.5, error_occurred=False, tags=[], metadata={}), InteractionRecord(id='2f8774af1832', timestamp='2026-05-27T09:12:59.634124', interaction_type="InteractionRecord(id='26c980c81e67', timestamp='2026-05-27T09:12:59.634124', interaction_type='conversation', user_satisfaction=0.7, response_quality=0.6, latency_ms=0.0, tokens_used=0, was_proactive=False, context_relevance=0.5, error_occurred=False, tags=[], metadata={})", user_satisfaction=None, response_quality=0.5, latency_ms=0.0, tokens_used=0, was_proactive=False, context_relevance=0.5, error_occurred=False, tags=[], metadata={}), InteractionRecord(id='fe00cc00e099', timestamp='2026-05-27T09:12:59.645633', interaction_type="InteractionRecord(id='880f716f6a00', timestamp='2026-05-27T09:12:59.645633', interaction_type='conversation', user_satisfaction=0.7, response_quality=0.6, latency_ms=0.0, tokens_used=0, was_proactive=False, context_relevance=0.5, error_occurred=False, tags=[], metadata={})", user_satisfaction=None, response_quality=0.5, latency_ms=0.0, tokens_used=0, was_proactive=False, context_relevance=0.5, error_occurred=False, tags=[], metadata={}), InteractionRecord(id='86c26972ab30', timestamp='2026-05-27T09:12:59.655657', interaction_type="InteractionRecord(id='7c50e00fe662', timestamp='2026-05-27T09:12:59.655657', interaction_type='conversation', user_satisfaction=0.7, response_quality=0.6, latency_ms=0.0, tokens_used=0, was_proactive=False, context_relevance=0.5, error_occurred=False, tags=[], metadata={})", user_satisfaction=None, response_quality=0.5, latency_ms=0.0, tokens_used=0, was_proactive=False, context_relevance=0.5, error_occurred=False, tags=[], metadata={}), InteractionRecord(id='e27ca8e528a2', timestamp='2026-05-27T09:12:59.655657', interaction_type="InteractionRecord(id='bc791295facf', timestamp='2026-05-27T09:12:59.655657', interaction_type='conversation', user_satisfaction=0.7, response_quality=0.6, latency_ms=0.0, tokens_used=0, was_proactive=False, context_relevance=0.5, error_occurred=False, tags=[], metadata={})", user_satisfaction=None, response_quality=0.5, latency_ms=0.0, tokens_used=0, was_proactive=False, context_relevance=0.5, error_occurred=False, tags=[], metadata={}), InteractionRecord(id='d8b6529686c6', timestamp='2026-05-27T09:12:59.672158', interaction_type="InteractionRecord(id='8ae94a8122ce', timestamp='2026-05-27T09:12:59.672158', interaction_type='conversation', user_satisfaction=0.7, response_quality=0.6, latency_ms=0.0, tokens_used=0, was_proactive=False, context_relevance=0.5, error_occurred=False, tags=[], metadata={})", user_satisfaction=None, response_quality=0.5, latency_ms=0.0, tokens_used=0, was_proactive=False, context_relevance=0.5, error_occurred=False, tags=[], metadata={}), InteractionRecord(id='a01290506102', timestamp='2026-05-27T09:12:59.688288', interaction_type="InteractionRecord(id='14353aa866a0', timestamp='2026-05-27T09:12:59.688288', interaction_type='conversation', user_satisfaction=0.7, response_quality=0.6, latency_ms=0.0, tokens_used=0, was_proactive=False, context_relevance=0.5, error_occurred=False, tags=[], metadata={})", user_satisfaction=None, response_quality=0.5, latency_ms=0.0, tokens_used=0, was_proactive=False, context_relevance=0.5, error_occurred=False, tags=[], metadata={}), InteractionRecord(id='f613edeae038', timestamp='2026-05-27T09:12:59.704973', interaction_type="InteractionRecord(id='4e2448efebf4', timestamp='2026-05-27T09:12:59.704973', interaction_type='conversation', user_satisfaction=0.7, response_quality=0.6, latency_ms=0.0, tokens_used=0, was_proactive=False, context_relevance=0.5, error_occurred=False, tags=[], metadata={})", user_satisfaction=None, response_quality=0.5, latency_ms=0.0, tokens_used=0, was_proactive=False, context_relevance=0.5, error_occurred=False, tags=[], metadata={}), InteractionRecord(id='dfc735fb2093', timestamp='2026-05-27T09:12:59.721610', interaction_type="InteractionRecord(id='ecab598815b5', timestamp='2026-05-27T09:12:59.721610', interaction_type='conversation', user_satisfaction=0.7, response_quality=0.6, latency_ms=0.0, tokens_used=0, was_proactive=False, context_relevance=0.5, error_occurred=False, tags=[], metadata={})", user_satisfaction=None, response_quality=0.5, latency_ms=0.0, tokens_used=0, was_proactive=False, context_relevance=0.5, error_occurred=False, tags=[], metadata={}), InteractionRecord(id='fe4ef7ca08eb', timestamp='2026-05-27T09:12:59.721610', interaction_type="InteractionRecord(id='80c8c8207ba1', timestamp='2026-05-27T09:12:59.721610', interaction_type='conversation', user_satisfaction=0.7, response_quality=0.6, latency_ms=0.0, tokens_used=0, was_proactive=False, context_relevance=0.5, error_occurred=False, tags=[], metadata={})", user_satisfaction=None, response_quality=0.5, latency_ms=0.0, tokens_used=0, was_proactive=False, context_relevance=0.5, error_occurred=False, tags=[], metadata={}), InteractionRecord(id='3afb5a805f31', timestamp='2026-05-27T09:12:59.737030', interaction_type="InteractionRecord(id='72472fbd1217', timestamp='2026-05-27T09:12:59.737030', interaction_type='conversation', user_satisfaction=0.7, response_quality=0.6, latency_ms=0.0, tokens_used=0, was_proactive=False, context_relevance=0.5, error_occurred=False, tags=[], metadata={})", user_satisfaction=None, response_quality=0.5, latency_ms=0.0, tokens_used=0, was_proactive=False, context_relevance=0.5, error_occurred=False, tags=[], metadata={}), InteractionRecord(id='283e21e90033', timestamp='2026-05-27T09:12:59.743190', interaction_type="InteractionRecord(id='c3f772ae2c56', timestamp='2026-05-27T09:12:59.743190', interaction_type='conversation', user_satisfaction=0.7, response_quality=0.6, latency_ms=0.0, tokens_used=0, was_proactive=False, context_relevance=0.5, error_occurred=False, tags=[], metadata={})", user_satisfaction=None, response_quality=0.5, latency_ms=0.0, tokens_used=0, was_proactive=False, context_relevance=0.5, error_occurred=False, tags=[], metadata={}), InteractionRecord(id='fb126514cb98', timestamp='2026-05-27T09:12:59.743190', interaction_type="InteractionRecord(id='ee4657014fda', timestamp='2026-05-27T09:12:59.743190', interaction_type='conversation', user_satisfaction=0.7, response_quality=0.6, latency_ms=0.0, tokens_used=0, was_proactive=False, context_relevance=0.5, error_occurred=False, tags=[], metadata={})", user_satisfaction=None, response_quality=0.5, latency_ms=0.0, tokens_used=0, was_proactive=False, context_relevance=0.5, error_occurred=False, tags=[], metadata={}), InteractionRecord(id='0e738b8d19a0', timestamp='2026-05-27T09:12:59.755656', interaction_type="InteractionRecord(id='488231092a2f', timestamp='2026-05-27T09:12:59.755656', interaction_type='conversation', user_satisfaction=0.7, response_quality=0.6, latency_ms=0.0, tokens_used=0, was_proactive=False, context_relevance=0.5, error_occurred=False, tags=[], metadata={})", user_satisfaction=None, response_quality=0.5, latency_ms=0.0, tokens_used=0, was_proactive=False, context_relevance=0.5, error_occurred=False, tags=[], metadata={}), InteractionRecord(id='ac25f59080c0', timestamp='2026-05-27T09:13:46.370191', interaction_type="InteractionRecord(id='f77a3070d970', timestamp='2026-05-27T09:13:46.370191', interaction_type='conversation', user_satisfaction=0.8, response_quality=0.7, latency_ms=500, tokens_used=0, was_proactive=False, context_relevance=0.5, error_occurred=False, tags=[], metadata={})", user_satisfaction=None, response_quality=0.5, latency_ms=0.0, tokens_used=0, was_proactive=False, context_relevance=0.5, error_occurred=False, tags=[], metadata={})] = <core.evolution_engine.EvolutionEngine object at 0x00000000074D67E0>._interactions

tests\test_evolution_systems.py:63: AssertionError
____________ TestEvolutionEngine.test_generate_performance_report _____________

self = <test_evolution_systems.TestEvolutionEngine object at 0x00000000074D5400>
engine = <core.evolution_engine.EvolutionEngine object at 0x00000000074D67E0>

    def test_generate_performance_report(self, engine):
        """Test performance report generation."""
        # Add some interactions
        for i in range(10):
            interaction = InteractionRecord(
                interaction_type="conversation",
                user_satisfaction=0.7 + (i % 3) * 0.1,
                response_quality=0.6 + (i % 2) * 0.2,
                latency_ms=400 + i * 50,
            )
            engine.record_interaction(interaction)
    
>       report = engine.generate_performance_report()
                 ^^^^^^^^^^^^^^^^^^^^^^^^^^^^^^^^^^
E       AttributeError: 'EvolutionEngine' object has no attribute 'generate_performance_report'

tests\test_evolution_systems.py:78: AttributeError
_________________ TestEvolutionEngine.test_create_hypothesis __________________

self = <test_evolution_systems.TestEvolutionEngine object at 0x00000000074D4EF0>
engine = <core.evolution_engine.EvolutionEngine object at 0x00000000074D67E0>

    def test_create_hypothesis(self, engine):
        """Test hypothesis creation."""
>       hypothesis = engine.create_hypothesis(
                     ^^^^^^^^^^^^^^^^^^^^^^^^
            claim="Adding uncertainty prefix will reduce corrections",
            rationale="High correction rate detected",
            target_metric="correction_rate",
            predicted_delta=-0.2,
        )
E       AttributeError: 'EvolutionEngine' object has no attribute 'create_hypothesis'. Did you mean: 'generate_hypotheses'?

tests\test_evolution_systems.py:86: AttributeError
__________________ TestEvolutionEngine.test_create_mutation ___________________

self = <test_evolution_systems.TestEvolutionEngine object at 0x00000000074D5610>
engine = <core.evolution_engine.EvolutionEngine object at 0x00000000074D67E0>

    def test_create_mutation(self, engine):
        """Test mutation creation."""
>       mutation = engine.create_mutation(
                   ^^^^^^^^^^^^^^^^^^^^^^
            mutation_type="prompt_injection",
            description="Add uncertainty prefix",
            prompt_modification="When uncertain, start with 'I think...'",
            injection_point="system_suffix",
        )
E       AttributeError: 'EvolutionEngine' object has no attribute 'create_mutation'. Did you mean: 'revert_mutation'?

tests\test_evolution_systems.py:99: AttributeError
____________ TestMetaEvolutionEngine.test_record_strategy_outcome _____________

self = <test_evolution_systems.TestMetaEvolutionEngine object at 0x00000000074D5F40>
meta_engine = <core.meta_evolution.MetaEvolutionEngine object at 0x00000000075E5FD0>

    def test_record_strategy_outcome(self, meta_engine):
        """Test recording strategy outcomes."""
        meta_engine.initialize_strategies()
        strategy_id = list(meta_engine._strategies.keys())[0]
    
        initial_rate = meta_engine._strategies[strategy_id].success_rate
    
        # Record successful outcome
        meta_engine.record_strategy_outcome(
            strategy_id=strategy_id,
            success=True,
            effect_size=0.3,
            domain="factual_accuracy"
        )
    
        # Success rate should have changed
        assert meta_engine._strategies[strategy_id].success_rate != initial_rate
>       assert meta_engine._strategies[strategy_id].usage_count == 1
E       AssertionError: assert 5 == 1
E        +  where 5 = LearningStrategy(id='a05f229f2e', name='correction_based', description='Generate hypotheses from user correction patterns', success_rate=0.763804, avg_effect_size=0.122853, usage_count=5, last_used='2026-05-27T09:13:46.672649', domain_effectiveness={'factual_accuracy': 0.822853, 'context_usage': 0.5}).usage_count

tests\test_evolution_systems.py:150: AssertionError
_________ TestMetaEvolutionEngine.test_update_evolutionary_pressures __________

self = <test_evolution_systems.TestMetaEvolutionEngine object at 0x00000000074D64E0>
meta_engine = <core.meta_evolution.MetaEvolutionEngine object at 0x00000000075E5FD0>

    def test_update_evolutionary_pressures(self, meta_engine):
        """Test updating evolutionary pressures."""
        pressures = meta_engine.update_evolutionary_pressures()
    
        assert isinstance(pressures, dict)
>       assert "career" in pressures or "health" in pressures
E       AssertionError: assert ('career' in {} or 'health' in {})

tests\test_evolution_systems.py:166: AssertionError
---------------------------- Captured stdout call -----------------------------
[MetaEvolution] Pressure update error: cannot import name 'get_fitness_overview' from 'agents.fitness_agent' (c:\Users\balab\OneDrive\Documents\Projects\LLove\love\agents\fitness_agent.py)
__________ TestMetaEvolutionEngine.test_get_evolutionary_priorities ___________

self = <test_evolution_systems.TestMetaEvolutionEngine object at 0x00000000074D67B0>
meta_engine = <core.meta_evolution.MetaEvolutionEngine object at 0x00000000075E5FD0>

    def test_get_evolutionary_priorities(self, meta_engine):
        """Test getting evolutionary priorities."""
        meta_engine.update_evolutionary_pressures()
        priorities = meta_engine.get_evolutionary_priorities()
    
>       assert len(priorities) > 0
E       assert 0 > 0
E        +  where 0 = len([])

tests\test_evolution_systems.py:173: AssertionError
---------------------------- Captured stdout call -----------------------------
[MetaEvolution] Pressure update error: cannot import name 'get_fitness_overview' from 'agents.fitness_agent' (c:\Users\balab\OneDrive\Documents\Projects\LLove\love\agents\fitness_agent.py)
[MetaEvolution] Pressure update error: cannot import name 'get_fitness_overview' from 'agents.fitness_agent' (c:\Users\balab\OneDrive\Documents\Projects\LLove\love\agents\fitness_agent.py)
_________________ TestSwarmEvolutionEngine.test_spawn_swarms __________________

self = <test_evolution_systems.TestSwarmEvolutionEngine object at 0x00000000074D6E70>
swarm_engine = <core.swarm_evolution.SwarmEvolutionEngine object at 0x0000000028146C00>

    def test_spawn_swarms(self, swarm_engine):
        """Test spawning swarms."""
        hypotheses = [
            {"id": "h1", "hypothesis": "Test hypothesis 1", "proposed_change": "Change 1"},
            {"id": "h2", "hypothesis": "Test hypothesis 2", "proposed_change": "Change 2"},
        ]
    
        swarm_ids = swarm_engine.spawn_swarms(hypotheses)
    
>       assert len(swarm_ids) == 2
E       assert 0 == 2
E        +  where 0 = len([])

tests\test_evolution_systems.py:201: AssertionError
---------------------------- Captured stdout call -----------------------------
[SwarmEvolution] Max swarms reached, cannot spawn more
___________ TestSwarmEvolutionEngine.test_update_swarm_performance ____________

self = <test_evolution_systems.TestSwarmEvolutionEngine object at 0x00000000074D71A0>
swarm_engine = <core.swarm_evolution.SwarmEvolutionEngine object at 0x0000000028146C00>

    def test_update_swarm_performance(self, swarm_engine):
        """Test updating swarm performance."""
        hypotheses = [{"id": "h1", "hypothesis": "Test", "proposed_change": "Change"}]
        swarm_ids = swarm_engine.spawn_swarms(hypotheses)
    
>       swarm_id = swarm_ids[0]
                   ^^^^^^^^^^^^
E       IndexError: list index out of range

tests\test_evolution_systems.py:209: IndexError
---------------------------- Captured stdout call -----------------------------
[SwarmEvolution] Max swarms reached, cannot spawn more
_______________ TestSwarmEvolutionEngine.test_start_competition _______________

self = <test_evolution_systems.TestSwarmEvolutionEngine object at 0x00000000074D74D0>
swarm_engine = <core.swarm_evolution.SwarmEvolutionEngine object at 0x0000000028146C00>

    def test_start_competition(self, swarm_engine):
        """Test starting a competition."""
        hypotheses = [
            {"id": "h1", "hypothesis": "Test 1", "proposed_change": "Change 1"},
            {"id": "h2", "hypothesis": "Test 2", "proposed_change": "Change 2"},
        ]
        swarm_ids = swarm_engine.spawn_swarms(hypotheses)
    
        comp_id = swarm_engine.start_competition(swarm_ids)
    
>       assert comp_id in swarm_engine._competitions
E       AssertionError: assert '' in {'8b9e25f657': Competition(id='8b9e25f657', swarms=['9def7039be', '56bf9c52ee'], started_at='2026-05-27T01:07:38.308946', ended_at=None, winner_swarm_id=None, winning_mutation='', criteria=['user_satisfaction', 'effectiveness', 'efficiency'], results={})}
E        +  where {'8b9e25f657': Competition(id='8b9e25f657', swarms=['9def7039be', '56bf9c52ee'], started_at='2026-05-27T01:07:38.308946', ended_at=None, winner_swarm_id=None, winning_mutation='', criteria=['user_satisfaction', 'effectiveness', 'efficiency'], results={})} = <core.swarm_evolution.SwarmEvolutionEngine object at 0x0000000028146C00>._competitions

tests\test_evolution_systems.py:229: AssertionError
---------------------------- Captured stdout call -----------------------------
[SwarmEvolution] Max swarms reached, cannot spawn more
___________ TestSwarmEvolutionEngine.test_optimize_swarm_allocation ___________

self = <test_evolution_systems.TestSwarmEvolutionEngine object at 0x00000000074D7800>
swarm_engine = <core.swarm_evolution.SwarmEvolutionEngine object at 0x0000000028146C00>

    def test_optimize_swarm_allocation(self, swarm_engine):
        """Test optimizing swarm allocation."""
        hypotheses = [{"id": "h1", "hypothesis": "Test", "proposed_change": "Change"}]
        swarm_ids = swarm_engine.spawn_swarms(hypotheses)
    
        # Update performance to trigger reallocation
>       swarm_engine.update_swarm_performance(swarm_ids[0], 0.9, {})
                                              ^^^^^^^^^^^^
E       IndexError: list index out of range

tests\test_evolution_systems.py:238: IndexError
---------------------------- Captured stdout call -----------------------------
[SwarmEvolution] Max swarms reached, cannot spawn more
_______________ TestCapabilityGapDetector.test_prioritize_gaps ________________

self = <test_evolution_systems.TestCapabilityGapDetector object at 0x0000000007500F50>
gap_detector = <core.capability_gap_detector.CapabilityGapDetector object at 0x00000000281A65A0>

    def test_prioritize_gaps(self, gap_detector):
        """Test gap prioritization."""
        # Add some test gaps
        gap1 = CapabilityGap(
            domain="health",
            subdomain="test",
            description="Test gap 1",
            severity=0.8,
            impact=0.7,
            urgency=0.6,
        )
        gap2 = CapabilityGap(
            domain="career",
            subdomain="test",
            description="Test gap 2",
            severity=0.5,
            impact=0.4,
            urgency=0.3,
        )
    
        gap_detector._gaps[gap1.id] = gap1
        gap_detector._gaps[gap2.id] = gap2
    
        prioritized = gap_detector.prioritize_gaps()
    
>       assert len(prioritized) == 2
E       AssertionError: assert 10 == 2
E        +  where 10 = len([CapabilityGap(id='ee3a239ffd', domain='health', subdomain='test', description='Test gap 1', severity=0.8, impact=0.7, urgency=0.6, root_causes=[], related_gaps=[], suggested_fixes=[], evidence=[], first_detected='2026-05-27T01:08:05.088988', last_updated='2026-05-27T01:08:05.088988', status='open', resolution_notes='', trend='stable'), CapabilityGap(id='f5e4a8bdb8', domain='health', subdomain='test', description='Test gap 1', severity=0.8, impact=0.7, urgency=0.6, root_causes=[], related_gaps=[], suggested_fixes=[], evidence=[], first_detected='2026-05-27T09:11:12.410650', last_updated='2026-05-27T09:11:12.410650', status='open', resolution_notes='', trend='stable'), CapabilityGap(id='eac79fc3bd', domain='health', subdomain='test', description='Test gap 1', severity=0.8, impact=0.7, urgency=0.6, root_causes=[], related_gaps=[], suggested_fixes=[], evidence=[], first_detected='2026-05-27T09:12:16.401747', last_updated='2026-05-27T09:12:16.401747', status='open', resolution_notes='', trend='stable'), CapabilityGap(id='9cfff3d8f0', domain='health', subdomain='test', description='Test gap 1', severity=0.8, impact=0.7, urgency=0.6, root_causes=[], related_gaps=[], suggested_fixes=[], evidence=[], first_detected='2026-05-27T09:12:58.371323', last_updated='2026-05-27T09:12:58.371323', status='open', resolution_notes='', trend='stable'), CapabilityGap(id='8528f14e8b', domain='health', subdomain='test', description='Test gap 1', severity=0.8, impact=0.7, urgency=0.6, root_causes=[], related_gaps=[], suggested_fixes=[], evidence=[], first_detected='2026-05-27T09:14:09.552677', last_updated='2026-05-27T09:14:09.552677', status='open', resolution_notes='', trend='stable'), CapabilityGap(id='03bb1750ba', domain='career', subdomain='test', description='Test gap 2', severity=0.5, impact=0.4, urgency=0.3, root_causes=[], related_gaps=[], suggested_fixes=[], evidence=[], first_detected='2026-05-27T01:08:05.088988', last_updated='2026-05-27T01:08:05.088988', status='open', resolution_notes='', trend='stable'), CapabilityGap(id='192860cf23', domain='career', subdomain='test', description='Test gap 2', severity=0.5, impact=0.4, urgency=0.3, root_causes=[], related_gaps=[], suggested_fixes=[], evidence=[], first_detected='2026-05-27T09:11:12.410650', last_updated='2026-05-27T09:11:12.410650', status='open', resolution_notes='', trend='stable'), CapabilityGap(id='2232077ae9', domain='career', subdomain='test', description='Test gap 2', severity=0.5, impact=0.4, urgency=0.3, root_causes=[], related_gaps=[], suggested_fixes=[], evidence=[], first_detected='2026-05-27T09:12:16.401747', last_updated='2026-05-27T09:12:16.401747', status='open', resolution_notes='', trend='stable'), CapabilityGap(id='4c711067ee', domain='career', subdomain='test', description='Test gap 2', severity=0.5, impact=0.4, urgency=0.3, root_causes=[], related_gaps=[], suggested_fixes=[], evidence=[], first_detected='2026-05-27T09:12:58.371323', last_updated='2026-05-27T09:12:58.371323', status='open', resolution_notes='', trend='stable'), CapabilityGap(id='269a824e14', domain='career', subdomain='test', description='Test gap 2', severity=0.5, impact=0.4, urgency=0.3, root_causes=[], related_gaps=[], suggested_fixes=[], evidence=[], first_detected='2026-05-27T09:14:09.552677', last_updated='2026-05-27T09:14:09.552677', status='open', resolution_notes='', trend='stable')])

tests\test_evolution_systems.py:441: AssertionError
_______________ TestAutonomousCICD.test_check_rollback_triggers _______________

self = <test_evolution_systems.TestAutonomousCICD object at 0x00000000074D5DF0>
cicd = <core.autonomous_cicd.AutonomousCICD object at 0x00000000281A6A80>

    def test_check_rollback_triggers(self, cicd):
        """Test rollback trigger checking."""
        # Create a test deployment
        deployment_id = cicd.create_deployment(["mod1"], "Test")
        deployment = cicd._deployments[deployment_id]
    
        # Set metrics that should trigger rollback
        deployment.metrics = {
            "error_rate": 0.1,  # Above 0.05 threshold
            "satisfaction_rate": 0.2,  # Below 0.3 threshold
        }
    
        should_rollback, reason = cicd._check_rollback_triggers(deployment)
    
        assert should_rollback == True
>       assert "error_rate" in reason or "satisfaction_rate" in reason
E       AssertionError: assert ('error_rate' in 'User satisfaction drops below 30% (current: 0.0, threshold: 0.3)' or 'satisfaction_rate' in 'User satisfaction drops below 30% (current: 0.0, threshold: 0.3)')

tests\test_evolution_systems.py:510: AssertionError
______ TestEvolutionIntegration.test_meta_evolution_with_base_evolution _______

self = <test_evolution_systems.TestEvolutionIntegration object at 0x00000000074D6AB0>

    def test_meta_evolution_with_base_evolution(self):
        """Test meta-evolution working with base evolution."""
        meta_engine = MetaEvolutionEngine()
        base_engine = EvolutionEngine()
    
        # Initialize strategies
        meta_engine.initialize_strategies()
    
        # Record some interactions in base engine
        for i in range(5):
            interaction = InteractionRecord(
                interaction_type="conversation",
                user_satisfaction=0.8,
                response_quality=0.7,
            )
            base_engine.record_interaction(interaction)
    
        # Generate performance report
>       report = base_engine.generate_performance_report()
                 ^^^^^^^^^^^^^^^^^^^^^^^^^^^^^^^^^^^^^^^
E       AttributeError: 'EvolutionEngine' object has no attribute 'generate_performance_report'

tests\test_evolution_systems.py:567: AttributeError
_____________ TestEvolutionIntegration.test_swarm_with_hypotheses _____________

self = <test_evolution_systems.TestEvolutionIntegration object at 0x00000000074D7140>

    def test_swarm_with_hypotheses(self):
        """Test swarm evolution with hypotheses."""
        swarm_engine = SwarmEvolutionEngine()
    
        hypotheses = [
            {"id": "h1", "hypothesis": "Test 1", "proposed_change": "Change 1"},
            {"id": "h2", "hypothesis": "Test 2", "proposed_change": "Change 2"},
        ]
    
        swarm_ids = swarm_engine.spawn_swarms(hypotheses)
    
        # Update performance
        for swarm_id in swarm_ids:
            swarm_engine.update_swarm_performance(swarm_id, 0.7, {})
    
        # Start competition
        comp_id = swarm_engine.start_competition(swarm_ids)
    
>       assert comp_id in swarm_engine._competitions
E       AssertionError: assert '' in {'8b9e25f657': Competition(id='8b9e25f657', swarms=['9def7039be', '56bf9c52ee'], started_at='2026-05-27T01:07:38.308946', ended_at=None, winner_swarm_id=None, winning_mutation='', criteria=['user_satisfaction', 'effectiveness', 'efficiency'], results={})}
E        +  where {'8b9e25f657': Competition(id='8b9e25f657', swarms=['9def7039be', '56bf9c52ee'], started_at='2026-05-27T01:07:38.308946', ended_at=None, winner_swarm_id=None, winning_mutation='', criteria=['user_satisfaction', 'effectiveness', 'efficiency'], results={})} = <core.swarm_evolution.SwarmEvolutionEngine object at 0x0000000028146C00>._competitions

tests\test_evolution_systems.py:589: AssertionError
---------------------------- Captured stdout call -----------------------------
[SwarmEvolution] Max swarms reached, cannot spawn more
_______ TestEvolutionPerformance.test_interaction_recording_performance _______

self = <test_evolution_systems.TestEvolutionPerformance object at 0x00000000075013A0>

    def test_interaction_recording_performance(self):
        """Test that interaction recording is fast."""
        engine = EvolutionEngine()
    
        start = time.time()
        for i in range(100):
            interaction = InteractionRecord(
                interaction_type="conversation",
                user_satisfaction=0.7,
                response_quality=0.6,
            )
            engine.record_interaction(interaction)
    
        duration = time.time() - start
    
        # Should record 100 interactions in less than 1 second
>       assert duration < 1.0
E       assert 1.0883989334106445 < 1.0

tests\test_evolution_systems.py:613: AssertionError
_______ TestEvolutionPerformance.test_hypothesis_generation_performance _______

self = <test_evolution_systems.TestEvolutionPerformance object at 0x0000000007501580>

    def test_hypothesis_generation_performance(self):
        """Test that hypothesis generation is reasonable."""
        engine = EvolutionEngine()
    
        start = time.time()
        for i in range(10):
>           engine.create_hypothesis(
            ^^^^^^^^^^^^^^^^^^^^^^^^
                claim=f"Test hypothesis {i}",
                rationale="Test rationale",
                target_metric="test_metric",
                predicted_delta=0.1,
            )
E           AttributeError: 'EvolutionEngine' object has no attribute 'create_hypothesis'. Did you mean: 'generate_hypotheses'?

tests\test_evolution_systems.py:621: AttributeError
=========================== short test summary info ===========================
FAILED tests/test_evolution_systems.py::TestEvolutionEngine::test_record_interaction - assert 470 == 1
 +  where 470 = len([InteractionRecord(id='e2f3da450bf4', timestamp='2026-05-25T19:14:24.068595', interaction_type='test query', user_satisfaction={'response_time': 100, 'mode': 'general'}, response_quality='test response', latency_ms=0.0, tokens_used=0, was_proactive=False, context_relevance=0.5, error_occurred=False, tags=[], metadata={}), InteractionRecord(id='525ae9afde7b', timestamp='2026-05-27T01:07:36.950688', interaction_type={'id': 'f89520ae7416', 'timestamp': '2026-05-27T01:07:36.950688', 'interaction_type': 'conversation', 'user_satisfaction': 0.8, 'response_quality': 0.7, 'latency_ms': 500, 'tokens_used': 0, 'was_proactive': False, 'context_relevance': 0.5, 'error_occurred': False, 'tags': [], 'metadata': {}}, user_satisfaction=None, response_quality=0.5, latency_ms=0.0, tokens_used=0, was_proactive=False, context_relevance=0.5, error_occurred=False, tags=[], metadata={}), InteractionRecord(id='8a7476e778f6', timestamp='2026-05-27T01:07:37.081324', interaction_type={'id': '5bf89541dc64', 'timestamp': '2026-05-27T01:07:37.081324', 'interaction_type': 'conversation', 'user_satisfaction': 0.7, 'response_quality': 0.6, 'latency_ms': 400, 'tokens_used': 0, 'was_proactive': False, 'context_relevance': 0.5, 'error_occurred': False, 'tags': [], 'metadata': {}}, user_satisfaction=None, response_quality=0.5, latency_ms=0.0, tokens_used=0, was_proactive=False, context_relevance=0.5, error_occurred=False, tags=[], metadata={}), InteractionRecord(id='31cbedddbe59', timestamp='2026-05-27T01:07:37.081324', interaction_type={'id': '2da4e70d940f', 'timestamp': '2026-05-27T01:07:37.081324', 'interaction_type': 'conversation', 'user_satisfaction': 0.7999999999999999, 'response_quality': 0.8, 'latency_ms': 450, 'tokens_used': 0, 'was_proactive': False, 'context_relevance': 0.5, 'error_occurred': False, 'tags': [], 'metadata': {}}, user_satisfaction=None, response_quality=0.5, latency_ms=0.0, tokens_used=0, was_proactive=False, context_relevance=0.5, error_occurred=False, tags=[], metadata={}), InteractionRecord(id='34b8fe0379a2', timestamp='2026-05-27T01:07:37.081324', interaction_type={'id': 'f4ab18965d6f', 'timestamp': '2026-05-27T01:07:37.081324', 'interaction_type': 'conversation', 'user_satisfaction': 0.8999999999999999, 'response_quality': 0.6, 'latency_ms': 500, 'tokens_used': 0, 'was_proactive': False, 'context_relevance': 0.5, 'error_occurred': False, 'tags': [], 'metadata': {}}, user_satisfaction=None, response_quality=0.5, latency_ms=0.0, tokens_used=0, was_proactive=False, context_relevance=0.5, error_occurred=False, tags=[], metadata={}), InteractionRecord(id='f8eb52a200a7', timestamp='2026-05-27T01:07:37.081324', interaction_type={'id': '6fe10ef5cf7f', 'timestamp': '2026-05-27T01:07:37.081324', 'interaction_type': 'conversation', 'user_satisfaction': 0.7, 'response_quality': 0.8, 'latency_ms': 550, 'tokens_used': 0, 'was_proactive': False, 'context_relevance': 0.5, 'error_occurred': False, 'tags': [], 'metadata': {}}, user_satisfaction=None, response_quality=0.5, latency_ms=0.0, tokens_used=0, was_proactive=False, context_relevance=0.5, error_occurred=False, tags=[], metadata={}), InteractionRecord(id='f8fa6c8b1fd8', timestamp='2026-05-27T01:07:37.092250', interaction_type={'id': '030ca84ffde5', 'timestamp': '2026-05-27T01:07:37.092250', 'interaction_type': 'conversation', 'user_satisfaction': 0.7999999999999999, 'response_quality': 0.6, 'latency_ms': 600, 'tokens_used': 0, 'was_proactive': False, 'context_relevance': 0.5, 'error_occurred': False, 'tags': [], 'metadata': {}}, user_satisfaction=None, response_quality=0.5, latency_ms=0.0, tokens_used=0, was_proactive=False, context_relevance=0.5, error_occurred=False, tags=[], metadata={}), InteractionRecord(id=inf, timestamp='2026-05-27T01:07:37.092818', interaction_type={'id': '3253838b53d3', 'timestamp': '2026-05-27T01:07:37.092818', 'interaction_type': 'conversation', 'user_satisfaction': 0.8999999999999999, 'response_quality': 0.8, 'latency_ms': 650, 'tokens_used': 0, 'was_proactive': False, 'context_relevance': 0.5, 'error_occurred': False, 'tags': [], 'metadata': {}}, user_satisfaction=None, response_quality=0.5, latency_ms=0.0, tokens_used=0, was_proactive=False, context_relevance=0.5, error_occurred=False, tags=[], metadata={}), InteractionRecord(id='fe5ae29f38fe', timestamp='2026-05-27T01:07:37.092818', interaction_type={'id': '0163153cb2b4', 'timestamp': '2026-05-27T01:07:37.092818', 'interaction_type': 'conversation', 'user_satisfaction': 0.7, 'response_quality': 0.6, 'latency_ms': 700, 'tokens_used': 0, 'was_proactive': False, 'context_relevance': 0.5, 'error_occurred': False, 'tags': [], 'metadata': {}}, user_satisfaction=None, response_quality=0.5, latency_ms=0.0, tokens_used=0, was_proactive=False, context_relevance=0.5, error_occurred=False, tags=[], metadata={}), InteractionRecord(id='a94266b0e6dc', timestamp='2026-05-27T01:07:37.092818', interaction_type={'id': '6ef735dc7502', 'timestamp': '2026-05-27T01:07:37.092818', 'interaction_type': 'conversation', 'user_satisfaction': 0.7999999999999999, 'response_quality': 0.8, 'latency_ms': 750, 'tokens_used': 0, 'was_proactive': False, 'context_relevance': 0.5, 'error_occurred': False, 'tags': [], 'metadata': {}}, user_satisfaction=None, response_quality=0.5, latency_ms=0.0, tokens_used=0, was_proactive=False, context_relevance=0.5, error_occurred=False, tags=[], metadata={}), InteractionRecord(id='5ebebf2085dd', timestamp='2026-05-27T01:07:37.092818', interaction_type={'id': 'a3e7b6f22bc4', 'timestamp': '2026-05-27T01:07:37.092818', 'interaction_type': 'conversation', 'user_satisfaction': 0.8999999999999999, 'response_quality': 0.6, 'latency_ms': 800, 'tokens_used': 0, 'was_proactive': False, 'context_relevance': 0.5, 'error_occurred': False, 'tags': [], 'metadata': {}}, user_satisfaction=None, response_quality=0.5, latency_ms=0.0, tokens_used=0, was_proactive=False, context_relevance=0.5, error_occurred=False, tags=[], metadata={}), InteractionRecord(id='eddded8b8029', timestamp='2026-05-27T01:07:37.092818', interaction_type={'id': 'ed9cfb60e2f0', 'timestamp': '2026-05-27T01:07:37.092818', 'interaction_type': 'conversation', 'user_satisfaction': 0.7, 'response_quality': 0.8, 'latency_ms': 850, 'tokens_used': 0, 'was_proactive': False, 'context_relevance': 0.5, 'error_occurred': False, 'tags': [], 'metadata': {}}, user_satisfaction=None, response_quality=0.5, latency_ms=0.0, tokens_used=0, was_proactive=False, context_relevance=0.5, error_occurred=False, tags=[], metadata={}), InteractionRecord(id='46426420335e', timestamp='2026-05-27T01:08:05.544697', interaction_type={'id': '49c42f07784c', 'timestamp': '2026-05-27T01:08:05.544697', 'interaction_type': 'conversation', 'user_satisfaction': 0.8, 'response_quality': 0.7, 'latency_ms': 0.0, 'tokens_used': 0, 'was_proactive': False, 'context_relevance': 0.5, 'error_occurred': False, 'tags': [], 'metadata': {}}, user_satisfaction=None, response_quality=0.5, latency_ms=0.0, tokens_used=0, was_proactive=False, context_relevance=0.5, error_occurred=False, tags=[], metadata={}), InteractionRecord(id='167b795ddba3', timestamp='2026-05-27T01:08:05.544697', interaction_type={'id': '1715974d7018', 'timestamp': '2026-05-27T01:08:05.544697', 'interaction_type': 'conversation', 'user_satisfaction': 0.8, 'response_quality': 0.7, 'latency_ms': 0.0, 'tokens_used': 0, 'was_proactive': False, 'context_relevance': 0.5, 'error_occurred': False, 'tags': [], 'metadata': {}}, user_satisfaction=None, response_quality=0.5, latency_ms=0.0, tokens_used=0, was_proactive=False, context_relevance=0.5, error_occurred=False, tags=[], metadata={}), InteractionRecord(id='2b4fe625b581', timestamp='2026-05-27T01:08:05.544697', interaction_type={'id': '8c416908236f', 'timestamp': '2026-05-27T01:08:05.544697', 'interaction_type': 'conversation', 'user_satisfaction': 0.8, 'response_quality': 0.7, 'latency_ms': 0.0, 'tokens_used': 0, 'was_proactive': False, 'context_relevance': 0.5, 'error_occurred': False, 'tags': [], 'metadata': {}}, user_satisfaction=None, response_quality=0.5, latency_ms=0.0, tokens_used=0, was_proactive=False, context_relevance=0.5, error_occurred=False, tags=[], metadata={}), InteractionRecord(id='858e39dc93dc', timestamp='2026-05-27T01:08:05.544697', interaction_type={'id': '8f752f06899d', 'timestamp': '2026-05-27T01:08:05.544697', 'interaction_type': 'conversation', 'user_satisfaction': 0.8, 'response_quality': 0.7, 'latency_ms': 0.0, 'tokens_used': 0, 'was_proactive': False, 'context_relevance': 0.5, 'error_occurred': False, 'tags': [], 'metadata': {}}, user_satisfaction=None, response_quality=0.5, latency_ms=0.0, tokens_used=0, was_proactive=False, context_relevance=0.5, error_occurred=False, tags=[], metadata={}), InteractionRecord(id='5e9b93b49461', timestamp='2026-05-27T01:08:05.544697', interaction_type={'id': '7f1ea2d502ef', 'timestamp': '2026-05-27T01:08:05.544697', 'interaction_type': 'conversation', 'user_satisfaction': 0.8, 'response_quality': 0.7, 'latency_ms': 0.0, 'tokens_used': 0, 'was_proactive': False, 'context_relevance': 0.5, 'error_occurred': False, 'tags': [], 'metadata': {}}, user_satisfaction=None, response_quality=0.5, latency_ms=0.0, tokens_used=0, was_proactive=False, context_relevance=0.5, error_occurred=False, tags=[], metadata={}), InteractionRecord(id='d51836a9cb0c', timestamp='2026-05-27T01:08:05.636825', interaction_type={'id': '82d74f817772', 'timestamp': '2026-05-27T01:08:05.636825', 'interaction_type': 'conversation', 'user_satisfaction': 0.7, 'response_quality': 0.6, 'latency_ms': 0.0, 'tokens_used': 0, 'was_proactive': False, 'context_relevance': 0.5, 'error_occurred': False, 'tags': [], 'metadata': {}}, user_satisfaction=None, response_quality=0.5, latency_ms=0.0, tokens_used=0, was_proactive=False, context_relevance=0.5, error_occurred=False, tags=[], metadata={}), InteractionRecord(id='30bf3a63473d', timestamp='2026-05-27T01:08:05.636825', interaction_type={'id': '7a27c5c07dc5', 'timestamp': '2026-05-27T01:08:05.636825', 'interaction_type': 'conversation', 'user_satisfaction': 0.7, 'response_quality': 0.6, 'latency_ms': 0.0, 'tokens_used': 0, 'was_proactive': False, 'context_relevance': 0.5, 'error_occurred': False, 'tags': [], 'metadata': {}}, user_satisfaction=None, response_quality=0.5, latency_ms=0.0, tokens_used=0, was_proactive=False, context_relevance=0.5, error_occurred=False, tags=[], metadata={}), InteractionRecord(id='c3669c27856f', timestamp='2026-05-27T01:08:05.636825', interaction_type={'id': '1c838961accb', 'timestamp': '2026-05-27T01:08:05.636825', 'interaction_type': 'conversation', 'user_satisfaction': 0.7, 'response_quality': 0.6, 'latency_ms': 0.0, 'tokens_used': 0, 'was_proactive': False, 'context_relevance': 0.5, 'error_occurred': False, 'tags': [], 'metadata': {}}, user_satisfaction=None, response_quality=0.5, latency_ms=0.0, tokens_used=0, was_proactive=False, context_relevance=0.5, error_occurred=False, tags=[], metadata={}), InteractionRecord(id='a0df3745705d', timestamp='2026-05-27T01:08:05.636825', interaction_type={'id': 'c516a733cd7e', 'timestamp': '2026-05-27T01:08:05.636825', 'interaction_type': 'conversation', 'user_satisfaction': 0.7, 'response_quality': 0.6, 'latency_ms': 0.0, 'tokens_used': 0, 'was_proactive': False, 'context_relevance': 0.5, 'error_occurred': False, 'tags': [], 'metadata': {}}, user_satisfaction=None, response_quality=0.5, latency_ms=0.0, tokens_used=0, was_proactive=False, context_relevance=0.5, error_occurred=False, tags=[], metadata={}), InteractionRecord(id='ed4882e0a997', timestamp='2026-05-27T01:08:05.643119', interaction_type={'id': '7bff6b1dc9d2', 'timestamp': '2026-05-27T01:08:05.643119', 'interaction_type': 'conversation', 'user_satisfaction': 0.7, 'response_quality': 0.6, 'latency_ms': 0.0, 'tokens_used': 0, 'was_proactive': False, 'context_relevance': 0.5, 'error_occurred': False, 'tags': [], 'metadata': {}}, user_satisfaction=None, response_quality=0.5, latency_ms=0.0, tokens_used=0, was_proactive=False, context_relevance=0.5, error_occurred=False, tags=[], metadata={}), InteractionRecord(id='c6f558e5aa22', timestamp='2026-05-27T01:08:05.643119', interaction_type={'id': 'a7fb16a569d3', 'timestamp': '2026-05-27T01:08:05.643119', 'interaction_type': 'conversation', 'user_satisfaction': 0.7, 'response_quality': 0.6, 'latency_ms': 0.0, 'tokens_used': 0, 'was_proactive': False, 'context_relevance': 0.5, 'error_occurred': False, 'tags': [], 'metadata': {}}, user_satisfaction=None, response_quality=0.5, latency_ms=0.0, tokens_used=0, was_proactive=False, context_relevance=0.5, error_occurred=False, tags=[], metadata={}), InteractionRecord(id='2b4a6ed38ed3', timestamp='2026-05-27T01:08:05.643119', interaction_type={'id': '422b6e731613', 'timestamp': '2026-05-27T01:08:05.643119', 'interaction_type': 'conversation', 'user_satisfaction': 0.7, 'response_quality': 0.6, 'latency_ms': 0.0, 'tokens_used': 0, 'was_proactive': False, 'context_relevance': 0.5, 'error_occurred': False, 'tags': [], 'metadata': {}}, user_satisfaction=None, response_quality=0.5, latency_ms=0.0, tokens_used=0, was_proactive=False, context_relevance=0.5, error_occurred=False, tags=[], metadata={}), InteractionRecord(id='17d3d749ca42', timestamp='2026-05-27T01:08:05.643119', interaction_type={'id': '8a09eaacc5d1', 'timestamp': '2026-05-27T01:08:05.643119', 'interaction_type': 'conversation', 'user_satisfaction': 0.7, 'response_quality': 0.6, 'latency_ms': 0.0, 'tokens_used': 0, 'was_proactive': False, 'context_relevance': 0.5, 'error_occurred': False, 'tags': [], 'metadata': {}}, user_satisfaction=None, response_quality=0.5, latency_ms=0.0, tokens_used=0, was_proactive=False, context_relevance=0.5, error_occurred=False, tags=[], metadata={}), InteractionRecord(id='784e5df63966', timestamp='2026-05-27T01:08:05.643119', interaction_type={'id': '738a902dedbc', 'timestamp': '2026-05-27T01:08:05.643119', 'interaction_type': 'conversation', 'user_satisfaction': 0.7, 'response_quality': 0.6, 'latency_ms': 0.0, 'tokens_used': 0, 'was_proactive': False, 'context_relevance': 0.5, 'error_occurred': False, 'tags': [], 'metadata': {}}, user_satisfaction=None, response_quality=0.5, latency_ms=0.0, tokens_used=0, was_proactive=False, context_relevance=0.5, error_occurred=False, tags=[], metadata={}), InteractionRecord(id='b2a675444082', timestamp='2026-05-27T01:08:05.643119', interaction_type={'id': '5474d20f8c84', 'timestamp': '2026-05-27T01:08:05.643119', 'interaction_type': 'conversation', 'user_satisfaction': 0.7, 'response_quality': 0.6, 'latency_ms': 0.0, 'tokens_used': 0, 'was_proactive': False, 'context_relevance': 0.5, 'error_occurred': False, 'tags': [], 'metadata': {}}, user_satisfaction=None, response_quality=0.5, latency_ms=0.0, tokens_used=0, was_proactive=False, context_relevance=0.5, error_occurred=False, tags=[], metadata={}), InteractionRecord(id='f15520c6760d', timestamp='2026-05-27T01:08:05.643119', interaction_type={'id': '8cc9e98a4366', 'timestamp': '2026-05-27T01:08:05.643119', 'interaction_type': 'conversation', 'user_satisfaction': 0.7, 'response_quality': 0.6, 'latency_ms': 0.0, 'tokens_used': 0, 'was_proactive': False, 'context_relevance': 0.5, 'error_occurred': False, 'tags': [], 'metadata': {}}, user_satisfaction=None, response_quality=0.5, latency_ms=0.0, tokens_used=0, was_proactive=False, context_relevance=0.5, error_occurred=False, tags=[], metadata={}), InteractionRecord(id='16477f0f45eb', timestamp='2026-05-27T01:08:05.643119', interaction_type={'id': '1b6e214b527f', 'timestamp': '2026-05-27T01:08:05.643119', 'interaction_type': 'conversation', 'user_satisfaction': 0.7, 'response_quality': 0.6, 'latency_ms': 0.0, 'tokens_used': 0, 'was_proactive': False, 'context_relevance': 0.5, 'error_occurred': False, 'tags': [], 'metadata': {}}, user_satisfaction=None, response_quality=0.5, latency_ms=0.0, tokens_used=0, was_proactive=False, context_relevance=0.5, error_occurred=False, tags=[], metadata={}), InteractionRecord(id='76d0f0ebf171', timestamp='2026-05-27T01:08:05.643119', interaction_type={'id': '2f9f95717a85', 'timestamp': '2026-05-27T01:08:05.643119', 'interaction_type': 'conversation', 'user_satisfaction': 0.7, 'response_quality': 0.6, 'latency_ms': 0.0, 'tokens_used': 0, 'was_proactive': False, 'context_relevance': 0.5, 'error_occurred': False, 'tags': [], 'metadata': {}}, user_satisfaction=None, response_quality=0.5, latency_ms=0.0, tokens_used=0, was_proactive=False, context_relevance=0.5, error_occurred=False, tags=[], metadata={}), InteractionRecord(id='656cde98d85c', timestamp='2026-05-27T01:08:05.643119', interaction_type={'id': '815a202c7e1c', 'timestamp': '2026-05-27T01:08:05.643119', 'interaction_type': 'conversation', 'user_satisfaction': 0.7, 'response_quality': 0.6, 'latency_ms': 0.0, 'tokens_used': 0, 'was_proactive': False, 'context_relevance': 0.5, 'error_occurred': False, 'tags': [], 'metadata': {}}, user_satisfaction=None, response_quality=0.5, latency_ms=0.0, tokens_used=0, was_proactive=False, context_relevance=0.5, error_occurred=False, tags=[], metadata={}), InteractionRecord(id='8a1a5bce7188', timestamp='2026-05-27T01:08:05.643119', interaction_type={'id': '2008d25e6167', 'timestamp': '2026-05-27T01:08:05.643119', 'interaction_type': 'conversation', 'user_satisfaction': 0.7, 'response_quality': 0.6, 'latency_ms': 0.0, 'tokens_used': 0, 'was_proactive': False, 'context_relevance': 0.5, 'error_occurred': False, 'tags': [], 'metadata': {}}, user_satisfaction=None, response_quality=0.5, latency_ms=0.0, tokens_used=0, was_proactive=False, context_relevance=0.5, error_occurred=False, tags=[], metadata={}), InteractionRecord(id='cebf16722aa4', timestamp='2026-05-27T01:08:05.643119', interaction_type={'id': '86dfdaa44116', 'timestamp': '2026-05-27T01:08:05.643119', 'interaction_type': 'conversation', 'user_satisfaction': 0.7, 'response_quality': 0.6, 'latency_ms': 0.0, 'tokens_used': 0, 'was_proactive': False, 'context_relevance': 0.5, 'error_occurred': False, 'tags': [], 'metadata': {}}, user_satisfaction=None, response_quality=0.5, latency_ms=0.0, tokens_used=0, was_proactive=False, context_relevance=0.5, error_occurred=False, tags=[], metadata={}), InteractionRecord(id='c76bcb7e61b3', timestamp='2026-05-27T01:08:05.643119', interaction_type={'id': '29c2dae9544b', 'timestamp': '2026-05-27T01:08:05.643119', 'interaction_type': 'conversation', 'user_satisfaction': 0.7, 'response_quality': 0.6, 'latency_ms': 0.0, 'tokens_used': 0, 'was_proactive': False, 'context_relevance': 0.5, 'error_occurred': False, 'tags': [], 'metadata': {}}, user_satisfaction=None, response_quality=0.5, latency_ms=0.0, tokens_used=0, was_proactive=False, context_relevance=0.5, error_occurred=False, tags=[], metadata={}), InteractionRecord(id='b827e76baca2', timestamp='2026-05-27T01:08:05.643119', interaction_type={'id': 'ce158d3fba21', 'timestamp': '2026-05-27T01:08:05.643119', 'interaction_type': 'conversation', 'user_satisfaction': 0.7, 'response_quality': 0.6, 'latency_ms': 0.0, 'tokens_used': 0, 'was_proactive': False, 'context_relevance': 0.5, 'error_occurred': False, 'tags': [], 'metadata': {}}, user_satisfaction=None, response_quality=0.5, latency_ms=0.0, tokens_used=0, was_proactive=False, context_relevance=0.5, error_occurred=False, tags=[], metadata={}), InteractionRecord(id='d91e2d0180c1', timestamp='2026-05-27T01:08:05.643119', interaction_type={'id': 'bb024e24cadf', 'timestamp': '2026-05-27T01:08:05.643119', 'interaction_type': 'conversation', 'user_satisfaction': 0.7, 'response_quality': 0.6, 'latency_ms': 0.0, 'tokens_used': 0, 'was_proactive': False, 'context_relevance': 0.5, 'error_occurred': False, 'tags': [], 'metadata': {}}, user_satisfaction=None, response_quality=0.5, latency_ms=0.0, tokens_used=0, was_proactive=False, context_relevance=0.5, error_occurred=False, tags=[], metadata={}), InteractionRecord(id='1ed2480e1e2e', timestamp='2026-05-27T01:08:05.659216', interaction_type={'id': '43ac1dbcd36e', 'timestamp': '2026-05-27T01:08:05.659216', 'interaction_type': 'conversation', 'user_satisfaction': 0.7, 'response_quality': 0.6, 'latency_ms': 0.0, 'tokens_used': 0, 'was_proactive': False, 'context_relevance': 0.5, 'error_occurred': False, 'tags': [], 'metadata': {}}, user_satisfaction=None, response_quality=0.5, latency_ms=0.0, tokens_used=0, was_proactive=False, context_relevance=0.5, error_occurred=False, tags=[], metadata={}), InteractionRecord(id='ec4133fef290', timestamp='2026-05-27T01:08:05.661049', interaction_type={'id': 'b207efc947ea', 'timestamp': '2026-05-27T01:08:05.661049', 'interaction_type': 'conversation', 'user_satisfaction': 0.7, 'response_quality': 0.6, 'latency_ms': 0.0, 'tokens_used': 0, 'was_proactive': False, 'context_relevance': 0.5, 'error_occurred': False, 'tags': [], 'metadata': {}}, user_satisfaction=None, response_quality=0.5, latency_ms=0.0, tokens_used=0, was_proactive=False, context_relevance=0.5, error_occurred=False, tags=[], metadata={}), InteractionRecord(id='61507604b7d0', timestamp='2026-05-27T01:08:05.662521', interaction_type={'id': '293bdbb651fe', 'timestamp': '2026-05-27T01:08:05.662521', 'interaction_type': 'conversation', 'user_satisfaction': 0.7, 'response_quality': 0.6, 'latency_ms': 0.0, 'tokens_used': 0, 'was_proactive': False, 'context_relevance': 0.5, 'error_occurred': False, 'tags': [], 'metadata': {}}, user_satisfaction=None, response_quality=0.5, latency_ms=0.0, tokens_used=0, was_proactive=False, context_relevance=0.5, error_occurred=False, tags=[], metadata={}), InteractionRecord(id='03495f42b6e4', timestamp='2026-05-27T01:08:05.663520', interaction_type={'id': 'b70c9f23914e', 'timestamp': '2026-05-27T01:08:05.663520', 'interaction_type': 'conversation', 'user_satisfaction': 0.7, 'response_quality': 0.6, 'latency_ms': 0.0, 'tokens_used': 0, 'was_proactive': False, 'context_relevance': 0.5, 'error_occurred': False, 'tags': [], 'metadata': {}}, user_satisfaction=None, response_quality=0.5, latency_ms=0.0, tokens_used=0, was_proactive=False, context_relevance=0.5, error_occurred=False, tags=[], metadata={}), InteractionRecord(id='574ad9cd127b', timestamp='2026-05-27T01:08:05.664520', interaction_type={'id': '8f2126cf23bc', 'timestamp': '2026-05-27T01:08:05.664520', 'interaction_type': 'conversation', 'user_satisfaction': 0.7, 'response_quality': 0.6, 'latency_ms': 0.0, 'tokens_used': 0, 'was_proactive': False, 'context_relevance': 0.5, 'error_occurred': False, 'tags': [], 'metadata': {}}, user_satisfaction=None, response_quality=0.5, latency_ms=0.0, tokens_used=0, was_proactive=False, context_relevance=0.5, error_occurred=False, tags=[], metadata={}), InteractionRecord(id='6df77f3acb62', timestamp='2026-05-27T01:08:05.665521', interaction_type={'id': '4bf234ce4f07', 'timestamp': '2026-05-27T01:08:05.665521', 'interaction_type': 'conversation', 'user_satisfaction': 0.7, 'response_quality': 0.6, 'latency_ms': 0.0, 'tokens_used': 0, 'was_proactive': False, 'context_relevance': 0.5, 'error_occurred': False, 'tags': [], 'metadata': {}}, user_satisfaction=None, response_quality=0.5, latency_ms=0.0, tokens_used=0, was_proactive=False, context_relevance=0.5, error_occurred=False, tags=[], metadata={}), InteractionRecord(id='8f7cf32e6937', timestamp='2026-05-27T01:08:05.668029', interaction_type={'id': 'a5a98d11ca6e', 'timestamp': '2026-05-27T01:08:05.668029', 'interaction_type': 'conversation', 'user_satisfaction': 0.7, 'response_quality': 0.6, 'latency_ms': 0.0, 'tokens_used': 0, 'was_proactive': False, 'context_relevance': 0.5, 'error_occurred': False, 'tags': [], 'metadata': {}}, user_satisfaction=None, response_quality=0.5, latency_ms=0.0, tokens_used=0, was_proactive=False, context_relevance=0.5, error_occurred=False, tags=[], metadata={}), InteractionRecord(id='0f2efd2a800d', timestamp='2026-05-27T01:08:05.669029', interaction_type={'id': '84c89938d665', 'timestamp': '2026-05-27T01:08:05.669029', 'interaction_type': 'conversation', 'user_satisfaction': 0.7, 'response_quality': 0.6, 'latency_ms': 0.0, 'tokens_used': 0, 'was_proactive': False, 'context_relevance': 0.5, 'error_occurred': False, 'tags': [], 'metadata': {}}, user_satisfaction=None, response_quality=0.5, latency_ms=0.0, tokens_used=0, was_proactive=False, context_relevance=0.5, error_occurred=False, tags=[], metadata={}), InteractionRecord(id='95892095ed0f', timestamp='2026-05-27T01:08:05.671029', interaction_type={'id': '49f09f6dc103', 'timestamp': '2026-05-27T01:08:05.671029', 'interaction_type': 'conversation', 'user_satisfaction': 0.7, 'response_quality': 0.6, 'latency_ms': 0.0, 'tokens_used': 0, 'was_proactive': False, 'context_relevance': 0.5, 'error_occurred': False, 'tags': [], 'metadata': {}}, user_satisfaction=None, response_quality=0.5, latency_ms=0.0, tokens_used=0, was_proactive=False, context_relevance=0.5, error_occurred=False, tags=[], metadata={}), InteractionRecord(id='088a63ad4f4f', timestamp='2026-05-27T01:08:05.672030', interaction_type={'id': '773fb033b2d4', 'timestamp': '2026-05-27T01:08:05.672030', 'interaction_type': 'conversation', 'user_satisfaction': 0.7, 'response_quality': 0.6, 'latency_ms': 0.0, 'tokens_used': 0, 'was_proactive': False, 'context_relevance': 0.5, 'error_occurred': False, 'tags': [], 'metadata': {}}, user_satisfaction=None, response_quality=0.5, latency_ms=0.0, tokens_used=0, was_proactive=False, context_relevance=0.5, error_occurred=False, tags=[], metadata={}), InteractionRecord(id='4efc85db78dd', timestamp='2026-05-27T01:08:05.674034', interaction_type={'id': '868a504c893d', 'timestamp': '2026-05-27T01:08:05.674034', 'interaction_type': 'conversation', 'user_satisfaction': 0.7, 'response_quality': 0.6, 'latency_ms': 0.0, 'tokens_used': 0, 'was_proactive': False, 'context_relevance': 0.5, 'error_occurred': False, 'tags': [], 'metadata': {}}, user_satisfaction=None, response_quality=0.5, latency_ms=0.0, tokens_used=0, was_proactive=False, context_relevance=0.5, error_occurred=False, tags=[], metadata={}), InteractionRecord(id='3a2fe81d0df7', timestamp='2026-05-27T01:08:05.675034', interaction_type={'id': '0d4d4328b8b3', 'timestamp': '2026-05-27T01:08:05.675034', 'interaction_type': 'conversation', 'user_satisfaction': 0.7, 'response_quality': 0.6, 'latency_ms': 0.0, 'tokens_used': 0, 'was_proactive': False, 'context_relevance': 0.5, 'error_occurred': False, 'tags': [], 'metadata': {}}, user_satisfaction=None, response_quality=0.5, latency_ms=0.0, tokens_used=0, was_proactive=False, context_relevance=0.5, error_occurred=False, tags=[], metadata={}), InteractionRecord(id='43c7ae7da93f', timestamp='2026-05-27T01:08:05.676034', interaction_type={'id': 'cb1a8fba7ec4', 'timestamp': '2026-05-27T01:08:05.676034', 'interaction_type': 'conversation', 'user_satisfaction': 0.7, 'response_quality': 0.6, 'latency_ms': 0.0, 'tokens_used': 0, 'was_proactive': False, 'context_relevance': 0.5, 'error_occurred': False, 'tags': [], 'metadata': {}}, user_satisfaction=None, response_quality=0.5, latency_ms=0.0, tokens_used=0, was_proactive=False, context_relevance=0.5, error_occurred=False, tags=[], metadata={}), InteractionRecord(id='500cfdbdf89b', timestamp='2026-05-27T01:08:05.678157', interaction_type={'id': 'd2cc415a55e4', 'timestamp': '2026-05-27T01:08:05.678157', 'interaction_type': 'conversation', 'user_satisfaction': 0.7, 'response_quality': 0.6, 'latency_ms': 0.0, 'tokens_used': 0, 'was_proactive': False, 'context_relevance': 0.5, 'error_occurred': False, 'tags': [], 'metadata': {}}, user_satisfaction=None, response_quality=0.5, latency_ms=0.0, tokens_used=0, was_proactive=False, context_relevance=0.5, error_occurred=False, tags=[], metadata={}), InteractionRecord(id='b49b14e46105', timestamp='2026-05-27T01:08:05.679163', interaction_type={'id': '29fc10ccca61', 'timestamp': '2026-05-27T01:08:05.679163', 'interaction_type': 'conversation', 'user_satisfaction': 0.7, 'response_quality': 0.6, 'latency_ms': 0.0, 'tokens_used': 0, 'was_proactive': False, 'context_relevance': 0.5, 'error_occurred': False, 'tags': [], 'metadata': {}}, user_satisfaction=None, response_quality=0.5, latency_ms=0.0, tokens_used=0, was_proactive=False, context_relevance=0.5, error_occurred=False, tags=[], metadata={}), InteractionRecord(id='a57f608c2ba7', timestamp='2026-05-27T01:08:05.681162', interaction_type={'id': 'd13a65106f57', 'timestamp': '2026-05-27T01:08:05.681162', 'interaction_type': 'conversation', 'user_satisfaction': 0.7, 'response_quality': 0.6, 'latency_ms': 0.0, 'tokens_used': 0, 'was_proactive': False, 'context_relevance': 0.5, 'error_occurred': False, 'tags': [], 'metadata': {}}, user_satisfaction=None, response_quality=0.5, latency_ms=0.0, tokens_used=0, was_proactive=False, context_relevance=0.5, error_occurred=False, tags=[], metadata={}), InteractionRecord(id='6ac9354500c8', timestamp='2026-05-27T01:08:05.683164', interaction_type={'id': '904cbc418607', 'timestamp': '2026-05-27T01:08:05.682165', 'interaction_type': 'conversation', 'user_satisfaction': 0.7, 'response_quality': 0.6, 'latency_ms': 0.0, 'tokens_used': 0, 'was_proactive': False, 'context_relevance': 0.5, 'error_occurred': False, 'tags': [], 'metadata': {}}, user_satisfaction=None, response_quality=0.5, latency_ms=0.0, tokens_used=0, was_proactive=False, context_relevance=0.5, error_occurred=False, tags=[], metadata={}), InteractionRecord(id='684f6cecb409', timestamp='2026-05-27T01:08:05.684165', interaction_type={'id': '1de77b83159f', 'timestamp': '2026-05-27T01:08:05.684165', 'interaction_type': 'conversation', 'user_satisfaction': 0.7, 'response_quality': 0.6, 'latency_ms': 0.0, 'tokens_used': 0, 'was_proactive': False, 'context_relevance': 0.5, 'error_occurred': False, 'tags': [], 'metadata': {}}, user_satisfaction=None, response_quality=0.5, latency_ms=0.0, tokens_used=0, was_proactive=False, context_relevance=0.5, error_occurred=False, tags=[], metadata={}), InteractionRecord(id='2fee094bceb6', timestamp='2026-05-27T01:08:05.686166', interaction_type={'id': 'b370136e4d1d', 'timestamp': '2026-05-27T01:08:05.686166', 'interaction_type': 'conversation', 'user_satisfaction': 0.7, 'response_quality': 0.6, 'latency_ms': 0.0, 'tokens_used': 0, 'was_proactive': False, 'context_relevance': 0.5, 'error_occurred': False, 'tags': [], 'metadata': {}}, user_satisfaction=None, response_quality=0.5, latency_ms=0.0, tokens_used=0, was_proactive=False, context_relevance=0.5, error_occurred=False, tags=[], metadata={}), InteractionRecord(id='b74eb8b030c7', timestamp='2026-05-27T01:08:05.687677', interaction_type={'id': 'f440ceef98f7', 'timestamp': '2026-05-27T01:08:05.687677', 'interaction_type': 'conversation', 'user_satisfaction': 0.7, 'response_quality': 0.6, 'latency_ms': 0.0, 'tokens_used': 0, 'was_proactive': False, 'context_relevance': 0.5, 'error_occurred': False, 'tags': [], 'metadata': {}}, user_satisfaction=None, response_quality=0.5, latency_ms=0.0, tokens_used=0, was_proactive=False, context_relevance=0.5, error_occurred=False, tags=[], metadata={}), InteractionRecord(id='812d0012c3ba', timestamp='2026-05-27T01:08:05.689679', interaction_type={'id': 'bf5a258b7df9', 'timestamp': '2026-05-27T01:08:05.689679', 'interaction_type': 'conversation', 'user_satisfaction': 0.7, 'response_quality': 0.6, 'latency_ms': 0.0, 'tokens_used': 0, 'was_proactive': False, 'context_relevance': 0.5, 'error_occurred': False, 'tags': [], 'metadata': {}}, user_satisfaction=None, response_quality=0.5, latency_ms=0.0, tokens_used=0, was_proactive=False, context_relevance=0.5, error_occurred=False, tags=[], metadata={}), InteractionRecord(id='835453066dae', timestamp='2026-05-27T01:08:05.691615', interaction_type={'id': 'b9dfa8f075ca', 'timestamp': '2026-05-27T01:08:05.691615', 'interaction_type': 'conversation', 'user_satisfaction': 0.7, 'response_quality': 0.6, 'latency_ms': 0.0, 'tokens_used': 0, 'was_proactive': False, 'context_relevance': 0.5, 'error_occurred': False, 'tags': [], 'metadata': {}}, user_satisfaction=None, response_quality=0.5, latency_ms=0.0, tokens_used=0, was_proactive=False, context_relevance=0.5, error_occurred=False, tags=[], metadata={}), InteractionRecord(id='f8a6583aa56a', timestamp='2026-05-27T01:08:05.691615', interaction_type={'id': '8c126d4db42e', 'timestamp': '2026-05-27T01:08:05.691615', 'interaction_type': 'conversation', 'user_satisfaction': 0.7, 'response_quality': 0.6, 'latency_ms': 0.0, 'tokens_used': 0, 'was_proactive': False, 'context_relevance': 0.5, 'error_occurred': False, 'tags': [], 'metadata': {}}, user_satisfaction=None, response_quality=0.5, latency_ms=0.0, tokens_used=0, was_proactive=False, context_relevance=0.5, error_occurred=False, tags=[], metadata={}), InteractionRecord(id='6c3557433411', timestamp='2026-05-27T01:08:05.695440', interaction_type={'id': 'e116eb132102', 'timestamp': '2026-05-27T01:08:05.695440', 'interaction_type': 'conversation', 'user_satisfaction': 0.7, 'response_quality': 0.6, 'latency_ms': 0.0, 'tokens_used': 0, 'was_proactive': False, 'context_relevance': 0.5, 'error_occurred': False, 'tags': [], 'metadata': {}}, user_satisfaction=None, response_quality=0.5, latency_ms=0.0, tokens_used=0, was_proactive=False, context_relevance=0.5, error_occurred=False, tags=[], metadata={}), InteractionRecord(id='4137d54db27e', timestamp='2026-05-27T01:08:05.697257', interaction_type={'id': '550212cb7176', 'timestamp': '2026-05-27T01:08:05.697257', 'interaction_type': 'conversation', 'user_satisfaction': 0.7, 'response_quality': 0.6, 'latency_ms': 0.0, 'tokens_used': 0, 'was_proactive': False, 'context_relevance': 0.5, 'error_occurred': False, 'tags': [], 'metadata': {}}, user_satisfaction=None, response_quality=0.5, latency_ms=0.0, tokens_used=0, was_proactive=False, context_relevance=0.5, error_occurred=False, tags=[], metadata={}), InteractionRecord(id='9de27277d466', timestamp='2026-05-27T01:08:05.697643', interaction_type={'id': '2279cec7621a', 'timestamp': '2026-05-27T01:08:05.697643', 'interaction_type': 'conversation', 'user_satisfaction': 0.7, 'response_quality': 0.6, 'latency_ms': 0.0, 'tokens_used': 0, 'was_proactive': False, 'context_relevance': 0.5, 'error_occurred': False, 'tags': [], 'metadata': {}}, user_satisfaction=None, response_quality=0.5, latency_ms=0.0, tokens_used=0, was_proactive=False, context_relevance=0.5, error_occurred=False, tags=[], metadata={}), InteractionRecord(id='6263466a6220', timestamp='2026-05-27T01:08:05.701292', interaction_type={'id': '926e507ea839', 'timestamp': '2026-05-27T01:08:05.701292', 'interaction_type': 'conversation', 'user_satisfaction': 0.7, 'response_quality': 0.6, 'latency_ms': 0.0, 'tokens_used': 0, 'was_proactive': False, 'context_relevance': 0.5, 'error_occurred': False, 'tags': [], 'metadata': {}}, user_satisfaction=None, response_quality=0.5, latency_ms=0.0, tokens_used=0, was_proactive=False, context_relevance=0.5, error_occurred=False, tags=[], metadata={}), InteractionRecord(id='05eff93e55ff', timestamp='2026-05-27T01:08:05.701292', interaction_type={'id': '98f7a2586bf9', 'timestamp': '2026-05-27T01:08:05.701292', 'interaction_type': 'conversation', 'user_satisfaction': 0.7, 'response_quality': 0.6, 'latency_ms': 0.0, 'tokens_used': 0, 'was_proactive': False, 'context_relevance': 0.5, 'error_occurred': False, 'tags': [], 'metadata': {}}, user_satisfaction=None, response_quality=0.5, latency_ms=0.0, tokens_used=0, was_proactive=False, context_relevance=0.5, error_occurred=False, tags=[], metadata={}), InteractionRecord(id='e52b3346a5ef', timestamp='2026-05-27T01:08:05.701292', interaction_type={'id': '72085904a09b', 'timestamp': '2026-05-27T01:08:05.701292', 'interaction_type': 'conversation', 'user_satisfaction': 0.7, 'response_quality': 0.6, 'latency_ms': 0.0, 'tokens_used': 0, 'was_proactive': False, 'context_relevance': 0.5, 'error_occurred': False, 'tags': [], 'metadata': {}}, user_satisfaction=None, response_quality=0.5, latency_ms=0.0, tokens_used=0, was_proactive=False, context_relevance=0.5, error_occurred=False, tags=[], metadata={}), InteractionRecord(id='856fd489a03a', timestamp='2026-05-27T01:08:05.701292', interaction_type={'id': '2f16d9bb6d25', 'timestamp': '2026-05-27T01:08:05.701292', 'interaction_type': 'conversation', 'user_satisfaction': 0.7, 'response_quality': 0.6, 'latency_ms': 0.0, 'tokens_used': 0, 'was_proactive': False, 'context_relevance': 0.5, 'error_occurred': False, 'tags': [], 'metadata': {}}, user_satisfaction=None, response_quality=0.5, latency_ms=0.0, tokens_used=0, was_proactive=False, context_relevance=0.5, error_occurred=False, tags=[], metadata={}), InteractionRecord(id='5b3f3e9e2ebc', timestamp='2026-05-27T01:08:05.701292', interaction_type={'id': '2949236b697a', 'timestamp': '2026-05-27T01:08:05.701292', 'interaction_type': 'conversation', 'user_satisfaction': 0.7, 'response_quality': 0.6, 'latency_ms': 0.0, 'tokens_used': 0, 'was_proactive': False, 'context_relevance': 0.5, 'error_occurred': False, 'tags': [], 'metadata': {}}, user_satisfaction=None, response_quality=0.5, latency_ms=0.0, tokens_used=0, was_proactive=False, context_relevance=0.5, error_occurred=False, tags=[], metadata={}), InteractionRecord(id='fe8db2bd88a3', timestamp='2026-05-27T01:08:05.711049', interaction_type={'id': '194ed632a236', 'timestamp': '2026-05-27T01:08:05.711049', 'interaction_type': 'conversation', 'user_satisfaction': 0.7, 'response_quality': 0.6, 'latency_ms': 0.0, 'tokens_used': 0, 'was_proactive': False, 'context_relevance': 0.5, 'error_occurred': False, 'tags': [], 'metadata': {}}, user_satisfaction=None, response_quality=0.5, latency_ms=0.0, tokens_used=0, was_proactive=False, context_relevance=0.5, error_occurred=False, tags=[], metadata={}), InteractionRecord(id='e5c48aa3940a', timestamp='2026-05-27T01:08:05.714342', interaction_type={'id': '641f6b5c8b19', 'timestamp': '2026-05-27T01:08:05.714342', 'interaction_type': 'conversation', 'user_satisfaction': 0.7, 'response_quality': 0.6, 'latency_ms': 0.0, 'tokens_used': 0, 'was_proactive': False, 'context_relevance': 0.5, 'error_occurred': False, 'tags': [], 'metadata': {}}, user_satisfaction=None, response_quality=0.5, latency_ms=0.0, tokens_used=0, was_proactive=False, context_relevance=0.5, error_occurred=False, tags=[], metadata={}), InteractionRecord(id='a170ba4ce063', timestamp='2026-05-27T01:08:05.716342', interaction_type={'id': '573baa9f76df', 'timestamp': '2026-05-27T01:08:05.716342', 'interaction_type': 'conversation', 'user_satisfaction': 0.7, 'response_quality': 0.6, 'latency_ms': 0.0, 'tokens_used': 0, 'was_proactive': False, 'context_relevance': 0.5, 'error_occurred': False, 'tags': [], 'metadata': {}}, user_satisfaction=None, response_quality=0.5, latency_ms=0.0, tokens_used=0, was_proactive=False, context_relevance=0.5, error_occurred=False, tags=[], metadata={}), InteractionRecord(id='a54048fb58be', timestamp='2026-05-27T01:08:05.717853', interaction_type={'id': 'f465931d8bb6', 'timestamp': '2026-05-27T01:08:05.717853', 'interaction_type': 'conversation', 'user_satisfaction': 0.7, 'response_quality': 0.6, 'latency_ms': 0.0, 'tokens_used': 0, 'was_proactive': False, 'context_relevance': 0.5, 'error_occurred': False, 'tags': [], 'metadata': {}}, user_satisfaction=None, response_quality=0.5, latency_ms=0.0, tokens_used=0, was_proactive=False, context_relevance=0.5, error_occurred=False, tags=[], metadata={}), InteractionRecord(id='ca7eb8e73a73', timestamp='2026-05-27T01:08:05.719855', interaction_type={'id': 'fcb70a78fab4', 'timestamp': '2026-05-27T01:08:05.719855', 'interaction_type': 'conversation', 'user_satisfaction': 0.7, 'response_quality': 0.6, 'latency_ms': 0.0, 'tokens_used': 0, 'was_proactive': False, 'context_relevance': 0.5, 'error_occurred': False, 'tags': [], 'metadata': {}}, user_satisfaction=None, response_quality=0.5, latency_ms=0.0, tokens_used=0, was_proactive=False, context_relevance=0.5, error_occurred=False, tags=[], metadata={}), InteractionRecord(id='a6111816d745', timestamp='2026-05-27T01:08:05.721853', interaction_type={'id': '593f6d5b0bbd', 'timestamp': '2026-05-27T01:08:05.721853', 'interaction_type': 'conversation', 'user_satisfaction': 0.7, 'response_quality': 0.6, 'latency_ms': 0.0, 'tokens_used': 0, 'was_proactive': False, 'context_relevance': 0.5, 'error_occurred': False, 'tags': [], 'metadata': {}}, user_satisfaction=None, response_quality=0.5, latency_ms=0.0, tokens_used=0, was_proactive=False, context_relevance=0.5, error_occurred=False, tags=[], metadata={}), InteractionRecord(id='4fe33e82d08a', timestamp='2026-05-27T01:08:05.723858', interaction_type={'id': 'c14214829094', 'timestamp': '2026-05-27T01:08:05.723858', 'interaction_type': 'conversation', 'user_satisfaction': 0.7, 'response_quality': 0.6, 'latency_ms': 0.0, 'tokens_used': 0, 'was_proactive': False, 'context_relevance': 0.5, 'error_occurred': False, 'tags': [], 'metadata': {}}, user_satisfaction=None, response_quality=0.5, latency_ms=0.0, tokens_used=0, was_proactive=False, context_relevance=0.5, error_occurred=False, tags=[], metadata={}), InteractionRecord(id='fe7a5216d32f', timestamp='2026-05-27T01:08:05.725859', interaction_type={'id': 'ae1b78d90150', 'timestamp': '2026-05-27T01:08:05.725859', 'interaction_type': 'conversation', 'user_satisfaction': 0.7, 'response_quality': 0.6, 'latency_ms': 0.0, 'tokens_used': 0, 'was_proactive': False, 'context_relevance': 0.5, 'error_occurred': False, 'tags': [], 'metadata': {}}, user_satisfaction=None, response_quality=0.5, latency_ms=0.0, tokens_used=0, was_proactive=False, context_relevance=0.5, error_occurred=False, tags=[], metadata={}), InteractionRecord(id='c343f21fab5b', timestamp='2026-05-27T01:08:05.728048', interaction_type={'id': '6a645ac36f3b', 'timestamp': '2026-05-27T01:08:05.728048', 'interaction_type': 'conversation', 'user_satisfaction': 0.7, 'response_quality': 0.6, 'latency_ms': 0.0, 'tokens_used': 0, 'was_proactive': False, 'context_relevance': 0.5, 'error_occurred': False, 'tags': [], 'metadata': {}}, user_satisfaction=None, response_quality=0.5, latency_ms=0.0, tokens_used=0, was_proactive=False, context_relevance=0.5, error_occurred=False, tags=[], metadata={}), InteractionRecord(id='609e45e0aa77', timestamp='2026-05-27T01:08:05.730058', interaction_type={'id': '8e852efe0470', 'timestamp': '2026-05-27T01:08:05.730058', 'interaction_type': 'conversation', 'user_satisfaction': 0.7, 'response_quality': 0.6, 'latency_ms': 0.0, 'tokens_used': 0, 'was_proactive': False, 'context_relevance': 0.5, 'error_occurred': False, 'tags': [], 'metadata': {}}, user_satisfaction=None, response_quality=0.5, latency_ms=0.0, tokens_used=0, was_proactive=False, context_relevance=0.5, error_occurred=False, tags=[], metadata={}), InteractionRecord(id='49befcaf6d40', timestamp='2026-05-27T01:08:05.733056', interaction_type={'id': 'dedc21d39d44', 'timestamp': '2026-05-27T01:08:05.733056', 'interaction_type': 'conversation', 'user_satisfaction': 0.7, 'response_quality': 0.6, 'latency_ms': 0.0, 'tokens_used': 0, 'was_proactive': False, 'context_relevance': 0.5, 'error_occurred': False, 'tags': [], 'metadata': {}}, user_satisfaction=None, response_quality=0.5, latency_ms=0.0, tokens_used=0, was_proactive=False, context_relevance=0.5, error_occurred=False, tags=[], metadata={}), InteractionRecord(id='ca369a5e2ad8', timestamp='2026-05-27T01:08:05.735054', interaction_type={'id': '022896fcc827', 'timestamp': '2026-05-27T01:08:05.735054', 'interaction_type': 'conversation', 'user_satisfaction': 0.7, 'response_quality': 0.6, 'latency_ms': 0.0, 'tokens_used': 0, 'was_proactive': False, 'context_relevance': 0.5, 'error_occurred': False, 'tags': [], 'metadata': {}}, user_satisfaction=None, response_quality=0.5, latency_ms=0.0, tokens_used=0, was_proactive=False, context_relevance=0.5, error_occurred=False, tags=[], metadata={}), InteractionRecord(id='5442f966d1f5', timestamp='2026-05-27T01:08:05.738564', interaction_type={'id': 'c4dcd936c9f3', 'timestamp': '2026-05-27T01:08:05.738564', 'interaction_type': 'conversation', 'user_satisfaction': 0.7, 'response_quality': 0.6, 'latency_ms': 0.0, 'tokens_used': 0, 'was_proactive': False, 'context_relevance': 0.5, 'error_occurred': False, 'tags': [], 'metadata': {}}, user_satisfaction=None, response_quality=0.5, latency_ms=0.0, tokens_used=0, was_proactive=False, context_relevance=0.5, error_occurred=False, tags=[], metadata={}), InteractionRecord(id='8bb2edfa241c', timestamp='2026-05-27T01:08:05.740564', interaction_type={'id': '1c799487bd76', 'timestamp': '2026-05-27T01:08:05.740564', 'interaction_type': 'conversation', 'user_satisfaction': 0.7, 'response_quality': 0.6, 'latency_ms': 0.0, 'tokens_used': 0, 'was_proactive': False, 'context_relevance': 0.5, 'error_occurred': False, 'tags': [], 'metadata': {}}, user_satisfaction=None, response_quality=0.5, latency_ms=0.0, tokens_used=0, was_proactive=False, context_relevance=0.5, error_occurred=False, tags=[], metadata={}), InteractionRecord(id='8f8860b74745', timestamp='2026-05-27T01:08:05.741565', interaction_type={'id': 'c860daedcd6e', 'timestamp': '2026-05-27T01:08:05.741565', 'interaction_type': 'conversation', 'user_satisfaction': 0.7, 'response_quality': 0.6, 'latency_ms': 0.0, 'tokens_used': 0, 'was_proactive': False, 'context_relevance': 0.5, 'error_occurred': False, 'tags': [], 'metadata': {}}, user_satisfaction=None, response_quality=0.5, latency_ms=0.0, tokens_used=0, was_proactive=False, context_relevance=0.5, error_occurred=False, tags=[], metadata={}), InteractionRecord(id='5b5e9d4ee310', timestamp='2026-05-27T01:08:05.745369', interaction_type={'id': 'fe3227220a34', 'timestamp': '2026-05-27T01:08:05.745369', 'interaction_type': 'conversation', 'user_satisfaction': 0.7, 'response_quality': 0.6, 'latency_ms': 0.0, 'tokens_used': 0, 'was_proactive': False, 'context_relevance': 0.5, 'error_occurred': False, 'tags': [], 'metadata': {}}, user_satisfaction=None, response_quality=0.5, latency_ms=0.0, tokens_used=0, was_proactive=False, context_relevance=0.5, error_occurred=False, tags=[], metadata={}), InteractionRecord(id='b890994dbe51', timestamp='2026-05-27T01:08:05.747369', interaction_type={'id': 'fd0c7b7febd2', 'timestamp': '2026-05-27T01:08:05.747369', 'interaction_type': 'conversation', 'user_satisfaction': 0.7, 'response_quality': 0.6, 'latency_ms': 0.0, 'tokens_used': 0, 'was_proactive': False, 'context_relevance': 0.5, 'error_occurred': False, 'tags': [], 'metadata': {}}, user_satisfaction=None, response_quality=0.5, latency_ms=0.0, tokens_used=0, was_proactive=False, context_relevance=0.5, error_occurred=False, tags=[], metadata={}), InteractionRecord(id='776bfc249de1', timestamp='2026-05-27T01:08:05.749369', interaction_type={'id': '6c992eeefb33', 'timestamp': '2026-05-27T01:08:05.749369', 'interaction_type': 'conversation', 'user_satisfaction': 0.7, 'response_quality': 0.6, 'latency_ms': 0.0, 'tokens_used': 0, 'was_proactive': False, 'context_relevance': 0.5, 'error_occurred': False, 'tags': [], 'metadata': {}}, user_satisfaction=None, response_quality=0.5, latency_ms=0.0, tokens_used=0, was_proactive=False, context_relevance=0.5, error_occurred=False, tags=[], metadata={}), InteractionRecord(id='932bcf3196c2', timestamp='2026-05-27T01:08:05.752374', interaction_type={'id': '1921a3e39d17', 'timestamp': '2026-05-27T01:08:05.752374', 'interaction_type': 'conversation', 'user_satisfaction': 0.7, 'response_quality': 0.6, 'latency_ms': 0.0, 'tokens_used': 0, 'was_proactive': False, 'context_relevance': 0.5, 'error_occurred': False, 'tags': [], 'metadata': {}}, user_satisfaction=None, response_quality=0.5, latency_ms=0.0, tokens_used=0, was_proactive=False, context_relevance=0.5, error_occurred=False, tags=[], metadata={}), InteractionRecord(id='e0c5c6ac0201', timestamp='2026-05-27T01:08:05.755376', interaction_type={'id': '845287ec99e7', 'timestamp': '2026-05-27T01:08:05.755376', 'interaction_type': 'conversation', 'user_satisfaction': 0.7, 'response_quality': 0.6, 'latency_ms': 0.0, 'tokens_used': 0, 'was_proactive': False, 'context_relevance': 0.5, 'error_occurred': False, 'tags': [], 'metadata': {}}, user_satisfaction=None, response_quality=0.5, latency_ms=0.0, tokens_used=0, was_proactive=False, context_relevance=0.5, error_occurred=False, tags=[], metadata={}), InteractionRecord(id='205a81778346', timestamp='2026-05-27T01:08:05.757681', interaction_type={'id': '9f8d94ea6069', 'timestamp': '2026-05-27T01:08:05.757681', 'interaction_type': 'conversation', 'user_satisfaction': 0.7, 'response_quality': 0.6, 'latency_ms': 0.0, 'tokens_used': 0, 'was_proactive': False, 'context_relevance': 0.5, 'error_occurred': False, 'tags': [], 'metadata': {}}, user_satisfaction=None, response_quality=0.5, latency_ms=0.0, tokens_used=0, was_proactive=False, context_relevance=0.5, error_occurred=False, tags=[], metadata={}), InteractionRecord(id='e71972760c28', timestamp='2026-05-27T01:08:05.758864', interaction_type={'id': 'ae944e17c581', 'timestamp': '2026-05-27T01:08:05.758864', 'interaction_type': 'conversation', 'user_satisfaction': 0.7, 'response_quality': 0.6, 'latency_ms': 0.0, 'tokens_used': 0, 'was_proactive': False, 'context_relevance': 0.5, 'error_occurred': False, 'tags': [], 'metadata': {}}, user_satisfaction=None, response_quality=0.5, latency_ms=0.0, tokens_used=0, was_proactive=False, context_relevance=0.5, error_occurred=False, tags=[], metadata={}), InteractionRecord(id='863eec0f714d', timestamp='2026-05-27T01:08:05.762194', interaction_type={'id': 'c267f71070e1', 'timestamp': '2026-05-27T01:08:05.762194', 'interaction_type': 'conversation', 'user_satisfaction': 0.7, 'response_quality': 0.6, 'latency_ms': 0.0, 'tokens_used': 0, 'was_proactive': False, 'context_relevance': 0.5, 'error_occurred': False, 'tags': [], 'metadata': {}}, user_satisfaction=None, response_quality=0.5, latency_ms=0.0, tokens_used=0, was_proactive=False, context_relevance=0.5, error_occurred=False, tags=[], metadata={}), InteractionRecord(id='809bb11c9322', timestamp='2026-05-27T01:08:05.762194', interaction_type={'id': '510f77f59cb0', 'timestamp': '2026-05-27T01:08:05.762194', 'interaction_type': 'conversation', 'user_satisfaction': 0.7, 'response_quality': 0.6, 'latency_ms': 0.0, 'tokens_used': 0, 'was_proactive': False, 'context_relevance': 0.5, 'error_occurred': False, 'tags': [], 'metadata': {}}, user_satisfaction=None, response_quality=0.5, latency_ms=0.0, tokens_used=0, was_proactive=False, context_relevance=0.5, error_occurred=False, tags=[], metadata={}), InteractionRecord(id='226cb8015a07', timestamp='2026-05-27T01:08:05.767295', interaction_type={'id': '6e54475fc963', 'timestamp': '2026-05-27T01:08:05.767295', 'interaction_type': 'conversation', 'user_satisfaction': 0.7, 'response_quality': 0.6, 'latency_ms': 0.0, 'tokens_used': 0, 'was_proactive': False, 'context_relevance': 0.5, 'error_occurred': False, 'tags': [], 'metadata': {}}, user_satisfaction=None, response_quality=0.5, latency_ms=0.0, tokens_used=0, was_proactive=False, context_relevance=0.5, error_occurred=False, tags=[], metadata={}), InteractionRecord(id='e423a6ee7d06', timestamp='2026-05-27T01:08:05.767295', interaction_type={'id': '9e4bde36cc73', 'timestamp': '2026-05-27T01:08:05.767295', 'interaction_type': 'conversation', 'user_satisfaction': 0.7, 'response_quality': 0.6, 'latency_ms': 0.0, 'tokens_used': 0, 'was_proactive': False, 'context_relevance': 0.5, 'error_occurred': False, 'tags': [], 'metadata': {}}, user_satisfaction=None, response_quality=0.5, latency_ms=0.0, tokens_used=0, was_proactive=False, context_relevance=0.5, error_occurred=False, tags=[], metadata={}), InteractionRecord(id='aa30b4225b64', timestamp='2026-05-27T01:08:05.767295', interaction_type={'id': 'f72750824659', 'timestamp': '2026-05-27T01:08:05.767295', 'interaction_type': 'conversation', 'user_satisfaction': 0.7, 'response_quality': 0.6, 'latency_ms': 0.0, 'tokens_used': 0, 'was_proactive': False, 'context_relevance': 0.5, 'error_occurred': False, 'tags': [], 'metadata': {}}, user_satisfaction=None, response_quality=0.5, latency_ms=0.0, tokens_used=0, was_proactive=False, context_relevance=0.5, error_occurred=False, tags=[], metadata={}), InteractionRecord(id='a6424d62cb13', timestamp='2026-05-27T01:08:05.767295', interaction_type={'id': '44f24a4cb5c0', 'timestamp': '2026-05-27T01:08:05.767295', 'interaction_type': 'conversation', 'user_satisfaction': 0.7, 'response_quality': 0.6, 'latency_ms': 0.0, 'tokens_used': 0, 'was_proactive': False, 'context_relevance': 0.5, 'error_occurred': False, 'tags': [], 'metadata': {}}, user_satisfaction=None, response_quality=0.5, latency_ms=0.0, tokens_used=0, was_proactive=False, context_relevance=0.5, error_occurred=False, tags=[], metadata={}), InteractionRecord(id='e09c7f385a9d', timestamp='2026-05-27T01:08:05.777881', interaction_type={'id': 'fa37337d17d0', 'timestamp': '2026-05-27T01:08:05.777881', 'interaction_type': 'conversation', 'user_satisfaction': 0.7, 'response_quality': 0.6, 'latency_ms': 0.0, 'tokens_used': 0, 'was_proactive': False, 'context_relevance': 0.5, 'error_occurred': False, 'tags': [], 'metadata': {}}, user_satisfaction=None, response_quality=0.5, latency_ms=0.0, tokens_used=0, was_proactive=False, context_relevance=0.5, error_occurred=False, tags=[], metadata={}), InteractionRecord(id='f67368525e10', timestamp='2026-05-27T01:08:05.777881', interaction_type={'id': '39ef78f89da1', 'timestamp': '2026-05-27T01:08:05.777881', 'interaction_type': 'conversation', 'user_satisfaction': 0.7, 'response_quality': 0.6, 'latency_ms': 0.0, 'tokens_used': 0, 'was_proactive': False, 'context_relevance': 0.5, 'error_occurred': False, 'tags': [], 'metadata': {}}, user_satisfaction=None, response_quality=0.5, latency_ms=0.0, tokens_used=0, was_proactive=False, context_relevance=0.5, error_occurred=False, tags=[], metadata={}), InteractionRecord(id='f3670a9c4ef2', timestamp='2026-05-27T01:08:05.777881', interaction_type={'id': '634fc0d85cf8', 'timestamp': '2026-05-27T01:08:05.777881', 'interaction_type': 'conversation', 'user_satisfaction': 0.7, 'response_quality': 0.6, 'latency_ms': 0.0, 'tokens_used': 0, 'was_proactive': False, 'context_relevance': 0.5, 'error_occurred': False, 'tags': [], 'metadata': {}}, user_satisfaction=None, response_quality=0.5, latency_ms=0.0, tokens_used=0, was_proactive=False, context_relevance=0.5, error_occurred=False, tags=[], metadata={}), InteractionRecord(id='f39ffcb9f7f4', timestamp='2026-05-27T01:08:05.777881', interaction_type={'id': '170c42416971', 'timestamp': '2026-05-27T01:08:05.777881', 'interaction_type': 'conversation', 'user_satisfaction': 0.7, 'response_quality': 0.6, 'latency_ms': 0.0, 'tokens_used': 0, 'was_proactive': False, 'context_relevance': 0.5, 'error_occurred': False, 'tags': [], 'metadata': {}}, user_satisfaction=None, response_quality=0.5, latency_ms=0.0, tokens_used=0, was_proactive=False, context_relevance=0.5, error_occurred=False, tags=[], metadata={}), InteractionRecord(id='186a8f53efb5', timestamp='2026-05-27T01:08:05.787956', interaction_type={'id': '914a302b1e90', 'timestamp': '2026-05-27T01:08:05.787956', 'interaction_type': 'conversation', 'user_satisfaction': 0.7, 'response_quality': 0.6, 'latency_ms': 0.0, 'tokens_used': 0, 'was_proactive': False, 'context_relevance': 0.5, 'error_occurred': False, 'tags': [], 'metadata': {}}, user_satisfaction=None, response_quality=0.5, latency_ms=0.0, tokens_used=0, was_proactive=False, context_relevance=0.5, error_occurred=False, tags=[], metadata={}), InteractionRecord(id='24e1d2c111a9', timestamp='2026-05-27T01:08:05.787956', interaction_type={'id': '3944bb7de7a0', 'timestamp': '2026-05-27T01:08:05.787956', 'interaction_type': 'conversation', 'user_satisfaction': 0.7, 'response_quality': 0.6, 'latency_ms': 0.0, 'tokens_used': 0, 'was_proactive': False, 'context_relevance': 0.5, 'error_occurred': False, 'tags': [], 'metadata': {}}, user_satisfaction=None, response_quality=0.5, latency_ms=0.0, tokens_used=0, was_proactive=False, context_relevance=0.5, error_occurred=False, tags=[], metadata={}), InteractionRecord(id='6b7d02505158', timestamp='2026-05-27T01:08:05.793979', interaction_type={'id': '15b0fab64e3f', 'timestamp': '2026-05-27T01:08:05.793979', 'interaction_type': 'conversation', 'user_satisfaction': 0.7, 'response_quality': 0.6, 'latency_ms': 0.0, 'tokens_used': 0, 'was_proactive': False, 'context_relevance': 0.5, 'error_occurred': False, 'tags': [], 'metadata': {}}, user_satisfaction=None, response_quality=0.5, latency_ms=0.0, tokens_used=0, was_proactive=False, context_relevance=0.5, error_occurred=False, tags=[], metadata={}), InteractionRecord(id='7e274348413f', timestamp='2026-05-27T01:08:05.793979', interaction_type={'id': '9c30487bdda1', 'timestamp': '2026-05-27T01:08:05.793979', 'interaction_type': 'conversation', 'user_satisfaction': 0.7, 'response_quality': 0.6, 'latency_ms': 0.0, 'tokens_used': 0, 'was_proactive': False, 'context_relevance': 0.5, 'error_occurred': False, 'tags': [], 'metadata': {}}, user_satisfaction=None, response_quality=0.5, latency_ms=0.0, tokens_used=0, was_proactive=False, context_relevance=0.5, error_occurred=False, tags=[], metadata={}), InteractionRecord(id='7d4109045e52', timestamp='2026-05-27T01:08:05.801466', interaction_type={'id': 'ceea58ae41f7', 'timestamp': '2026-05-27T01:08:05.801466', 'interaction_type': 'conversation', 'user_satisfaction': 0.7, 'response_quality': 0.6, 'latency_ms': 0.0, 'tokens_used': 0, 'was_proactive': False, 'context_relevance': 0.5, 'error_occurred': False, 'tags': [], 'metadata': {}}, user_satisfaction=None, response_quality=0.5, latency_ms=0.0, tokens_used=0, was_proactive=False, context_relevance=0.5, error_occurred=False, tags=[], metadata={}), InteractionRecord(id='fedcf8ba6ba3', timestamp='2026-05-27T01:08:05.801466', interaction_type={'id': 'd5251ca5e541', 'timestamp': '2026-05-27T01:08:05.801466', 'interaction_type': 'conversation', 'user_satisfaction': 0.7, 'response_quality': 0.6, 'latency_ms': 0.0, 'tokens_used': 0, 'was_proactive': False, 'context_relevance': 0.5, 'error_occurred': False, 'tags': [], 'metadata': {}}, user_satisfaction=None, response_quality=0.5, latency_ms=0.0, tokens_used=0, was_proactive=False, context_relevance=0.5, error_occurred=False, tags=[], metadata={}), InteractionRecord(id='3f45d4f4bce1', timestamp='2026-05-27T01:08:05.801466', interaction_type={'id': 'b1519b0c84f5', 'timestamp': '2026-05-27T01:08:05.801466', 'interaction_type': 'conversation', 'user_satisfaction': 0.7, 'response_quality': 0.6, 'latency_ms': 0.0, 'tokens_used': 0, 'was_proactive': False, 'context_relevance': 0.5, 'error_occurred': False, 'tags': [], 'metadata': {}}, user_satisfaction=None, response_quality=0.5, latency_ms=0.0, tokens_used=0, was_proactive=False, context_relevance=0.5, error_occurred=False, tags=[], metadata={}), InteractionRecord(id='542a2ac35232', timestamp='2026-05-27T01:08:05.809986', interaction_type={'id': 'a6e614e3f061', 'timestamp': '2026-05-27T01:08:05.809986', 'interaction_type': 'conversation', 'user_satisfaction': 0.7, 'response_quality': 0.6, 'latency_ms': 0.0, 'tokens_used': 0, 'was_proactive': False, 'context_relevance': 0.5, 'error_occurred': False, 'tags': [], 'metadata': {}}, user_satisfaction=None, response_quality=0.5, latency_ms=0.0, tokens_used=0, was_proactive=False, context_relevance=0.5, error_occurred=False, tags=[], metadata={}), InteractionRecord(id='566d4c836587', timestamp='2026-05-27T01:08:05.809986', interaction_type={'id': 'f980d8a33d65', 'timestamp': '2026-05-27T01:08:05.809986', 'interaction_type': 'conversation', 'user_satisfaction': 0.7, 'response_quality': 0.6, 'latency_ms': 0.0, 'tokens_used': 0, 'was_proactive': False, 'context_relevance': 0.5, 'error_occurred': False, 'tags': [], 'metadata': {}}, user_satisfaction=None, response_quality=0.5, latency_ms=0.0, tokens_used=0, was_proactive=False, context_relevance=0.5, error_occurred=False, tags=[], metadata={}), InteractionRecord(id='62327ffbc69e', timestamp='2026-05-27T01:08:05.816542', interaction_type={'id': 'cf0bd5426235', 'timestamp': '2026-05-27T01:08:05.816542', 'interaction_type': 'conversation', 'user_satisfaction': 0.7, 'response_quality': 0.6, 'latency_ms': 0.0, 'tokens_used': 0, 'was_proactive': False, 'context_relevance': 0.5, 'error_occurred': False, 'tags': [], 'metadata': {}}, user_satisfaction=None, response_quality=0.5, latency_ms=0.0, tokens_used=0, was_proactive=False, context_relevance=0.5, error_occurred=False, tags=[], metadata={}), InteractionRecord(id='4ac70cca0142', timestamp='2026-05-27T01:08:05.816542', interaction_type={'id': '2cfc069b9f61', 'timestamp': '2026-05-27T01:08:05.816542', 'interaction_type': 'conversation', 'user_satisfaction': 0.7, 'response_quality': 0.6, 'latency_ms': 0.0, 'tokens_used': 0, 'was_proactive': False, 'context_relevance': 0.5, 'error_occurred': False, 'tags': [], 'metadata': {}}, user_satisfaction=None, response_quality=0.5, latency_ms=0.0, tokens_used=0, was_proactive=False, context_relevance=0.5, error_occurred=False, tags=[], metadata={}), InteractionRecord(id='93529a564c73', timestamp='2026-05-27T01:08:05.816542', interaction_type={'id': '16c3b1445aa5', 'timestamp': '2026-05-27T01:08:05.816542', 'interaction_type': 'conversation', 'user_satisfaction': 0.7, 'response_quality': 0.6, 'latency_ms': 0.0, 'tokens_used': 0, 'was_proactive': False, 'context_relevance': 0.5, 'error_occurred': False, 'tags': [], 'metadata': {}}, user_satisfaction=None, response_quality=0.5, latency_ms=0.0, tokens_used=0, was_proactive=False, context_relevance=0.5, error_occurred=False, tags=[], metadata={}), InteractionRecord(id='2ce1c423e166', timestamp='2026-05-27T01:08:05.816542', interaction_type={'id': '4322a0b1ecc1', 'timestamp': '2026-05-27T01:08:05.816542', 'interaction_type': 'conversation', 'user_satisfaction': 0.7, 'response_quality': 0.6, 'latency_ms': 0.0, 'tokens_used': 0, 'was_proactive': False, 'context_relevance': 0.5, 'error_occurred': False, 'tags': [], 'metadata': {}}, user_satisfaction=None, response_quality=0.5, latency_ms=0.0, tokens_used=0, was_proactive=False, context_relevance=0.5, error_occurred=False, tags=[], metadata={}), InteractionRecord(id='b4efc4419542', timestamp='2026-05-27T01:08:05.827486', interaction_type={'id': '0f8edfbdf38d', 'timestamp': '2026-05-27T01:08:05.827486', 'interaction_type': 'conversation', 'user_satisfaction': 0.7, 'response_quality': 0.6, 'latency_ms': 0.0, 'tokens_used': 0, 'was_proactive': False, 'context_relevance': 0.5, 'error_occurred': False, 'tags': [], 'metadata': {}}, user_satisfaction=None, response_quality=0.5, latency_ms=0.0, tokens_used=0, was_proactive=False, context_relevance=0.5, error_occurred=False, tags=[], metadata={}), InteractionRecord(id='978baba2132f', timestamp='2026-05-27T01:08:05.827486', interaction_type={'id': 'b8e0de9741fb', 'timestamp': '2026-05-27T01:08:05.827486', 'interaction_type': 'conversation', 'user_satisfaction': 0.7, 'response_quality': 0.6, 'latency_ms': 0.0, 'tokens_used': 0, 'was_proactive': False, 'context_relevance': 0.5, 'error_occurred': False, 'tags': [], 'metadata': {}}, user_satisfaction=None, response_quality=0.5, latency_ms=0.0, tokens_used=0, was_proactive=False, context_relevance=0.5, error_occurred=False, tags=[], metadata={}), InteractionRecord(id='0225a4d3dcbe', timestamp='2026-05-27T01:08:05.834851', interaction_type={'id': 'dacd63531caf', 'timestamp': '2026-05-27T01:08:05.834851', 'interaction_type': 'conversation', 'user_satisfaction': 0.7, 'response_quality': 0.6, 'latency_ms': 0.0, 'tokens_used': 0, 'was_proactive': False, 'context_relevance': 0.5, 'error_occurred': False, 'tags': [], 'metadata': {}}, user_satisfaction=None, response_quality=0.5, latency_ms=0.0, tokens_used=0, was_proactive=False, context_relevance=0.5, error_occurred=False, tags=[], metadata={}), InteractionRecord(id='b366f097a6eb', timestamp='2026-05-27T01:08:05.838375', interaction_type={'id': '1ce0aa76745b', 'timestamp': '2026-05-27T01:08:05.838375', 'interaction_type': 'conversation', 'user_satisfaction': 0.7, 'response_quality': 0.6, 'latency_ms': 0.0, 'tokens_used': 0, 'was_proactive': False, 'context_relevance': 0.5, 'error_occurred': False, 'tags': [], 'metadata': {}}, user_satisfaction=None, response_quality=0.5, latency_ms=0.0, tokens_used=0, was_proactive=False, context_relevance=0.5, error_occurred=False, tags=[], metadata={}), InteractionRecord(id='1de2ce6e8ca5', timestamp='2026-05-27T01:08:05.838375', interaction_type={'id': 'd55f5b4efd97', 'timestamp': '2026-05-27T01:08:05.838375', 'interaction_type': 'conversation', 'user_satisfaction': 0.7, 'response_quality': 0.6, 'latency_ms': 0.0, 'tokens_used': 0, 'was_proactive': False, 'context_relevance': 0.5, 'error_occurred': False, 'tags': [], 'metadata': {}}, user_satisfaction=None, response_quality=0.5, latency_ms=0.0, tokens_used=0, was_proactive=False, context_relevance=0.5, error_occurred=False, tags=[], metadata={}), InteractionRecord(id='128cd2ef29a2', timestamp='2026-05-27T01:55:29.115062', interaction_type='conversation', user_satisfaction=1.0, response_quality=0.5, latency_ms=0.0, tokens_used=0, was_proactive=False, context_relevance=0.5, error_occurred=False, tags=[], metadata={}), InteractionRecord(id='f0df2a9e16b9', timestamp='2026-05-27T01:55:29.187742', interaction_type='conversation', user_satisfaction=-0.7, response_quality=0.5, latency_ms=0.0, tokens_used=0, was_proactive=False, context_relevance=0.5, error_occurred=False, tags=[], metadata={}), InteractionRecord(id='ceba479a209d', timestamp='2026-05-27T01:56:51.318195', interaction_type='conversation', user_satisfaction=1.0, response_quality=0.5, latency_ms=0.0, tokens_used=0, was_proactive=False, context_relevance=0.5, error_occurred=False, tags=[], metadata={}), InteractionRecord(id='d70408f92f8f', timestamp='2026-05-27T01:56:51.357519', interaction_type='conversation', user_satisfaction=-0.7, response_quality=0.5, latency_ms=0.0, tokens_used=0, was_proactive=False, context_relevance=0.5, error_occurred=False, tags=[], metadata={}), InteractionRecord(id='04bef9c01cd2', timestamp='2026-05-27T09:10:45.546336', interaction_type="InteractionRecord(id='6ef4f6a0c7f6', timestamp='2026-05-27T09:10:45.546336', interaction_type='conversation', user_satisfaction=0.8, response_quality=0.7, latency_ms=500, tokens_used=0, was_proactive=False, context_relevance=0.5, error_occurred=False, tags=[], metadata={})", user_satisfaction=None, response_quality=0.5, latency_ms=0.0, tokens_used=0, was_proactive=False, context_relevance=0.5, error_occurred=False, tags=[], metadata={}), InteractionRecord(id='cfeed52ac79d', timestamp='2026-05-27T09:10:45.646274', interaction_type="InteractionRecord(id='004c5b3341dc', timestamp='2026-05-27T09:10:45.646274', interaction_type='conversation', user_satisfaction=0.7, response_quality=0.6, latency_ms=400, tokens_used=0, was_proactive=False, context_relevance=0.5, error_occurred=False, tags=[], metadata={})", user_satisfaction=None, response_quality=0.5, latency_ms=0.0, tokens_used=0, was_proactive=False, context_relevance=0.5, error_occurred=False, tags=[], metadata={}), InteractionRecord(id='2d0376b2d8d6', timestamp='2026-05-27T09:10:45.646274', interaction_type="InteractionRecord(id='b8f8d8dcda8a', timestamp='2026-05-27T09:10:45.646274', interaction_type='conversation', user_satisfaction=0.7999999999999999, response_quality=0.8, latency_ms=450, tokens_used=0, was_proactive=False, context_relevance=0.5, error_occurred=False, tags=[], metadata={})", user_satisfaction=None, response_quality=0.5, latency_ms=0.0, tokens_used=0, was_proactive=False, context_relevance=0.5, error_occurred=False, tags=[], metadata={}), InteractionRecord(id='51eba0386522', timestamp='2026-05-27T09:10:45.646274', interaction_type="InteractionRecord(id='11642981b673', timestamp='2026-05-27T09:10:45.646274', interaction_type='conversation', user_satisfaction=0.8999999999999999, response_quality=0.6, latency_ms=500, tokens_used=0, was_proactive=False, context_relevance=0.5, error_occurred=False, tags=[], metadata={})", user_satisfaction=None, response_quality=0.5, latency_ms=0.0, tokens_used=0, was_proactive=False, context_relevance=0.5, error_occurred=False, tags=[], metadata={}), InteractionRecord(id='698c96e0a1a2', timestamp='2026-05-27T09:10:45.646274', interaction_type="InteractionRecord(id='ab8900a880d5', timestamp='2026-05-27T09:10:45.646274', interaction_type='conversation', user_satisfaction=0.7, response_quality=0.8, latency_ms=550, tokens_used=0, was_proactive=False, context_relevance=0.5, error_occurred=False, tags=[], metadata={})", user_satisfaction=None, response_quality=0.5, latency_ms=0.0, tokens_used=0, was_proactive=False, context_relevance=0.5, error_occurred=False, tags=[], metadata={}), InteractionRecord(id='09012ff7b26b', timestamp='2026-05-27T09:10:45.664222', interaction_type="InteractionRecord(id='31a815e3c92f', timestamp='2026-05-27T09:10:45.664222', interaction_type='conversation', user_satisfaction=0.7999999999999999, response_quality=0.6, latency_ms=600, tokens_used=0, was_proactive=False, context_relevance=0.5, error_occurred=False, tags=[], metadata={})", user_satisfaction=None, response_quality=0.5, latency_ms=0.0, tokens_used=0, was_proactive=False, context_relevance=0.5, error_occurred=False, tags=[], metadata={}), InteractionRecord(id='e43116528eb0', timestamp='2026-05-27T09:10:45.667277', interaction_type="InteractionRecord(id='1f94a661291f', timestamp='2026-05-27T09:10:45.667277', interaction_type='conversation', user_satisfaction=0.8999999999999999, response_quality=0.8, latency_ms=650, tokens_used=0, was_proactive=False, context_relevance=0.5, error_occurred=False, tags=[], metadata={})", user_satisfaction=None, response_quality=0.5, latency_ms=0.0, tokens_used=0, was_proactive=False, context_relevance=0.5, error_occurred=False, tags=[], metadata={}), InteractionRecord(id='2bb70aefdade', timestamp='2026-05-27T09:10:45.668278', interaction_type="InteractionRecord(id='92efc7b9d34e', timestamp='2026-05-27T09:10:45.668278', interaction_type='conversation', user_satisfaction=0.7, response_quality=0.6, latency_ms=700, tokens_used=0, was_proactive=False, context_relevance=0.5, error_occurred=False, tags=[], metadata={})", user_satisfaction=None, response_quality=0.5, latency_ms=0.0, tokens_used=0, was_proactive=False, context_relevance=0.5, error_occurred=False, tags=[], metadata={}), InteractionRecord(id='8eef67245321', timestamp='2026-05-27T09:10:45.668278', interaction_type="InteractionRecord(id='589d80559c25', timestamp='2026-05-27T09:10:45.668278', interaction_type='conversation', user_satisfaction=0.7999999999999999, response_quality=0.8, latency_ms=750, tokens_used=0, was_proactive=False, context_relevance=0.5, error_occurred=False, tags=[], metadata={})", user_satisfaction=None, response_quality=0.5, latency_ms=0.0, tokens_used=0, was_proactive=False, context_relevance=0.5, error_occurred=False, tags=[], metadata={}), InteractionRecord(id='8d40a7217cc8', timestamp='2026-05-27T09:10:45.668278', interaction_type="InteractionRecord(id='e7fcc520b900', timestamp='2026-05-27T09:10:45.668278', interaction_type='conversation', user_satisfaction=0.8999999999999999, response_quality=0.6, latency_ms=800, tokens_used=0, was_proactive=False, context_relevance=0.5, error_occurred=False, tags=[], metadata={})", user_satisfaction=None, response_quality=0.5, latency_ms=0.0, tokens_used=0, was_proactive=False, context_relevance=0.5, error_occurred=False, tags=[], metadata={}), InteractionRecord(id='e03aca632e2b', timestamp='2026-05-27T09:10:45.679198', interaction_type="InteractionRecord(id='4d08b10d8f77', timestamp='2026-05-27T09:10:45.679198', interaction_type='conversation', user_satisfaction=0.7, response_quality=0.8, latency_ms=850, tokens_used=0, was_proactive=False, context_relevance=0.5, error_occurred=False, tags=[], metadata={})", user_satisfaction=None, response_quality=0.5, latency_ms=0.0, tokens_used=0, was_proactive=False, context_relevance=0.5, error_occurred=False, tags=[], metadata={}), InteractionRecord(id='dd8827ae6a77', timestamp='2026-05-27T09:11:12.997869', interaction_type="InteractionRecord(id='f3cb8a4a824f', timestamp='2026-05-27T09:11:12.997869', interaction_type='conversation', user_satisfaction=0.8, response_quality=0.7, latency_ms=0.0, tokens_used=0, was_proactive=False, context_relevance=0.5, error_occurred=False, tags=[], metadata={})", user_satisfaction=None, response_quality=0.5, latency_ms=0.0, tokens_used=0, was_proactive=False, context_relevance=0.5, error_occurred=False, tags=[], metadata={}), InteractionRecord(id='c18e1b6120fa', timestamp='2026-05-27T09:11:12.997869', interaction_type="InteractionRecord(id='b56334fe61d7', timestamp='2026-05-27T09:11:12.997869', interaction_type='conversation', user_satisfaction=0.8, response_quality=0.7, latency_ms=0.0, tokens_used=0, was_proactive=False, context_relevance=0.5, error_occurred=False, tags=[], metadata={})", user_satisfaction=None, response_quality=0.5, latency_ms=0.0, tokens_used=0, was_proactive=False, context_relevance=0.5, error_occurred=False, tags=[], metadata={}), InteractionRecord(id='cfaed7df9aee', timestamp='2026-05-27T09:11:12.997869', interaction_type="InteractionRecord(id='6e17c9b9d78a', timestamp='2026-05-27T09:11:12.997869', interaction_type='conversation', user_satisfaction=0.8, response_quality=0.7, latency_ms=0.0, tokens_used=0, was_proactive=False, context_relevance=0.5, error_occurred=False, tags=[], metadata={})", user_satisfaction=None, response_quality=0.5, latency_ms=0.0, tokens_used=0, was_proactive=False, context_relevance=0.5, error_occurred=False, tags=[], metadata={}), InteractionRecord(id='2f3654c4af5a', timestamp='2026-05-27T09:11:12.997869', interaction_type="InteractionRecord(id='0f15704cc5a7', timestamp='2026-05-27T09:11:12.997869', interaction_type='conversation', user_satisfaction=0.8, response_quality=0.7, latency_ms=0.0, tokens_used=0, was_proactive=False, context_relevance=0.5, error_occurred=False, tags=[], metadata={})", user_satisfaction=None, response_quality=0.5, latency_ms=0.0, tokens_used=0, was_proactive=False, context_relevance=0.5, error_occurred=False, tags=[], metadata={}), InteractionRecord(id='645039a5522a', timestamp='2026-05-27T09:11:13.013971', interaction_type="InteractionRecord(id='178cb4c9caab', timestamp='2026-05-27T09:11:13.013971', interaction_type='conversation', user_satisfaction=0.8, response_quality=0.7, latency_ms=0.0, tokens_used=0, was_proactive=False, context_relevance=0.5, error_occurred=False, tags=[], metadata={})", user_satisfaction=None, response_quality=0.5, latency_ms=0.0, tokens_used=0, was_proactive=False, context_relevance=0.5, error_occurred=False, tags=[], metadata={}), InteractionRecord(id='c7180c536a40', timestamp='2026-05-27T09:11:13.034417', interaction_type="InteractionRecord(id='d69f3e2f0138', timestamp='2026-05-27T09:11:13.034417', interaction_type='conversation', user_satisfaction=0.7, response_quality=0.6, latency_ms=0.0, tokens_used=0, was_proactive=False, context_relevance=0.5, error_occurred=False, tags=[], metadata={})", user_satisfaction=None, response_quality=0.5, latency_ms=0.0, tokens_used=0, was_proactive=False, context_relevance=0.5, error_occurred=False, tags=[], metadata={}), InteractionRecord(id='831e84913b5d', timestamp='2026-05-27T09:11:13.038416', interaction_type="InteractionRecord(id='c1a9329f88af', timestamp='2026-05-27T09:11:13.038416', interaction_type='conversation', user_satisfaction=0.7, response_quality=0.6, latency_ms=0.0, tokens_used=0, was_proactive=False, context_relevance=0.5, error_occurred=False, tags=[], metadata={})", user_satisfaction=None, response_quality=0.5, latency_ms=0.0, tokens_used=0, was_proactive=False, context_relevance=0.5, error_occurred=False, tags=[], metadata={}), InteractionRecord(id='8402968d88fc', timestamp='2026-05-27T09:11:13.038416', interaction_type="InteractionRecord(id='ef9c013e10a9', timestamp='2026-05-27T09:11:13.038416', interaction_type='conversation', user_satisfaction=0.7, response_quality=0.6, latency_ms=0.0, tokens_used=0, was_proactive=False, context_relevance=0.5, error_occurred=False, tags=[], metadata={})", user_satisfaction=None, response_quality=0.5, latency_ms=0.0, tokens_used=0, was_proactive=False, context_relevance=0.5, error_occurred=False, tags=[], metadata={}), InteractionRecord(id='4151856d3c84', timestamp='2026-05-27T09:11:13.038416', interaction_type="InteractionRecord(id='46b625b25e27', timestamp='2026-05-27T09:11:13.038416', interaction_type='conversation', user_satisfaction=0.7, response_quality=0.6, latency_ms=0.0, tokens_used=0, was_proactive=False, context_relevance=0.5, error_occurred=False, tags=[], metadata={})", user_satisfaction=None, response_quality=0.5, latency_ms=0.0, tokens_used=0, was_proactive=False, context_relevance=0.5, error_occurred=False, tags=[], metadata={}), InteractionRecord(id='1823f7aecaed', timestamp='2026-05-27T09:11:13.048165', interaction_type="InteractionRecord(id='9232867121c4', timestamp='2026-05-27T09:11:13.048165', interaction_type='conversation', user_satisfaction=0.7, response_quality=0.6, latency_ms=0.0, tokens_used=0, was_proactive=False, context_relevance=0.5, error_occurred=False, tags=[], metadata={})", user_satisfaction=None, response_quality=0.5, latency_ms=0.0, tokens_used=0, was_proactive=False, context_relevance=0.5, error_occurred=False, tags=[], metadata={}), InteractionRecord(id='bec235a1b2aa', timestamp='2026-05-27T09:11:13.052991', interaction_type="InteractionRecord(id='58893ffbb99b', timestamp='2026-05-27T09:11:13.052991', interaction_type='conversation', user_satisfaction=0.7, response_quality=0.6, latency_ms=0.0, tokens_used=0, was_proactive=False, context_relevance=0.5, error_occurred=False, tags=[], metadata={})", user_satisfaction=None, response_quality=0.5, latency_ms=0.0, tokens_used=0, was_proactive=False, context_relevance=0.5, error_occurred=False, tags=[], metadata={}), InteractionRecord(id='696687b92ca5', timestamp='2026-05-27T09:11:13.114780', interaction_type="InteractionRecord(id='1887bdec3eef', timestamp='2026-05-27T09:11:13.114780', interaction_type='conversation', user_satisfaction=0.7, response_quality=0.6, latency_ms=0.0, tokens_used=0, was_proactive=False, context_relevance=0.5, error_occurred=False, tags=[], metadata={})", user_satisfaction=None, response_quality=0.5, latency_ms=0.0, tokens_used=0, was_proactive=False, context_relevance=0.5, error_occurred=False, tags=[], metadata={}), InteractionRecord(id='793565955edb', timestamp='2026-05-27T09:11:13.114780', interaction_type="InteractionRecord(id='21fe48d65516', timestamp='2026-05-27T09:11:13.114780', interaction_type='conversation', user_satisfaction=0.7, response_quality=0.6, latency_ms=0.0, tokens_used=0, was_proactive=False, context_relevance=0.5, error_occurred=False, tags=[], metadata={})", user_satisfaction=None, response_quality=0.5, latency_ms=0.0, tokens_used=0, was_proactive=False, context_relevance=0.5, error_occurred=False, tags=[], metadata={}), InteractionRecord(id='78e6d1d3b7f9', timestamp='2026-05-27T09:11:13.114780', interaction_type="InteractionRecord(id='c080a48931b9', timestamp='2026-05-27T09:11:13.114780', interaction_type='conversation', user_satisfaction=0.7, response_quality=0.6, latency_ms=0.0, tokens_used=0, was_proactive=False, context_relevance=0.5, error_occurred=False, tags=[], metadata={})", user_satisfaction=None, response_quality=0.5, latency_ms=0.0, tokens_used=0, was_proactive=False, context_relevance=0.5, error_occurred=False, tags=[], metadata={}), InteractionRecord(id='ff16ffd3ac04', timestamp='2026-05-27T09:11:13.114780', interaction_type="InteractionRecord(id='808aa61f33ad', timestamp='2026-05-27T09:11:13.114780', interaction_type='conversation', user_satisfaction=0.7, response_quality=0.6, latency_ms=0.0, tokens_used=0, was_proactive=False, context_relevance=0.5, error_occurred=False, tags=[], metadata={})", user_satisfaction=None, response_quality=0.5, latency_ms=0.0, tokens_used=0, was_proactive=False, context_relevance=0.5, error_occurred=False, tags=[], metadata={}), InteractionRecord(id='5c54ec77ef48', timestamp='2026-05-27T09:11:13.131507', interaction_type="InteractionRecord(id='9ba293584d33', timestamp='2026-05-27T09:11:13.131507', interaction_type='conversation', user_satisfaction=0.7, response_quality=0.6, latency_ms=0.0, tokens_used=0, was_proactive=False, context_relevance=0.5, error_occurred=False, tags=[], metadata={})", user_satisfaction=None, response_quality=0.5, latency_ms=0.0, tokens_used=0, was_proactive=False, context_relevance=0.5, error_occurred=False, tags=[], metadata={}), InteractionRecord(id='b630354552c3', timestamp='2026-05-27T09:11:13.131507', interaction_type="InteractionRecord(id='a4f4c51b5112', timestamp='2026-05-27T09:11:13.131507', interaction_type='conversation', user_satisfaction=0.7, response_quality=0.6, latency_ms=0.0, tokens_used=0, was_proactive=False, context_relevance=0.5, error_occurred=False, tags=[], metadata={})", user_satisfaction=None, response_quality=0.5, latency_ms=0.0, tokens_used=0, was_proactive=False, context_relevance=0.5, error_occurred=False, tags=[], metadata={}), InteractionRecord(id='a8fcd3892cb7', timestamp='2026-05-27T09:11:13.131507', interaction_type="InteractionRecord(id='d5022616bc27', timestamp='2026-05-27T09:11:13.131507', interaction_type='conversation', user_satisfaction=0.7, response_quality=0.6, latency_ms=0.0, tokens_used=0, was_proactive=False, context_relevance=0.5, error_occurred=False, tags=[], metadata={})", user_satisfaction=None, response_quality=0.5, latency_ms=0.0, tokens_used=0, was_proactive=False, context_relevance=0.5, error_occurred=False, tags=[], metadata={}), InteractionRecord(id='ab29265779b5', timestamp='2026-05-27T09:11:13.131507', interaction_type="InteractionRecord(id='bf16f3345710', timestamp='2026-05-27T09:11:13.131507', interaction_type='conversation', user_satisfaction=0.7, response_quality=0.6, latency_ms=0.0, tokens_used=0, was_proactive=False, context_relevance=0.5, error_occurred=False, tags=[], metadata={})", user_satisfaction=None, response_quality=0.5, latency_ms=0.0, tokens_used=0, was_proactive=False, context_relevance=0.5, error_occurred=False, tags=[], metadata={}), InteractionRecord(id='6bf11a0d9e9b', timestamp='2026-05-27T09:11:13.131507', interaction_type="InteractionRecord(id='52daeb6fc83b', timestamp='2026-05-27T09:11:13.131507', interaction_type='conversation', user_satisfaction=0.7, response_quality=0.6, latency_ms=0.0, tokens_used=0, was_proactive=False, context_relevance=0.5, error_occurred=False, tags=[], metadata={})", user_satisfaction=None, response_quality=0.5, latency_ms=0.0, tokens_used=0, was_proactive=False, context_relevance=0.5, error_occurred=False, tags=[], metadata={}), InteractionRecord(id='51de4fb89ebd', timestamp='2026-05-27T09:11:13.148081', interaction_type="InteractionRecord(id='f639d70ec7ba', timestamp='2026-05-27T09:11:13.148081', interaction_type='conversation', user_satisfaction=0.7, response_quality=0.6, latency_ms=0.0, tokens_used=0, was_proactive=False, context_relevance=0.5, error_occurred=False, tags=[], metadata={})", user_satisfaction=None, response_quality=0.5, latency_ms=0.0, tokens_used=0, was_proactive=False, context_relevance=0.5, error_occurred=False, tags=[], metadata={}), InteractionRecord(id='f5f62e7a450f', timestamp='2026-05-27T09:11:13.151238', interaction_type="InteractionRecord(id='7b50de47a850', timestamp='2026-05-27T09:11:13.151238', interaction_type='conversation', user_satisfaction=0.7, response_quality=0.6, latency_ms=0.0, tokens_used=0, was_proactive=False, context_relevance=0.5, error_occurred=False, tags=[], metadata={})", user_satisfaction=None, response_quality=0.5, latency_ms=0.0, tokens_used=0, was_proactive=False, context_relevance=0.5, error_occurred=False, tags=[], metadata={}), InteractionRecord(id='be179a3f47ee', timestamp='2026-05-27T09:11:13.151238', interaction_type="InteractionRecord(id='55a4c0c89797', timestamp='2026-05-27T09:11:13.151238', interaction_type='conversation', user_satisfaction=0.7, response_quality=0.6, latency_ms=0.0, tokens_used=0, was_proactive=False, context_relevance=0.5, error_occurred=False, tags=[], metadata={})", user_satisfaction=None, response_quality=0.5, latency_ms=0.0, tokens_used=0, was_proactive=False, context_relevance=0.5, error_occurred=False, tags=[], metadata={}), InteractionRecord(id='cde10e9f7424', timestamp='2026-05-27T09:11:13.151238', interaction_type="InteractionRecord(id='2b42c3d07f95', timestamp='2026-05-27T09:11:13.151238', interaction_type='conversation', user_satisfaction=0.7, response_quality=0.6, latency_ms=0.0, tokens_used=0, was_proactive=False, context_relevance=0.5, error_occurred=False, tags=[], metadata={})", user_satisfaction=None, response_quality=0.5, latency_ms=0.0, tokens_used=0, was_proactive=False, context_relevance=0.5, error_occurred=False, tags=[], metadata={}), InteractionRecord(id='54a1125caa5e', timestamp='2026-05-27T09:11:13.165214', interaction_type="InteractionRecord(id='bf1e178bdebb', timestamp='2026-05-27T09:11:13.165214', interaction_type='conversation', user_satisfaction=0.7, response_quality=0.6, latency_ms=0.0, tokens_used=0, was_proactive=False, context_relevance=0.5, error_occurred=False, tags=[], metadata={})", user_satisfaction=None, response_quality=0.5, latency_ms=0.0, tokens_used=0, was_proactive=False, context_relevance=0.5, error_occurred=False, tags=[], metadata={}), InteractionRecord(id='9b66518e8300', timestamp='2026-05-27T09:11:13.165214', interaction_type="InteractionRecord(id='b45bd9e1dae7', timestamp='2026-05-27T09:11:13.165214', interaction_type='conversation', user_satisfaction=0.7, response_quality=0.6, latency_ms=0.0, tokens_used=0, was_proactive=False, context_relevance=0.5, error_occurred=False, tags=[], metadata={})", user_satisfaction=None, response_quality=0.5, latency_ms=0.0, tokens_used=0, was_proactive=False, context_relevance=0.5, error_occurred=False, tags=[], metadata={}), InteractionRecord(id='5b6922f31256', timestamp='2026-05-27T09:11:13.165214', interaction_type="InteractionRecord(id='241867650155', timestamp='2026-05-27T09:11:13.165214', interaction_type='conversation', user_satisfaction=0.7, response_quality=0.6, latency_ms=0.0, tokens_used=0, was_proactive=False, context_relevance=0.5, error_occurred=False, tags=[], metadata={})", user_satisfaction=None, response_quality=0.5, latency_ms=0.0, tokens_used=0, was_proactive=False, context_relevance=0.5, error_occurred=False, tags=[], metadata={}), InteractionRecord(id='0d1c96ccfa02', timestamp='2026-05-27T09:11:13.165214', interaction_type="InteractionRecord(id='8456be72dd2a', timestamp='2026-05-27T09:11:13.165214', interaction_type='conversation', user_satisfaction=0.7, response_quality=0.6, latency_ms=0.0, tokens_used=0, was_proactive=False, context_relevance=0.5, error_occurred=False, tags=[], metadata={})", user_satisfaction=None, response_quality=0.5, latency_ms=0.0, tokens_used=0, was_proactive=False, context_relevance=0.5, error_occurred=False, tags=[], metadata={}), InteractionRecord(id='0973c610262c', timestamp='2026-05-27T09:11:13.180985', interaction_type="InteractionRecord(id='9cd3a58edd38', timestamp='2026-05-27T09:11:13.180985', interaction_type='conversation', user_satisfaction=0.7, response_quality=0.6, latency_ms=0.0, tokens_used=0, was_proactive=False, context_relevance=0.5, error_occurred=False, tags=[], metadata={})", user_satisfaction=None, response_quality=0.5, latency_ms=0.0, tokens_used=0, was_proactive=False, context_relevance=0.5, error_occurred=False, tags=[], metadata={}), InteractionRecord(id='8ebec8b9786c', timestamp='2026-05-27T09:11:13.185232', interaction_type="InteractionRecord(id='fb9924242b5b', timestamp='2026-05-27T09:11:13.185232', interaction_type='conversation', user_satisfaction=0.7, response_quality=0.6, latency_ms=0.0, tokens_used=0, was_proactive=False, context_relevance=0.5, error_occurred=False, tags=[], metadata={})", user_satisfaction=None, response_quality=0.5, latency_ms=0.0, tokens_used=0, was_proactive=False, context_relevance=0.5, error_occurred=False, tags=[], metadata={}), InteractionRecord(id='00049ef73072', timestamp='2026-05-27T09:11:13.185232', interaction_type="InteractionRecord(id='374d19c0706a', timestamp='2026-05-27T09:11:13.185232', interaction_type='conversation', user_satisfaction=0.7, response_quality=0.6, latency_ms=0.0, tokens_used=0, was_proactive=False, context_relevance=0.5, error_occurred=False, tags=[], metadata={})", user_satisfaction=None, response_quality=0.5, latency_ms=0.0, tokens_used=0, was_proactive=False, context_relevance=0.5, error_occurred=False, tags=[], metadata={}), InteractionRecord(id='4bb63e381de8', timestamp='2026-05-27T09:11:13.185232', interaction_type="InteractionRecord(id='558be7dc9caa', timestamp='2026-05-27T09:11:13.185232', interaction_type='conversation', user_satisfaction=0.7, response_quality=0.6, latency_ms=0.0, tokens_used=0, was_proactive=False, context_relevance=0.5, error_occurred=False, tags=[], metadata={})", user_satisfaction=None, response_quality=0.5, latency_ms=0.0, tokens_used=0, was_proactive=False, context_relevance=0.5, error_occurred=False, tags=[], metadata={}), InteractionRecord(id='721d680325ce', timestamp='2026-05-27T09:11:13.198072', interaction_type="InteractionRecord(id='39b38f46d0b0', timestamp='2026-05-27T09:11:13.198072', interaction_type='conversation', user_satisfaction=0.7, response_quality=0.6, latency_ms=0.0, tokens_used=0, was_proactive=False, context_relevance=0.5, error_occurred=False, tags=[], metadata={})", user_satisfaction=None, response_quality=0.5, latency_ms=0.0, tokens_used=0, was_proactive=False, context_relevance=0.5, error_occurred=False, tags=[], metadata={}), InteractionRecord(id='ef84a80e9afc', timestamp='2026-05-27T09:11:13.198072', interaction_type="InteractionRecord(id='329023aab274', timestamp='2026-05-27T09:11:13.198072', interaction_type='conversation', user_satisfaction=0.7, response_quality=0.6, latency_ms=0.0, tokens_used=0, was_proactive=False, context_relevance=0.5, error_occurred=False, tags=[], metadata={})", user_satisfaction=None, response_quality=0.5, latency_ms=0.0, tokens_used=0, was_proactive=False, context_relevance=0.5, error_occurred=False, tags=[], metadata={}), InteractionRecord(id='3a1ea63597b2', timestamp='2026-05-27T09:11:13.198072', interaction_type="InteractionRecord(id='72454c7677de', timestamp='2026-05-27T09:11:13.198072', interaction_type='conversation', user_satisfaction=0.7, response_quality=0.6, latency_ms=0.0, tokens_used=0, was_proactive=False, context_relevance=0.5, error_occurred=False, tags=[], metadata={})", user_satisfaction=None, response_quality=0.5, latency_ms=0.0, tokens_used=0, was_proactive=False, context_relevance=0.5, error_occurred=False, tags=[], metadata={}), InteractionRecord(id='3b2222d0627d', timestamp='2026-05-27T09:11:13.198072', interaction_type="InteractionRecord(id='5b8e51938a78', timestamp='2026-05-27T09:11:13.198072', interaction_type='conversation', user_satisfaction=0.7, response_quality=0.6, latency_ms=0.0, tokens_used=0, was_proactive=False, context_relevance=0.5, error_occurred=False, tags=[], metadata={})", user_satisfaction=None, response_quality=0.5, latency_ms=0.0, tokens_used=0, was_proactive=False, context_relevance=0.5, error_occurred=False, tags=[], metadata={}), InteractionRecord(id='b0a2904c2ace', timestamp='2026-05-27T09:11:13.198072', interaction_type="InteractionRecord(id='b529afcbe2dc', timestamp='2026-05-27T09:11:13.198072', interaction_type='conversation', user_satisfaction=0.7, response_quality=0.6, latency_ms=0.0, tokens_used=0, was_proactive=False, context_relevance=0.5, error_occurred=False, tags=[], metadata={})", user_satisfaction=None, response_quality=0.5, latency_ms=0.0, tokens_used=0, was_proactive=False, context_relevance=0.5, error_occurred=False, tags=[], metadata={}), InteractionRecord(id='5eb0a298e9ad', timestamp='2026-05-27T09:11:13.214721', interaction_type="InteractionRecord(id='b4f760d3fded', timestamp='2026-05-27T09:11:13.214721', interaction_type='conversation', user_satisfaction=0.7, response_quality=0.6, latency_ms=0.0, tokens_used=0, was_proactive=False, context_relevance=0.5, error_occurred=False, tags=[], metadata={})", user_satisfaction=None, response_quality=0.5, latency_ms=0.0, tokens_used=0, was_proactive=False, context_relevance=0.5, error_occurred=False, tags=[], metadata={}), InteractionRecord(id='963c7e655580', timestamp='2026-05-27T09:11:13.214721', interaction_type="InteractionRecord(id='7c844770d520', timestamp='2026-05-27T09:11:13.214721', interaction_type='conversation', user_satisfaction=0.7, response_quality=0.6, latency_ms=0.0, tokens_used=0, was_proactive=False, context_relevance=0.5, error_occurred=False, tags=[], metadata={})", user_satisfaction=None, response_quality=0.5, latency_ms=0.0, tokens_used=0, was_proactive=False, context_relevance=0.5, error_occurred=False, tags=[], metadata={}), InteractionRecord(id='f2cbf368b330', timestamp='2026-05-27T09:11:13.214721', interaction_type="InteractionRecord(id='aac969c75e88', timestamp='2026-05-27T09:11:13.214721', interaction_type='conversation', user_satisfaction=0.7, response_quality=0.6, latency_ms=0.0, tokens_used=0, was_proactive=False, context_relevance=0.5, error_occurred=False, tags=[], metadata={})", user_satisfaction=None, response_quality=0.5, latency_ms=0.0, tokens_used=0, was_proactive=False, context_relevance=0.5, error_occurred=False, tags=[], metadata={}), InteractionRecord(id='4b1ef5e412bd', timestamp='2026-05-27T09:11:13.231378', interaction_type="InteractionRecord(id='df98839f9839', timestamp='2026-05-27T09:11:13.231378', interaction_type='conversation', user_satisfaction=0.7, response_quality=0.6, latency_ms=0.0, tokens_used=0, was_proactive=False, context_relevance=0.5, error_occurred=False, tags=[], metadata={})", user_satisfaction=None, response_quality=0.5, latency_ms=0.0, tokens_used=0, was_proactive=False, context_relevance=0.5, error_occurred=False, tags=[], metadata={}), InteractionRecord(id='23e146b58d16', timestamp='2026-05-27T09:11:13.231378', interaction_type="InteractionRecord(id='4c3870ce998d', timestamp='2026-05-27T09:11:13.231378', interaction_type='conversation', user_satisfaction=0.7, response_quality=0.6, latency_ms=0.0, tokens_used=0, was_proactive=False, context_relevance=0.5, error_occurred=False, tags=[], metadata={})", user_satisfaction=None, response_quality=0.5, latency_ms=0.0, tokens_used=0, was_proactive=False, context_relevance=0.5, error_occurred=False, tags=[], metadata={}), InteractionRecord(id='53dcf455ec14', timestamp='2026-05-27T09:11:13.231378', interaction_type="InteractionRecord(id='12066bc9a109', timestamp='2026-05-27T09:11:13.231378', interaction_type='conversation', user_satisfaction=0.7, response_quality=0.6, latency_ms=0.0, tokens_used=0, was_proactive=False, context_relevance=0.5, error_occurred=False, tags=[], metadata={})", user_satisfaction=None, response_quality=0.5, latency_ms=0.0, tokens_used=0, was_proactive=False, context_relevance=0.5, error_occurred=False, tags=[], metadata={}), InteractionRecord(id='cbbc1b51681c', timestamp='2026-05-27T09:11:13.243081', interaction_type="InteractionRecord(id='1bf36abb9c9e', timestamp='2026-05-27T09:11:13.243081', interaction_type='conversation', user_satisfaction=0.7, response_quality=0.6, latency_ms=0.0, tokens_used=0, was_proactive=False, context_relevance=0.5, error_occurred=False, tags=[], metadata={})", user_satisfaction=None, response_quality=0.5, latency_ms=0.0, tokens_used=0, was_proactive=False, context_relevance=0.5, error_occurred=False, tags=[], metadata={}), InteractionRecord(id='5976280ba674', timestamp='2026-05-27T09:11:13.248258', interaction_type="InteractionRecord(id='91c6bf36bbf6', timestamp='2026-05-27T09:11:13.248258', interaction_type='conversation', user_satisfaction=0.7, response_quality=0.6, latency_ms=0.0, tokens_used=0, was_proactive=False, context_relevance=0.5, error_occurred=False, tags=[], metadata={})", user_satisfaction=None, response_quality=0.5, latency_ms=0.0, tokens_used=0, was_proactive=False, context_relevance=0.5, error_occurred=False, tags=[], metadata={}), InteractionRecord(id='fda2de4b7761', timestamp='2026-05-27T09:11:13.248258', interaction_type="InteractionRecord(id='cff39f12f663', timestamp='2026-05-27T09:11:13.248258', interaction_type='conversation', user_satisfaction=0.7, response_quality=0.6, latency_ms=0.0, tokens_used=0, was_proactive=False, context_relevance=0.5, error_occurred=False, tags=[], metadata={})", user_satisfaction=None, response_quality=0.5, latency_ms=0.0, tokens_used=0, was_proactive=False, context_relevance=0.5, error_occurred=False, tags=[], metadata={}), InteractionRecord(id='a3979a240759', timestamp='2026-05-27T09:11:13.248258', interaction_type="InteractionRecord(id='f1cdddae7267', timestamp='2026-05-27T09:11:13.248258', interaction_type='conversation', user_satisfaction=0.7, response_quality=0.6, latency_ms=0.0, tokens_used=0, was_proactive=False, context_relevance=0.5, error_occurred=False, tags=[], metadata={})", user_satisfaction=None, response_quality=0.5, latency_ms=0.0, tokens_used=0, was_proactive=False, context_relevance=0.5, error_occurred=False, tags=[], metadata={}), InteractionRecord(id='50ebb502472c', timestamp='2026-05-27T09:11:13.248258', interaction_type="InteractionRecord(id='d416429fd670', timestamp='2026-05-27T09:11:13.248258', interaction_type='conversation', user_satisfaction=0.7, response_quality=0.6, latency_ms=0.0, tokens_used=0, was_proactive=False, context_relevance=0.5, error_occurred=False, tags=[], metadata={})", user_satisfaction=None, response_quality=0.5, latency_ms=0.0, tokens_used=0, was_proactive=False, context_relevance=0.5, error_occurred=False, tags=[], metadata={}), InteractionRecord(id='e52fd0a8c939', timestamp='2026-05-27T09:11:13.264893', interaction_type="InteractionRecord(id='d335fd42e87b', timestamp='2026-05-27T09:11:13.264893', interaction_type='conversation', user_satisfaction=0.7, response_quality=0.6, latency_ms=0.0, tokens_used=0, was_proactive=False, context_relevance=0.5, error_occurred=False, tags=[], metadata={})", user_satisfaction=None, response_quality=0.5, latency_ms=0.0, tokens_used=0, was_proactive=False, context_relevance=0.5, error_occurred=False, tags=[], metadata={}), InteractionRecord(id='4a7e7e9bdd56', timestamp='2026-05-27T09:11:13.264893', interaction_type="InteractionRecord(id='4be44eae3f3a', timestamp='2026-05-27T09:11:13.264893', interaction_type='conversation', user_satisfaction=0.7, response_quality=0.6, latency_ms=0.0, tokens_used=0, was_proactive=False, context_relevance=0.5, error_occurred=False, tags=[], metadata={})", user_satisfaction=None, response_quality=0.5, latency_ms=0.0, tokens_used=0, was_proactive=False, context_relevance=0.5, error_occurred=False, tags=[], metadata={}), InteractionRecord(id='9461067cab9e', timestamp='2026-05-27T09:11:13.264893', interaction_type="InteractionRecord(id='d8812b8270c4', timestamp='2026-05-27T09:11:13.264893', interaction_type='conversation', user_satisfaction=0.7, response_quality=0.6, latency_ms=0.0, tokens_used=0, was_proactive=False, context_relevance=0.5, error_occurred=False, tags=[], metadata={})", user_satisfaction=None, response_quality=0.5, latency_ms=0.0, tokens_used=0, was_proactive=False, context_relevance=0.5, error_occurred=False, tags=[], metadata={}), InteractionRecord(id='ae1df6725a33', timestamp='2026-05-27T09:11:13.264893', interaction_type="InteractionRecord(id='648538c6e4ef', timestamp='2026-05-27T09:11:13.264893', interaction_type='conversation', user_satisfaction=0.7, response_quality=0.6, latency_ms=0.0, tokens_used=0, was_proactive=False, context_relevance=0.5, error_occurred=False, tags=[], metadata={})", user_satisfaction=None, response_quality=0.5, latency_ms=0.0, tokens_used=0, was_proactive=False, context_relevance=0.5, error_occurred=False, tags=[], metadata={}), InteractionRecord(id='5debe632e4bf', timestamp='2026-05-27T09:11:13.281398', interaction_type="InteractionRecord(id='22bff1fda873', timestamp='2026-05-27T09:11:13.281398', interaction_type='conversation', user_satisfaction=0.7, response_quality=0.6, latency_ms=0.0, tokens_used=0, was_proactive=False, context_relevance=0.5, error_occurred=False, tags=[], metadata={})", user_satisfaction=None, response_quality=0.5, latency_ms=0.0, tokens_used=0, was_proactive=False, context_relevance=0.5, error_occurred=False, tags=[], metadata={}), InteractionRecord(id='b860ea063949', timestamp='2026-05-27T09:11:13.285325', interaction_type="InteractionRecord(id='580787e1e420', timestamp='2026-05-27T09:11:13.285325', interaction_type='conversation', user_satisfaction=0.7, response_quality=0.6, latency_ms=0.0, tokens_used=0, was_proactive=False, context_relevance=0.5, error_occurred=False, tags=[], metadata={})", user_satisfaction=None, response_quality=0.5, latency_ms=0.0, tokens_used=0, was_proactive=False, context_relevance=0.5, error_occurred=False, tags=[], metadata={}), InteractionRecord(id='71e8253e3774', timestamp='2026-05-27T09:11:13.291734', interaction_type="InteractionRecord(id='7ba82738c5ae', timestamp='2026-05-27T09:11:13.291734', interaction_type='conversation', user_satisfaction=0.7, response_quality=0.6, latency_ms=0.0, tokens_used=0, was_proactive=False, context_relevance=0.5, error_occurred=False, tags=[], metadata={})", user_satisfaction=None, response_quality=0.5, latency_ms=0.0, tokens_used=0, was_proactive=False, context_relevance=0.5, error_occurred=False, tags=[], metadata={}), InteractionRecord(id='fbf367e2ddef', timestamp='2026-05-27T09:11:13.296750', interaction_type="InteractionRecord(id='c28e7ba001a9', timestamp='2026-05-27T09:11:13.296750', interaction_type='conversation', user_satisfaction=0.7, response_quality=0.6, latency_ms=0.0, tokens_used=0, was_proactive=False, context_relevance=0.5, error_occurred=False, tags=[], metadata={})", user_satisfaction=None, response_quality=0.5, latency_ms=0.0, tokens_used=0, was_proactive=False, context_relevance=0.5, error_occurred=False, tags=[], metadata={}), InteractionRecord(id='6f85022f7a68', timestamp='2026-05-27T09:11:13.298577', interaction_type="InteractionRecord(id='8d6c9075d1c8', timestamp='2026-05-27T09:11:13.298577', interaction_type='conversation', user_satisfaction=0.7, response_quality=0.6, latency_ms=0.0, tokens_used=0, was_proactive=False, context_relevance=0.5, error_occurred=False, tags=[], metadata={})", user_satisfaction=None, response_quality=0.5, latency_ms=0.0, tokens_used=0, was_proactive=False, context_relevance=0.5, error_occurred=False, tags=[], metadata={}), InteractionRecord(id='2de502a2a708', timestamp='2026-05-27T09:11:13.298577', interaction_type="InteractionRecord(id='9468897dc9cd', timestamp='2026-05-27T09:11:13.298577', interaction_type='conversation', user_satisfaction=0.7, response_quality=0.6, latency_ms=0.0, tokens_used=0, was_proactive=False, context_relevance=0.5, error_occurred=False, tags=[], metadata={})", user_satisfaction=None, response_quality=0.5, latency_ms=0.0, tokens_used=0, was_proactive=False, context_relevance=0.5, error_occurred=False, tags=[], metadata={}), InteractionRecord(id='a865ebfdec38', timestamp='2026-05-27T09:11:13.298577', interaction_type="InteractionRecord(id='5ee27f47bcd6', timestamp='2026-05-27T09:11:13.298577', interaction_type='conversation', user_satisfaction=0.7, response_quality=0.6, latency_ms=0.0, tokens_used=0, was_proactive=False, context_relevance=0.5, error_occurred=False, tags=[], metadata={})", user_satisfaction=None, response_quality=0.5, latency_ms=0.0, tokens_used=0, was_proactive=False, context_relevance=0.5, error_occurred=False, tags=[], metadata={}), InteractionRecord(id='a45f09a2f4b2', timestamp='2026-05-27T09:11:13.313977', interaction_type="InteractionRecord(id='e6e3e4455f00', timestamp='2026-05-27T09:11:13.313977', interaction_type='conversation', user_satisfaction=0.7, response_quality=0.6, latency_ms=0.0, tokens_used=0, was_proactive=False, context_relevance=0.5, error_occurred=False, tags=[], metadata={})", user_satisfaction=None, response_quality=0.5, latency_ms=0.0, tokens_used=0, was_proactive=False, context_relevance=0.5, error_occurred=False, tags=[], metadata={}), InteractionRecord(id='a2cc3880f781', timestamp='2026-05-27T09:11:13.314657', interaction_type="InteractionRecord(id='a07ebad7d0f6', timestamp='2026-05-27T09:11:13.314657', interaction_type='conversation', user_satisfaction=0.7, response_quality=0.6, latency_ms=0.0, tokens_used=0, was_proactive=False, context_relevance=0.5, error_occurred=False, tags=[], metadata={})", user_satisfaction=None, response_quality=0.5, latency_ms=0.0, tokens_used=0, was_proactive=False, context_relevance=0.5, error_occurred=False, tags=[], metadata={}), InteractionRecord(id='86c0911872e3', timestamp='2026-05-27T09:11:13.314657', interaction_type="InteractionRecord(id='4922539f499f', timestamp='2026-05-27T09:11:13.314657', interaction_type='conversation', user_satisfaction=0.7, response_quality=0.6, latency_ms=0.0, tokens_used=0, was_proactive=False, context_relevance=0.5, error_occurred=False, tags=[], metadata={})", user_satisfaction=None, response_quality=0.5, latency_ms=0.0, tokens_used=0, was_proactive=False, context_relevance=0.5, error_occurred=False, tags=[], metadata={}), InteractionRecord(id='ee78995cadb3', timestamp='2026-05-27T09:11:13.314657', interaction_type="InteractionRecord(id='39c4e8d226d9', timestamp='2026-05-27T09:11:13.314657', interaction_type='conversation', user_satisfaction=0.7, response_quality=0.6, latency_ms=0.0, tokens_used=0, was_proactive=False, context_relevance=0.5, error_occurred=False, tags=[], metadata={})", user_satisfaction=None, response_quality=0.5, latency_ms=0.0, tokens_used=0, was_proactive=False, context_relevance=0.5, error_occurred=False, tags=[], metadata={}), InteractionRecord(id='44fb7f0cdec0', timestamp='2026-05-27T09:11:13.329823', interaction_type="InteractionRecord(id='99852ffe3e1d', timestamp='2026-05-27T09:11:13.329823', interaction_type='conversation', user_satisfaction=0.7, response_quality=0.6, latency_ms=0.0, tokens_used=0, was_proactive=False, context_relevance=0.5, error_occurred=False, tags=[], metadata={})", user_satisfaction=None, response_quality=0.5, latency_ms=0.0, tokens_used=0, was_proactive=False, context_relevance=0.5, error_occurred=False, tags=[], metadata={}), InteractionRecord(id='e4db9874736e', timestamp='2026-05-27T09:11:13.331399', interaction_type="InteractionRecord(id='4bedc62c8fb3', timestamp='2026-05-27T09:11:13.331399', interaction_type='conversation', user_satisfaction=0.7, response_quality=0.6, latency_ms=0.0, tokens_used=0, was_proactive=False, context_relevance=0.5, error_occurred=False, tags=[], metadata={})", user_satisfaction=None, response_quality=0.5, latency_ms=0.0, tokens_used=0, was_proactive=False, context_relevance=0.5, error_occurred=False, tags=[], metadata={}), InteractionRecord(id='9c6ffb7cf155', timestamp='2026-05-27T09:11:13.331399', interaction_type="InteractionRecord(id='7bf857c858ea', timestamp='2026-05-27T09:11:13.331399', interaction_type='conversation', user_satisfaction=0.7, response_quality=0.6, latency_ms=0.0, tokens_used=0, was_proactive=False, context_relevance=0.5, error_occurred=False, tags=[], metadata={})", user_satisfaction=None, response_quality=0.5, latency_ms=0.0, tokens_used=0, was_proactive=False, context_relevance=0.5, error_occurred=False, tags=[], metadata={}), InteractionRecord(id='acbda23a8617', timestamp='2026-05-27T09:11:13.331399', interaction_type="InteractionRecord(id='da2d19f708dd', timestamp='2026-05-27T09:11:13.331399', interaction_type='conversation', user_satisfaction=0.7, response_quality=0.6, latency_ms=0.0, tokens_used=0, was_proactive=False, context_relevance=0.5, error_occurred=False, tags=[], metadata={})", user_satisfaction=None, response_quality=0.5, latency_ms=0.0, tokens_used=0, was_proactive=False, context_relevance=0.5, error_occurred=False, tags=[], metadata={}), InteractionRecord(id='6b06511a332b', timestamp='2026-05-27T09:11:13.331399', interaction_type="InteractionRecord(id='910c6badcad8', timestamp='2026-05-27T09:11:13.331399', interaction_type='conversation', user_satisfaction=0.7, response_quality=0.6, latency_ms=0.0, tokens_used=0, was_proactive=False, context_relevance=0.5, error_occurred=False, tags=[], metadata={})", user_satisfaction=None, response_quality=0.5, latency_ms=0.0, tokens_used=0, was_proactive=False, context_relevance=0.5, error_occurred=False, tags=[], metadata={}), InteractionRecord(id='168fb6cff1bc', timestamp='2026-05-27T09:11:13.348056', interaction_type="InteractionRecord(id='f794fdd428de', timestamp='2026-05-27T09:11:13.348056', interaction_type='conversation', user_satisfaction=0.7, response_quality=0.6, latency_ms=0.0, tokens_used=0, was_proactive=False, context_relevance=0.5, error_occurred=False, tags=[], metadata={})", user_satisfaction=None, response_quality=0.5, latency_ms=0.0, tokens_used=0, was_proactive=False, context_relevance=0.5, error_occurred=False, tags=[], metadata={}), InteractionRecord(id='88b7e75ce1fd', timestamp='2026-05-27T09:11:13.348056', interaction_type="InteractionRecord(id='35c22715be12', timestamp='2026-05-27T09:11:13.348056', interaction_type='conversation', user_satisfaction=0.7, response_quality=0.6, latency_ms=0.0, tokens_used=0, was_proactive=False, context_relevance=0.5, error_occurred=False, tags=[], metadata={})", user_satisfaction=None, response_quality=0.5, latency_ms=0.0, tokens_used=0, was_proactive=False, context_relevance=0.5, error_occurred=False, tags=[], metadata={}), InteractionRecord(id='551f13e2166f', timestamp='2026-05-27T09:11:13.348056', interaction_type="InteractionRecord(id='3dfe8f32b0a7', timestamp='2026-05-27T09:11:13.348056', interaction_type='conversation', user_satisfaction=0.7, response_quality=0.6, latency_ms=0.0, tokens_used=0, was_proactive=False, context_relevance=0.5, error_occurred=False, tags=[], metadata={})", user_satisfaction=None, response_quality=0.5, latency_ms=0.0, tokens_used=0, was_proactive=False, context_relevance=0.5, error_occurred=False, tags=[], metadata={}), InteractionRecord(id='b4f2b33f4b64', timestamp='2026-05-27T09:11:13.348056', interaction_type="InteractionRecord(id='3f4dfee1a363', timestamp='2026-05-27T09:11:13.348056', interaction_type='conversation', user_satisfaction=0.7, response_quality=0.6, latency_ms=0.0, tokens_used=0, was_proactive=False, context_relevance=0.5, error_occurred=False, tags=[], metadata={})", user_satisfaction=None, response_quality=0.5, latency_ms=0.0, tokens_used=0, was_proactive=False, context_relevance=0.5, error_occurred=False, tags=[], metadata={}), InteractionRecord(id='92b65fb0b1c3', timestamp='2026-05-27T09:11:13.364710', interaction_type="InteractionRecord(id='ebf5870b3cf5', timestamp='2026-05-27T09:11:13.364710', interaction_type='conversation', user_satisfaction=0.7, response_quality=0.6, latency_ms=0.0, tokens_used=0, was_proactive=False, context_relevance=0.5, error_occurred=False, tags=[], metadata={})", user_satisfaction=None, response_quality=0.5, latency_ms=0.0, tokens_used=0, was_proactive=False, context_relevance=0.5, error_occurred=False, tags=[], metadata={}), InteractionRecord(id='78fa0862b9e3', timestamp='2026-05-27T09:11:13.364710', interaction_type="InteractionRecord(id='62875523efd5', timestamp='2026-05-27T09:11:13.364710', interaction_type='conversation', user_satisfaction=0.7, response_quality=0.6, latency_ms=0.0, tokens_used=0, was_proactive=False, context_relevance=0.5, error_occurred=False, tags=[], metadata={})", user_satisfaction=None, response_quality=0.5, latency_ms=0.0, tokens_used=0, was_proactive=False, context_relevance=0.5, error_occurred=False, tags=[], metadata={}), InteractionRecord(id='93b08fceda83', timestamp='2026-05-27T09:11:13.364710', interaction_type="InteractionRecord(id='a24bb12bd559', timestamp='2026-05-27T09:11:13.364710', interaction_type='conversation', user_satisfaction=0.7, response_quality=0.6, latency_ms=0.0, tokens_used=0, was_proactive=False, context_relevance=0.5, error_occurred=False, tags=[], metadata={})", user_satisfaction=None, response_quality=0.5, latency_ms=0.0, tokens_used=0, was_proactive=False, context_relevance=0.5, error_occurred=False, tags=[], metadata={}), InteractionRecord(id='78ae72b04637', timestamp='2026-05-27T09:11:13.364710', interaction_type="InteractionRecord(id='1e38c93556c9', timestamp='2026-05-27T09:11:13.364710', interaction_type='conversation', user_satisfaction=0.7, response_quality=0.6, latency_ms=0.0, tokens_used=0, was_proactive=False, context_relevance=0.5, error_occurred=False, tags=[], metadata={})", user_satisfaction=None, response_quality=0.5, latency_ms=0.0, tokens_used=0, was_proactive=False, context_relevance=0.5, error_occurred=False, tags=[], metadata={}), InteractionRecord(id='7f5963b4d48d', timestamp='2026-05-27T09:11:13.381344', interaction_type="InteractionRecord(id='5276d28c6d4a', timestamp='2026-05-27T09:11:13.381344', interaction_type='conversation', user_satisfaction=0.7, response_quality=0.6, latency_ms=0.0, tokens_used=0, was_proactive=False, context_relevance=0.5, error_occurred=False, tags=[], metadata={})", user_satisfaction=None, response_quality=0.5, latency_ms=0.0, tokens_used=0, was_proactive=False, context_relevance=0.5, error_occurred=False, tags=[], metadata={}), InteractionRecord(id='3dcd512b1b51', timestamp='2026-05-27T09:11:13.385308', interaction_type="InteractionRecord(id='46825d59533d', timestamp='2026-05-27T09:11:13.385308', interaction_type='conversation', user_satisfaction=0.7, response_quality=0.6, latency_ms=0.0, tokens_used=0, was_proactive=False, context_relevance=0.5, error_occurred=False, tags=[], metadata={})", user_satisfaction=None, response_quality=0.5, latency_ms=0.0, tokens_used=0, was_proactive=False, context_relevance=0.5, error_occurred=False, tags=[], metadata={}), InteractionRecord(id='a194098b7e3f', timestamp='2026-05-27T09:11:13.391910', interaction_type="InteractionRecord(id='02869ad7f6a3', timestamp='2026-05-27T09:11:13.391910', interaction_type='conversation', user_satisfaction=0.7, response_quality=0.6, latency_ms=0.0, tokens_used=0, was_proactive=False, context_relevance=0.5, error_occurred=False, tags=[], metadata={})", user_satisfaction=None, response_quality=0.5, latency_ms=0.0, tokens_used=0, was_proactive=False, context_relevance=0.5, error_occurred=False, tags=[], metadata={}), InteractionRecord(id='03323b83126d', timestamp='2026-05-27T09:11:13.396924', interaction_type="InteractionRecord(id='e430ea1cd24e', timestamp='2026-05-27T09:11:13.396924', interaction_type='conversation', user_satisfaction=0.7, response_quality=0.6, latency_ms=0.0, tokens_used=0, was_proactive=False, context_relevance=0.5, error_occurred=False, tags=[], metadata={})", user_satisfaction=None, response_quality=0.5, latency_ms=0.0, tokens_used=0, was_proactive=False, context_relevance=0.5, error_occurred=False, tags=[], metadata={}), InteractionRecord(id='bf0bc7abcf2d', timestamp='2026-05-27T09:11:13.401305', interaction_type="InteractionRecord(id='1b70aeaceb6e', timestamp='2026-05-27T09:11:13.401305', interaction_type='conversation', user_satisfaction=0.7, response_quality=0.6, latency_ms=0.0, tokens_used=0, was_proactive=False, context_relevance=0.5, error_occurred=False, tags=[], metadata={})", user_satisfaction=None, response_quality=0.5, latency_ms=0.0, tokens_used=0, was_proactive=False, context_relevance=0.5, error_occurred=False, tags=[], metadata={}), InteractionRecord(id='ed475caf8aa4', timestamp='2026-05-27T09:11:13.405314', interaction_type="InteractionRecord(id='ac94814761bc', timestamp='2026-05-27T09:11:13.405314', interaction_type='conversation', user_satisfaction=0.7, response_quality=0.6, latency_ms=0.0, tokens_used=0, was_proactive=False, context_relevance=0.5, error_occurred=False, tags=[], metadata={})", user_satisfaction=None, response_quality=0.5, latency_ms=0.0, tokens_used=0, was_proactive=False, context_relevance=0.5, error_occurred=False, tags=[], metadata={}), InteractionRecord(id='a8028f1074ae', timestamp='2026-05-27T09:11:13.409324', interaction_type="InteractionRecord(id='0783347465ea', timestamp='2026-05-27T09:11:13.409324', interaction_type='conversation', user_satisfaction=0.7, response_quality=0.6, latency_ms=0.0, tokens_used=0, was_proactive=False, context_relevance=0.5, error_occurred=False, tags=[], metadata={})", user_satisfaction=None, response_quality=0.5, latency_ms=0.0, tokens_used=0, was_proactive=False, context_relevance=0.5, error_occurred=False, tags=[], metadata={}), InteractionRecord(id='ff1a2585f1e9', timestamp='2026-05-27T09:11:13.414689', interaction_type="InteractionRecord(id='221a15e098af', timestamp='2026-05-27T09:11:13.414689', interaction_type='conversation', user_satisfaction=0.7, response_quality=0.6, latency_ms=0.0, tokens_used=0, was_proactive=False, context_relevance=0.5, error_occurred=False, tags=[], metadata={})", user_satisfaction=None, response_quality=0.5, latency_ms=0.0, tokens_used=0, was_proactive=False, context_relevance=0.5, error_occurred=False, tags=[], metadata={}), InteractionRecord(id='bfd4416fd70c', timestamp='2026-05-27T09:11:13.414689', interaction_type="InteractionRecord(id='466c68daa808', timestamp='2026-05-27T09:11:13.414689', interaction_type='conversation', user_satisfaction=0.7, response_quality=0.6, latency_ms=0.0, tokens_used=0, was_proactive=False, context_relevance=0.5, error_occurred=False, tags=[], metadata={})", user_satisfaction=None, response_quality=0.5, latency_ms=0.0, tokens_used=0, was_proactive=False, context_relevance=0.5, error_occurred=False, tags=[], metadata={}), InteractionRecord(id='ed1b52d682e9', timestamp='2026-05-27T09:11:13.414689', interaction_type="InteractionRecord(id='c6f822de3f27', timestamp='2026-05-27T09:11:13.414689', interaction_type='conversation', user_satisfaction=0.7, response_quality=0.6, latency_ms=0.0, tokens_used=0, was_proactive=False, context_relevance=0.5, error_occurred=False, tags=[], metadata={})", user_satisfaction=None, response_quality=0.5, latency_ms=0.0, tokens_used=0, was_proactive=False, context_relevance=0.5, error_occurred=False, tags=[], metadata={}), InteractionRecord(id='b5875c7563df', timestamp='2026-05-27T09:11:13.414689', interaction_type="InteractionRecord(id='7ebeab24b572', timestamp='2026-05-27T09:11:13.414689', interaction_type='conversation', user_satisfaction=0.7, response_quality=0.6, latency_ms=0.0, tokens_used=0, was_proactive=False, context_relevance=0.5, error_occurred=False, tags=[], metadata={})", user_satisfaction=None, response_quality=0.5, latency_ms=0.0, tokens_used=0, was_proactive=False, context_relevance=0.5, error_occurred=False, tags=[], metadata={}), InteractionRecord(id='e5212255c712', timestamp='2026-05-27T09:11:13.431351', interaction_type="InteractionRecord(id='182ed8b93750', timestamp='2026-05-27T09:11:13.431351', interaction_type='conversation', user_satisfaction=0.7, response_quality=0.6, latency_ms=0.0, tokens_used=0, was_proactive=False, context_relevance=0.5, error_occurred=False, tags=[], metadata={})", user_satisfaction=None, response_quality=0.5, latency_ms=0.0, tokens_used=0, was_proactive=False, context_relevance=0.5, error_occurred=False, tags=[], metadata={}), InteractionRecord(id='10ab354e54a3', timestamp='2026-05-27T09:11:13.431351', interaction_type="InteractionRecord(id='71ee8eb58899', timestamp='2026-05-27T09:11:13.431351', interaction_type='conversation', user_satisfaction=0.7, response_quality=0.6, latency_ms=0.0, tokens_used=0, was_proactive=False, context_relevance=0.5, error_occurred=False, tags=[], metadata={})", user_satisfaction=None, response_quality=0.5, latency_ms=0.0, tokens_used=0, was_proactive=False, context_relevance=0.5, error_occurred=False, tags=[], metadata={}), InteractionRecord(id='8f82ed13b32c', timestamp='2026-05-27T09:11:13.431351', interaction_type="InteractionRecord(id='f4a1b4eab7fb', timestamp='2026-05-27T09:11:13.431351', interaction_type='conversation', user_satisfaction=0.7, response_quality=0.6, latency_ms=0.0, tokens_used=0, was_proactive=False, context_relevance=0.5, error_occurred=False, tags=[], metadata={})", user_satisfaction=None, response_quality=0.5, latency_ms=0.0, tokens_used=0, was_proactive=False, context_relevance=0.5, error_occurred=False, tags=[], metadata={}), InteractionRecord(id='6953407bb18d', timestamp='2026-05-27T09:11:13.431351', interaction_type="InteractionRecord(id='b954cb36358b', timestamp='2026-05-27T09:11:13.431351', interaction_type='conversation', user_satisfaction=0.7, response_quality=0.6, latency_ms=0.0, tokens_used=0, was_proactive=False, context_relevance=0.5, error_occurred=False, tags=[], metadata={})", user_satisfaction=None, response_quality=0.5, latency_ms=0.0, tokens_used=0, was_proactive=False, context_relevance=0.5, error_occurred=False, tags=[], metadata={}), InteractionRecord(id='797324c277a9', timestamp='2026-05-27T09:11:13.448075', interaction_type="InteractionRecord(id='e3c75e5ac87c', timestamp='2026-05-27T09:11:13.448075', interaction_type='conversation', user_satisfaction=0.7, response_quality=0.6, latency_ms=0.0, tokens_used=0, was_proactive=False, context_relevance=0.5, error_occurred=False, tags=[], metadata={})", user_satisfaction=None, response_quality=0.5, latency_ms=0.0, tokens_used=0, was_proactive=False, context_relevance=0.5, error_occurred=False, tags=[], metadata={}), InteractionRecord(id='19b01a0b312d', timestamp='2026-05-27T09:11:13.448075', interaction_type="InteractionRecord(id='6429e4f9be76', timestamp='2026-05-27T09:11:13.448075', interaction_type='conversation', user_satisfaction=0.7, response_quality=0.6, latency_ms=0.0, tokens_used=0, was_proactive=False, context_relevance=0.5, error_occurred=False, tags=[], metadata={})", user_satisfaction=None, response_quality=0.5, latency_ms=0.0, tokens_used=0, was_proactive=False, context_relevance=0.5, error_occurred=False, tags=[], metadata={}), InteractionRecord(id='99f6c3ea3029', timestamp='2026-05-27T09:11:13.448075', interaction_type="InteractionRecord(id='3faedcabc969', timestamp='2026-05-27T09:11:13.448075', interaction_type='conversation', user_satisfaction=0.7, response_quality=0.6, latency_ms=0.0, tokens_used=0, was_proactive=False, context_relevance=0.5, error_occurred=False, tags=[], metadata={})", user_satisfaction=None, response_quality=0.5, latency_ms=0.0, tokens_used=0, was_proactive=False, context_relevance=0.5, error_occurred=False, tags=[], metadata={}), InteractionRecord(id='ccb8b67f6c58', timestamp='2026-05-27T09:11:13.448075', interaction_type="InteractionRecord(id='955636202280', timestamp='2026-05-27T09:11:13.448075', interaction_type='conversation', user_satisfaction=0.7, response_quality=0.6, latency_ms=0.0, tokens_used=0, was_proactive=False, context_relevance=0.5, error_occurred=False, tags=[], metadata={})", user_satisfaction=None, response_quality=0.5, latency_ms=0.0, tokens_used=0, was_proactive=False, context_relevance=0.5, error_occurred=False, tags=[], metadata={}), InteractionRecord(id='564c9d40417b', timestamp='2026-05-27T09:11:13.464727', interaction_type="InteractionRecord(id='1097406c9726', timestamp='2026-05-27T09:11:13.464727', interaction_type='conversation', user_satisfaction=0.7, response_quality=0.6, latency_ms=0.0, tokens_used=0, was_proactive=False, context_relevance=0.5, error_occurred=False, tags=[], metadata={})", user_satisfaction=None, response_quality=0.5, latency_ms=0.0, tokens_used=0, was_proactive=False, context_relevance=0.5, error_occurred=False, tags=[], metadata={}), InteractionRecord(id='c36cd9a33949', timestamp='2026-05-27T09:11:13.464727', interaction_type="InteractionRecord(id='f8347554728d', timestamp='2026-05-27T09:11:13.464727', interaction_type='conversation', user_satisfaction=0.7, response_quality=0.6, latency_ms=0.0, tokens_used=0, was_proactive=False, context_relevance=0.5, error_occurred=False, tags=[], metadata={})", user_satisfaction=None, response_quality=0.5, latency_ms=0.0, tokens_used=0, was_proactive=False, context_relevance=0.5, error_occurred=False, tags=[], metadata={}), InteractionRecord(id='1992147b511a', timestamp='2026-05-27T09:11:13.464727', interaction_type="InteractionRecord(id='338b44eeeb5e', timestamp='2026-05-27T09:11:13.464727', interaction_type='conversation', user_satisfaction=0.7, response_quality=0.6, latency_ms=0.0, tokens_used=0, was_proactive=False, context_relevance=0.5, error_occurred=False, tags=[], metadata={})", user_satisfaction=None, response_quality=0.5, latency_ms=0.0, tokens_used=0, was_proactive=False, context_relevance=0.5, error_occurred=False, tags=[], metadata={}), InteractionRecord(id='2ecc1ab721dc', timestamp='2026-05-27T09:11:13.464727', interaction_type="InteractionRecord(id='aa0071765f72', timestamp='2026-05-27T09:11:13.464727', interaction_type='conversation', user_satisfaction=0.7, response_quality=0.6, latency_ms=0.0, tokens_used=0, was_proactive=False, context_relevance=0.5, error_occurred=False, tags=[], metadata={})", user_satisfaction=None, response_quality=0.5, latency_ms=0.0, tokens_used=0, was_proactive=False, context_relevance=0.5, error_occurred=False, tags=[], metadata={}), InteractionRecord(id='7fb306ef783e', timestamp='2026-05-27T09:11:13.481389', interaction_type="InteractionRecord(id='b6002622e1cd', timestamp='2026-05-27T09:11:13.481389', interaction_type='conversation', user_satisfaction=0.7, response_quality=0.6, latency_ms=0.0, tokens_used=0, was_proactive=False, context_relevance=0.5, error_occurred=False, tags=[], metadata={})", user_satisfaction=None, response_quality=0.5, latency_ms=0.0, tokens_used=0, was_proactive=False, context_relevance=0.5, error_occurred=False, tags=[], metadata={}), InteractionRecord(id='605cc36447a6', timestamp='2026-05-27T09:11:13.485354', interaction_type="InteractionRecord(id='db8fb03efff0', timestamp='2026-05-27T09:11:13.485354', interaction_type='conversation', user_satisfaction=0.7, response_quality=0.6, latency_ms=0.0, tokens_used=0, was_proactive=False, context_relevance=0.5, error_occurred=False, tags=[], metadata={})", user_satisfaction=None, response_quality=0.5, latency_ms=0.0, tokens_used=0, was_proactive=False, context_relevance=0.5, error_occurred=False, tags=[], metadata={}), InteractionRecord(id='cac7f9233e3b', timestamp='2026-05-27T09:11:13.485354', interaction_type="InteractionRecord(id='b315794b564c', timestamp='2026-05-27T09:11:13.485354', interaction_type='conversation', user_satisfaction=0.7, response_quality=0.6, latency_ms=0.0, tokens_used=0, was_proactive=False, context_relevance=0.5, error_occurred=False, tags=[], metadata={})", user_satisfaction=None, response_quality=0.5, latency_ms=0.0, tokens_used=0, was_proactive=False, context_relevance=0.5, error_occurred=False, tags=[], metadata={}), InteractionRecord(id='3f9d7e9f7f9f', timestamp='2026-05-27T09:11:13.485354', interaction_type="InteractionRecord(id='6a37f54ac2ea', timestamp='2026-05-27T09:11:13.485354', interaction_type='conversation', user_satisfaction=0.7, response_quality=0.6, latency_ms=0.0, tokens_used=0, was_proactive=False, context_relevance=0.5, error_occurred=False, tags=[], metadata={})", user_satisfaction=None, response_quality=0.5, latency_ms=0.0, tokens_used=0, was_proactive=False, context_relevance=0.5, error_occurred=False, tags=[], metadata={}), InteractionRecord(id='de7c549e378d', timestamp='2026-05-27T09:11:13.498061', interaction_type="InteractionRecord(id='8929c1a306f2', timestamp='2026-05-27T09:11:13.498061', interaction_type='conversation', user_satisfaction=0.7, response_quality=0.6, latency_ms=0.0, tokens_used=0, was_proactive=False, context_relevance=0.5, error_occurred=False, tags=[], metadata={})", user_satisfaction=None, response_quality=0.5, latency_ms=0.0, tokens_used=0, was_proactive=False, context_relevance=0.5, error_occurred=False, tags=[], metadata={}), InteractionRecord(id='50b23cd6a764', timestamp='2026-05-27T09:11:13.498061', interaction_type="InteractionRecord(id='a5b988daf23f', timestamp='2026-05-27T09:11:13.498061', interaction_type='conversation', user_satisfaction=0.7, response_quality=0.6, latency_ms=0.0, tokens_used=0, was_proactive=False, context_relevance=0.5, error_occurred=False, tags=[], metadata={})", user_satisfaction=None, response_quality=0.5, latency_ms=0.0, tokens_used=0, was_proactive=False, context_relevance=0.5, error_occurred=False, tags=[], metadata={}), InteractionRecord(id=573127408927, timestamp='2026-05-27T09:11:57.151003', interaction_type="InteractionRecord(id='2a369dc5e32f', timestamp='2026-05-27T09:11:57.151003', interaction_type='conversation', user_satisfaction=0.8, response_quality=0.7, latency_ms=500, tokens_used=0, was_proactive=False, context_relevance=0.5, error_occurred=False, tags=[], metadata={})", user_satisfaction=None, response_quality=0.5, latency_ms=0.0, tokens_used=0, was_proactive=False, context_relevance=0.5, error_occurred=False, tags=[], metadata={}), InteractionRecord(id='ca4f8f2da893', timestamp='2026-05-27T09:11:57.256857', interaction_type="InteractionRecord(id='34377fba0ada', timestamp='2026-05-27T09:11:57.256857', interaction_type='conversation', user_satisfaction=0.7, response_quality=0.6, latency_ms=400, tokens_used=0, was_proactive=False, context_relevance=0.5, error_occurred=False, tags=[], metadata={})", user_satisfaction=None, response_quality=0.5, latency_ms=0.0, tokens_used=0, was_proactive=False, context_relevance=0.5, error_occurred=False, tags=[], metadata={}), InteractionRecord(id='074efbd01f2f', timestamp='2026-05-27T09:11:57.267663', interaction_type="InteractionRecord(id='71927786a488', timestamp='2026-05-27T09:11:57.267663', interaction_type='conversation', user_satisfaction=0.7999999999999999, response_quality=0.8, latency_ms=450, tokens_used=0, was_proactive=False, context_relevance=0.5, error_occurred=False, tags=[], metadata={})", user_satisfaction=None, response_quality=0.5, latency_ms=0.0, tokens_used=0, was_proactive=False, context_relevance=0.5, error_occurred=False, tags=[], metadata={}), InteractionRecord(id='6e2a98bd3a3d', timestamp='2026-05-27T09:11:57.271938', interaction_type="InteractionRecord(id='04d3d5e0c1ef', timestamp='2026-05-27T09:11:57.271938', interaction_type='conversation', user_satisfaction=0.8999999999999999, response_quality=0.6, latency_ms=500, tokens_used=0, was_proactive=False, context_relevance=0.5, error_occurred=False, tags=[], metadata={})", user_satisfaction=None, response_quality=0.5, latency_ms=0.0, tokens_used=0, was_proactive=False, context_relevance=0.5, error_occurred=False, tags=[], metadata={}), InteractionRecord(id='e0bbb30b7bcb', timestamp='2026-05-27T09:11:57.272940', interaction_type="InteractionRecord(id='be68f3e5aa2c', timestamp='2026-05-27T09:11:57.272940', interaction_type='conversation', user_satisfaction=0.7, response_quality=0.8, latency_ms=550, tokens_used=0, was_proactive=False, context_relevance=0.5, error_occurred=False, tags=[], metadata={})", user_satisfaction=None, response_quality=0.5, latency_ms=0.0, tokens_used=0, was_proactive=False, context_relevance=0.5, error_occurred=False, tags=[], metadata={}), InteractionRecord(id='6689073e9e4a', timestamp='2026-05-27T09:11:57.272940', interaction_type="InteractionRecord(id='d2ebbad76acb', timestamp='2026-05-27T09:11:57.272940', interaction_type='conversation', user_satisfaction=0.7999999999999999, response_quality=0.6, latency_ms=600, tokens_used=0, was_proactive=False, context_relevance=0.5, error_occurred=False, tags=[], metadata={})", user_satisfaction=None, response_quality=0.5, latency_ms=0.0, tokens_used=0, was_proactive=False, context_relevance=0.5, error_occurred=False, tags=[], metadata={}), InteractionRecord(id='ee9baa513ff5', timestamp='2026-05-27T09:11:57.284233', interaction_type="InteractionRecord(id='4966037e445a', timestamp='2026-05-27T09:11:57.284233', interaction_type='conversation', user_satisfaction=0.8999999999999999, response_quality=0.8, latency_ms=650, tokens_used=0, was_proactive=False, context_relevance=0.5, error_occurred=False, tags=[], metadata={})", user_satisfaction=None, response_quality=0.5, latency_ms=0.0, tokens_used=0, was_proactive=False, context_relevance=0.5, error_occurred=False, tags=[], metadata={}), InteractionRecord(id='56780332626e', timestamp='2026-05-27T09:11:57.284233', interaction_type="InteractionRecord(id='47f390763bb7', timestamp='2026-05-27T09:11:57.284233', interaction_type='conversation', user_satisfaction=0.7, response_quality=0.6, latency_ms=700, tokens_used=0, was_proactive=False, context_relevance=0.5, error_occurred=False, tags=[], metadata={})", user_satisfaction=None, response_quality=0.5, latency_ms=0.0, tokens_used=0, was_proactive=False, context_relevance=0.5, error_occurred=False, tags=[], metadata={}), InteractionRecord(id='25efbb972345', timestamp='2026-05-27T09:11:57.284233', interaction_type="InteractionRecord(id='a969d0e7e173', timestamp='2026-05-27T09:11:57.284233', interaction_type='conversation', user_satisfaction=0.7999999999999999, response_quality=0.8, latency_ms=750, tokens_used=0, was_proactive=False, context_relevance=0.5, error_occurred=False, tags=[], metadata={})", user_satisfaction=None, response_quality=0.5, latency_ms=0.0, tokens_used=0, was_proactive=False, context_relevance=0.5, error_occurred=False, tags=[], metadata={}), InteractionRecord(id='3c23ff89cb11', timestamp='2026-05-27T09:11:57.284233', interaction_type="InteractionRecord(id='e4bdb8cb09e9', timestamp='2026-05-27T09:11:57.284233', interaction_type='conversation', user_satisfaction=0.8999999999999999, response_quality=0.6, latency_ms=800, tokens_used=0, was_proactive=False, context_relevance=0.5, error_occurred=False, tags=[], metadata={})", user_satisfaction=None, response_quality=0.5, latency_ms=0.0, tokens_used=0, was_proactive=False, context_relevance=0.5, error_occurred=False, tags=[], metadata={}), InteractionRecord(id='449980aca7df', timestamp='2026-05-27T09:11:57.300928', interaction_type="InteractionRecord(id='3e24882b8572', timestamp='2026-05-27T09:11:57.300928', interaction_type='conversation', user_satisfaction=0.7, response_quality=0.8, latency_ms=850, tokens_used=0, was_proactive=False, context_relevance=0.5, error_occurred=False, tags=[], metadata={})", user_satisfaction=None, response_quality=0.5, latency_ms=0.0, tokens_used=0, was_proactive=False, context_relevance=0.5, error_occurred=False, tags=[], metadata={}), InteractionRecord(id='d5b09fd029f6', timestamp='2026-05-27T09:12:16.732588', interaction_type="InteractionRecord(id='8089b69c9896', timestamp='2026-05-27T09:12:16.732588', interaction_type='conversation', user_satisfaction=0.8, response_quality=0.7, latency_ms=0.0, tokens_used=0, was_proactive=False, context_relevance=0.5, error_occurred=False, tags=[], metadata={})", user_satisfaction=None, response_quality=0.5, latency_ms=0.0, tokens_used=0, was_proactive=False, context_relevance=0.5, error_occurred=False, tags=[], metadata={}), InteractionRecord(id='6d6d56231cfa', timestamp='2026-05-27T09:12:16.736996', interaction_type="InteractionRecord(id='f15a36ca6a7a', timestamp='2026-05-27T09:12:16.736996', interaction_type='conversation', user_satisfaction=0.8, response_quality=0.7, latency_ms=0.0, tokens_used=0, was_proactive=False, context_relevance=0.5, error_occurred=False, tags=[], metadata={})", user_satisfaction=None, response_quality=0.5, latency_ms=0.0, tokens_used=0, was_proactive=False, context_relevance=0.5, error_occurred=False, tags=[], metadata={}), InteractionRecord(id='990c5684c16a', timestamp='2026-05-27T09:12:16.736996', interaction_type="InteractionRecord(id='ef440c688691', timestamp='2026-05-27T09:12:16.736996', interaction_type='conversation', user_satisfaction=0.8, response_quality=0.7, latency_ms=0.0, tokens_used=0, was_proactive=False, context_relevance=0.5, error_occurred=False, tags=[], metadata={})", user_satisfaction=None, response_quality=0.5, latency_ms=0.0, tokens_used=0, was_proactive=False, context_relevance=0.5, error_occurred=False, tags=[], metadata={}), InteractionRecord(id='a84b68ac5ca0', timestamp='2026-05-27T09:12:16.748556', interaction_type="InteractionRecord(id='1c952a6f8269', timestamp='2026-05-27T09:12:16.748556', interaction_type='conversation', user_satisfaction=0.8, response_quality=0.7, latency_ms=0.0, tokens_used=0, was_proactive=False, context_relevance=0.5, error_occurred=False, tags=[], metadata={})", user_satisfaction=None, response_quality=0.5, latency_ms=0.0, tokens_used=0, was_proactive=False, context_relevance=0.5, error_occurred=False, tags=[], metadata={}), InteractionRecord(id='14bd3265b42f', timestamp='2026-05-27T09:12:16.753853', interaction_type="InteractionRecord(id='0535a87cd5c1', timestamp='2026-05-27T09:12:16.753853', interaction_type='conversation', user_satisfaction=0.8, response_quality=0.7, latency_ms=0.0, tokens_used=0, was_proactive=False, context_relevance=0.5, error_occurred=False, tags=[], metadata={})", user_satisfaction=None, response_quality=0.5, latency_ms=0.0, tokens_used=0, was_proactive=False, context_relevance=0.5, error_occurred=False, tags=[], metadata={}), InteractionRecord(id='1c13f9df77c6', timestamp='2026-05-27T09:12:16.775536', interaction_type="InteractionRecord(id='18ee3895d3b6', timestamp='2026-05-27T09:12:16.775536', interaction_type='conversation', user_satisfaction=0.7, response_quality=0.6, latency_ms=0.0, tokens_used=0, was_proactive=False, context_relevance=0.5, error_occurred=False, tags=[], metadata={})", user_satisfaction=None, response_quality=0.5, latency_ms=0.0, tokens_used=0, was_proactive=False, context_relevance=0.5, error_occurred=False, tags=[], metadata={}), InteractionRecord(id='0dd73da0d595', timestamp='2026-05-27T09:12:16.780542', interaction_type="InteractionRecord(id='48e8ca78de6c', timestamp='2026-05-27T09:12:16.780542', interaction_type='conversation', user_satisfaction=0.7, response_quality=0.6, latency_ms=0.0, tokens_used=0, was_proactive=False, context_relevance=0.5, error_occurred=False, tags=[], metadata={})", user_satisfaction=None, response_quality=0.5, latency_ms=0.0, tokens_used=0, was_proactive=False, context_relevance=0.5, error_occurred=False, tags=[], metadata={}), InteractionRecord(id='95d91c6b6859', timestamp='2026-05-27T09:12:16.780542', interaction_type="InteractionRecord(id='4a27c3ef9033', timestamp='2026-05-27T09:12:16.780542', interaction_type='conversation', user_satisfaction=0.7, response_quality=0.6, latency_ms=0.0, tokens_used=0, was_proactive=False, context_relevance=0.5, error_occurred=False, tags=[], metadata={})", user_satisfaction=None, response_quality=0.5, latency_ms=0.0, tokens_used=0, was_proactive=False, context_relevance=0.5, error_occurred=False, tags=[], metadata={}), InteractionRecord(id='54dcdb28505b', timestamp='2026-05-27T09:12:16.780542', interaction_type="InteractionRecord(id='94f9d6a950dc', timestamp='2026-05-27T09:12:16.780542', interaction_type='conversation', user_satisfaction=0.7, response_quality=0.6, latency_ms=0.0, tokens_used=0, was_proactive=False, context_relevance=0.5, error_occurred=False, tags=[], metadata={})", user_satisfaction=None, response_quality=0.5, latency_ms=0.0, tokens_used=0, was_proactive=False, context_relevance=0.5, error_occurred=False, tags=[], metadata={}), InteractionRecord(id='451675794ccb', timestamp='2026-05-27T09:12:16.798457', interaction_type="InteractionRecord(id='38ae77cd1037', timestamp='2026-05-27T09:12:16.798457', interaction_type='conversation', user_satisfaction=0.7, response_quality=0.6, latency_ms=0.0, tokens_used=0, was_proactive=False, context_relevance=0.5, error_occurred=False, tags=[], metadata={})", user_satisfaction=None, response_quality=0.5, latency_ms=0.0, tokens_used=0, was_proactive=False, context_relevance=0.5, error_occurred=False, tags=[], metadata={}), InteractionRecord(id='5870ff45be03', timestamp='2026-05-27T09:12:16.803832', interaction_type="InteractionRecord(id='1f8af72e046b', timestamp='2026-05-27T09:12:16.803832', interaction_type='conversation', user_satisfaction=0.7, response_quality=0.6, latency_ms=0.0, tokens_used=0, was_proactive=False, context_relevance=0.5, error_occurred=False, tags=[], metadata={})", user_satisfaction=None, response_quality=0.5, latency_ms=0.0, tokens_used=0, was_proactive=False, context_relevance=0.5, error_occurred=False, tags=[], metadata={}), InteractionRecord(id='880fb94351f3', timestamp='2026-05-27T09:12:16.809904', interaction_type="InteractionRecord(id='acc97f1017c7', timestamp='2026-05-27T09:12:16.809904', interaction_type='conversation', user_satisfaction=0.7, response_quality=0.6, latency_ms=0.0, tokens_used=0, was_proactive=False, context_relevance=0.5, error_occurred=False, tags=[], metadata={})", user_satisfaction=None, response_quality=0.5, latency_ms=0.0, tokens_used=0, was_proactive=False, context_relevance=0.5, error_occurred=False, tags=[], metadata={}), InteractionRecord(id='23ad73cb0d8d', timestamp='2026-05-27T09:12:16.813919', interaction_type="InteractionRecord(id='43698976b73a', timestamp='2026-05-27T09:12:16.813919', interaction_type='conversation', user_satisfaction=0.7, response_quality=0.6, latency_ms=0.0, tokens_used=0, was_proactive=False, context_relevance=0.5, error_occurred=False, tags=[], metadata={})", user_satisfaction=None, response_quality=0.5, latency_ms=0.0, tokens_used=0, was_proactive=False, context_relevance=0.5, error_occurred=False, tags=[], metadata={}), InteractionRecord(id='ee0e635ed4cd', timestamp='2026-05-27T09:12:16.818445', interaction_type="InteractionRecord(id='f30038299409', timestamp='2026-05-27T09:12:16.818445', interaction_type='conversation', user_satisfaction=0.7, response_quality=0.6, latency_ms=0.0, tokens_used=0, was_proactive=False, context_relevance=0.5, error_occurred=False, tags=[], metadata={})", user_satisfaction=None, response_quality=0.5, latency_ms=0.0, tokens_used=0, was_proactive=False, context_relevance=0.5, error_occurred=False, tags=[], metadata={}), InteractionRecord(id='a1015be41dce', timestamp='2026-05-27T09:12:16.818445', interaction_type="InteractionRecord(id='23f41926ec5a', timestamp='2026-05-27T09:12:16.818445', interaction_type='conversation', user_satisfaction=0.7, response_quality=0.6, latency_ms=0.0, tokens_used=0, was_proactive=False, context_relevance=0.5, error_occurred=False, tags=[], metadata={})", user_satisfaction=None, response_quality=0.5, latency_ms=0.0, tokens_used=0, was_proactive=False, context_relevance=0.5, error_occurred=False, tags=[], metadata={}), InteractionRecord(id='4bd401f244e4', timestamp='2026-05-27T09:12:16.818445', interaction_type="InteractionRecord(id='fb3924acde6c', timestamp='2026-05-27T09:12:16.818445', interaction_type='conversation', user_satisfaction=0.7, response_quality=0.6, latency_ms=0.0, tokens_used=0, was_proactive=False, context_relevance=0.5, error_occurred=False, tags=[], metadata={})", user_satisfaction=None, response_quality=0.5, latency_ms=0.0, tokens_used=0, was_proactive=False, context_relevance=0.5, error_occurred=False, tags=[], metadata={}), InteractionRecord(id='1b62d5d637bf', timestamp='2026-05-27T09:12:16.834296', interaction_type="InteractionRecord(id='fd72d8d71696', timestamp='2026-05-27T09:12:16.834296', interaction_type='conversation', user_satisfaction=0.7, response_quality=0.6, latency_ms=0.0, tokens_used=0, was_proactive=False, context_relevance=0.5, error_occurred=False, tags=[], metadata={})", user_satisfaction=None, response_quality=0.5, latency_ms=0.0, tokens_used=0, was_proactive=False, context_relevance=0.5, error_occurred=False, tags=[], metadata={}), InteractionRecord(id='76e16826dbdc', timestamp='2026-05-27T09:12:16.834296', interaction_type="InteractionRecord(id='fc49ecf180a4', timestamp='2026-05-27T09:12:16.834296', interaction_type='conversation', user_satisfaction=0.7, response_quality=0.6, latency_ms=0.0, tokens_used=0, was_proactive=False, context_relevance=0.5, error_occurred=False, tags=[], metadata={})", user_satisfaction=None, response_quality=0.5, latency_ms=0.0, tokens_used=0, was_proactive=False, context_relevance=0.5, error_occurred=False, tags=[], metadata={}), InteractionRecord(id='849edcc23299', timestamp='2026-05-27T09:12:16.834296', interaction_type="InteractionRecord(id='d875cd64f158', timestamp='2026-05-27T09:12:16.834296', interaction_type='conversation', user_satisfaction=0.7, response_quality=0.6, latency_ms=0.0, tokens_used=0, was_proactive=False, context_relevance=0.5, error_occurred=False, tags=[], metadata={})", user_satisfaction=None, response_quality=0.5, latency_ms=0.0, tokens_used=0, was_proactive=False, context_relevance=0.5, error_occurred=False, tags=[], metadata={}), InteractionRecord(id='e493c46c7f4d', timestamp='2026-05-27T09:12:16.851845', interaction_type="InteractionRecord(id='a78a71b5b74b', timestamp='2026-05-27T09:12:16.851845', interaction_type='conversation', user_satisfaction=0.7, response_quality=0.6, latency_ms=0.0, tokens_used=0, was_proactive=False, context_relevance=0.5, error_occurred=False, tags=[], metadata={})", user_satisfaction=None, response_quality=0.5, latency_ms=0.0, tokens_used=0, was_proactive=False, context_relevance=0.5, error_occurred=False, tags=[], metadata={}), InteractionRecord(id='9c3df55eeb55', timestamp='2026-05-27T09:12:16.861098', interaction_type="InteractionRecord(id='adbf2f88b853', timestamp='2026-05-27T09:12:16.861098', interaction_type='conversation', user_satisfaction=0.7, response_quality=0.6, latency_ms=0.0, tokens_used=0, was_proactive=False, context_relevance=0.5, error_occurred=False, tags=[], metadata={})", user_satisfaction=None, response_quality=0.5, latency_ms=0.0, tokens_used=0, was_proactive=False, context_relevance=0.5, error_occurred=False, tags=[], metadata={}), InteractionRecord(id='c4604b37f237', timestamp='2026-05-27T09:12:16.867674', interaction_type="InteractionRecord(id='c2182d5d532f', timestamp='2026-05-27T09:12:16.867674', interaction_type='conversation', user_satisfaction=0.7, response_quality=0.6, latency_ms=0.0, tokens_used=0, was_proactive=False, context_relevance=0.5, error_occurred=False, tags=[], metadata={})", user_satisfaction=None, response_quality=0.5, latency_ms=0.0, tokens_used=0, was_proactive=False, context_relevance=0.5, error_occurred=False, tags=[], metadata={}), InteractionRecord(id='59920258217f', timestamp='2026-05-27T09:12:16.867674', interaction_type="InteractionRecord(id='e5bbf74b1572', timestamp='2026-05-27T09:12:16.867674', interaction_type='conversation', user_satisfaction=0.7, response_quality=0.6, latency_ms=0.0, tokens_used=0, was_proactive=False, context_relevance=0.5, error_occurred=False, tags=[], metadata={})", user_satisfaction=None, response_quality=0.5, latency_ms=0.0, tokens_used=0, was_proactive=False, context_relevance=0.5, error_occurred=False, tags=[], metadata={}), InteractionRecord(id='a8f344d711b7', timestamp='2026-05-27T09:12:16.867674', interaction_type="InteractionRecord(id='48ab64b17653', timestamp='2026-05-27T09:12:16.867674', interaction_type='conversation', user_satisfaction=0.7, response_quality=0.6, latency_ms=0.0, tokens_used=0, was_proactive=False, context_relevance=0.5, error_occurred=False, tags=[], metadata={})", user_satisfaction=None, response_quality=0.5, latency_ms=0.0, tokens_used=0, was_proactive=False, context_relevance=0.5, error_occurred=False, tags=[], metadata={}), InteractionRecord(id='ff4e4e018d24', timestamp='2026-05-27T09:12:16.883656', interaction_type="InteractionRecord(id='77ee7414c8cb', timestamp='2026-05-27T09:12:16.883656', interaction_type='conversation', user_satisfaction=0.7, response_quality=0.6, latency_ms=0.0, tokens_used=0, was_proactive=False, context_relevance=0.5, error_occurred=False, tags=[], metadata={})", user_satisfaction=None, response_quality=0.5, latency_ms=0.0, tokens_used=0, was_proactive=False, context_relevance=0.5, error_occurred=False, tags=[], metadata={}), InteractionRecord(id='0614c31f5fcc', timestamp='2026-05-27T09:12:16.885369', interaction_type="InteractionRecord(id='6dd4b15089ca', timestamp='2026-05-27T09:12:16.885369', interaction_type='conversation', user_satisfaction=0.7, response_quality=0.6, latency_ms=0.0, tokens_used=0, was_proactive=False, context_relevance=0.5, error_occurred=False, tags=[], metadata={})", user_satisfaction=None, response_quality=0.5, latency_ms=0.0, tokens_used=0, was_proactive=False, context_relevance=0.5, error_occurred=False, tags=[], metadata={}), InteractionRecord(id='d984dac253ea', timestamp='2026-05-27T09:12:16.896516', interaction_type="InteractionRecord(id='0b19ec67aa51', timestamp='2026-05-27T09:12:16.894510', interaction_type='conversation', user_satisfaction=0.7, response_quality=0.6, latency_ms=0.0, tokens_used=0, was_proactive=False, context_relevance=0.5, error_occurred=False, tags=[], metadata={})", user_satisfaction=None, response_quality=0.5, latency_ms=0.0, tokens_used=0, was_proactive=False, context_relevance=0.5, error_occurred=False, tags=[], metadata={}), InteractionRecord(id='89882fe7f919', timestamp='2026-05-27T09:12:16.901181', interaction_type="InteractionRecord(id='7b56dcf3005f', timestamp='2026-05-27T09:12:16.901181', interaction_type='conversation', user_satisfaction=0.7, response_quality=0.6, latency_ms=0.0, tokens_used=0, was_proactive=False, context_relevance=0.5, error_occurred=False, tags=[], metadata={})", user_satisfaction=None, response_quality=0.5, latency_ms=0.0, tokens_used=0, was_proactive=False, context_relevance=0.5, error_occurred=False, tags=[], metadata={}), InteractionRecord(id='b87f3b56168f', timestamp='2026-05-27T09:12:16.901181', interaction_type="InteractionRecord(id='23b9762b573b', timestamp='2026-05-27T09:12:16.901181', interaction_type='conversation', user_satisfaction=0.7, response_quality=0.6, latency_ms=0.0, tokens_used=0, was_proactive=False, context_relevance=0.5, error_occurred=False, tags=[], metadata={})", user_satisfaction=None, response_quality=0.5, latency_ms=0.0, tokens_used=0, was_proactive=False, context_relevance=0.5, error_occurred=False, tags=[], metadata={}), InteractionRecord(id='7e1b2663c09a', timestamp='2026-05-27T09:12:16.901181', interaction_type="InteractionRecord(id='314b9742b7c5', timestamp='2026-05-27T09:12:16.901181', interaction_type='conversation', user_satisfaction=0.7, response_quality=0.6, latency_ms=0.0, tokens_used=0, was_proactive=False, context_relevance=0.5, error_occurred=False, tags=[], metadata={})", user_satisfaction=None, response_quality=0.5, latency_ms=0.0, tokens_used=0, was_proactive=False, context_relevance=0.5, error_occurred=False, tags=[], metadata={}), InteractionRecord(id='2383cf221e99', timestamp='2026-05-27T09:12:16.918391', interaction_type="InteractionRecord(id='f3d6e2a8891d', timestamp='2026-05-27T09:12:16.918391', interaction_type='conversation', user_satisfaction=0.7, response_quality=0.6, latency_ms=0.0, tokens_used=0, was_proactive=False, context_relevance=0.5, error_occurred=False, tags=[], metadata={})", user_satisfaction=None, response_quality=0.5, latency_ms=0.0, tokens_used=0, was_proactive=False, context_relevance=0.5, error_occurred=False, tags=[], metadata={}), InteractionRecord(id='2690e434e030', timestamp='2026-05-27T09:12:16.925849', interaction_type="InteractionRecord(id='13531e80ece1', timestamp='2026-05-27T09:12:16.925849', interaction_type='conversation', user_satisfaction=0.7, response_quality=0.6, latency_ms=0.0, tokens_used=0, was_proactive=False, context_relevance=0.5, error_occurred=False, tags=[], metadata={})", user_satisfaction=None, response_quality=0.5, latency_ms=0.0, tokens_used=0, was_proactive=False, context_relevance=0.5, error_occurred=False, tags=[], metadata={}), InteractionRecord(id='b5c55b4d47ef', timestamp='2026-05-27T09:12:16.925849', interaction_type="InteractionRecord(id='923b838c9c88', timestamp='2026-05-27T09:12:16.925849', interaction_type='conversation', user_satisfaction=0.7, response_quality=0.6, latency_ms=0.0, tokens_used=0, was_proactive=False, context_relevance=0.5, error_occurred=False, tags=[], metadata={})", user_satisfaction=None, response_quality=0.5, latency_ms=0.0, tokens_used=0, was_proactive=False, context_relevance=0.5, error_occurred=False, tags=[], metadata={}), InteractionRecord(id='25b46f2b8bc5', timestamp='2026-05-27T09:12:16.998629', interaction_type="InteractionRecord(id='0174d6d9bd6c', timestamp='2026-05-27T09:12:16.998629', interaction_type='conversation', user_satisfaction=0.7, response_quality=0.6, latency_ms=0.0, tokens_used=0, was_proactive=False, context_relevance=0.5, error_occurred=False, tags=[], metadata={})", user_satisfaction=None, response_quality=0.5, latency_ms=0.0, tokens_used=0, was_proactive=False, context_relevance=0.5, error_occurred=False, tags=[], metadata={}), InteractionRecord(id='9e55ecc0a4e3', timestamp='2026-05-27T09:12:17.001769', interaction_type="InteractionRecord(id='8e81449fca4d', timestamp='2026-05-27T09:12:17.001769', interaction_type='conversation', user_satisfaction=0.7, response_quality=0.6, latency_ms=0.0, tokens_used=0, was_proactive=False, context_relevance=0.5, error_occurred=False, tags=[], metadata={})", user_satisfaction=None, response_quality=0.5, latency_ms=0.0, tokens_used=0, was_proactive=False, context_relevance=0.5, error_occurred=False, tags=[], metadata={}), InteractionRecord(id='a69f69b9e32a', timestamp='2026-05-27T09:12:17.001769', interaction_type="InteractionRecord(id='e95b52ac49ea', timestamp='2026-05-27T09:12:17.001769', interaction_type='conversation', user_satisfaction=0.7, response_quality=0.6, latency_ms=0.0, tokens_used=0, was_proactive=False, context_relevance=0.5, error_occurred=False, tags=[], metadata={})", user_satisfaction=None, response_quality=0.5, latency_ms=0.0, tokens_used=0, was_proactive=False, context_relevance=0.5, error_occurred=False, tags=[], metadata={}), InteractionRecord(id='2fc9c12b123f', timestamp='2026-05-27T09:12:17.001769', interaction_type="InteractionRecord(id='18a2441fed52', timestamp='2026-05-27T09:12:17.001769', interaction_type='conversation', user_satisfaction=0.7, response_quality=0.6, latency_ms=0.0, tokens_used=0, was_proactive=False, context_relevance=0.5, error_occurred=False, tags=[], metadata={})", user_satisfaction=None, response_quality=0.5, latency_ms=0.0, tokens_used=0, was_proactive=False, context_relevance=0.5, error_occurred=False, tags=[], metadata={}), InteractionRecord(id='14d82f29fe90', timestamp='2026-05-27T09:12:17.018435', interaction_type="InteractionRecord(id='370245dfef5f', timestamp='2026-05-27T09:12:17.018435', interaction_type='conversation', user_satisfaction=0.7, response_quality=0.6, latency_ms=0.0, tokens_used=0, was_proactive=False, context_relevance=0.5, error_occurred=False, tags=[], metadata={})", user_satisfaction=None, response_quality=0.5, latency_ms=0.0, tokens_used=0, was_proactive=False, context_relevance=0.5, error_occurred=False, tags=[], metadata={}), InteractionRecord(id='57242e112a04', timestamp='2026-05-27T09:12:17.018435', interaction_type="InteractionRecord(id='aca7c090e5f8', timestamp='2026-05-27T09:12:17.018435', interaction_type='conversation', user_satisfaction=0.7, response_quality=0.6, latency_ms=0.0, tokens_used=0, was_proactive=False, context_relevance=0.5, error_occurred=False, tags=[], metadata={})", user_satisfaction=None, response_quality=0.5, latency_ms=0.0, tokens_used=0, was_proactive=False, context_relevance=0.5, error_occurred=False, tags=[], metadata={}), InteractionRecord(id='9d79a4e6b4f7', timestamp='2026-05-27T09:12:17.018435', interaction_type="InteractionRecord(id='d430dc6a2f13', timestamp='2026-05-27T09:12:17.018435', interaction_type='conversation', user_satisfaction=0.7, response_quality=0.6, latency_ms=0.0, tokens_used=0, was_proactive=False, context_relevance=0.5, error_occurred=False, tags=[], metadata={})", user_satisfaction=None, response_quality=0.5, latency_ms=0.0, tokens_used=0, was_proactive=False, context_relevance=0.5, error_occurred=False, tags=[], metadata={}), InteractionRecord(id='d172fd053e4d', timestamp='2026-05-27T09:12:17.034539', interaction_type="InteractionRecord(id='8cc0c96b754e', timestamp='2026-05-27T09:12:17.034539', interaction_type='conversation', user_satisfaction=0.7, response_quality=0.6, latency_ms=0.0, tokens_used=0, was_proactive=False, context_relevance=0.5, error_occurred=False, tags=[], metadata={})", user_satisfaction=None, response_quality=0.5, latency_ms=0.0, tokens_used=0, was_proactive=False, context_relevance=0.5, error_occurred=False, tags=[], metadata={}), InteractionRecord(id='97aa3d2d454d', timestamp='2026-05-27T09:12:17.035093', interaction_type="InteractionRecord(id='3a98135da3e7', timestamp='2026-05-27T09:12:17.035093', interaction_type='conversation', user_satisfaction=0.7, response_quality=0.6, latency_ms=0.0, tokens_used=0, was_proactive=False, context_relevance=0.5, error_occurred=False, tags=[], metadata={})", user_satisfaction=None, response_quality=0.5, latency_ms=0.0, tokens_used=0, was_proactive=False, context_relevance=0.5, error_occurred=False, tags=[], metadata={}), InteractionRecord(id='8f0cb5372fd8', timestamp='2026-05-27T09:12:17.035093', interaction_type="InteractionRecord(id='3da27632a209', timestamp='2026-05-27T09:12:17.035093', interaction_type='conversation', user_satisfaction=0.7, response_quality=0.6, latency_ms=0.0, tokens_used=0, was_proactive=False, context_relevance=0.5, error_occurred=False, tags=[], metadata={})", user_satisfaction=None, response_quality=0.5, latency_ms=0.0, tokens_used=0, was_proactive=False, context_relevance=0.5, error_occurred=False, tags=[], metadata={}), InteractionRecord(id='22501f6998ed', timestamp='2026-05-27T09:12:17.035093', interaction_type="InteractionRecord(id='c48c0dc2e557', timestamp='2026-05-27T09:12:17.035093', interaction_type='conversation', user_satisfaction=0.7, response_quality=0.6, latency_ms=0.0, tokens_used=0, was_proactive=False, context_relevance=0.5, error_occurred=False, tags=[], metadata={})", user_satisfaction=None, response_quality=0.5, latency_ms=0.0, tokens_used=0, was_proactive=False, context_relevance=0.5, error_occurred=False, tags=[], metadata={}), InteractionRecord(id='6d8742d6596b', timestamp='2026-05-27T09:12:17.053292', interaction_type="InteractionRecord(id='cbed851c7ff9', timestamp='2026-05-27T09:12:17.053292', interaction_type='conversation', user_satisfaction=0.7, response_quality=0.6, latency_ms=0.0, tokens_used=0, was_proactive=False, context_relevance=0.5, error_occurred=False, tags=[], metadata={})", user_satisfaction=None, response_quality=0.5, latency_ms=0.0, tokens_used=0, was_proactive=False, context_relevance=0.5, error_occurred=False, tags=[], metadata={}), InteractionRecord(id='ab30485a7b6a', timestamp='2026-05-27T09:12:17.061310', interaction_type="InteractionRecord(id='f9ffe8b2b28e', timestamp='2026-05-27T09:12:17.061310', interaction_type='conversation', user_satisfaction=0.7, response_quality=0.6, latency_ms=0.0, tokens_used=0, was_proactive=False, context_relevance=0.5, error_occurred=False, tags=[], metadata={})", user_satisfaction=None, response_quality=0.5, latency_ms=0.0, tokens_used=0, was_proactive=False, context_relevance=0.5, error_occurred=False, tags=[], metadata={}), InteractionRecord(id='a9909376e1fc', timestamp='2026-05-27T09:12:17.061310', interaction_type="InteractionRecord(id='c1b24e7f2641', timestamp='2026-05-27T09:12:17.061310', interaction_type='conversation', user_satisfaction=0.7, response_quality=0.6, latency_ms=0.0, tokens_used=0, was_proactive=False, context_relevance=0.5, error_occurred=False, tags=[], metadata={})", user_satisfaction=None, response_quality=0.5, latency_ms=0.0, tokens_used=0, was_proactive=False, context_relevance=0.5, error_occurred=False, tags=[], metadata={}), InteractionRecord(id='9ea70c418e9f', timestamp='2026-05-27T09:12:17.068412', interaction_type="InteractionRecord(id='4cfc0669b645', timestamp='2026-05-27T09:12:17.068412', interaction_type='conversation', user_satisfaction=0.7, response_quality=0.6, latency_ms=0.0, tokens_used=0, was_proactive=False, context_relevance=0.5, error_occurred=False, tags=[], metadata={})", user_satisfaction=None, response_quality=0.5, latency_ms=0.0, tokens_used=0, was_proactive=False, context_relevance=0.5, error_occurred=False, tags=[], metadata={}), InteractionRecord(id='3eba14d3bc6c', timestamp='2026-05-27T09:12:17.068412', interaction_type="InteractionRecord(id='3e1c36c91c5e', timestamp='2026-05-27T09:12:17.068412', interaction_type='conversation', user_satisfaction=0.7, response_quality=0.6, latency_ms=0.0, tokens_used=0, was_proactive=False, context_relevance=0.5, error_occurred=False, tags=[], metadata={})", user_satisfaction=None, response_quality=0.5, latency_ms=0.0, tokens_used=0, was_proactive=False, context_relevance=0.5, error_occurred=False, tags=[], metadata={}), InteractionRecord(id='111fc5bf0917', timestamp='2026-05-27T09:12:17.068412', interaction_type="InteractionRecord(id='a734fc9575fc', timestamp='2026-05-27T09:12:17.068412', interaction_type='conversation', user_satisfaction=0.7, response_quality=0.6, latency_ms=0.0, tokens_used=0, was_proactive=False, context_relevance=0.5, error_occurred=False, tags=[], metadata={})", user_satisfaction=None, response_quality=0.5, latency_ms=0.0, tokens_used=0, was_proactive=False, context_relevance=0.5, error_occurred=False, tags=[], metadata={}), InteractionRecord(id='c38c1147cfd8', timestamp='2026-05-27T09:12:17.085112', interaction_type="InteractionRecord(id='cc5968f9c120', timestamp='2026-05-27T09:12:17.085112', interaction_type='conversation', user_satisfaction=0.7, response_quality=0.6, latency_ms=0.0, tokens_used=0, was_proactive=False, context_relevance=0.5, error_occurred=False, tags=[], metadata={})", user_satisfaction=None, response_quality=0.5, latency_ms=0.0, tokens_used=0, was_proactive=False, context_relevance=0.5, error_occurred=False, tags=[], metadata={}), InteractionRecord(id='343e03c8febe', timestamp='2026-05-27T09:12:17.085112', interaction_type="InteractionRecord(id='f2e8b070140f', timestamp='2026-05-27T09:12:17.085112', interaction_type='conversation', user_satisfaction=0.7, response_quality=0.6, latency_ms=0.0, tokens_used=0, was_proactive=False, context_relevance=0.5, error_occurred=False, tags=[], metadata={})", user_satisfaction=None, response_quality=0.5, latency_ms=0.0, tokens_used=0, was_proactive=False, context_relevance=0.5, error_occurred=False, tags=[], metadata={}), InteractionRecord(id='23bf01082e72', timestamp='2026-05-27T09:12:17.085112', interaction_type="InteractionRecord(id='708e1eb02025', timestamp='2026-05-27T09:12:17.085112', interaction_type='conversation', user_satisfaction=0.7, response_quality=0.6, latency_ms=0.0, tokens_used=0, was_proactive=False, context_relevance=0.5, error_occurred=False, tags=[], metadata={})", user_satisfaction=None, response_quality=0.5, latency_ms=0.0, tokens_used=0, was_proactive=False, context_relevance=0.5, error_occurred=False, tags=[], metadata={}), InteractionRecord(id='c025f75107c2', timestamp='2026-05-27T09:12:17.101799', interaction_type="InteractionRecord(id='cf33c44eed42', timestamp='2026-05-27T09:12:17.101799', interaction_type='conversation', user_satisfaction=0.7, response_quality=0.6, latency_ms=0.0, tokens_used=0, was_proactive=False, context_relevance=0.5, error_occurred=False, tags=[], metadata={})", user_satisfaction=None, response_quality=0.5, latency_ms=0.0, tokens_used=0, was_proactive=False, context_relevance=0.5, error_occurred=False, tags=[], metadata={}), InteractionRecord(id='f67374c2b530', timestamp='2026-05-27T09:12:17.101799', interaction_type="InteractionRecord(id='bc53d42217fb', timestamp='2026-05-27T09:12:17.101799', interaction_type='conversation', user_satisfaction=0.7, response_quality=0.6, latency_ms=0.0, tokens_used=0, was_proactive=False, context_relevance=0.5, error_occurred=False, tags=[], metadata={})", user_satisfaction=None, response_quality=0.5, latency_ms=0.0, tokens_used=0, was_proactive=False, context_relevance=0.5, error_occurred=False, tags=[], metadata={}), InteractionRecord(id='1ee7c262a568', timestamp='2026-05-27T09:12:17.101799', interaction_type="InteractionRecord(id='5b2cb02daee5', timestamp='2026-05-27T09:12:17.101799', interaction_type='conversation', user_satisfaction=0.7, response_quality=0.6, latency_ms=0.0, tokens_used=0, was_proactive=False, context_relevance=0.5, error_occurred=False, tags=[], metadata={})", user_satisfaction=None, response_quality=0.5, latency_ms=0.0, tokens_used=0, was_proactive=False, context_relevance=0.5, error_occurred=False, tags=[], metadata={}), InteractionRecord(id='d14dbe3c7acc', timestamp='2026-05-27T09:12:17.118441', interaction_type="InteractionRecord(id='195f4c3b676e', timestamp='2026-05-27T09:12:17.118441', interaction_type='conversation', user_satisfaction=0.7, response_quality=0.6, latency_ms=0.0, tokens_used=0, was_proactive=False, context_relevance=0.5, error_occurred=False, tags=[], metadata={})", user_satisfaction=None, response_quality=0.5, latency_ms=0.0, tokens_used=0, was_proactive=False, context_relevance=0.5, error_occurred=False, tags=[], metadata={}), InteractionRecord(id='d587c44b0702', timestamp='2026-05-27T09:12:17.118441', interaction_type="InteractionRecord(id='fe8330f9635e', timestamp='2026-05-27T09:12:17.118441', interaction_type='conversation', user_satisfaction=0.7, response_quality=0.6, latency_ms=0.0, tokens_used=0, was_proactive=False, context_relevance=0.5, error_occurred=False, tags=[], metadata={})", user_satisfaction=None, response_quality=0.5, latency_ms=0.0, tokens_used=0, was_proactive=False, context_relevance=0.5, error_occurred=False, tags=[], metadata={}), InteractionRecord(id='11db29da926e', timestamp='2026-05-27T09:12:17.118441', interaction_type="InteractionRecord(id='f9d469e16fe2', timestamp='2026-05-27T09:12:17.118441', interaction_type='conversation', user_satisfaction=0.7, response_quality=0.6, latency_ms=0.0, tokens_used=0, was_proactive=False, context_relevance=0.5, error_occurred=False, tags=[], metadata={})", user_satisfaction=None, response_quality=0.5, latency_ms=0.0, tokens_used=0, was_proactive=False, context_relevance=0.5, error_occurred=False, tags=[], metadata={}), InteractionRecord(id='e4c35d24eaf2', timestamp='2026-05-27T09:12:17.135106', interaction_type="InteractionRecord(id='220360fe1a97', timestamp='2026-05-27T09:12:17.135106', interaction_type='conversation', user_satisfaction=0.7, response_quality=0.6, latency_ms=0.0, tokens_used=0, was_proactive=False, context_relevance=0.5, error_occurred=False, tags=[], metadata={})", user_satisfaction=None, response_quality=0.5, latency_ms=0.0, tokens_used=0, was_proactive=False, context_relevance=0.5, error_occurred=False, tags=[], metadata={}), InteractionRecord(id='a61fb569407a', timestamp='2026-05-27T09:12:17.135106', interaction_type="InteractionRecord(id='1bea0ff15fa6', timestamp='2026-05-27T09:12:17.135106', interaction_type='conversation', user_satisfaction=0.7, response_quality=0.6, latency_ms=0.0, tokens_used=0, was_proactive=False, context_relevance=0.5, error_occurred=False, tags=[], metadata={})", user_satisfaction=None, response_quality=0.5, latency_ms=0.0, tokens_used=0, was_proactive=False, context_relevance=0.5, error_occurred=False, tags=[], metadata={}), InteractionRecord(id='9f7a16a986ca', timestamp='2026-05-27T09:12:17.135106', interaction_type="InteractionRecord(id='fa03009a625a', timestamp='2026-05-27T09:12:17.135106', interaction_type='conversation', user_satisfaction=0.7, response_quality=0.6, latency_ms=0.0, tokens_used=0, was_proactive=False, context_relevance=0.5, error_occurred=False, tags=[], metadata={})", user_satisfaction=None, response_quality=0.5, latency_ms=0.0, tokens_used=0, was_proactive=False, context_relevance=0.5, error_occurred=False, tags=[], metadata={}), InteractionRecord(id='6d8875eb62d6', timestamp='2026-05-27T09:12:17.150737', interaction_type="InteractionRecord(id='d0a4e579e1fc', timestamp='2026-05-27T09:12:17.150737', interaction_type='conversation', user_satisfaction=0.7, response_quality=0.6, latency_ms=0.0, tokens_used=0, was_proactive=False, context_relevance=0.5, error_occurred=False, tags=[], metadata={})", user_satisfaction=None, response_quality=0.5, latency_ms=0.0, tokens_used=0, was_proactive=False, context_relevance=0.5, error_occurred=False, tags=[], metadata={}), InteractionRecord(id='3a55b3ef2291', timestamp='2026-05-27T09:12:17.150737', interaction_type="InteractionRecord(id='af23fdd07bd5', timestamp='2026-05-27T09:12:17.150737', interaction_type='conversation', user_satisfaction=0.7, response_quality=0.6, latency_ms=0.0, tokens_used=0, was_proactive=False, context_relevance=0.5, error_occurred=False, tags=[], metadata={})", user_satisfaction=None, response_quality=0.5, latency_ms=0.0, tokens_used=0, was_proactive=False, context_relevance=0.5, error_occurred=False, tags=[], metadata={}), InteractionRecord(id='441b6d48e7c9', timestamp='2026-05-27T09:12:17.161251', interaction_type="InteractionRecord(id='49e9759b12bc', timestamp='2026-05-27T09:12:17.161251', interaction_type='conversation', user_satisfaction=0.7, response_quality=0.6, latency_ms=0.0, tokens_used=0, was_proactive=False, context_relevance=0.5, error_occurred=False, tags=[], metadata={})", user_satisfaction=None, response_quality=0.5, latency_ms=0.0, tokens_used=0, was_proactive=False, context_relevance=0.5, error_occurred=False, tags=[], metadata={}), InteractionRecord(id='467a1fb08681', timestamp='2026-05-27T09:12:17.168425', interaction_type="InteractionRecord(id='28c2468dffdd', timestamp='2026-05-27T09:12:17.168425', interaction_type='conversation', user_satisfaction=0.7, response_quality=0.6, latency_ms=0.0, tokens_used=0, was_proactive=False, context_relevance=0.5, error_occurred=False, tags=[], metadata={})", user_satisfaction=None, response_quality=0.5, latency_ms=0.0, tokens_used=0, was_proactive=False, context_relevance=0.5, error_occurred=False, tags=[], metadata={}), InteractionRecord(id='d7d66f23385a', timestamp='2026-05-27T09:12:17.168425', interaction_type="InteractionRecord(id='b85b1d37d21d', timestamp='2026-05-27T09:12:17.168425', interaction_type='conversation', user_satisfaction=0.7, response_quality=0.6, latency_ms=0.0, tokens_used=0, was_proactive=False, context_relevance=0.5, error_occurred=False, tags=[], metadata={})", user_satisfaction=None, response_quality=0.5, latency_ms=0.0, tokens_used=0, was_proactive=False, context_relevance=0.5, error_occurred=False, tags=[], metadata={}), InteractionRecord(id='2bbe7189d531', timestamp='2026-05-27T09:12:17.168425', interaction_type="InteractionRecord(id='de85325697ab', timestamp='2026-05-27T09:12:17.168425', interaction_type='conversation', user_satisfaction=0.7, response_quality=0.6, latency_ms=0.0, tokens_used=0, was_proactive=False, context_relevance=0.5, error_occurred=False, tags=[], metadata={})", user_satisfaction=None, response_quality=0.5, latency_ms=0.0, tokens_used=0, was_proactive=False, context_relevance=0.5, error_occurred=False, tags=[], metadata={}), InteractionRecord(id='65bdc884cdf9', timestamp='2026-05-27T09:12:17.185090', interaction_type="InteractionRecord(id='701b9c948d58', timestamp='2026-05-27T09:12:17.185090', interaction_type='conversation', user_satisfaction=0.7, response_quality=0.6, latency_ms=0.0, tokens_used=0, was_proactive=False, context_relevance=0.5, error_occurred=False, tags=[], metadata={})", user_satisfaction=None, response_quality=0.5, latency_ms=0.0, tokens_used=0, was_proactive=False, context_relevance=0.5, error_occurred=False, tags=[], metadata={}), InteractionRecord(id='31820064e9d9', timestamp='2026-05-27T09:12:17.185090', interaction_type="InteractionRecord(id='a42ad4e1f2a3', timestamp='2026-05-27T09:12:17.185090', interaction_type='conversation', user_satisfaction=0.7, response_quality=0.6, latency_ms=0.0, tokens_used=0, was_proactive=False, context_relevance=0.5, error_occurred=False, tags=[], metadata={})", user_satisfaction=None, response_quality=0.5, latency_ms=0.0, tokens_used=0, was_proactive=False, context_relevance=0.5, error_occurred=False, tags=[], metadata={}), InteractionRecord(id='4f09fb5c0318', timestamp='2026-05-27T09:12:17.185090', interaction_type="InteractionRecord(id='a67385caa0e5', timestamp='2026-05-27T09:12:17.185090', interaction_type='conversation', user_satisfaction=0.7, response_quality=0.6, latency_ms=0.0, tokens_used=0, was_proactive=False, context_relevance=0.5, error_occurred=False, tags=[], metadata={})", user_satisfaction=None, response_quality=0.5, latency_ms=0.0, tokens_used=0, was_proactive=False, context_relevance=0.5, error_occurred=False, tags=[], metadata={}), InteractionRecord(id='35fa771b34ee', timestamp='2026-05-27T09:12:17.204173', interaction_type="InteractionRecord(id='0fac26b4a342', timestamp='2026-05-27T09:12:17.204173', interaction_type='conversation', user_satisfaction=0.7, response_quality=0.6, latency_ms=0.0, tokens_used=0, was_proactive=False, context_relevance=0.5, error_occurred=False, tags=[], metadata={})", user_satisfaction=None, response_quality=0.5, latency_ms=0.0, tokens_used=0, was_proactive=False, context_relevance=0.5, error_occurred=False, tags=[], metadata={}), InteractionRecord(id='b5bf80c7cd0b', timestamp='2026-05-27T09:12:17.205189', interaction_type="InteractionRecord(id='e0368e483043', timestamp='2026-05-27T09:12:17.205189', interaction_type='conversation', user_satisfaction=0.7, response_quality=0.6, latency_ms=0.0, tokens_used=0, was_proactive=False, context_relevance=0.5, error_occurred=False, tags=[], metadata={})", user_satisfaction=None, response_quality=0.5, latency_ms=0.0, tokens_used=0, was_proactive=False, context_relevance=0.5, error_occurred=False, tags=[], metadata={}), InteractionRecord(id='1672ba5409e0', timestamp='2026-05-27T09:12:17.205189', interaction_type="InteractionRecord(id='c82f487a0662', timestamp='2026-05-27T09:12:17.205189', interaction_type='conversation', user_satisfaction=0.7, response_quality=0.6, latency_ms=0.0, tokens_used=0, was_proactive=False, context_relevance=0.5, error_occurred=False, tags=[], metadata={})", user_satisfaction=None, response_quality=0.5, latency_ms=0.0, tokens_used=0, was_proactive=False, context_relevance=0.5, error_occurred=False, tags=[], metadata={}), InteractionRecord(id='2a2ea197b5ac', timestamp='2026-05-27T09:12:17.221250', interaction_type="InteractionRecord(id='9fa491b53b74', timestamp='2026-05-27T09:12:17.221250', interaction_type='conversation', user_satisfaction=0.7, response_quality=0.6, latency_ms=0.0, tokens_used=0, was_proactive=False, context_relevance=0.5, error_occurred=False, tags=[], metadata={})", user_satisfaction=None, response_quality=0.5, latency_ms=0.0, tokens_used=0, was_proactive=False, context_relevance=0.5, error_occurred=False, tags=[], metadata={}), InteractionRecord(id='b254e50e6925', timestamp='2026-05-27T09:12:17.221250', interaction_type="InteractionRecord(id='aebd9b9780b1', timestamp='2026-05-27T09:12:17.221250', interaction_type='conversation', user_satisfaction=0.7, response_quality=0.6, latency_ms=0.0, tokens_used=0, was_proactive=False, context_relevance=0.5, error_occurred=False, tags=[], metadata={})", user_satisfaction=None, response_quality=0.5, latency_ms=0.0, tokens_used=0, was_proactive=False, context_relevance=0.5, error_occurred=False, tags=[], metadata={}), InteractionRecord(id='43892cfa200e', timestamp='2026-05-27T09:12:17.221250', interaction_type="InteractionRecord(id='7768d90de4db', timestamp='2026-05-27T09:12:17.221250', interaction_type='conversation', user_satisfaction=0.7, response_quality=0.6, latency_ms=0.0, tokens_used=0, was_proactive=False, context_relevance=0.5, error_occurred=False, tags=[], metadata={})", user_satisfaction=None, response_quality=0.5, latency_ms=0.0, tokens_used=0, was_proactive=False, context_relevance=0.5, error_occurred=False, tags=[], metadata={}), InteractionRecord(id='3d0de90f7e05', timestamp='2026-05-27T09:12:17.236944', interaction_type="InteractionRecord(id='08d4538a2277', timestamp='2026-05-27T09:12:17.236944', interaction_type='conversation', user_satisfaction=0.7, response_quality=0.6, latency_ms=0.0, tokens_used=0, was_proactive=False, context_relevance=0.5, error_occurred=False, tags=[], metadata={})", user_satisfaction=None, response_quality=0.5, latency_ms=0.0, tokens_used=0, was_proactive=False, context_relevance=0.5, error_occurred=False, tags=[], metadata={}), InteractionRecord(id='0e33ba892884', timestamp='2026-05-27T09:12:17.236944', interaction_type="InteractionRecord(id='681cea105a6a', timestamp='2026-05-27T09:12:17.236944', interaction_type='conversation', user_satisfaction=0.7, response_quality=0.6, latency_ms=0.0, tokens_used=0, was_proactive=False, context_relevance=0.5, error_occurred=False, tags=[], metadata={})", user_satisfaction=None, response_quality=0.5, latency_ms=0.0, tokens_used=0, was_proactive=False, context_relevance=0.5, error_occurred=False, tags=[], metadata={}), InteractionRecord(id='773b91e21d56', timestamp='2026-05-27T09:12:17.236944', interaction_type="InteractionRecord(id='b73bb2998b63', timestamp='2026-05-27T09:12:17.236944', interaction_type='conversation', user_satisfaction=0.7, response_quality=0.6, latency_ms=0.0, tokens_used=0, was_proactive=False, context_relevance=0.5, error_occurred=False, tags=[], metadata={})", user_satisfaction=None, response_quality=0.5, latency_ms=0.0, tokens_used=0, was_proactive=False, context_relevance=0.5, error_occurred=False, tags=[], metadata={}), InteractionRecord(id='e55fb284fb33', timestamp='2026-05-27T09:12:17.251787', interaction_type="InteractionRecord(id='228a391ac531', timestamp='2026-05-27T09:12:17.251787', interaction_type='conversation', user_satisfaction=0.7, response_quality=0.6, latency_ms=0.0, tokens_used=0, was_proactive=False, context_relevance=0.5, error_occurred=False, tags=[], metadata={})", user_satisfaction=None, response_quality=0.5, latency_ms=0.0, tokens_used=0, was_proactive=False, context_relevance=0.5, error_occurred=False, tags=[], metadata={}), InteractionRecord(id='bde76d3de09f', timestamp='2026-05-27T09:12:17.261459', interaction_type="InteractionRecord(id='71f62393cd78', timestamp='2026-05-27T09:12:17.261459', interaction_type='conversation', user_satisfaction=0.7, response_quality=0.6, latency_ms=0.0, tokens_used=0, was_proactive=False, context_relevance=0.5, error_occurred=False, tags=[], metadata={})", user_satisfaction=None, response_quality=0.5, latency_ms=0.0, tokens_used=0, was_proactive=False, context_relevance=0.5, error_occurred=False, tags=[], metadata={}), InteractionRecord(id='908b1c212a84', timestamp='2026-05-27T09:12:17.267541', interaction_type="InteractionRecord(id='78006f3abb54', timestamp='2026-05-27T09:12:17.267541', interaction_type='conversation', user_satisfaction=0.7, response_quality=0.6, latency_ms=0.0, tokens_used=0, was_proactive=False, context_relevance=0.5, error_occurred=False, tags=[], metadata={})", user_satisfaction=None, response_quality=0.5, latency_ms=0.0, tokens_used=0, was_proactive=False, context_relevance=0.5, error_occurred=False, tags=[], metadata={}), InteractionRecord(id='536b2ef4acf4', timestamp='2026-05-27T09:12:17.268426', interaction_type="InteractionRecord(id='7d858265ca4a', timestamp='2026-05-27T09:12:17.268426', interaction_type='conversation', user_satisfaction=0.7, response_quality=0.6, latency_ms=0.0, tokens_used=0, was_proactive=False, context_relevance=0.5, error_occurred=False, tags=[], metadata={})", user_satisfaction=None, response_quality=0.5, latency_ms=0.0, tokens_used=0, was_proactive=False, context_relevance=0.5, error_occurred=False, tags=[], metadata={}), InteractionRecord(id='f62e20e67fb8', timestamp='2026-05-27T09:12:17.268426', interaction_type="InteractionRecord(id='945f1169dd95', timestamp='2026-05-27T09:12:17.268426', interaction_type='conversation', user_satisfaction=0.7, response_quality=0.6, latency_ms=0.0, tokens_used=0, was_proactive=False, context_relevance=0.5, error_occurred=False, tags=[], metadata={})", user_satisfaction=None, response_quality=0.5, latency_ms=0.0, tokens_used=0, was_proactive=False, context_relevance=0.5, error_occurred=False, tags=[], metadata={}), InteractionRecord(id='d184dcc9d944', timestamp='2026-05-27T09:12:17.284471', interaction_type="InteractionRecord(id='b994d912c855', timestamp='2026-05-27T09:12:17.284471', interaction_type='conversation', user_satisfaction=0.7, response_quality=0.6, latency_ms=0.0, tokens_used=0, was_proactive=False, context_relevance=0.5, error_occurred=False, tags=[], metadata={})", user_satisfaction=None, response_quality=0.5, latency_ms=0.0, tokens_used=0, was_proactive=False, context_relevance=0.5, error_occurred=False, tags=[], metadata={}), InteractionRecord(id='b1c2bbabddac', timestamp='2026-05-27T09:12:17.285099', interaction_type="InteractionRecord(id='3979d4e26a9c', timestamp='2026-05-27T09:12:17.285099', interaction_type='conversation', user_satisfaction=0.7, response_quality=0.6, latency_ms=0.0, tokens_used=0, was_proactive=False, context_relevance=0.5, error_occurred=False, tags=[], metadata={})", user_satisfaction=None, response_quality=0.5, latency_ms=0.0, tokens_used=0, was_proactive=False, context_relevance=0.5, error_occurred=False, tags=[], metadata={}), InteractionRecord(id='9c9d60b74b8c', timestamp='2026-05-27T09:12:17.285099', interaction_type="InteractionRecord(id='72069d8835e3', timestamp='2026-05-27T09:12:17.285099', interaction_type='conversation', user_satisfaction=0.7, response_quality=0.6, latency_ms=0.0, tokens_used=0, was_proactive=False, context_relevance=0.5, error_occurred=False, tags=[], metadata={})", user_satisfaction=None, response_quality=0.5, latency_ms=0.0, tokens_used=0, was_proactive=False, context_relevance=0.5, error_occurred=False, tags=[], metadata={}), InteractionRecord(id='92d7cfd34b5f', timestamp='2026-05-27T09:12:17.301749', interaction_type="InteractionRecord(id='95eafd55e74f', timestamp='2026-05-27T09:12:17.301749', interaction_type='conversation', user_satisfaction=0.7, response_quality=0.6, latency_ms=0.0, tokens_used=0, was_proactive=False, context_relevance=0.5, error_occurred=False, tags=[], metadata={})", user_satisfaction=None, response_quality=0.5, latency_ms=0.0, tokens_used=0, was_proactive=False, context_relevance=0.5, error_occurred=False, tags=[], metadata={}), InteractionRecord(id='6e1d3866a02f', timestamp='2026-05-27T09:12:17.301749', interaction_type="InteractionRecord(id='73cad0037d48', timestamp='2026-05-27T09:12:17.301749', interaction_type='conversation', user_satisfaction=0.7, response_quality=0.6, latency_ms=0.0, tokens_used=0, was_proactive=False, context_relevance=0.5, error_occurred=False, tags=[], metadata={})", user_satisfaction=None, response_quality=0.5, latency_ms=0.0, tokens_used=0, was_proactive=False, context_relevance=0.5, error_occurred=False, tags=[], metadata={}), InteractionRecord(id='60e6c7c631fd', timestamp='2026-05-27T09:12:17.301749', interaction_type="InteractionRecord(id='d4dad25cba31', timestamp='2026-05-27T09:12:17.301749', interaction_type='conversation', user_satisfaction=0.7, response_quality=0.6, latency_ms=0.0, tokens_used=0, was_proactive=False, context_relevance=0.5, error_occurred=False, tags=[], metadata={})", user_satisfaction=None, response_quality=0.5, latency_ms=0.0, tokens_used=0, was_proactive=False, context_relevance=0.5, error_occurred=False, tags=[], metadata={}), InteractionRecord(id='0cd6346f8ef8', timestamp='2026-05-27T09:12:17.318485', interaction_type="InteractionRecord(id='c0caacb93c66', timestamp='2026-05-27T09:12:17.318485', interaction_type='conversation', user_satisfaction=0.7, response_quality=0.6, latency_ms=0.0, tokens_used=0, was_proactive=False, context_relevance=0.5, error_occurred=False, tags=[], metadata={})", user_satisfaction=None, response_quality=0.5, latency_ms=0.0, tokens_used=0, was_proactive=False, context_relevance=0.5, error_occurred=False, tags=[], metadata={}), InteractionRecord(id='bf8289dae552', timestamp='2026-05-27T09:12:17.321991', interaction_type="InteractionRecord(id='c5c75706174a', timestamp='2026-05-27T09:12:17.321991', interaction_type='conversation', user_satisfaction=0.7, response_quality=0.6, latency_ms=0.0, tokens_used=0, was_proactive=False, context_relevance=0.5, error_occurred=False, tags=[], metadata={})", user_satisfaction=None, response_quality=0.5, latency_ms=0.0, tokens_used=0, was_proactive=False, context_relevance=0.5, error_occurred=False, tags=[], metadata={}), InteractionRecord(id='8fe144bdab16', timestamp='2026-05-27T09:12:17.321991', interaction_type="InteractionRecord(id='388b5d255d95', timestamp='2026-05-27T09:12:17.321991', interaction_type='conversation', user_satisfaction=0.7, response_quality=0.6, latency_ms=0.0, tokens_used=0, was_proactive=False, context_relevance=0.5, error_occurred=False, tags=[], metadata={})", user_satisfaction=None, response_quality=0.5, latency_ms=0.0, tokens_used=0, was_proactive=False, context_relevance=0.5, error_occurred=False, tags=[], metadata={}), InteractionRecord(id='e67121d5eed7', timestamp='2026-05-27T09:12:17.335096', interaction_type="InteractionRecord(id='7a4c0f6b29b4', timestamp='2026-05-27T09:12:17.335096', interaction_type='conversation', user_satisfaction=0.7, response_quality=0.6, latency_ms=0.0, tokens_used=0, was_proactive=False, context_relevance=0.5, error_occurred=False, tags=[], metadata={})", user_satisfaction=None, response_quality=0.5, latency_ms=0.0, tokens_used=0, was_proactive=False, context_relevance=0.5, error_occurred=False, tags=[], metadata={}), InteractionRecord(id='a6d1efe79e5a', timestamp='2026-05-27T09:12:17.335096', interaction_type="InteractionRecord(id='5980e957267e', timestamp='2026-05-27T09:12:17.335096', interaction_type='conversation', user_satisfaction=0.7, response_quality=0.6, latency_ms=0.0, tokens_used=0, was_proactive=False, context_relevance=0.5, error_occurred=False, tags=[], metadata={})", user_satisfaction=None, response_quality=0.5, latency_ms=0.0, tokens_used=0, was_proactive=False, context_relevance=0.5, error_occurred=False, tags=[], metadata={}), InteractionRecord(id='716f3ca7192b', timestamp='2026-05-27T09:12:17.335096', interaction_type="InteractionRecord(id='17730d91617b', timestamp='2026-05-27T09:12:17.335096', interaction_type='conversation', user_satisfaction=0.7, response_quality=0.6, latency_ms=0.0, tokens_used=0, was_proactive=False, context_relevance=0.5, error_occurred=False, tags=[], metadata={})", user_satisfaction=None, response_quality=0.5, latency_ms=0.0, tokens_used=0, was_proactive=False, context_relevance=0.5, error_occurred=False, tags=[], metadata={}), InteractionRecord(id='5f3225a9ddea', timestamp='2026-05-27T09:12:17.351746', interaction_type="InteractionRecord(id='314911e8bc11', timestamp='2026-05-27T09:12:17.351746', interaction_type='conversation', user_satisfaction=0.7, response_quality=0.6, latency_ms=0.0, tokens_used=0, was_proactive=False, context_relevance=0.5, error_occurred=False, tags=[], metadata={})", user_satisfaction=None, response_quality=0.5, latency_ms=0.0, tokens_used=0, was_proactive=False, context_relevance=0.5, error_occurred=False, tags=[], metadata={}), InteractionRecord(id='91aee50bff10', timestamp='2026-05-27T09:12:17.361868', interaction_type="InteractionRecord(id='cb31d2e9b25f', timestamp='2026-05-27T09:12:17.361868', interaction_type='conversation', user_satisfaction=0.7, response_quality=0.6, latency_ms=0.0, tokens_used=0, was_proactive=False, context_relevance=0.5, error_occurred=False, tags=[], metadata={})", user_satisfaction=None, response_quality=0.5, latency_ms=0.0, tokens_used=0, was_proactive=False, context_relevance=0.5, error_occurred=False, tags=[], metadata={}), InteractionRecord(id='11678ddf09c4', timestamp='2026-05-27T09:12:17.367620', interaction_type="InteractionRecord(id='643d2b8aa516', timestamp='2026-05-27T09:12:17.367620', interaction_type='conversation', user_satisfaction=0.7, response_quality=0.6, latency_ms=0.0, tokens_used=0, was_proactive=False, context_relevance=0.5, error_occurred=False, tags=[], metadata={})", user_satisfaction=None, response_quality=0.5, latency_ms=0.0, tokens_used=0, was_proactive=False, context_relevance=0.5, error_occurred=False, tags=[], metadata={}), InteractionRecord(id='f9548e0831a8', timestamp='2026-05-27T09:12:17.373636', interaction_type="InteractionRecord(id='effd114fc64e', timestamp='2026-05-27T09:12:17.373636', interaction_type='conversation', user_satisfaction=0.7, response_quality=0.6, latency_ms=0.0, tokens_used=0, was_proactive=False, context_relevance=0.5, error_occurred=False, tags=[], metadata={})", user_satisfaction=None, response_quality=0.5, latency_ms=0.0, tokens_used=0, was_proactive=False, context_relevance=0.5, error_occurred=False, tags=[], metadata={}), InteractionRecord(id='45ee983efe82', timestamp='2026-05-27T09:12:17.379648', interaction_type="InteractionRecord(id='bc505cf7e934', timestamp='2026-05-27T09:12:17.379648', interaction_type='conversation', user_satisfaction=0.7, response_quality=0.6, latency_ms=0.0, tokens_used=0, was_proactive=False, context_relevance=0.5, error_occurred=False, tags=[], metadata={})", user_satisfaction=None, response_quality=0.5, latency_ms=0.0, tokens_used=0, was_proactive=False, context_relevance=0.5, error_occurred=False, tags=[], metadata={}), InteractionRecord(id='b58eb9f622b0', timestamp='2026-05-27T09:12:17.385140', interaction_type="InteractionRecord(id='0b7f28f1ee18', timestamp='2026-05-27T09:12:17.385140', interaction_type='conversation', user_satisfaction=0.7, response_quality=0.6, latency_ms=0.0, tokens_used=0, was_proactive=False, context_relevance=0.5, error_occurred=False, tags=[], metadata={})", user_satisfaction=None, response_quality=0.5, latency_ms=0.0, tokens_used=0, was_proactive=False, context_relevance=0.5, error_occurred=False, tags=[], metadata={}), InteractionRecord(id='cb57e3e2b883', timestamp='2026-05-27T09:12:17.392414', interaction_type="InteractionRecord(id='c84823e94dab', timestamp='2026-05-27T09:12:17.392414', interaction_type='conversation', user_satisfaction=0.7, response_quality=0.6, latency_ms=0.0, tokens_used=0, was_proactive=False, context_relevance=0.5, error_occurred=False, tags=[], metadata={})", user_satisfaction=None, response_quality=0.5, latency_ms=0.0, tokens_used=0, was_proactive=False, context_relevance=0.5, error_occurred=False, tags=[], metadata={}), InteractionRecord(id='28e796ec9543', timestamp='2026-05-27T09:12:17.392414', interaction_type="InteractionRecord(id='dbf6a6e8fb7a', timestamp='2026-05-27T09:12:17.392414', interaction_type='conversation', user_satisfaction=0.7, response_quality=0.6, latency_ms=0.0, tokens_used=0, was_proactive=False, context_relevance=0.5, error_occurred=False, tags=[], metadata={})", user_satisfaction=None, response_quality=0.5, latency_ms=0.0, tokens_used=0, was_proactive=False, context_relevance=0.5, error_occurred=False, tags=[], metadata={}), InteractionRecord(id='5b84abf04da4', timestamp='2026-05-27T09:12:37.979488', interaction_type="InteractionRecord(id='e45b4cef9e0f', timestamp='2026-05-27T09:12:37.979488', interaction_type='conversation', user_satisfaction=0.8, response_quality=0.7, latency_ms=500, tokens_used=0, was_proactive=False, context_relevance=0.5, error_occurred=False, tags=[], metadata={})", user_satisfaction=None, response_quality=0.5, latency_ms=0.0, tokens_used=0, was_proactive=False, context_relevance=0.5, error_occurred=False, tags=[], metadata={}), InteractionRecord(id='da432232769b', timestamp='2026-05-27T09:12:38.091688', interaction_type="InteractionRecord(id='20712f5a3552', timestamp='2026-05-27T09:12:38.091688', interaction_type='conversation', user_satisfaction=0.7, response_quality=0.6, latency_ms=400, tokens_used=0, was_proactive=False, context_relevance=0.5, error_occurred=False, tags=[], metadata={})", user_satisfaction=None, response_quality=0.5, latency_ms=0.0, tokens_used=0, was_proactive=False, context_relevance=0.5, error_occurred=False, tags=[], metadata={}), InteractionRecord(id='1dd644e904ee', timestamp='2026-05-27T09:12:38.097700', interaction_type="InteractionRecord(id='1241be701811', timestamp='2026-05-27T09:12:38.097700', interaction_type='conversation', user_satisfaction=0.7999999999999999, response_quality=0.8, latency_ms=450, tokens_used=0, was_proactive=False, context_relevance=0.5, error_occurred=False, tags=[], metadata={})", user_satisfaction=None, response_quality=0.5, latency_ms=0.0, tokens_used=0, was_proactive=False, context_relevance=0.5, error_occurred=False, tags=[], metadata={}), InteractionRecord(id='cf27fc6058e2', timestamp='2026-05-27T09:12:38.103144', interaction_type="InteractionRecord(id='2f1cf79b0b1f', timestamp='2026-05-27T09:12:38.103144', interaction_type='conversation', user_satisfaction=0.8999999999999999, response_quality=0.6, latency_ms=500, tokens_used=0, was_proactive=False, context_relevance=0.5, error_occurred=False, tags=[], metadata={})", user_satisfaction=None, response_quality=0.5, latency_ms=0.0, tokens_used=0, was_proactive=False, context_relevance=0.5, error_occurred=False, tags=[], metadata={}), InteractionRecord(id='493cd291fb0d', timestamp='2026-05-27T09:12:38.109362', interaction_type="InteractionRecord(id='f344ec16181c', timestamp='2026-05-27T09:12:38.109362', interaction_type='conversation', user_satisfaction=0.7, response_quality=0.8, latency_ms=550, tokens_used=0, was_proactive=False, context_relevance=0.5, error_occurred=False, tags=[], metadata={})", user_satisfaction=None, response_quality=0.5, latency_ms=0.0, tokens_used=0, was_proactive=False, context_relevance=0.5, error_occurred=False, tags=[], metadata={}), InteractionRecord(id='aa78251350a8', timestamp='2026-05-27T09:12:38.153169', interaction_type="InteractionRecord(id='cc7bd63d8e67', timestamp='2026-05-27T09:12:38.153169', interaction_type='conversation', user_satisfaction=0.7999999999999999, response_quality=0.6, latency_ms=600, tokens_used=0, was_proactive=False, context_relevance=0.5, error_occurred=False, tags=[], metadata={})", user_satisfaction=None, response_quality=0.5, latency_ms=0.0, tokens_used=0, was_proactive=False, context_relevance=0.5, error_occurred=False, tags=[], metadata={}), InteractionRecord(id='fd62f96f894e', timestamp='2026-05-27T09:12:38.153169', interaction_type="InteractionRecord(id='a8ef917e0e07', timestamp='2026-05-27T09:12:38.153169', interaction_type='conversation', user_satisfaction=0.8999999999999999, response_quality=0.8, latency_ms=650, tokens_used=0, was_proactive=False, context_relevance=0.5, error_occurred=False, tags=[], metadata={})", user_satisfaction=None, response_quality=0.5, latency_ms=0.0, tokens_used=0, was_proactive=False, context_relevance=0.5, error_occurred=False, tags=[], metadata={}), InteractionRecord(id='fdb4a24f527d', timestamp='2026-05-27T09:12:38.153169', interaction_type="InteractionRecord(id='ada42165040f', timestamp='2026-05-27T09:12:38.153169', interaction_type='conversation', user_satisfaction=0.7, response_quality=0.6, latency_ms=700, tokens_used=0, was_proactive=False, context_relevance=0.5, error_occurred=False, tags=[], metadata={})", user_satisfaction=None, response_quality=0.5, latency_ms=0.0, tokens_used=0, was_proactive=False, context_relevance=0.5, error_occurred=False, tags=[], metadata={}), InteractionRecord(id='99a7d0dd0562', timestamp='2026-05-27T09:12:38.173291', interaction_type="InteractionRecord(id='f7ffb1695bd8', timestamp='2026-05-27T09:12:38.173291', interaction_type='conversation', user_satisfaction=0.7999999999999999, response_quality=0.8, latency_ms=750, tokens_used=0, was_proactive=False, context_relevance=0.5, error_occurred=False, tags=[], metadata={})", user_satisfaction=None, response_quality=0.5, latency_ms=0.0, tokens_used=0, was_proactive=False, context_relevance=0.5, error_occurred=False, tags=[], metadata={}), InteractionRecord(id='5861f40529fc', timestamp='2026-05-27T09:12:38.179304', interaction_type="InteractionRecord(id='aee9ef19662d', timestamp='2026-05-27T09:12:38.179304', interaction_type='conversation', user_satisfaction=0.8999999999999999, response_quality=0.6, latency_ms=800, tokens_used=0, was_proactive=False, context_relevance=0.5, error_occurred=False, tags=[], metadata={})", user_satisfaction=None, response_quality=0.5, latency_ms=0.0, tokens_used=0, was_proactive=False, context_relevance=0.5, error_occurred=False, tags=[], metadata={}), InteractionRecord(id='1d8e269daa94', timestamp='2026-05-27T09:12:38.183310', interaction_type="InteractionRecord(id='5257d0267dc0', timestamp='2026-05-27T09:12:38.183310', interaction_type='conversation', user_satisfaction=0.7, response_quality=0.8, latency_ms=850, tokens_used=0, was_proactive=False, context_relevance=0.5, error_occurred=False, tags=[], metadata={})", user_satisfaction=None, response_quality=0.5, latency_ms=0.0, tokens_used=0, was_proactive=False, context_relevance=0.5, error_occurred=False, tags=[], metadata={}), InteractionRecord(id='c096518175e8', timestamp='2026-05-27T09:12:58.722019', interaction_type="InteractionRecord(id='59852e3a9b5e', timestamp='2026-05-27T09:12:58.722019', interaction_type='conversation', user_satisfaction=0.8, response_quality=0.7, latency_ms=0.0, tokens_used=0, was_proactive=False, context_relevance=0.5, error_occurred=False, tags=[], metadata={})", user_satisfaction=None, response_quality=0.5, latency_ms=0.0, tokens_used=0, was_proactive=False, context_relevance=0.5, error_occurred=False, tags=[], metadata={}), InteractionRecord(id='06cdec58b619', timestamp='2026-05-27T09:12:58.738241', interaction_type="InteractionRecord(id='1d53a62de915', timestamp='2026-05-27T09:12:58.738241', interaction_type='conversation', user_satisfaction=0.8, response_quality=0.7, latency_ms=0.0, tokens_used=0, was_proactive=False, context_relevance=0.5, error_occurred=False, tags=[], metadata={})", user_satisfaction=None, response_quality=0.5, latency_ms=0.0, tokens_used=0, was_proactive=False, context_relevance=0.5, error_occurred=False, tags=[], metadata={}), InteractionRecord(id='c986be003eee', timestamp='2026-05-27T09:12:58.741626', interaction_type="InteractionRecord(id='85c496f90ae8', timestamp='2026-05-27T09:12:58.741626', interaction_type='conversation', user_satisfaction=0.8, response_quality=0.7, latency_ms=0.0, tokens_used=0, was_proactive=False, context_relevance=0.5, error_occurred=False, tags=[], metadata={})", user_satisfaction=None, response_quality=0.5, latency_ms=0.0, tokens_used=0, was_proactive=False, context_relevance=0.5, error_occurred=False, tags=[], metadata={}), InteractionRecord(id='af84710a7fe4', timestamp='2026-05-27T09:12:58.741626', interaction_type="InteractionRecord(id='a2e9d0524436', timestamp='2026-05-27T09:12:58.741626', interaction_type='conversation', user_satisfaction=0.8, response_quality=0.7, latency_ms=0.0, tokens_used=0, was_proactive=False, context_relevance=0.5, error_occurred=False, tags=[], metadata={})", user_satisfaction=None, response_quality=0.5, latency_ms=0.0, tokens_used=0, was_proactive=False, context_relevance=0.5, error_occurred=False, tags=[], metadata={}), InteractionRecord(id='a8aff4569298', timestamp='2026-05-27T09:12:58.754858', interaction_type="InteractionRecord(id='74aa81752854', timestamp='2026-05-27T09:12:58.754858', interaction_type='conversation', user_satisfaction=0.8, response_quality=0.7, latency_ms=0.0, tokens_used=0, was_proactive=False, context_relevance=0.5, error_occurred=False, tags=[], metadata={})", user_satisfaction=None, response_quality=0.5, latency_ms=0.0, tokens_used=0, was_proactive=False, context_relevance=0.5, error_occurred=False, tags=[], metadata={}), InteractionRecord(id='895c782a199b', timestamp='2026-05-27T09:12:58.771584', interaction_type="InteractionRecord(id='904ea6b286ea', timestamp='2026-05-27T09:12:58.771584', interaction_type='conversation', user_satisfaction=0.7, response_quality=0.6, latency_ms=0.0, tokens_used=0, was_proactive=False, context_relevance=0.5, error_occurred=False, tags=[], metadata={})", user_satisfaction=None, response_quality=0.5, latency_ms=0.0, tokens_used=0, was_proactive=False, context_relevance=0.5, error_occurred=False, tags=[], metadata={}), InteractionRecord(id='0fdf8c0d78e5', timestamp='2026-05-27T09:12:58.788131', interaction_type="InteractionRecord(id='9c9212c059a2', timestamp='2026-05-27T09:12:58.788131', interaction_type='conversation', user_satisfaction=0.7, response_quality=0.6, latency_ms=0.0, tokens_used=0, was_proactive=False, context_relevance=0.5, error_occurred=False, tags=[], metadata={})", user_satisfaction=None, response_quality=0.5, latency_ms=0.0, tokens_used=0, was_proactive=False, context_relevance=0.5, error_occurred=False, tags=[], metadata={}), InteractionRecord(id='35ae3feb668b', timestamp='2026-05-27T09:12:58.788131', interaction_type="InteractionRecord(id='904ae170f2dc', timestamp='2026-05-27T09:12:58.788131', interaction_type='conversation', user_satisfaction=0.7, response_quality=0.6, latency_ms=0.0, tokens_used=0, was_proactive=False, context_relevance=0.5, error_occurred=False, tags=[], metadata={})", user_satisfaction=None, response_quality=0.5, latency_ms=0.0, tokens_used=0, was_proactive=False, context_relevance=0.5, error_occurred=False, tags=[], metadata={}), InteractionRecord(id='5b905f7ae66a', timestamp='2026-05-27T09:12:58.788131', interaction_type="InteractionRecord(id='af3dcf9cb40a', timestamp='2026-05-27T09:12:58.788131', interaction_type='conversation', user_satisfaction=0.7, response_quality=0.6, latency_ms=0.0, tokens_used=0, was_proactive=False, context_relevance=0.5, error_occurred=False, tags=[], metadata={})", user_satisfaction=None, response_quality=0.5, latency_ms=0.0, tokens_used=0, was_proactive=False, context_relevance=0.5, error_occurred=False, tags=[], metadata={}), InteractionRecord(id='4093e3ec7697', timestamp='2026-05-27T09:12:58.804857', interaction_type="InteractionRecord(id='df273b7e91aa', timestamp='2026-05-27T09:12:58.804857', interaction_type='conversation', user_satisfaction=0.7, response_quality=0.6, latency_ms=0.0, tokens_used=0, was_proactive=False, context_relevance=0.5, error_occurred=False, tags=[], metadata={})", user_satisfaction=None, response_quality=0.5, latency_ms=0.0, tokens_used=0, was_proactive=False, context_relevance=0.5, error_occurred=False, tags=[], metadata={}), InteractionRecord(id='90b4accadcb0', timestamp='2026-05-27T09:12:58.804857', interaction_type="InteractionRecord(id='b6b61f52eb81', timestamp='2026-05-27T09:12:58.804857', interaction_type='conversation', user_satisfaction=0.7, response_quality=0.6, latency_ms=0.0, tokens_used=0, was_proactive=False, context_relevance=0.5, error_occurred=False, tags=[], metadata={})", user_satisfaction=None, response_quality=0.5, latency_ms=0.0, tokens_used=0, was_proactive=False, context_relevance=0.5, error_occurred=False, tags=[], metadata={}), InteractionRecord(id='5ea22ca19b70', timestamp='2026-05-27T09:12:58.871531', interaction_type="InteractionRecord(id='06d8231f11a8', timestamp='2026-05-27T09:12:58.871531', interaction_type='conversation', user_satisfaction=0.7, response_quality=0.6, latency_ms=0.0, tokens_used=0, was_proactive=False, context_relevance=0.5, error_occurred=False, tags=[], metadata={})", user_satisfaction=None, response_quality=0.5, latency_ms=0.0, tokens_used=0, was_proactive=False, context_relevance=0.5, error_occurred=False, tags=[], metadata={}), InteractionRecord(id='70d95692efbf', timestamp='2026-05-27T09:12:58.888208', interaction_type="InteractionRecord(id='3e2d4b13487a', timestamp='2026-05-27T09:12:58.888208', interaction_type='conversation', user_satisfaction=0.7, response_quality=0.6, latency_ms=0.0, tokens_used=0, was_proactive=False, context_relevance=0.5, error_occurred=False, tags=[], metadata={})", user_satisfaction=None, response_quality=0.5, latency_ms=0.0, tokens_used=0, was_proactive=False, context_relevance=0.5, error_occurred=False, tags=[], metadata={}), InteractionRecord(id='3766e2d77924', timestamp='2026-05-27T09:12:58.888208', interaction_type="InteractionRecord(id='82eab43552de', timestamp='2026-05-27T09:12:58.888208', interaction_type='conversation', user_satisfaction=0.7, response_quality=0.6, latency_ms=0.0, tokens_used=0, was_proactive=False, context_relevance=0.5, error_occurred=False, tags=[], metadata={})", user_satisfaction=None, response_quality=0.5, latency_ms=0.0, tokens_used=0, was_proactive=False, context_relevance=0.5, error_occurred=False, tags=[], metadata={}), InteractionRecord(id='ddc4e398c87d', timestamp='2026-05-27T09:12:58.904841', interaction_type="InteractionRecord(id='a8868b9d157c', timestamp='2026-05-27T09:12:58.904841', interaction_type='conversation', user_satisfaction=0.7, response_quality=0.6, latency_ms=0.0, tokens_used=0, was_proactive=False, context_relevance=0.5, error_occurred=False, tags=[], metadata={})", user_satisfaction=None, response_quality=0.5, latency_ms=0.0, tokens_used=0, was_proactive=False, context_relevance=0.5, error_occurred=False, tags=[], metadata={}), InteractionRecord(id='4fd0ac9d2be1', timestamp='2026-05-27T09:12:58.904841', interaction_type="InteractionRecord(id='324d92137a7e', timestamp='2026-05-27T09:12:58.904841', interaction_type='conversation', user_satisfaction=0.7, response_quality=0.6, latency_ms=0.0, tokens_used=0, was_proactive=False, context_relevance=0.5, error_occurred=False, tags=[], metadata={})", user_satisfaction=None, response_quality=0.5, latency_ms=0.0, tokens_used=0, was_proactive=False, context_relevance=0.5, error_occurred=False, tags=[], metadata={}), InteractionRecord(id='4da900ae97a6', timestamp='2026-05-27T09:12:58.921515', interaction_type="InteractionRecord(id='8d4c0579dcfc', timestamp='2026-05-27T09:12:58.921515', interaction_type='conversation', user_satisfaction=0.7, response_quality=0.6, latency_ms=0.0, tokens_used=0, was_proactive=False, context_relevance=0.5, error_occurred=False, tags=[], metadata={})", user_satisfaction=None, response_quality=0.5, latency_ms=0.0, tokens_used=0, was_proactive=False, context_relevance=0.5, error_occurred=False, tags=[], metadata={}), InteractionRecord(id='706d78fb7426', timestamp='2026-05-27T09:12:58.921515', interaction_type="InteractionRecord(id='3176575b21fb', timestamp='2026-05-27T09:12:58.921515', interaction_type='conversation', user_satisfaction=0.7, response_quality=0.6, latency_ms=0.0, tokens_used=0, was_proactive=False, context_relevance=0.5, error_occurred=False, tags=[], metadata={})", user_satisfaction=None, response_quality=0.5, latency_ms=0.0, tokens_used=0, was_proactive=False, context_relevance=0.5, error_occurred=False, tags=[], metadata={}), InteractionRecord(id='89df0befad19', timestamp='2026-05-27T09:12:58.921515', interaction_type="InteractionRecord(id='aa885b3a6503', timestamp='2026-05-27T09:12:58.921515', interaction_type='conversation', user_satisfaction=0.7, response_quality=0.6, latency_ms=0.0, tokens_used=0, was_proactive=False, context_relevance=0.5, error_occurred=False, tags=[], metadata={})", user_satisfaction=None, response_quality=0.5, latency_ms=0.0, tokens_used=0, was_proactive=False, context_relevance=0.5, error_occurred=False, tags=[], metadata={}), InteractionRecord(id=658954774415, timestamp='2026-05-27T09:12:58.942116', interaction_type="InteractionRecord(id='67879e50aa14', timestamp='2026-05-27T09:12:58.942116', interaction_type='conversation', user_satisfaction=0.7, response_quality=0.6, latency_ms=0.0, tokens_used=0, was_proactive=False, context_relevance=0.5, error_occurred=False, tags=[], metadata={})", user_satisfaction=None, response_quality=0.5, latency_ms=0.0, tokens_used=0, was_proactive=False, context_relevance=0.5, error_occurred=False, tags=[], metadata={}), InteractionRecord(id='f835a0c54145', timestamp='2026-05-27T09:12:58.942116', interaction_type="InteractionRecord(id='2b811184fccb', timestamp='2026-05-27T09:12:58.942116', interaction_type='conversation', user_satisfaction=0.7, response_quality=0.6, latency_ms=0.0, tokens_used=0, was_proactive=False, context_relevance=0.5, error_occurred=False, tags=[], metadata={})", user_satisfaction=None, response_quality=0.5, latency_ms=0.0, tokens_used=0, was_proactive=False, context_relevance=0.5, error_occurred=False, tags=[], metadata={}), InteractionRecord(id='03f2689effac', timestamp='2026-05-27T09:12:58.954888', interaction_type="InteractionRecord(id='3db4a8458625', timestamp='2026-05-27T09:12:58.954888', interaction_type='conversation', user_satisfaction=0.7, response_quality=0.6, latency_ms=0.0, tokens_used=0, was_proactive=False, context_relevance=0.5, error_occurred=False, tags=[], metadata={})", user_satisfaction=None, response_quality=0.5, latency_ms=0.0, tokens_used=0, was_proactive=False, context_relevance=0.5, error_occurred=False, tags=[], metadata={}), InteractionRecord(id='e4b9ee29d9a3', timestamp='2026-05-27T09:12:58.954888', interaction_type="InteractionRecord(id='4ef273b63985', timestamp='2026-05-27T09:12:58.954888', interaction_type='conversation', user_satisfaction=0.7, response_quality=0.6, latency_ms=0.0, tokens_used=0, was_proactive=False, context_relevance=0.5, error_occurred=False, tags=[], metadata={})", user_satisfaction=None, response_quality=0.5, latency_ms=0.0, tokens_used=0, was_proactive=False, context_relevance=0.5, error_occurred=False, tags=[], metadata={}), InteractionRecord(id='06da97f7d858', timestamp='2026-05-27T09:12:58.971574', interaction_type="InteractionRecord(id='99312cc4a5fa', timestamp='2026-05-27T09:12:58.971574', interaction_type='conversation', user_satisfaction=0.7, response_quality=0.6, latency_ms=0.0, tokens_used=0, was_proactive=False, context_relevance=0.5, error_occurred=False, tags=[], metadata={})", user_satisfaction=None, response_quality=0.5, latency_ms=0.0, tokens_used=0, was_proactive=False, context_relevance=0.5, error_occurred=False, tags=[], metadata={}), InteractionRecord(id='abe2c1ce1cbb', timestamp='2026-05-27T09:12:58.971574', interaction_type="InteractionRecord(id='e9fc448042f7', timestamp='2026-05-27T09:12:58.971574', interaction_type='conversation', user_satisfaction=0.7, response_quality=0.6, latency_ms=0.0, tokens_used=0, was_proactive=False, context_relevance=0.5, error_occurred=False, tags=[], metadata={})", user_satisfaction=None, response_quality=0.5, latency_ms=0.0, tokens_used=0, was_proactive=False, context_relevance=0.5, error_occurred=False, tags=[], metadata={}), InteractionRecord(id='3b0e16bf6b76', timestamp='2026-05-27T09:12:58.971574', interaction_type="InteractionRecord(id='1f6d60c788d9', timestamp='2026-05-27T09:12:58.971574', interaction_type='conversation', user_satisfaction=0.7, response_quality=0.6, latency_ms=0.0, tokens_used=0, was_proactive=False, context_relevance=0.5, error_occurred=False, tags=[], metadata={})", user_satisfaction=None, response_quality=0.5, latency_ms=0.0, tokens_used=0, was_proactive=False, context_relevance=0.5, error_occurred=False, tags=[], metadata={}), InteractionRecord(id='3d7660a8dcd9', timestamp='2026-05-27T09:12:58.988208', interaction_type="InteractionRecord(id='d342e0560a01', timestamp='2026-05-27T09:12:58.988208', interaction_type='conversation', user_satisfaction=0.7, response_quality=0.6, latency_ms=0.0, tokens_used=0, was_proactive=False, context_relevance=0.5, error_occurred=False, tags=[], metadata={})", user_satisfaction=None, response_quality=0.5, latency_ms=0.0, tokens_used=0, was_proactive=False, context_relevance=0.5, error_occurred=False, tags=[], metadata={}), InteractionRecord(id='714bc86356ec', timestamp='2026-05-27T09:12:58.988208', interaction_type="InteractionRecord(id='d49370dfbf7f', timestamp='2026-05-27T09:12:58.988208', interaction_type='conversation', user_satisfaction=0.7, response_quality=0.6, latency_ms=0.0, tokens_used=0, was_proactive=False, context_relevance=0.5, error_occurred=False, tags=[], metadata={})", user_satisfaction=None, response_quality=0.5, latency_ms=0.0, tokens_used=0, was_proactive=False, context_relevance=0.5, error_occurred=False, tags=[], metadata={}), InteractionRecord(id='94fb0f293598', timestamp='2026-05-27T09:12:59.004873', interaction_type="InteractionRecord(id='a4fc4ab672e0', timestamp='2026-05-27T09:12:59.004873', interaction_type='conversation', user_satisfaction=0.7, response_quality=0.6, latency_ms=0.0, tokens_used=0, was_proactive=False, context_relevance=0.5, error_occurred=False, tags=[], metadata={})", user_satisfaction=None, response_quality=0.5, latency_ms=0.0, tokens_used=0, was_proactive=False, context_relevance=0.5, error_occurred=False, tags=[], metadata={}), InteractionRecord(id='93f3a6702940', timestamp='2026-05-27T09:12:59.004873', interaction_type="InteractionRecord(id='2d8b1117533f', timestamp='2026-05-27T09:12:59.004873', interaction_type='conversation', user_satisfaction=0.7, response_quality=0.6, latency_ms=0.0, tokens_used=0, was_proactive=False, context_relevance=0.5, error_occurred=False, tags=[], metadata={})", user_satisfaction=None, response_quality=0.5, latency_ms=0.0, tokens_used=0, was_proactive=False, context_relevance=0.5, error_occurred=False, tags=[], metadata={}), InteractionRecord(id='3664a09d2e26', timestamp='2026-05-27T09:12:59.021542', interaction_type="InteractionRecord(id='7cec96699184', timestamp='2026-05-27T09:12:59.021542', interaction_type='conversation', user_satisfaction=0.7, response_quality=0.6, latency_ms=0.0, tokens_used=0, was_proactive=False, context_relevance=0.5, error_occurred=False, tags=[], metadata={})", user_satisfaction=None, response_quality=0.5, latency_ms=0.0, tokens_used=0, was_proactive=False, context_relevance=0.5, error_occurred=False, tags=[], metadata={}), InteractionRecord(id='f9bf40dd346d', timestamp='2026-05-27T09:12:59.021542', interaction_type="InteractionRecord(id='38150988a6d7', timestamp='2026-05-27T09:12:59.021542', interaction_type='conversation', user_satisfaction=0.7, response_quality=0.6, latency_ms=0.0, tokens_used=0, was_proactive=False, context_relevance=0.5, error_occurred=False, tags=[], metadata={})", user_satisfaction=None, response_quality=0.5, latency_ms=0.0, tokens_used=0, was_proactive=False, context_relevance=0.5, error_occurred=False, tags=[], metadata={}), InteractionRecord(id='ee925806bab6', timestamp='2026-05-27T09:12:59.036924', interaction_type="InteractionRecord(id='3ce27a307bfe', timestamp='2026-05-27T09:12:59.036924', interaction_type='conversation', user_satisfaction=0.7, response_quality=0.6, latency_ms=0.0, tokens_used=0, was_proactive=False, context_relevance=0.5, error_occurred=False, tags=[], metadata={})", user_satisfaction=None, response_quality=0.5, latency_ms=0.0, tokens_used=0, was_proactive=False, context_relevance=0.5, error_occurred=False, tags=[], metadata={}), InteractionRecord(id='431a2807a604', timestamp='2026-05-27T09:12:59.042024', interaction_type="InteractionRecord(id='fdbc1515dbf8', timestamp='2026-05-27T09:12:59.042024', interaction_type='conversation', user_satisfaction=0.7, response_quality=0.6, latency_ms=0.0, tokens_used=0, was_proactive=False, context_relevance=0.5, error_occurred=False, tags=[], metadata={})", user_satisfaction=None, response_quality=0.5, latency_ms=0.0, tokens_used=0, was_proactive=False, context_relevance=0.5, error_occurred=False, tags=[], metadata={}), InteractionRecord(id='a1e2ae5312a6', timestamp='2026-05-27T09:12:59.053596', interaction_type="InteractionRecord(id='6edc6c9582d6', timestamp='2026-05-27T09:12:59.053596', interaction_type='conversation', user_satisfaction=0.7, response_quality=0.6, latency_ms=0.0, tokens_used=0, was_proactive=False, context_relevance=0.5, error_occurred=False, tags=[], metadata={})", user_satisfaction=None, response_quality=0.5, latency_ms=0.0, tokens_used=0, was_proactive=False, context_relevance=0.5, error_occurred=False, tags=[], metadata={}), InteractionRecord(id='fc0229474fc6', timestamp='2026-05-27T09:12:59.055118', interaction_type="InteractionRecord(id='bc80f7e302f3', timestamp='2026-05-27T09:12:59.055118', interaction_type='conversation', user_satisfaction=0.7, response_quality=0.6, latency_ms=0.0, tokens_used=0, was_proactive=False, context_relevance=0.5, error_occurred=False, tags=[], metadata={})", user_satisfaction=None, response_quality=0.5, latency_ms=0.0, tokens_used=0, was_proactive=False, context_relevance=0.5, error_occurred=False, tags=[], metadata={}), InteractionRecord(id='17eea09f0b3d', timestamp='2026-05-27T09:12:59.055118', interaction_type="InteractionRecord(id='e89f30c14562', timestamp='2026-05-27T09:12:59.055118', interaction_type='conversation', user_satisfaction=0.7, response_quality=0.6, latency_ms=0.0, tokens_used=0, was_proactive=False, context_relevance=0.5, error_occurred=False, tags=[], metadata={})", user_satisfaction=None, response_quality=0.5, latency_ms=0.0, tokens_used=0, was_proactive=False, context_relevance=0.5, error_occurred=False, tags=[], metadata={}), InteractionRecord(id='7785cedc2f59', timestamp='2026-05-27T09:12:59.071699', interaction_type="InteractionRecord(id='69239108b29c', timestamp='2026-05-27T09:12:59.071699', interaction_type='conversation', user_satisfaction=0.7, response_quality=0.6, latency_ms=0.0, tokens_used=0, was_proactive=False, context_relevance=0.5, error_occurred=False, tags=[], metadata={})", user_satisfaction=None, response_quality=0.5, latency_ms=0.0, tokens_used=0, was_proactive=False, context_relevance=0.5, error_occurred=False, tags=[], metadata={}), InteractionRecord(id='a8f08f65c470', timestamp='2026-05-27T09:12:59.082112', interaction_type="InteractionRecord(id='b4558a53c2a3', timestamp='2026-05-27T09:12:59.082112', interaction_type='conversation', user_satisfaction=0.7, response_quality=0.6, latency_ms=0.0, tokens_used=0, was_proactive=False, context_relevance=0.5, error_occurred=False, tags=[], metadata={})", user_satisfaction=None, response_quality=0.5, latency_ms=0.0, tokens_used=0, was_proactive=False, context_relevance=0.5, error_occurred=False, tags=[], metadata={}), InteractionRecord(id='3b480746e19f', timestamp='2026-05-27T09:12:59.088327', interaction_type="InteractionRecord(id='6fcfacec4019', timestamp='2026-05-27T09:12:59.088327', interaction_type='conversation', user_satisfaction=0.7, response_quality=0.6, latency_ms=0.0, tokens_used=0, was_proactive=False, context_relevance=0.5, error_occurred=False, tags=[], metadata={})", user_satisfaction=None, response_quality=0.5, latency_ms=0.0, tokens_used=0, was_proactive=False, context_relevance=0.5, error_occurred=False, tags=[], metadata={}), InteractionRecord(id=inf, timestamp='2026-05-27T09:12:59.105504', interaction_type="InteractionRecord(id='3571fa26aaa2', timestamp='2026-05-27T09:12:59.105504', interaction_type='conversation', user_satisfaction=0.7, response_quality=0.6, latency_ms=0.0, tokens_used=0, was_proactive=False, context_relevance=0.5, error_occurred=False, tags=[], metadata={})", user_satisfaction=None, response_quality=0.5, latency_ms=0.0, tokens_used=0, was_proactive=False, context_relevance=0.5, error_occurred=False, tags=[], metadata={}), InteractionRecord(id='b86189ebd7b6', timestamp='2026-05-27T09:12:59.105504', interaction_type="InteractionRecord(id='410999815c30', timestamp='2026-05-27T09:12:59.105504', interaction_type='conversation', user_satisfaction=0.7, response_quality=0.6, latency_ms=0.0, tokens_used=0, was_proactive=False, context_relevance=0.5, error_occurred=False, tags=[], metadata={})", user_satisfaction=None, response_quality=0.5, latency_ms=0.0, tokens_used=0, was_proactive=False, context_relevance=0.5, error_occurred=False, tags=[], metadata={}), InteractionRecord(id='51f589da7309', timestamp='2026-05-27T09:12:59.121698', interaction_type="InteractionRecord(id='e63362e84196', timestamp='2026-05-27T09:12:59.121698', interaction_type='conversation', user_satisfaction=0.7, response_quality=0.6, latency_ms=0.0, tokens_used=0, was_proactive=False, context_relevance=0.5, error_occurred=False, tags=[], metadata={})", user_satisfaction=None, response_quality=0.5, latency_ms=0.0, tokens_used=0, was_proactive=False, context_relevance=0.5, error_occurred=False, tags=[], metadata={}), InteractionRecord(id='a420140392fd', timestamp='2026-05-27T09:12:59.121698', interaction_type="InteractionRecord(id='771ddf992423', timestamp='2026-05-27T09:12:59.121698', interaction_type='conversation', user_satisfaction=0.7, response_quality=0.6, latency_ms=0.0, tokens_used=0, was_proactive=False, context_relevance=0.5, error_occurred=False, tags=[], metadata={})", user_satisfaction=None, response_quality=0.5, latency_ms=0.0, tokens_used=0, was_proactive=False, context_relevance=0.5, error_occurred=False, tags=[], metadata={}), InteractionRecord(id='04098b2996df', timestamp='2026-05-27T09:12:59.142270', interaction_type="InteractionRecord(id='9b0413e2e9db', timestamp='2026-05-27T09:12:59.142270', interaction_type='conversation', user_satisfaction=0.7, response_quality=0.6, latency_ms=0.0, tokens_used=0, was_proactive=False, context_relevance=0.5, error_occurred=False, tags=[], metadata={})", user_satisfaction=None, response_quality=0.5, latency_ms=0.0, tokens_used=0, was_proactive=False, context_relevance=0.5, error_occurred=False, tags=[], metadata={}), InteractionRecord(id='36790b1a291e', timestamp='2026-05-27T09:12:59.153381', interaction_type="InteractionRecord(id='b56969882de3', timestamp='2026-05-27T09:12:59.153381', interaction_type='conversation', user_satisfaction=0.7, response_quality=0.6, latency_ms=0.0, tokens_used=0, was_proactive=False, context_relevance=0.5, error_occurred=False, tags=[], metadata={})", user_satisfaction=None, response_quality=0.5, latency_ms=0.0, tokens_used=0, was_proactive=False, context_relevance=0.5, error_occurred=False, tags=[], metadata={}), InteractionRecord(id='c2a36ab3e1e5', timestamp='2026-05-27T09:12:59.154901', interaction_type="InteractionRecord(id='f873c7a36f57', timestamp='2026-05-27T09:12:59.154901', interaction_type='conversation', user_satisfaction=0.7, response_quality=0.6, latency_ms=0.0, tokens_used=0, was_proactive=False, context_relevance=0.5, error_occurred=False, tags=[], metadata={})", user_satisfaction=None, response_quality=0.5, latency_ms=0.0, tokens_used=0, was_proactive=False, context_relevance=0.5, error_occurred=False, tags=[], metadata={}), InteractionRecord(id='712905c2253e', timestamp='2026-05-27T09:12:59.169662', interaction_type="InteractionRecord(id='ad043c6b300d', timestamp='2026-05-27T09:12:59.169662', interaction_type='conversation', user_satisfaction=0.7, response_quality=0.6, latency_ms=0.0, tokens_used=0, was_proactive=False, context_relevance=0.5, error_occurred=False, tags=[], metadata={})", user_satisfaction=None, response_quality=0.5, latency_ms=0.0, tokens_used=0, was_proactive=False, context_relevance=0.5, error_occurred=False, tags=[], metadata={}), InteractionRecord(id='65312d3cb8a4', timestamp='2026-05-27T09:12:59.180072', interaction_type="InteractionRecord(id='55eb77b298b5', timestamp='2026-05-27T09:12:59.180072', interaction_type='conversation', user_satisfaction=0.7, response_quality=0.6, latency_ms=0.0, tokens_used=0, was_proactive=False, context_relevance=0.5, error_occurred=False, tags=[], metadata={})", user_satisfaction=None, response_quality=0.5, latency_ms=0.0, tokens_used=0, was_proactive=False, context_relevance=0.5, error_occurred=False, tags=[], metadata={}), InteractionRecord(id='e56a03ab0a4b', timestamp='2026-05-27T09:12:59.192737', interaction_type="InteractionRecord(id='dfc90ec2ebfc', timestamp='2026-05-27T09:12:59.192737', interaction_type='conversation', user_satisfaction=0.7, response_quality=0.6, latency_ms=0.0, tokens_used=0, was_proactive=False, context_relevance=0.5, error_occurred=False, tags=[], metadata={})", user_satisfaction=None, response_quality=0.5, latency_ms=0.0, tokens_used=0, was_proactive=False, context_relevance=0.5, error_occurred=False, tags=[], metadata={}), InteractionRecord(id='db5a78fa44ff', timestamp='2026-05-27T09:12:59.196773', interaction_type="InteractionRecord(id='4316a12e41fe', timestamp='2026-05-27T09:12:59.196773', interaction_type='conversation', user_satisfaction=0.7, response_quality=0.6, latency_ms=0.0, tokens_used=0, was_proactive=False, context_relevance=0.5, error_occurred=False, tags=[], metadata={})", user_satisfaction=None, response_quality=0.5, latency_ms=0.0, tokens_used=0, was_proactive=False, context_relevance=0.5, error_occurred=False, tags=[], metadata={}), InteractionRecord(id='d0be3732773f', timestamp='2026-05-27T09:12:59.212456', interaction_type="InteractionRecord(id='a6870ac47782', timestamp='2026-05-27T09:12:59.212456', interaction_type='conversation', user_satisfaction=0.7, response_quality=0.6, latency_ms=0.0, tokens_used=0, was_proactive=False, context_relevance=0.5, error_occurred=False, tags=[], metadata={})", user_satisfaction=None, response_quality=0.5, latency_ms=0.0, tokens_used=0, was_proactive=False, context_relevance=0.5, error_occurred=False, tags=[], metadata={}), InteractionRecord(id='1bc7e4b4ecf1', timestamp='2026-05-27T09:12:59.220455', interaction_type="InteractionRecord(id='c5d7897cf5ee', timestamp='2026-05-27T09:12:59.220455', interaction_type='conversation', user_satisfaction=0.7, response_quality=0.6, latency_ms=0.0, tokens_used=0, was_proactive=False, context_relevance=0.5, error_occurred=False, tags=[], metadata={})", user_satisfaction=None, response_quality=0.5, latency_ms=0.0, tokens_used=0, was_proactive=False, context_relevance=0.5, error_occurred=False, tags=[], metadata={}), InteractionRecord(id='9136c27ef509', timestamp='2026-05-27T09:12:59.230462', interaction_type="InteractionRecord(id='3fba03fbd2b7', timestamp='2026-05-27T09:12:59.230462', interaction_type='conversation', user_satisfaction=0.7, response_quality=0.6, latency_ms=0.0, tokens_used=0, was_proactive=False, context_relevance=0.5, error_occurred=False, tags=[], metadata={})", user_satisfaction=None, response_quality=0.5, latency_ms=0.0, tokens_used=0, was_proactive=False, context_relevance=0.5, error_occurred=False, tags=[], metadata={}), InteractionRecord(id='127c509a1ff4', timestamp='2026-05-27T09:12:59.237492', interaction_type="InteractionRecord(id='a620cc390112', timestamp='2026-05-27T09:12:59.237492', interaction_type='conversation', user_satisfaction=0.7, response_quality=0.6, latency_ms=0.0, tokens_used=0, was_proactive=False, context_relevance=0.5, error_occurred=False, tags=[], metadata={})", user_satisfaction=None, response_quality=0.5, latency_ms=0.0, tokens_used=0, was_proactive=False, context_relevance=0.5, error_occurred=False, tags=[], metadata={}), InteractionRecord(id='ea25b76271ec', timestamp='2026-05-27T09:12:59.242548', interaction_type="InteractionRecord(id='6496ea3b444b', timestamp='2026-05-27T09:12:59.242548', interaction_type='conversation', user_satisfaction=0.7, response_quality=0.6, latency_ms=0.0, tokens_used=0, was_proactive=False, context_relevance=0.5, error_occurred=False, tags=[], metadata={})", user_satisfaction=None, response_quality=0.5, latency_ms=0.0, tokens_used=0, was_proactive=False, context_relevance=0.5, error_occurred=False, tags=[], metadata={}), InteractionRecord(id='53b7ba403f88', timestamp='2026-05-27T09:12:59.242548', interaction_type="InteractionRecord(id='692a8a14123b', timestamp='2026-05-27T09:12:59.242548', interaction_type='conversation', user_satisfaction=0.7, response_quality=0.6, latency_ms=0.0, tokens_used=0, was_proactive=False, context_relevance=0.5, error_occurred=False, tags=[], metadata={})", user_satisfaction=None, response_quality=0.5, latency_ms=0.0, tokens_used=0, was_proactive=False, context_relevance=0.5, error_occurred=False, tags=[], metadata={}), InteractionRecord(id='f2aa141d3867', timestamp='2026-05-27T09:12:59.254989', interaction_type="InteractionRecord(id='37519ba78c06', timestamp='2026-05-27T09:12:59.254989', interaction_type='conversation', user_satisfaction=0.7, response_quality=0.6, latency_ms=0.0, tokens_used=0, was_proactive=False, context_relevance=0.5, error_occurred=False, tags=[], metadata={})", user_satisfaction=None, response_quality=0.5, latency_ms=0.0, tokens_used=0, was_proactive=False, context_relevance=0.5, error_occurred=False, tags=[], metadata={}), InteractionRecord(id='e9f2782ffc4b', timestamp='2026-05-27T09:12:59.254989', interaction_type="InteractionRecord(id='2e48c80a6b8b', timestamp='2026-05-27T09:12:59.254989', interaction_type='conversation', user_satisfaction=0.7, response_quality=0.6, latency_ms=0.0, tokens_used=0, was_proactive=False, context_relevance=0.5, error_occurred=False, tags=[], metadata={})", user_satisfaction=None, response_quality=0.5, latency_ms=0.0, tokens_used=0, was_proactive=False, context_relevance=0.5, error_occurred=False, tags=[], metadata={}), InteractionRecord(id='6f250e1fb18b', timestamp='2026-05-27T09:12:59.275983', interaction_type="InteractionRecord(id='92ce7801920c', timestamp='2026-05-27T09:12:59.275983', interaction_type='conversation', user_satisfaction=0.7, response_quality=0.6, latency_ms=0.0, tokens_used=0, was_proactive=False, context_relevance=0.5, error_occurred=False, tags=[], metadata={})", user_satisfaction=None, response_quality=0.5, latency_ms=0.0, tokens_used=0, was_proactive=False, context_relevance=0.5, error_occurred=False, tags=[], metadata={}), InteractionRecord(id='cbf16f2cecc4', timestamp='2026-05-27T09:12:59.275983', interaction_type="InteractionRecord(id='249693b68fbb', timestamp='2026-05-27T09:12:59.275983', interaction_type='conversation', user_satisfaction=0.7, response_quality=0.6, latency_ms=0.0, tokens_used=0, was_proactive=False, context_relevance=0.5, error_occurred=False, tags=[], metadata={})", user_satisfaction=None, response_quality=0.5, latency_ms=0.0, tokens_used=0, was_proactive=False, context_relevance=0.5, error_occurred=False, tags=[], metadata={}), InteractionRecord(id='8ee27abbf338', timestamp='2026-05-27T09:12:59.288427', interaction_type="InteractionRecord(id='980fe317d413', timestamp='2026-05-27T09:12:59.288427', interaction_type='conversation', user_satisfaction=0.7, response_quality=0.6, latency_ms=0.0, tokens_used=0, was_proactive=False, context_relevance=0.5, error_occurred=False, tags=[], metadata={})", user_satisfaction=None, response_quality=0.5, latency_ms=0.0, tokens_used=0, was_proactive=False, context_relevance=0.5, error_occurred=False, tags=[], metadata={}), InteractionRecord(id='10456720d7b8', timestamp='2026-05-27T09:12:59.303476', interaction_type="InteractionRecord(id='a7493c516c69', timestamp='2026-05-27T09:12:59.303476', interaction_type='conversation', user_satisfaction=0.7, response_quality=0.6, latency_ms=0.0, tokens_used=0, was_proactive=False, context_relevance=0.5, error_occurred=False, tags=[], metadata={})", user_satisfaction=None, response_quality=0.5, latency_ms=0.0, tokens_used=0, was_proactive=False, context_relevance=0.5, error_occurred=False, tags=[], metadata={}), InteractionRecord(id='04f04c49e2ea', timestamp='2026-05-27T09:12:59.304962', interaction_type="InteractionRecord(id='040fb17439bc', timestamp='2026-05-27T09:12:59.304962', interaction_type='conversation', user_satisfaction=0.7, response_quality=0.6, latency_ms=0.0, tokens_used=0, was_proactive=False, context_relevance=0.5, error_occurred=False, tags=[], metadata={})", user_satisfaction=None, response_quality=0.5, latency_ms=0.0, tokens_used=0, was_proactive=False, context_relevance=0.5, error_occurred=False, tags=[], metadata={}), InteractionRecord(id='792f8d709c43', timestamp='2026-05-27T09:12:59.321679', interaction_type="InteractionRecord(id='c6cf2f4f46ac', timestamp='2026-05-27T09:12:59.321679', interaction_type='conversation', user_satisfaction=0.7, response_quality=0.6, latency_ms=0.0, tokens_used=0, was_proactive=False, context_relevance=0.5, error_occurred=False, tags=[], metadata={})", user_satisfaction=None, response_quality=0.5, latency_ms=0.0, tokens_used=0, was_proactive=False, context_relevance=0.5, error_occurred=False, tags=[], metadata={}), InteractionRecord(id='a551d5b9f7ff', timestamp='2026-05-27T09:12:59.321679', interaction_type="InteractionRecord(id='e0d8d763c3c3', timestamp='2026-05-27T09:12:59.321679', interaction_type='conversation', user_satisfaction=0.7, response_quality=0.6, latency_ms=0.0, tokens_used=0, was_proactive=False, context_relevance=0.5, error_occurred=False, tags=[], metadata={})", user_satisfaction=None, response_quality=0.5, latency_ms=0.0, tokens_used=0, was_proactive=False, context_relevance=0.5, error_occurred=False, tags=[], metadata={}), InteractionRecord(id='2961cf0e6c47', timestamp='2026-05-27T09:12:59.342439', interaction_type="InteractionRecord(id='e0c0c09d21e6', timestamp='2026-05-27T09:12:59.342439', interaction_type='conversation', user_satisfaction=0.7, response_quality=0.6, latency_ms=0.0, tokens_used=0, was_proactive=False, context_relevance=0.5, error_occurred=False, tags=[], metadata={})", user_satisfaction=None, response_quality=0.5, latency_ms=0.0, tokens_used=0, was_proactive=False, context_relevance=0.5, error_occurred=False, tags=[], metadata={}), InteractionRecord(id='85ca605c08f1', timestamp='2026-05-27T09:12:59.354904', interaction_type="InteractionRecord(id='4ae373822d13', timestamp='2026-05-27T09:12:59.354904', interaction_type='conversation', user_satisfaction=0.7, response_quality=0.6, latency_ms=0.0, tokens_used=0, was_proactive=False, context_relevance=0.5, error_occurred=False, tags=[], metadata={})", user_satisfaction=None, response_quality=0.5, latency_ms=0.0, tokens_used=0, was_proactive=False, context_relevance=0.5, error_occurred=False, tags=[], metadata={}), InteractionRecord(id='49d8213fe177', timestamp='2026-05-27T09:12:59.368191', interaction_type="InteractionRecord(id='bb723c9087de', timestamp='2026-05-27T09:12:59.368191', interaction_type='conversation', user_satisfaction=0.7, response_quality=0.6, latency_ms=0.0, tokens_used=0, was_proactive=False, context_relevance=0.5, error_occurred=False, tags=[], metadata={})", user_satisfaction=None, response_quality=0.5, latency_ms=0.0, tokens_used=0, was_proactive=False, context_relevance=0.5, error_occurred=False, tags=[], metadata={}), InteractionRecord(id='93fb4ac4676d', timestamp='2026-05-27T09:12:59.379113', interaction_type="InteractionRecord(id='8b902d777c91', timestamp='2026-05-27T09:12:59.379113', interaction_type='conversation', user_satisfaction=0.7, response_quality=0.6, latency_ms=0.0, tokens_used=0, was_proactive=False, context_relevance=0.5, error_occurred=False, tags=[], metadata={})", user_satisfaction=None, response_quality=0.5, latency_ms=0.0, tokens_used=0, was_proactive=False, context_relevance=0.5, error_occurred=False, tags=[], metadata={}), InteractionRecord(id='78becf26b21c', timestamp='2026-05-27T09:12:59.389784', interaction_type="InteractionRecord(id='06c755a78432', timestamp='2026-05-27T09:12:59.389784', interaction_type='conversation', user_satisfaction=0.7, response_quality=0.6, latency_ms=0.0, tokens_used=0, was_proactive=False, context_relevance=0.5, error_occurred=False, tags=[], metadata={})", user_satisfaction=None, response_quality=0.5, latency_ms=0.0, tokens_used=0, was_proactive=False, context_relevance=0.5, error_occurred=False, tags=[], metadata={}), InteractionRecord(id='ed396d97c512', timestamp='2026-05-27T09:12:59.402035', interaction_type="InteractionRecord(id='368a01e0e7e1', timestamp='2026-05-27T09:12:59.402035', interaction_type='conversation', user_satisfaction=0.7, response_quality=0.6, latency_ms=0.0, tokens_used=0, was_proactive=False, context_relevance=0.5, error_occurred=False, tags=[], metadata={})", user_satisfaction=None, response_quality=0.5, latency_ms=0.0, tokens_used=0, was_proactive=False, context_relevance=0.5, error_occurred=False, tags=[], metadata={}), InteractionRecord(id='c76da2090116', timestamp='2026-05-27T09:12:59.407165', interaction_type="InteractionRecord(id='32484b38227d', timestamp='2026-05-27T09:12:59.407165', interaction_type='conversation', user_satisfaction=0.7, response_quality=0.6, latency_ms=0.0, tokens_used=0, was_proactive=False, context_relevance=0.5, error_occurred=False, tags=[], metadata={})", user_satisfaction=None, response_quality=0.5, latency_ms=0.0, tokens_used=0, was_proactive=False, context_relevance=0.5, error_occurred=False, tags=[], metadata={}), InteractionRecord(id='ee4d836fb8e6', timestamp='2026-05-27T09:12:59.429098', interaction_type="InteractionRecord(id='737e15b91a35', timestamp='2026-05-27T09:12:59.429098', interaction_type='conversation', user_satisfaction=0.7, response_quality=0.6, latency_ms=0.0, tokens_used=0, was_proactive=False, context_relevance=0.5, error_occurred=False, tags=[], metadata={})", user_satisfaction=None, response_quality=0.5, latency_ms=0.0, tokens_used=0, was_proactive=False, context_relevance=0.5, error_occurred=False, tags=[], metadata={}), InteractionRecord(id='c705a53daddd', timestamp='2026-05-27T09:12:59.441098', interaction_type="InteractionRecord(id='07b06f86061b', timestamp='2026-05-27T09:12:59.441098', interaction_type='conversation', user_satisfaction=0.7, response_quality=0.6, latency_ms=0.0, tokens_used=0, was_proactive=False, context_relevance=0.5, error_occurred=False, tags=[], metadata={})", user_satisfaction=None, response_quality=0.5, latency_ms=0.0, tokens_used=0, was_proactive=False, context_relevance=0.5, error_occurred=False, tags=[], metadata={}), InteractionRecord(id='9c97f1317e86', timestamp='2026-05-27T09:12:59.455405', interaction_type="InteractionRecord(id='92aedd8acdd8', timestamp='2026-05-27T09:12:59.455405', interaction_type='conversation', user_satisfaction=0.7, response_quality=0.6, latency_ms=0.0, tokens_used=0, was_proactive=False, context_relevance=0.5, error_occurred=False, tags=[], metadata={})", user_satisfaction=None, response_quality=0.5, latency_ms=0.0, tokens_used=0, was_proactive=False, context_relevance=0.5, error_occurred=False, tags=[], metadata={}), InteractionRecord(id='0b1c4d6681a0', timestamp='2026-05-27T09:12:59.467953', interaction_type="InteractionRecord(id='242ce263b604', timestamp='2026-05-27T09:12:59.467953', interaction_type='conversation', user_satisfaction=0.7, response_quality=0.6, latency_ms=0.0, tokens_used=0, was_proactive=False, context_relevance=0.5, error_occurred=False, tags=[], metadata={})", user_satisfaction=None, response_quality=0.5, latency_ms=0.0, tokens_used=0, was_proactive=False, context_relevance=0.5, error_occurred=False, tags=[], metadata={}), InteractionRecord(id='b2e610154dd8', timestamp='2026-05-27T09:12:59.478994', interaction_type="InteractionRecord(id='5adac2d5f8ae', timestamp='2026-05-27T09:12:59.478994', interaction_type='conversation', user_satisfaction=0.7, response_quality=0.6, latency_ms=0.0, tokens_used=0, was_proactive=False, context_relevance=0.5, error_occurred=False, tags=[], metadata={})", user_satisfaction=None, response_quality=0.5, latency_ms=0.0, tokens_used=0, was_proactive=False, context_relevance=0.5, error_occurred=False, tags=[], metadata={}), InteractionRecord(id='177968a997fc', timestamp='2026-05-27T09:12:59.487994', interaction_type="InteractionRecord(id='6d4ffc54e3f3', timestamp='2026-05-27T09:12:59.487994', interaction_type='conversation', user_satisfaction=0.7, response_quality=0.6, latency_ms=0.0, tokens_used=0, was_proactive=False, context_relevance=0.5, error_occurred=False, tags=[], metadata={})", user_satisfaction=None, response_quality=0.5, latency_ms=0.0, tokens_used=0, was_proactive=False, context_relevance=0.5, error_occurred=False, tags=[], metadata={}), InteractionRecord(id='8763728bec7a', timestamp='2026-05-27T09:12:59.496993', interaction_type="InteractionRecord(id='5bbd55d6f243', timestamp='2026-05-27T09:12:59.496993', interaction_type='conversation', user_satisfaction=0.7, response_quality=0.6, latency_ms=0.0, tokens_used=0, was_proactive=False, context_relevance=0.5, error_occurred=False, tags=[], metadata={})", user_satisfaction=None, response_quality=0.5, latency_ms=0.0, tokens_used=0, was_proactive=False, context_relevance=0.5, error_occurred=False, tags=[], metadata={}), InteractionRecord(id='8c56cb83b529', timestamp='2026-05-27T09:12:59.505994', interaction_type="InteractionRecord(id='971f6c23728e', timestamp='2026-05-27T09:12:59.505994', interaction_type='conversation', user_satisfaction=0.7, response_quality=0.6, latency_ms=0.0, tokens_used=0, was_proactive=False, context_relevance=0.5, error_occurred=False, tags=[], metadata={})", user_satisfaction=None, response_quality=0.5, latency_ms=0.0, tokens_used=0, was_proactive=False, context_relevance=0.5, error_occurred=False, tags=[], metadata={}), InteractionRecord(id='28d8310b5b35', timestamp='2026-05-27T09:12:59.505994', interaction_type="InteractionRecord(id='bc28282fd11a', timestamp='2026-05-27T09:12:59.505994', interaction_type='conversation', user_satisfaction=0.7, response_quality=0.6, latency_ms=0.0, tokens_used=0, was_proactive=False, context_relevance=0.5, error_occurred=False, tags=[], metadata={})", user_satisfaction=None, response_quality=0.5, latency_ms=0.0, tokens_used=0, was_proactive=False, context_relevance=0.5, error_occurred=False, tags=[], metadata={}), InteractionRecord(id='2d092e1f6952', timestamp='2026-05-27T09:12:59.522195', interaction_type="InteractionRecord(id='d002d399abdf', timestamp='2026-05-27T09:12:59.522195', interaction_type='conversation', user_satisfaction=0.7, response_quality=0.6, latency_ms=0.0, tokens_used=0, was_proactive=False, context_relevance=0.5, error_occurred=False, tags=[], metadata={})", user_satisfaction=None, response_quality=0.5, latency_ms=0.0, tokens_used=0, was_proactive=False, context_relevance=0.5, error_occurred=False, tags=[], metadata={}), InteractionRecord(id='8278d174157e', timestamp='2026-05-27T09:12:59.542849', interaction_type="InteractionRecord(id='5525dc14504f', timestamp='2026-05-27T09:12:59.542849', interaction_type='conversation', user_satisfaction=0.7, response_quality=0.6, latency_ms=0.0, tokens_used=0, was_proactive=False, context_relevance=0.5, error_occurred=False, tags=[], metadata={})", user_satisfaction=None, response_quality=0.5, latency_ms=0.0, tokens_used=0, was_proactive=False, context_relevance=0.5, error_occurred=False, tags=[], metadata={}), InteractionRecord(id='1ae3606e3402', timestamp='2026-05-27T09:12:59.542849', interaction_type="InteractionRecord(id='828ecb79fda0', timestamp='2026-05-27T09:12:59.542849', interaction_type='conversation', user_satisfaction=0.7, response_quality=0.6, latency_ms=0.0, tokens_used=0, was_proactive=False, context_relevance=0.5, error_occurred=False, tags=[], metadata={})", user_satisfaction=None, response_quality=0.5, latency_ms=0.0, tokens_used=0, was_proactive=False, context_relevance=0.5, error_occurred=False, tags=[], metadata={}), InteractionRecord(id='cdb676cad5b2', timestamp='2026-05-27T09:12:59.555401', interaction_type="InteractionRecord(id='a905bf003636', timestamp='2026-05-27T09:12:59.555401', interaction_type='conversation', user_satisfaction=0.7, response_quality=0.6, latency_ms=0.0, tokens_used=0, was_proactive=False, context_relevance=0.5, error_occurred=False, tags=[], metadata={})", user_satisfaction=None, response_quality=0.5, latency_ms=0.0, tokens_used=0, was_proactive=False, context_relevance=0.5, error_occurred=False, tags=[], metadata={}), InteractionRecord(id='bd41d0263dda', timestamp='2026-05-27T09:12:59.572278', interaction_type="InteractionRecord(id='db806dc0f151', timestamp='2026-05-27T09:12:59.572278', interaction_type='conversation', user_satisfaction=0.7, response_quality=0.6, latency_ms=0.0, tokens_used=0, was_proactive=False, context_relevance=0.5, error_occurred=False, tags=[], metadata={})", user_satisfaction=None, response_quality=0.5, latency_ms=0.0, tokens_used=0, was_proactive=False, context_relevance=0.5, error_occurred=False, tags=[], metadata={}), InteractionRecord(id='b2d5c0f1768e', timestamp='2026-05-27T09:12:59.582175', interaction_type="InteractionRecord(id='30f4e1e25b5f', timestamp='2026-05-27T09:12:59.582175', interaction_type='conversation', user_satisfaction=0.7, response_quality=0.6, latency_ms=0.0, tokens_used=0, was_proactive=False, context_relevance=0.5, error_occurred=False, tags=[], metadata={})", user_satisfaction=None, response_quality=0.5, latency_ms=0.0, tokens_used=0, was_proactive=False, context_relevance=0.5, error_occurred=False, tags=[], metadata={}), InteractionRecord(id='e035d628a585', timestamp='2026-05-27T09:12:59.588741', interaction_type="InteractionRecord(id='cc3a99e8306f', timestamp='2026-05-27T09:12:59.588741', interaction_type='conversation', user_satisfaction=0.7, response_quality=0.6, latency_ms=0.0, tokens_used=0, was_proactive=False, context_relevance=0.5, error_occurred=False, tags=[], metadata={})", user_satisfaction=None, response_quality=0.5, latency_ms=0.0, tokens_used=0, was_proactive=False, context_relevance=0.5, error_occurred=False, tags=[], metadata={}), InteractionRecord(id='c0f21d4d0641', timestamp='2026-05-27T09:12:59.588741', interaction_type="InteractionRecord(id='c91b0052732f', timestamp='2026-05-27T09:12:59.588741', interaction_type='conversation', user_satisfaction=0.7, response_quality=0.6, latency_ms=0.0, tokens_used=0, was_proactive=False, context_relevance=0.5, error_occurred=False, tags=[], metadata={})", user_satisfaction=None, response_quality=0.5, latency_ms=0.0, tokens_used=0, was_proactive=False, context_relevance=0.5, error_occurred=False, tags=[], metadata={}), InteractionRecord(id='61713e03588d', timestamp='2026-05-27T09:12:59.612311', interaction_type="InteractionRecord(id='b1c47b67ff95', timestamp='2026-05-27T09:12:59.612311', interaction_type='conversation', user_satisfaction=0.7, response_quality=0.6, latency_ms=0.0, tokens_used=0, was_proactive=False, context_relevance=0.5, error_occurred=False, tags=[], metadata={})", user_satisfaction=None, response_quality=0.5, latency_ms=0.0, tokens_used=0, was_proactive=False, context_relevance=0.5, error_occurred=False, tags=[], metadata={}), InteractionRecord(id='1519ec68e213', timestamp='2026-05-27T09:12:59.625120', interaction_type="InteractionRecord(id='edc3f6d4779e', timestamp='2026-05-27T09:12:59.624120', interaction_type='conversation', user_satisfaction=0.7, response_quality=0.6, latency_ms=0.0, tokens_used=0, was_proactive=False, context_relevance=0.5, error_occurred=False, tags=[], metadata={})", user_satisfaction=None, response_quality=0.5, latency_ms=0.0, tokens_used=0, was_proactive=False, context_relevance=0.5, error_occurred=False, tags=[], metadata={}), InteractionRecord(id='2f8774af1832', timestamp='2026-05-27T09:12:59.634124', interaction_type="InteractionRecord(id='26c980c81e67', timestamp='2026-05-27T09:12:59.634124', interaction_type='conversation', user_satisfaction=0.7, response_quality=0.6, latency_ms=0.0, tokens_used=0, was_proactive=False, context_relevance=0.5, error_occurred=False, tags=[], metadata={})", user_satisfaction=None, response_quality=0.5, latency_ms=0.0, tokens_used=0, was_proactive=False, context_relevance=0.5, error_occurred=False, tags=[], metadata={}), InteractionRecord(id='fe00cc00e099', timestamp='2026-05-27T09:12:59.645633', interaction_type="InteractionRecord(id='880f716f6a00', timestamp='2026-05-27T09:12:59.645633', interaction_type='conversation', user_satisfaction=0.7, response_quality=0.6, latency_ms=0.0, tokens_used=0, was_proactive=False, context_relevance=0.5, error_occurred=False, tags=[], metadata={})", user_satisfaction=None, response_quality=0.5, latency_ms=0.0, tokens_used=0, was_proactive=False, context_relevance=0.5, error_occurred=False, tags=[], metadata={}), InteractionRecord(id='86c26972ab30', timestamp='2026-05-27T09:12:59.655657', interaction_type="InteractionRecord(id='7c50e00fe662', timestamp='2026-05-27T09:12:59.655657', interaction_type='conversation', user_satisfaction=0.7, response_quality=0.6, latency_ms=0.0, tokens_used=0, was_proactive=False, context_relevance=0.5, error_occurred=False, tags=[], metadata={})", user_satisfaction=None, response_quality=0.5, latency_ms=0.0, tokens_used=0, was_proactive=False, context_relevance=0.5, error_occurred=False, tags=[], metadata={}), InteractionRecord(id='e27ca8e528a2', timestamp='2026-05-27T09:12:59.655657', interaction_type="InteractionRecord(id='bc791295facf', timestamp='2026-05-27T09:12:59.655657', interaction_type='conversation', user_satisfaction=0.7, response_quality=0.6, latency_ms=0.0, tokens_used=0, was_proactive=False, context_relevance=0.5, error_occurred=False, tags=[], metadata={})", user_satisfaction=None, response_quality=0.5, latency_ms=0.0, tokens_used=0, was_proactive=False, context_relevance=0.5, error_occurred=False, tags=[], metadata={}), InteractionRecord(id='d8b6529686c6', timestamp='2026-05-27T09:12:59.672158', interaction_type="InteractionRecord(id='8ae94a8122ce', timestamp='2026-05-27T09:12:59.672158', interaction_type='conversation', user_satisfaction=0.7, response_quality=0.6, latency_ms=0.0, tokens_used=0, was_proactive=False, context_relevance=0.5, error_occurred=False, tags=[], metadata={})", user_satisfaction=None, response_quality=0.5, latency_ms=0.0, tokens_used=0, was_proactive=False, context_relevance=0.5, error_occurred=False, tags=[], metadata={}), InteractionRecord(id='a01290506102', timestamp='2026-05-27T09:12:59.688288', interaction_type="InteractionRecord(id='14353aa866a0', timestamp='2026-05-27T09:12:59.688288', interaction_type='conversation', user_satisfaction=0.7, response_quality=0.6, latency_ms=0.0, tokens_used=0, was_proactive=False, context_relevance=0.5, error_occurred=False, tags=[], metadata={})", user_satisfaction=None, response_quality=0.5, latency_ms=0.0, tokens_used=0, was_proactive=False, context_relevance=0.5, error_occurred=False, tags=[], metadata={}), InteractionRecord(id='f613edeae038', timestamp='2026-05-27T09:12:59.704973', interaction_type="InteractionRecord(id='4e2448efebf4', timestamp='2026-05-27T09:12:59.704973', interaction_type='conversation', user_satisfaction=0.7, response_quality=0.6, latency_ms=0.0, tokens_used=0, was_proactive=False, context_relevance=0.5, error_occurred=False, tags=[], metadata={})", user_satisfaction=None, response_quality=0.5, latency_ms=0.0, tokens_used=0, was_proactive=False, context_relevance=0.5, error_occurred=False, tags=[], metadata={}), InteractionRecord(id='dfc735fb2093', timestamp='2026-05-27T09:12:59.721610', interaction_type="InteractionRecord(id='ecab598815b5', timestamp='2026-05-27T09:12:59.721610', interaction_type='conversation', user_satisfaction=0.7, response_quality=0.6, latency_ms=0.0, tokens_used=0, was_proactive=False, context_relevance=0.5, error_occurred=False, tags=[], metadata={})", user_satisfaction=None, response_quality=0.5, latency_ms=0.0, tokens_used=0, was_proactive=False, context_relevance=0.5, error_occurred=False, tags=[], metadata={}), InteractionRecord(id='fe4ef7ca08eb', timestamp='2026-05-27T09:12:59.721610', interaction_type="InteractionRecord(id='80c8c8207ba1', timestamp='2026-05-27T09:12:59.721610', interaction_type='conversation', user_satisfaction=0.7, response_quality=0.6, latency_ms=0.0, tokens_used=0, was_proactive=False, context_relevance=0.5, error_occurred=False, tags=[], metadata={})", user_satisfaction=None, response_quality=0.5, latency_ms=0.0, tokens_used=0, was_proactive=False, context_relevance=0.5, error_occurred=False, tags=[], metadata={}), InteractionRecord(id='3afb5a805f31', timestamp='2026-05-27T09:12:59.737030', interaction_type="InteractionRecord(id='72472fbd1217', timestamp='2026-05-27T09:12:59.737030', interaction_type='conversation', user_satisfaction=0.7, response_quality=0.6, latency_ms=0.0, tokens_used=0, was_proactive=False, context_relevance=0.5, error_occurred=False, tags=[], metadata={})", user_satisfaction=None, response_quality=0.5, latency_ms=0.0, tokens_used=0, was_proactive=False, context_relevance=0.5, error_occurred=False, tags=[], metadata={}), InteractionRecord(id='283e21e90033', timestamp='2026-05-27T09:12:59.743190', interaction_type="InteractionRecord(id='c3f772ae2c56', timestamp='2026-05-27T09:12:59.743190', interaction_type='conversation', user_satisfaction=0.7, response_quality=0.6, latency_ms=0.0, tokens_used=0, was_proactive=False, context_relevance=0.5, error_occurred=False, tags=[], metadata={})", user_satisfaction=None, response_quality=0.5, latency_ms=0.0, tokens_used=0, was_proactive=False, context_relevance=0.5, error_occurred=False, tags=[], metadata={}), InteractionRecord(id='fb126514cb98', timestamp='2026-05-27T09:12:59.743190', interaction_type="InteractionRecord(id='ee4657014fda', timestamp='2026-05-27T09:12:59.743190', interaction_type='conversation', user_satisfaction=0.7, response_quality=0.6, latency_ms=0.0, tokens_used=0, was_proactive=False, context_relevance=0.5, error_occurred=False, tags=[], metadata={})", user_satisfaction=None, response_quality=0.5, latency_ms=0.0, tokens_used=0, was_proactive=False, context_relevance=0.5, error_occurred=False, tags=[], metadata={}), InteractionRecord(id='0e738b8d19a0', timestamp='2026-05-27T09:12:59.755656', interaction_type="InteractionRecord(id='488231092a2f', timestamp='2026-05-27T09:12:59.755656', interaction_type='conversation', user_satisfaction=0.7, response_quality=0.6, latency_ms=0.0, tokens_used=0, was_proactive=False, context_relevance=0.5, error_occurred=False, tags=[], metadata={})", user_satisfaction=None, response_quality=0.5, latency_ms=0.0, tokens_used=0, was_proactive=False, context_relevance=0.5, error_occurred=False, tags=[], metadata={}), InteractionRecord(id='ac25f59080c0', timestamp='2026-05-27T09:13:46.370191', interaction_type="InteractionRecord(id='f77a3070d970', timestamp='2026-05-27T09:13:46.370191', interaction_type='conversation', user_satisfaction=0.8, response_quality=0.7, latency_ms=500, tokens_used=0, was_proactive=False, context_relevance=0.5, error_occurred=False, tags=[], metadata={})", user_satisfaction=None, response_quality=0.5, latency_ms=0.0, tokens_used=0, was_proactive=False, context_relevance=0.5, error_occurred=False, tags=[], metadata={})])
 +    where [InteractionRecord(id='e2f3da450bf4', timestamp='2026-05-25T19:14:24.068595', interaction_type='test query', user_satisfaction={'response_time': 100, 'mode': 'general'}, response_quality='test response', latency_ms=0.0, tokens_used=0, was_proactive=False, context_relevance=0.5, error_occurred=False, tags=[], metadata={}), InteractionRecord(id='525ae9afde7b', timestamp='2026-05-27T01:07:36.950688', interaction_type={'id': 'f89520ae7416', 'timestamp': '2026-05-27T01:07:36.950688', 'interaction_type': 'conversation', 'user_satisfaction': 0.8, 'response_quality': 0.7, 'latency_ms': 500, 'tokens_used': 0, 'was_proactive': False, 'context_relevance': 0.5, 'error_occurred': False, 'tags': [], 'metadata': {}}, user_satisfaction=None, response_quality=0.5, latency_ms=0.0, tokens_used=0, was_proactive=False, context_relevance=0.5, error_occurred=False, tags=[], metadata={}), InteractionRecord(id='8a7476e778f6', timestamp='2026-05-27T01:07:37.081324', interaction_type={'id': '5bf89541dc64', 'timestamp': '2026-05-27T01:07:37.081324', 'interaction_type': 'conversation', 'user_satisfaction': 0.7, 'response_quality': 0.6, 'latency_ms': 400, 'tokens_used': 0, 'was_proactive': False, 'context_relevance': 0.5, 'error_occurred': False, 'tags': [], 'metadata': {}}, user_satisfaction=None, response_quality=0.5, latency_ms=0.0, tokens_used=0, was_proactive=False, context_relevance=0.5, error_occurred=False, tags=[], metadata={}), InteractionRecord(id='31cbedddbe59', timestamp='2026-05-27T01:07:37.081324', interaction_type={'id': '2da4e70d940f', 'timestamp': '2026-05-27T01:07:37.081324', 'interaction_type': 'conversation', 'user_satisfaction': 0.7999999999999999, 'response_quality': 0.8, 'latency_ms': 450, 'tokens_used': 0, 'was_proactive': False, 'context_relevance': 0.5, 'error_occurred': False, 'tags': [], 'metadata': {}}, user_satisfaction=None, response_quality=0.5, latency_ms=0.0, tokens_used=0, was_proactive=False, context_relevance=0.5, error_occurred=False, tags=[], metadata={}), InteractionRecord(id='34b8fe0379a2', timestamp='2026-05-27T01:07:37.081324', interaction_type={'id': 'f4ab18965d6f', 'timestamp': '2026-05-27T01:07:37.081324', 'interaction_type': 'conversation', 'user_satisfaction': 0.8999999999999999, 'response_quality': 0.6, 'latency_ms': 500, 'tokens_used': 0, 'was_proactive': False, 'context_relevance': 0.5, 'error_occurred': False, 'tags': [], 'metadata': {}}, user_satisfaction=None, response_quality=0.5, latency_ms=0.0, tokens_used=0, was_proactive=False, context_relevance=0.5, error_occurred=False, tags=[], metadata={}), InteractionRecord(id='f8eb52a200a7', timestamp='2026-05-27T01:07:37.081324', interaction_type={'id': '6fe10ef5cf7f', 'timestamp': '2026-05-27T01:07:37.081324', 'interaction_type': 'conversation', 'user_satisfaction': 0.7, 'response_quality': 0.8, 'latency_ms': 550, 'tokens_used': 0, 'was_proactive': False, 'context_relevance': 0.5, 'error_occurred': False, 'tags': [], 'metadata': {}}, user_satisfaction=None, response_quality=0.5, latency_ms=0.0, tokens_used=0, was_proactive=False, context_relevance=0.5, error_occurred=False, tags=[], metadata={}), InteractionRecord(id='f8fa6c8b1fd8', timestamp='2026-05-27T01:07:37.092250', interaction_type={'id': '030ca84ffde5', 'timestamp': '2026-05-27T01:07:37.092250', 'interaction_type': 'conversation', 'user_satisfaction': 0.7999999999999999, 'response_quality': 0.6, 'latency_ms': 600, 'tokens_used': 0, 'was_proactive': False, 'context_relevance': 0.5, 'error_occurred': False, 'tags': [], 'metadata': {}}, user_satisfaction=None, response_quality=0.5, latency_ms=0.0, tokens_used=0, was_proactive=False, context_relevance=0.5, error_occurred=False, tags=[], metadata={}), InteractionRecord(id=inf, timestamp='2026-05-27T01:07:37.092818', interaction_type={'id': '3253838b53d3', 'timestamp': '2026-05-27T01:07:37.092818', 'interaction_type': 'conversation', 'user_satisfaction': 0.8999999999999999, 'response_quality': 0.8, 'latency_ms': 650, 'tokens_used': 0, 'was_proactive': False, 'context_relevance': 0.5, 'error_occurred': False, 'tags': [], 'metadata': {}}, user_satisfaction=None, response_quality=0.5, latency_ms=0.0, tokens_used=0, was_proactive=False, context_relevance=0.5, error_occurred=False, tags=[], metadata={}), InteractionRecord(id='fe5ae29f38fe', timestamp='2026-05-27T01:07:37.092818', interaction_type={'id': '0163153cb2b4', 'timestamp': '2026-05-27T01:07:37.092818', 'interaction_type': 'conversation', 'user_satisfaction': 0.7, 'response_quality': 0.6, 'latency_ms': 700, 'tokens_used': 0, 'was_proactive': False, 'context_relevance': 0.5, 'error_occurred': False, 'tags': [], 'metadata': {}}, user_satisfaction=None, response_quality=0.5, latency_ms=0.0, tokens_used=0, was_proactive=False, context_relevance=0.5, error_occurred=False, tags=[], metadata={}), InteractionRecord(id='a94266b0e6dc', timestamp='2026-05-27T01:07:37.092818', interaction_type={'id': '6ef735dc7502', 'timestamp': '2026-05-27T01:07:37.092818', 'interaction_type': 'conversation', 'user_satisfaction': 0.7999999999999999, 'response_quality': 0.8, 'latency_ms': 750, 'tokens_used': 0, 'was_proactive': False, 'context_relevance': 0.5, 'error_occurred': False, 'tags': [], 'metadata': {}}, user_satisfaction=None, response_quality=0.5, latency_ms=0.0, tokens_used=0, was_proactive=False, context_relevance=0.5, error_occurred=False, tags=[], metadata={}), InteractionRecord(id='5ebebf2085dd', timestamp='2026-05-27T01:07:37.092818', interaction_type={'id': 'a3e7b6f22bc4', 'timestamp': '2026-05-27T01:07:37.092818', 'interaction_type': 'conversation', 'user_satisfaction': 0.8999999999999999, 'response_quality': 0.6, 'latency_ms': 800, 'tokens_used': 0, 'was_proactive': False, 'context_relevance': 0.5, 'error_occurred': False, 'tags': [], 'metadata': {}}, user_satisfaction=None, response_quality=0.5, latency_ms=0.0, tokens_used=0, was_proactive=False, context_relevance=0.5, error_occurred=False, tags=[], metadata={}), InteractionRecord(id='eddded8b8029', timestamp='2026-05-27T01:07:37.092818', interaction_type={'id': 'ed9cfb60e2f0', 'timestamp': '2026-05-27T01:07:37.092818', 'interaction_type': 'conversation', 'user_satisfaction': 0.7, 'response_quality': 0.8, 'latency_ms': 850, 'tokens_used': 0, 'was_proactive': False, 'context_relevance': 0.5, 'error_occurred': False, 'tags': [], 'metadata': {}}, user_satisfaction=None, response_quality=0.5, latency_ms=0.0, tokens_used=0, was_proactive=False, context_relevance=0.5, error_occurred=False, tags=[], metadata={}), InteractionRecord(id='46426420335e', timestamp='2026-05-27T01:08:05.544697', interaction_type={'id': '49c42f07784c', 'timestamp': '2026-05-27T01:08:05.544697', 'interaction_type': 'conversation', 'user_satisfaction': 0.8, 'response_quality': 0.7, 'latency_ms': 0.0, 'tokens_used': 0, 'was_proactive': False, 'context_relevance': 0.5, 'error_occurred': False, 'tags': [], 'metadata': {}}, user_satisfaction=None, response_quality=0.5, latency_ms=0.0, tokens_used=0, was_proactive=False, context_relevance=0.5, error_occurred=False, tags=[], metadata={}), InteractionRecord(id='167b795ddba3', timestamp='2026-05-27T01:08:05.544697', interaction_type={'id': '1715974d7018', 'timestamp': '2026-05-27T01:08:05.544697', 'interaction_type': 'conversation', 'user_satisfaction': 0.8, 'response_quality': 0.7, 'latency_ms': 0.0, 'tokens_used': 0, 'was_proactive': False, 'context_relevance': 0.5, 'error_occurred': False, 'tags': [], 'metadata': {}}, user_satisfaction=None, response_quality=0.5, latency_ms=0.0, tokens_used=0, was_proactive=False, context_relevance=0.5, error_occurred=False, tags=[], metadata={}), InteractionRecord(id='2b4fe625b581', timestamp='2026-05-27T01:08:05.544697', interaction_type={'id': '8c416908236f', 'timestamp': '2026-05-27T01:08:05.544697', 'interaction_type': 'conversation', 'user_satisfaction': 0.8, 'response_quality': 0.7, 'latency_ms': 0.0, 'tokens_used': 0, 'was_proactive': False, 'context_relevance': 0.5, 'error_occurred': False, 'tags': [], 'metadata': {}}, user_satisfaction=None, response_quality=0.5, latency_ms=0.0, tokens_used=0, was_proactive=False, context_relevance=0.5, error_occurred=False, tags=[], metadata={}), InteractionRecord(id='858e39dc93dc', timestamp='2026-05-27T01:08:05.544697', interaction_type={'id': '8f752f06899d', 'timestamp': '2026-05-27T01:08:05.544697', 'interaction_type': 'conversation', 'user_satisfaction': 0.8, 'response_quality': 0.7, 'latency_ms': 0.0, 'tokens_used': 0, 'was_proactive': False, 'context_relevance': 0.5, 'error_occurred': False, 'tags': [], 'metadata': {}}, user_satisfaction=None, response_quality=0.5, latency_ms=0.0, tokens_used=0, was_proactive=False, context_relevance=0.5, error_occurred=False, tags=[], metadata={}), InteractionRecord(id='5e9b93b49461', timestamp='2026-05-27T01:08:05.544697', interaction_type={'id': '7f1ea2d502ef', 'timestamp': '2026-05-27T01:08:05.544697', 'interaction_type': 'conversation', 'user_satisfaction': 0.8, 'response_quality': 0.7, 'latency_ms': 0.0, 'tokens_used': 0, 'was_proactive': False, 'context_relevance': 0.5, 'error_occurred': False, 'tags': [], 'metadata': {}}, user_satisfaction=None, response_quality=0.5, latency_ms=0.0, tokens_used=0, was_proactive=False, context_relevance=0.5, error_occurred=False, tags=[], metadata={}), InteractionRecord(id='d51836a9cb0c', timestamp='2026-05-27T01:08:05.636825', interaction_type={'id': '82d74f817772', 'timestamp': '2026-05-27T01:08:05.636825', 'interaction_type': 'conversation', 'user_satisfaction': 0.7, 'response_quality': 0.6, 'latency_ms': 0.0, 'tokens_used': 0, 'was_proactive': False, 'context_relevance': 0.5, 'error_occurred': False, 'tags': [], 'metadata': {}}, user_satisfaction=None, response_quality=0.5, latency_ms=0.0, tokens_used=0, was_proactive=False, context_relevance=0.5, error_occurred=False, tags=[], metadata={}), InteractionRecord(id='30bf3a63473d', timestamp='2026-05-27T01:08:05.636825', interaction_type={'id': '7a27c5c07dc5', 'timestamp': '2026-05-27T01:08:05.636825', 'interaction_type': 'conversation', 'user_satisfaction': 0.7, 'response_quality': 0.6, 'latency_ms': 0.0, 'tokens_used': 0, 'was_proactive': False, 'context_relevance': 0.5, 'error_occurred': False, 'tags': [], 'metadata': {}}, user_satisfaction=None, response_quality=0.5, latency_ms=0.0, tokens_used=0, was_proactive=False, context_relevance=0.5, error_occurred=False, tags=[], metadata={}), InteractionRecord(id='c3669c27856f', timestamp='2026-05-27T01:08:05.636825', interaction_type={'id': '1c838961accb', 'timestamp': '2026-05-27T01:08:05.636825', 'interaction_type': 'conversation', 'user_satisfaction': 0.7, 'response_quality': 0.6, 'latency_ms': 0.0, 'tokens_used': 0, 'was_proactive': False, 'context_relevance': 0.5, 'error_occurred': False, 'tags': [], 'metadata': {}}, user_satisfaction=None, response_quality=0.5, latency_ms=0.0, tokens_used=0, was_proactive=False, context_relevance=0.5, error_occurred=False, tags=[], metadata={}), InteractionRecord(id='a0df3745705d', timestamp='2026-05-27T01:08:05.636825', interaction_type={'id': 'c516a733cd7e', 'timestamp': '2026-05-27T01:08:05.636825', 'interaction_type': 'conversation', 'user_satisfaction': 0.7, 'response_quality': 0.6, 'latency_ms': 0.0, 'tokens_used': 0, 'was_proactive': False, 'context_relevance': 0.5, 'error_occurred': False, 'tags': [], 'metadata': {}}, user_satisfaction=None, response_quality=0.5, latency_ms=0.0, tokens_used=0, was_proactive=False, context_relevance=0.5, error_occurred=False, tags=[], metadata={}), InteractionRecord(id='ed4882e0a997', timestamp='2026-05-27T01:08:05.643119', interaction_type={'id': '7bff6b1dc9d2', 'timestamp': '2026-05-27T01:08:05.643119', 'interaction_type': 'conversation', 'user_satisfaction': 0.7, 'response_quality': 0.6, 'latency_ms': 0.0, 'tokens_used': 0, 'was_proactive': False, 'context_relevance': 0.5, 'error_occurred': False, 'tags': [], 'metadata': {}}, user_satisfaction=None, response_quality=0.5, latency_ms=0.0, tokens_used=0, was_proactive=False, context_relevance=0.5, error_occurred=False, tags=[], metadata={}), InteractionRecord(id='c6f558e5aa22', timestamp='2026-05-27T01:08:05.643119', interaction_type={'id': 'a7fb16a569d3', 'timestamp': '2026-05-27T01:08:05.643119', 'interaction_type': 'conversation', 'user_satisfaction': 0.7, 'response_quality': 0.6, 'latency_ms': 0.0, 'tokens_used': 0, 'was_proactive': False, 'context_relevance': 0.5, 'error_occurred': False, 'tags': [], 'metadata': {}}, user_satisfaction=None, response_quality=0.5, latency_ms=0.0, tokens_used=0, was_proactive=False, context_relevance=0.5, error_occurred=False, tags=[], metadata={}), InteractionRecord(id='2b4a6ed38ed3', timestamp='2026-05-27T01:08:05.643119', interaction_type={'id': '422b6e731613', 'timestamp': '2026-05-27T01:08:05.643119', 'interaction_type': 'conversation', 'user_satisfaction': 0.7, 'response_quality': 0.6, 'latency_ms': 0.0, 'tokens_used': 0, 'was_proactive': False, 'context_relevance': 0.5, 'error_occurred': False, 'tags': [], 'metadata': {}}, user_satisfaction=None, response_quality=0.5, latency_ms=0.0, tokens_used=0, was_proactive=False, context_relevance=0.5, error_occurred=False, tags=[], metadata={}), InteractionRecord(id='17d3d749ca42', timestamp='2026-05-27T01:08:05.643119', interaction_type={'id': '8a09eaacc5d1', 'timestamp': '2026-05-27T01:08:05.643119', 'interaction_type': 'conversation', 'user_satisfaction': 0.7, 'response_quality': 0.6, 'latency_ms': 0.0, 'tokens_used': 0, 'was_proactive': False, 'context_relevance': 0.5, 'error_occurred': False, 'tags': [], 'metadata': {}}, user_satisfaction=None, response_quality=0.5, latency_ms=0.0, tokens_used=0, was_proactive=False, context_relevance=0.5, error_occurred=False, tags=[], metadata={}), InteractionRecord(id='784e5df63966', timestamp='2026-05-27T01:08:05.643119', interaction_type={'id': '738a902dedbc', 'timestamp': '2026-05-27T01:08:05.643119', 'interaction_type': 'conversation', 'user_satisfaction': 0.7, 'response_quality': 0.6, 'latency_ms': 0.0, 'tokens_used': 0, 'was_proactive': False, 'context_relevance': 0.5, 'error_occurred': False, 'tags': [], 'metadata': {}}, user_satisfaction=None, response_quality=0.5, latency_ms=0.0, tokens_used=0, was_proactive=False, context_relevance=0.5, error_occurred=False, tags=[], metadata={}), InteractionRecord(id='b2a675444082', timestamp='2026-05-27T01:08:05.643119', interaction_type={'id': '5474d20f8c84', 'timestamp': '2026-05-27T01:08:05.643119', 'interaction_type': 'conversation', 'user_satisfaction': 0.7, 'response_quality': 0.6, 'latency_ms': 0.0, 'tokens_used': 0, 'was_proactive': False, 'context_relevance': 0.5, 'error_occurred': False, 'tags': [], 'metadata': {}}, user_satisfaction=None, response_quality=0.5, latency_ms=0.0, tokens_used=0, was_proactive=False, context_relevance=0.5, error_occurred=False, tags=[], metadata={}), InteractionRecord(id='f15520c6760d', timestamp='2026-05-27T01:08:05.643119', interaction_type={'id': '8cc9e98a4366', 'timestamp': '2026-05-27T01:08:05.643119', 'interaction_type': 'conversation', 'user_satisfaction': 0.7, 'response_quality': 0.6, 'latency_ms': 0.0, 'tokens_used': 0, 'was_proactive': False, 'context_relevance': 0.5, 'error_occurred': False, 'tags': [], 'metadata': {}}, user_satisfaction=None, response_quality=0.5, latency_ms=0.0, tokens_used=0, was_proactive=False, context_relevance=0.5, error_occurred=False, tags=[], metadata={}), InteractionRecord(id='16477f0f45eb', timestamp='2026-05-27T01:08:05.643119', interaction_type={'id': '1b6e214b527f', 'timestamp': '2026-05-27T01:08:05.643119', 'interaction_type': 'conversation', 'user_satisfaction': 0.7, 'response_quality': 0.6, 'latency_ms': 0.0, 'tokens_used': 0, 'was_proactive': False, 'context_relevance': 0.5, 'error_occurred': False, 'tags': [], 'metadata': {}}, user_satisfaction=None, response_quality=0.5, latency_ms=0.0, tokens_used=0, was_proactive=False, context_relevance=0.5, error_occurred=False, tags=[], metadata={}), InteractionRecord(id='76d0f0ebf171', timestamp='2026-05-27T01:08:05.643119', interaction_type={'id': '2f9f95717a85', 'timestamp': '2026-05-27T01:08:05.643119', 'interaction_type': 'conversation', 'user_satisfaction': 0.7, 'response_quality': 0.6, 'latency_ms': 0.0, 'tokens_used': 0, 'was_proactive': False, 'context_relevance': 0.5, 'error_occurred': False, 'tags': [], 'metadata': {}}, user_satisfaction=None, response_quality=0.5, latency_ms=0.0, tokens_used=0, was_proactive=False, context_relevance=0.5, error_occurred=False, tags=[], metadata={}), InteractionRecord(id='656cde98d85c', timestamp='2026-05-27T01:08:05.643119', interaction_type={'id': '815a202c7e1c', 'timestamp': '2026-05-27T01:08:05.643119', 'interaction_type': 'conversation', 'user_satisfaction': 0.7, 'response_quality': 0.6, 'latency_ms': 0.0, 'tokens_used': 0, 'was_proactive': False, 'context_relevance': 0.5, 'error_occurred': False, 'tags': [], 'metadata': {}}, user_satisfaction=None, response_quality=0.5, latency_ms=0.0, tokens_used=0, was_proactive=False, context_relevance=0.5, error_occurred=False, tags=[], metadata={}), InteractionRecord(id='8a1a5bce7188', timestamp='2026-05-27T01:08:05.643119', interaction_type={'id': '2008d25e6167', 'timestamp': '2026-05-27T01:08:05.643119', 'interaction_type': 'conversation', 'user_satisfaction': 0.7, 'response_quality': 0.6, 'latency_ms': 0.0, 'tokens_used': 0, 'was_proactive': False, 'context_relevance': 0.5, 'error_occurred': False, 'tags': [], 'metadata': {}}, user_satisfaction=None, response_quality=0.5, latency_ms=0.0, tokens_used=0, was_proactive=False, context_relevance=0.5, error_occurred=False, tags=[], metadata={}), InteractionRecord(id='cebf16722aa4', timestamp='2026-05-27T01:08:05.643119', interaction_type={'id': '86dfdaa44116', 'timestamp': '2026-05-27T01:08:05.643119', 'interaction_type': 'conversation', 'user_satisfaction': 0.7, 'response_quality': 0.6, 'latency_ms': 0.0, 'tokens_used': 0, 'was_proactive': False, 'context_relevance': 0.5, 'error_occurred': False, 'tags': [], 'metadata': {}}, user_satisfaction=None, response_quality=0.5, latency_ms=0.0, tokens_used=0, was_proactive=False, context_relevance=0.5, error_occurred=False, tags=[], metadata={}), InteractionRecord(id='c76bcb7e61b3', timestamp='2026-05-27T01:08:05.643119', interaction_type={'id': '29c2dae9544b', 'timestamp': '2026-05-27T01:08:05.643119', 'interaction_type': 'conversation', 'user_satisfaction': 0.7, 'response_quality': 0.6, 'latency_ms': 0.0, 'tokens_used': 0, 'was_proactive': False, 'context_relevance': 0.5, 'error_occurred': False, 'tags': [], 'metadata': {}}, user_satisfaction=None, response_quality=0.5, latency_ms=0.0, tokens_used=0, was_proactive=False, context_relevance=0.5, error_occurred=False, tags=[], metadata={}), InteractionRecord(id='b827e76baca2', timestamp='2026-05-27T01:08:05.643119', interaction_type={'id': 'ce158d3fba21', 'timestamp': '2026-05-27T01:08:05.643119', 'interaction_type': 'conversation', 'user_satisfaction': 0.7, 'response_quality': 0.6, 'latency_ms': 0.0, 'tokens_used': 0, 'was_proactive': False, 'context_relevance': 0.5, 'error_occurred': False, 'tags': [], 'metadata': {}}, user_satisfaction=None, response_quality=0.5, latency_ms=0.0, tokens_used=0, was_proactive=False, context_relevance=0.5, error_occurred=False, tags=[], metadata={}), InteractionRecord(id='d91e2d0180c1', timestamp='2026-05-27T01:08:05.643119', interaction_type={'id': 'bb024e24cadf', 'timestamp': '2026-05-27T01:08:05.643119', 'interaction_type': 'conversation', 'user_satisfaction': 0.7, 'response_quality': 0.6, 'latency_ms': 0.0, 'tokens_used': 0, 'was_proactive': False, 'context_relevance': 0.5, 'error_occurred': False, 'tags': [], 'metadata': {}}, user_satisfaction=None, response_quality=0.5, latency_ms=0.0, tokens_used=0, was_proactive=False, context_relevance=0.5, error_occurred=False, tags=[], metadata={}), InteractionRecord(id='1ed2480e1e2e', timestamp='2026-05-27T01:08:05.659216', interaction_type={'id': '43ac1dbcd36e', 'timestamp': '2026-05-27T01:08:05.659216', 'interaction_type': 'conversation', 'user_satisfaction': 0.7, 'response_quality': 0.6, 'latency_ms': 0.0, 'tokens_used': 0, 'was_proactive': False, 'context_relevance': 0.5, 'error_occurred': False, 'tags': [], 'metadata': {}}, user_satisfaction=None, response_quality=0.5, latency_ms=0.0, tokens_used=0, was_proactive=False, context_relevance=0.5, error_occurred=False, tags=[], metadata={}), InteractionRecord(id='ec4133fef290', timestamp='2026-05-27T01:08:05.661049', interaction_type={'id': 'b207efc947ea', 'timestamp': '2026-05-27T01:08:05.661049', 'interaction_type': 'conversation', 'user_satisfaction': 0.7, 'response_quality': 0.6, 'latency_ms': 0.0, 'tokens_used': 0, 'was_proactive': False, 'context_relevance': 0.5, 'error_occurred': False, 'tags': [], 'metadata': {}}, user_satisfaction=None, response_quality=0.5, latency_ms=0.0, tokens_used=0, was_proactive=False, context_relevance=0.5, error_occurred=False, tags=[], metadata={}), InteractionRecord(id='61507604b7d0', timestamp='2026-05-27T01:08:05.662521', interaction_type={'id': '293bdbb651fe', 'timestamp': '2026-05-27T01:08:05.662521', 'interaction_type': 'conversation', 'user_satisfaction': 0.7, 'response_quality': 0.6, 'latency_ms': 0.0, 'tokens_used': 0, 'was_proactive': False, 'context_relevance': 0.5, 'error_occurred': False, 'tags': [], 'metadata': {}}, user_satisfaction=None, response_quality=0.5, latency_ms=0.0, tokens_used=0, was_proactive=False, context_relevance=0.5, error_occurred=False, tags=[], metadata={}), InteractionRecord(id='03495f42b6e4', timestamp='2026-05-27T01:08:05.663520', interaction_type={'id': 'b70c9f23914e', 'timestamp': '2026-05-27T01:08:05.663520', 'interaction_type': 'conversation', 'user_satisfaction': 0.7, 'response_quality': 0.6, 'latency_ms': 0.0, 'tokens_used': 0, 'was_proactive': False, 'context_relevance': 0.5, 'error_occurred': False, 'tags': [], 'metadata': {}}, user_satisfaction=None, response_quality=0.5, latency_ms=0.0, tokens_used=0, was_proactive=False, context_relevance=0.5, error_occurred=False, tags=[], metadata={}), InteractionRecord(id='574ad9cd127b', timestamp='2026-05-27T01:08:05.664520', interaction_type={'id': '8f2126cf23bc', 'timestamp': '2026-05-27T01:08:05.664520', 'interaction_type': 'conversation', 'user_satisfaction': 0.7, 'response_quality': 0.6, 'latency_ms': 0.0, 'tokens_used': 0, 'was_proactive': False, 'context_relevance': 0.5, 'error_occurred': False, 'tags': [], 'metadata': {}}, user_satisfaction=None, response_quality=0.5, latency_ms=0.0, tokens_used=0, was_proactive=False, context_relevance=0.5, error_occurred=False, tags=[], metadata={}), InteractionRecord(id='6df77f3acb62', timestamp='2026-05-27T01:08:05.665521', interaction_type={'id': '4bf234ce4f07', 'timestamp': '2026-05-27T01:08:05.665521', 'interaction_type': 'conversation', 'user_satisfaction': 0.7, 'response_quality': 0.6, 'latency_ms': 0.0, 'tokens_used': 0, 'was_proactive': False, 'context_relevance': 0.5, 'error_occurred': False, 'tags': [], 'metadata': {}}, user_satisfaction=None, response_quality=0.5, latency_ms=0.0, tokens_used=0, was_proactive=False, context_relevance=0.5, error_occurred=False, tags=[], metadata={}), InteractionRecord(id='8f7cf32e6937', timestamp='2026-05-27T01:08:05.668029', interaction_type={'id': 'a5a98d11ca6e', 'timestamp': '2026-05-27T01:08:05.668029', 'interaction_type': 'conversation', 'user_satisfaction': 0.7, 'response_quality': 0.6, 'latency_ms': 0.0, 'tokens_used': 0, 'was_proactive': False, 'context_relevance': 0.5, 'error_occurred': False, 'tags': [], 'metadata': {}}, user_satisfaction=None, response_quality=0.5, latency_ms=0.0, tokens_used=0, was_proactive=False, context_relevance=0.5, error_occurred=False, tags=[], metadata={}), InteractionRecord(id='0f2efd2a800d', timestamp='2026-05-27T01:08:05.669029', interaction_type={'id': '84c89938d665', 'timestamp': '2026-05-27T01:08:05.669029', 'interaction_type': 'conversation', 'user_satisfaction': 0.7, 'response_quality': 0.6, 'latency_ms': 0.0, 'tokens_used': 0, 'was_proactive': False, 'context_relevance': 0.5, 'error_occurred': False, 'tags': [], 'metadata': {}}, user_satisfaction=None, response_quality=0.5, latency_ms=0.0, tokens_used=0, was_proactive=False, context_relevance=0.5, error_occurred=False, tags=[], metadata={}), InteractionRecord(id='95892095ed0f', timestamp='2026-05-27T01:08:05.671029', interaction_type={'id': '49f09f6dc103', 'timestamp': '2026-05-27T01:08:05.671029', 'interaction_type': 'conversation', 'user_satisfaction': 0.7, 'response_quality': 0.6, 'latency_ms': 0.0, 'tokens_used': 0, 'was_proactive': False, 'context_relevance': 0.5, 'error_occurred': False, 'tags': [], 'metadata': {}}, user_satisfaction=None, response_quality=0.5, latency_ms=0.0, tokens_used=0, was_proactive=False, context_relevance=0.5, error_occurred=False, tags=[], metadata={}), InteractionRecord(id='088a63ad4f4f', timestamp='2026-05-27T01:08:05.672030', interaction_type={'id': '773fb033b2d4', 'timestamp': '2026-05-27T01:08:05.672030', 'interaction_type': 'conversation', 'user_satisfaction': 0.7, 'response_quality': 0.6, 'latency_ms': 0.0, 'tokens_used': 0, 'was_proactive': False, 'context_relevance': 0.5, 'error_occurred': False, 'tags': [], 'metadata': {}}, user_satisfaction=None, response_quality=0.5, latency_ms=0.0, tokens_used=0, was_proactive=False, context_relevance=0.5, error_occurred=False, tags=[], metadata={}), InteractionRecord(id='4efc85db78dd', timestamp='2026-05-27T01:08:05.674034', interaction_type={'id': '868a504c893d', 'timestamp': '2026-05-27T01:08:05.674034', 'interaction_type': 'conversation', 'user_satisfaction': 0.7, 'response_quality': 0.6, 'latency_ms': 0.0, 'tokens_used': 0, 'was_proactive': False, 'context_relevance': 0.5, 'error_occurred': False, 'tags': [], 'metadata': {}}, user_satisfaction=None, response_quality=0.5, latency_ms=0.0, tokens_used=0, was_proactive=False, context_relevance=0.5, error_occurred=False, tags=[], metadata={}), InteractionRecord(id='3a2fe81d0df7', timestamp='2026-05-27T01:08:05.675034', interaction_type={'id': '0d4d4328b8b3', 'timestamp': '2026-05-27T01:08:05.675034', 'interaction_type': 'conversation', 'user_satisfaction': 0.7, 'response_quality': 0.6, 'latency_ms': 0.0, 'tokens_used': 0, 'was_proactive': False, 'context_relevance': 0.5, 'error_occurred': False, 'tags': [], 'metadata': {}}, user_satisfaction=None, response_quality=0.5, latency_ms=0.0, tokens_used=0, was_proactive=False, context_relevance=0.5, error_occurred=False, tags=[], metadata={}), InteractionRecord(id='43c7ae7da93f', timestamp='2026-05-27T01:08:05.676034', interaction_type={'id': 'cb1a8fba7ec4', 'timestamp': '2026-05-27T01:08:05.676034', 'interaction_type': 'conversation', 'user_satisfaction': 0.7, 'response_quality': 0.6, 'latency_ms': 0.0, 'tokens_used': 0, 'was_proactive': False, 'context_relevance': 0.5, 'error_occurred': False, 'tags': [], 'metadata': {}}, user_satisfaction=None, response_quality=0.5, latency_ms=0.0, tokens_used=0, was_proactive=False, context_relevance=0.5, error_occurred=False, tags=[], metadata={}), InteractionRecord(id='500cfdbdf89b', timestamp='2026-05-27T01:08:05.678157', interaction_type={'id': 'd2cc415a55e4', 'timestamp': '2026-05-27T01:08:05.678157', 'interaction_type': 'conversation', 'user_satisfaction': 0.7, 'response_quality': 0.6, 'latency_ms': 0.0, 'tokens_used': 0, 'was_proactive': False, 'context_relevance': 0.5, 'error_occurred': False, 'tags': [], 'metadata': {}}, user_satisfaction=None, response_quality=0.5, latency_ms=0.0, tokens_used=0, was_proactive=False, context_relevance=0.5, error_occurred=False, tags=[], metadata={}), InteractionRecord(id='b49b14e46105', timestamp='2026-05-27T01:08:05.679163', interaction_type={'id': '29fc10ccca61', 'timestamp': '2026-05-27T01:08:05.679163', 'interaction_type': 'conversation', 'user_satisfaction': 0.7, 'response_quality': 0.6, 'latency_ms': 0.0, 'tokens_used': 0, 'was_proactive': False, 'context_relevance': 0.5, 'error_occurred': False, 'tags': [], 'metadata': {}}, user_satisfaction=None, response_quality=0.5, latency_ms=0.0, tokens_used=0, was_proactive=False, context_relevance=0.5, error_occurred=False, tags=[], metadata={}), InteractionRecord(id='a57f608c2ba7', timestamp='2026-05-27T01:08:05.681162', interaction_type={'id': 'd13a65106f57', 'timestamp': '2026-05-27T01:08:05.681162', 'interaction_type': 'conversation', 'user_satisfaction': 0.7, 'response_quality': 0.6, 'latency_ms': 0.0, 'tokens_used': 0, 'was_proactive': False, 'context_relevance': 0.5, 'error_occurred': False, 'tags': [], 'metadata': {}}, user_satisfaction=None, response_quality=0.5, latency_ms=0.0, tokens_used=0, was_proactive=False, context_relevance=0.5, error_occurred=False, tags=[], metadata={}), InteractionRecord(id='6ac9354500c8', timestamp='2026-05-27T01:08:05.683164', interaction_type={'id': '904cbc418607', 'timestamp': '2026-05-27T01:08:05.682165', 'interaction_type': 'conversation', 'user_satisfaction': 0.7, 'response_quality': 0.6, 'latency_ms': 0.0, 'tokens_used': 0, 'was_proactive': False, 'context_relevance': 0.5, 'error_occurred': False, 'tags': [], 'metadata': {}}, user_satisfaction=None, response_quality=0.5, latency_ms=0.0, tokens_used=0, was_proactive=False, context_relevance=0.5, error_occurred=False, tags=[], metadata={}), InteractionRecord(id='684f6cecb409', timestamp='2026-05-27T01:08:05.684165', interaction_type={'id': '1de77b83159f', 'timestamp': '2026-05-27T01:08:05.684165', 'interaction_type': 'conversation', 'user_satisfaction': 0.7, 'response_quality': 0.6, 'latency_ms': 0.0, 'tokens_used': 0, 'was_proactive': False, 'context_relevance': 0.5, 'error_occurred': False, 'tags': [], 'metadata': {}}, user_satisfaction=None, response_quality=0.5, latency_ms=0.0, tokens_used=0, was_proactive=False, context_relevance=0.5, error_occurred=False, tags=[], metadata={}), InteractionRecord(id='2fee094bceb6', timestamp='2026-05-27T01:08:05.686166', interaction_type={'id': 'b370136e4d1d', 'timestamp': '2026-05-27T01:08:05.686166', 'interaction_type': 'conversation', 'user_satisfaction': 0.7, 'response_quality': 0.6, 'latency_ms': 0.0, 'tokens_used': 0, 'was_proactive': False, 'context_relevance': 0.5, 'error_occurred': False, 'tags': [], 'metadata': {}}, user_satisfaction=None, response_quality=0.5, latency_ms=0.0, tokens_used=0, was_proactive=False, context_relevance=0.5, error_occurred=False, tags=[], metadata={}), InteractionRecord(id='b74eb8b030c7', timestamp='2026-05-27T01:08:05.687677', interaction_type={'id': 'f440ceef98f7', 'timestamp': '2026-05-27T01:08:05.687677', 'interaction_type': 'conversation', 'user_satisfaction': 0.7, 'response_quality': 0.6, 'latency_ms': 0.0, 'tokens_used': 0, 'was_proactive': False, 'context_relevance': 0.5, 'error_occurred': False, 'tags': [], 'metadata': {}}, user_satisfaction=None, response_quality=0.5, latency_ms=0.0, tokens_used=0, was_proactive=False, context_relevance=0.5, error_occurred=False, tags=[], metadata={}), InteractionRecord(id='812d0012c3ba', timestamp='2026-05-27T01:08:05.689679', interaction_type={'id': 'bf5a258b7df9', 'timestamp': '2026-05-27T01:08:05.689679', 'interaction_type': 'conversation', 'user_satisfaction': 0.7, 'response_quality': 0.6, 'latency_ms': 0.0, 'tokens_used': 0, 'was_proactive': False, 'context_relevance': 0.5, 'error_occurred': False, 'tags': [], 'metadata': {}}, user_satisfaction=None, response_quality=0.5, latency_ms=0.0, tokens_used=0, was_proactive=False, context_relevance=0.5, error_occurred=False, tags=[], metadata={}), InteractionRecord(id='835453066dae', timestamp='2026-05-27T01:08:05.691615', interaction_type={'id': 'b9dfa8f075ca', 'timestamp': '2026-05-27T01:08:05.691615', 'interaction_type': 'conversation', 'user_satisfaction': 0.7, 'response_quality': 0.6, 'latency_ms': 0.0, 'tokens_used': 0, 'was_proactive': False, 'context_relevance': 0.5, 'error_occurred': False, 'tags': [], 'metadata': {}}, user_satisfaction=None, response_quality=0.5, latency_ms=0.0, tokens_used=0, was_proactive=False, context_relevance=0.5, error_occurred=False, tags=[], metadata={}), InteractionRecord(id='f8a6583aa56a', timestamp='2026-05-27T01:08:05.691615', interaction_type={'id': '8c126d4db42e', 'timestamp': '2026-05-27T01:08:05.691615', 'interaction_type': 'conversation', 'user_satisfaction': 0.7, 'response_quality': 0.6, 'latency_ms': 0.0, 'tokens_used': 0, 'was_proactive': False, 'context_relevance': 0.5, 'error_occurred': False, 'tags': [], 'metadata': {}}, user_satisfaction=None, response_quality=0.5, latency_ms=0.0, tokens_used=0, was_proactive=False, context_relevance=0.5, error_occurred=False, tags=[], metadata={}), InteractionRecord(id='6c3557433411', timestamp='2026-05-27T01:08:05.695440', interaction_type={'id': 'e116eb132102', 'timestamp': '2026-05-27T01:08:05.695440', 'interaction_type': 'conversation', 'user_satisfaction': 0.7, 'response_quality': 0.6, 'latency_ms': 0.0, 'tokens_used': 0, 'was_proactive': False, 'context_relevance': 0.5, 'error_occurred': False, 'tags': [], 'metadata': {}}, user_satisfaction=None, response_quality=0.5, latency_ms=0.0, tokens_used=0, was_proactive=False, context_relevance=0.5, error_occurred=False, tags=[], metadata={}), InteractionRecord(id='4137d54db27e', timestamp='2026-05-27T01:08:05.697257', interaction_type={'id': '550212cb7176', 'timestamp': '2026-05-27T01:08:05.697257', 'interaction_type': 'conversation', 'user_satisfaction': 0.7, 'response_quality': 0.6, 'latency_ms': 0.0, 'tokens_used': 0, 'was_proactive': False, 'context_relevance': 0.5, 'error_occurred': False, 'tags': [], 'metadata': {}}, user_satisfaction=None, response_quality=0.5, latency_ms=0.0, tokens_used=0, was_proactive=False, context_relevance=0.5, error_occurred=False, tags=[], metadata={}), InteractionRecord(id='9de27277d466', timestamp='2026-05-27T01:08:05.697643', interaction_type={'id': '2279cec7621a', 'timestamp': '2026-05-27T01:08:05.697643', 'interaction_type': 'conversation', 'user_satisfaction': 0.7, 'response_quality': 0.6, 'latency_ms': 0.0, 'tokens_used': 0, 'was_proactive': False, 'context_relevance': 0.5, 'error_occurred': False, 'tags': [], 'metadata': {}}, user_satisfaction=None, response_quality=0.5, latency_ms=0.0, tokens_used=0, was_proactive=False, context_relevance=0.5, error_occurred=False, tags=[], metadata={}), InteractionRecord(id='6263466a6220', timestamp='2026-05-27T01:08:05.701292', interaction_type={'id': '926e507ea839', 'timestamp': '2026-05-27T01:08:05.701292', 'interaction_type': 'conversation', 'user_satisfaction': 0.7, 'response_quality': 0.6, 'latency_ms': 0.0, 'tokens_used': 0, 'was_proactive': False, 'context_relevance': 0.5, 'error_occurred': False, 'tags': [], 'metadata': {}}, user_satisfaction=None, response_quality=0.5, latency_ms=0.0, tokens_used=0, was_proactive=False, context_relevance=0.5, error_occurred=False, tags=[], metadata={}), InteractionRecord(id='05eff93e55ff', timestamp='2026-05-27T01:08:05.701292', interaction_type={'id': '98f7a2586bf9', 'timestamp': '2026-05-27T01:08:05.701292', 'interaction_type': 'conversation', 'user_satisfaction': 0.7, 'response_quality': 0.6, 'latency_ms': 0.0, 'tokens_used': 0, 'was_proactive': False, 'context_relevance': 0.5, 'error_occurred': False, 'tags': [], 'metadata': {}}, user_satisfaction=None, response_quality=0.5, latency_ms=0.0, tokens_used=0, was_proactive=False, context_relevance=0.5, error_occurred=False, tags=[], metadata={}), InteractionRecord(id='e52b3346a5ef', timestamp='2026-05-27T01:08:05.701292', interaction_type={'id': '72085904a09b', 'timestamp': '2026-05-27T01:08:05.701292', 'interaction_type': 'conversation', 'user_satisfaction': 0.7, 'response_quality': 0.6, 'latency_ms': 0.0, 'tokens_used': 0, 'was_proactive': False, 'context_relevance': 0.5, 'error_occurred': False, 'tags': [], 'metadata': {}}, user_satisfaction=None, response_quality=0.5, latency_ms=0.0, tokens_used=0, was_proactive=False, context_relevance=0.5, error_occurred=False, tags=[], metadata={}), InteractionRecord(id='856fd489a03a', timestamp='2026-05-27T01:08:05.701292', interaction_type={'id': '2f16d9bb6d25', 'timestamp': '2026-05-27T01:08:05.701292', 'interaction_type': 'conversation', 'user_satisfaction': 0.7, 'response_quality': 0.6, 'latency_ms': 0.0, 'tokens_used': 0, 'was_proactive': False, 'context_relevance': 0.5, 'error_occurred': False, 'tags': [], 'metadata': {}}, user_satisfaction=None, response_quality=0.5, latency_ms=0.0, tokens_used=0, was_proactive=False, context_relevance=0.5, error_occurred=False, tags=[], metadata={}), InteractionRecord(id='5b3f3e9e2ebc', timestamp='2026-05-27T01:08:05.701292', interaction_type={'id': '2949236b697a', 'timestamp': '2026-05-27T01:08:05.701292', 'interaction_type': 'conversation', 'user_satisfaction': 0.7, 'response_quality': 0.6, 'latency_ms': 0.0, 'tokens_used': 0, 'was_proactive': False, 'context_relevance': 0.5, 'error_occurred': False, 'tags': [], 'metadata': {}}, user_satisfaction=None, response_quality=0.5, latency_ms=0.0, tokens_used=0, was_proactive=False, context_relevance=0.5, error_occurred=False, tags=[], metadata={}), InteractionRecord(id='fe8db2bd88a3', timestamp='2026-05-27T01:08:05.711049', interaction_type={'id': '194ed632a236', 'timestamp': '2026-05-27T01:08:05.711049', 'interaction_type': 'conversation', 'user_satisfaction': 0.7, 'response_quality': 0.6, 'latency_ms': 0.0, 'tokens_used': 0, 'was_proactive': False, 'context_relevance': 0.5, 'error_occurred': False, 'tags': [], 'metadata': {}}, user_satisfaction=None, response_quality=0.5, latency_ms=0.0, tokens_used=0, was_proactive=False, context_relevance=0.5, error_occurred=False, tags=[], metadata={}), InteractionRecord(id='e5c48aa3940a', timestamp='2026-05-27T01:08:05.714342', interaction_type={'id': '641f6b5c8b19', 'timestamp': '2026-05-27T01:08:05.714342', 'interaction_type': 'conversation', 'user_satisfaction': 0.7, 'response_quality': 0.6, 'latency_ms': 0.0, 'tokens_used': 0, 'was_proactive': False, 'context_relevance': 0.5, 'error_occurred': False, 'tags': [], 'metadata': {}}, user_satisfaction=None, response_quality=0.5, latency_ms=0.0, tokens_used=0, was_proactive=False, context_relevance=0.5, error_occurred=False, tags=[], metadata={}), InteractionRecord(id='a170ba4ce063', timestamp='2026-05-27T01:08:05.716342', interaction_type={'id': '573baa9f76df', 'timestamp': '2026-05-27T01:08:05.716342', 'interaction_type': 'conversation', 'user_satisfaction': 0.7, 'response_quality': 0.6, 'latency_ms': 0.0, 'tokens_used': 0, 'was_proactive': False, 'context_relevance': 0.5, 'error_occurred': False, 'tags': [], 'metadata': {}}, user_satisfaction=None, response_quality=0.5, latency_ms=0.0, tokens_used=0, was_proactive=False, context_relevance=0.5, error_occurred=False, tags=[], metadata={}), InteractionRecord(id='a54048fb58be', timestamp='2026-05-27T01:08:05.717853', interaction_type={'id': 'f465931d8bb6', 'timestamp': '2026-05-27T01:08:05.717853', 'interaction_type': 'conversation', 'user_satisfaction': 0.7, 'response_quality': 0.6, 'latency_ms': 0.0, 'tokens_used': 0, 'was_proactive': False, 'context_relevance': 0.5, 'error_occurred': False, 'tags': [], 'metadata': {}}, user_satisfaction=None, response_quality=0.5, latency_ms=0.0, tokens_used=0, was_proactive=False, context_relevance=0.5, error_occurred=False, tags=[], metadata={}), InteractionRecord(id='ca7eb8e73a73', timestamp='2026-05-27T01:08:05.719855', interaction_type={'id': 'fcb70a78fab4', 'timestamp': '2026-05-27T01:08:05.719855', 'interaction_type': 'conversation', 'user_satisfaction': 0.7, 'response_quality': 0.6, 'latency_ms': 0.0, 'tokens_used': 0, 'was_proactive': False, 'context_relevance': 0.5, 'error_occurred': False, 'tags': [], 'metadata': {}}, user_satisfaction=None, response_quality=0.5, latency_ms=0.0, tokens_used=0, was_proactive=False, context_relevance=0.5, error_occurred=False, tags=[], metadata={}), InteractionRecord(id='a6111816d745', timestamp='2026-05-27T01:08:05.721853', interaction_type={'id': '593f6d5b0bbd', 'timestamp': '2026-05-27T01:08:05.721853', 'interaction_type': 'conversation', 'user_satisfaction': 0.7, 'response_quality': 0.6, 'latency_ms': 0.0, 'tokens_used': 0, 'was_proactive': False, 'context_relevance': 0.5, 'error_occurred': False, 'tags': [], 'metadata': {}}, user_satisfaction=None, response_quality=0.5, latency_ms=0.0, tokens_used=0, was_proactive=False, context_relevance=0.5, error_occurred=False, tags=[], metadata={}), InteractionRecord(id='4fe33e82d08a', timestamp='2026-05-27T01:08:05.723858', interaction_type={'id': 'c14214829094', 'timestamp': '2026-05-27T01:08:05.723858', 'interaction_type': 'conversation', 'user_satisfaction': 0.7, 'response_quality': 0.6, 'latency_ms': 0.0, 'tokens_used': 0, 'was_proactive': False, 'context_relevance': 0.5, 'error_occurred': False, 'tags': [], 'metadata': {}}, user_satisfaction=None, response_quality=0.5, latency_ms=0.0, tokens_used=0, was_proactive=False, context_relevance=0.5, error_occurred=False, tags=[], metadata={}), InteractionRecord(id='fe7a5216d32f', timestamp='2026-05-27T01:08:05.725859', interaction_type={'id': 'ae1b78d90150', 'timestamp': '2026-05-27T01:08:05.725859', 'interaction_type': 'conversation', 'user_satisfaction': 0.7, 'response_quality': 0.6, 'latency_ms': 0.0, 'tokens_used': 0, 'was_proactive': False, 'context_relevance': 0.5, 'error_occurred': False, 'tags': [], 'metadata': {}}, user_satisfaction=None, response_quality=0.5, latency_ms=0.0, tokens_used=0, was_proactive=False, context_relevance=0.5, error_occurred=False, tags=[], metadata={}), InteractionRecord(id='c343f21fab5b', timestamp='2026-05-27T01:08:05.728048', interaction_type={'id': '6a645ac36f3b', 'timestamp': '2026-05-27T01:08:05.728048', 'interaction_type': 'conversation', 'user_satisfaction': 0.7, 'response_quality': 0.6, 'latency_ms': 0.0, 'tokens_used': 0, 'was_proactive': False, 'context_relevance': 0.5, 'error_occurred': False, 'tags': [], 'metadata': {}}, user_satisfaction=None, response_quality=0.5, latency_ms=0.0, tokens_used=0, was_proactive=False, context_relevance=0.5, error_occurred=False, tags=[], metadata={}), InteractionRecord(id='609e45e0aa77', timestamp='2026-05-27T01:08:05.730058', interaction_type={'id': '8e852efe0470', 'timestamp': '2026-05-27T01:08:05.730058', 'interaction_type': 'conversation', 'user_satisfaction': 0.7, 'response_quality': 0.6, 'latency_ms': 0.0, 'tokens_used': 0, 'was_proactive': False, 'context_relevance': 0.5, 'error_occurred': False, 'tags': [], 'metadata': {}}, user_satisfaction=None, response_quality=0.5, latency_ms=0.0, tokens_used=0, was_proactive=False, context_relevance=0.5, error_occurred=False, tags=[], metadata={}), InteractionRecord(id='49befcaf6d40', timestamp='2026-05-27T01:08:05.733056', interaction_type={'id': 'dedc21d39d44', 'timestamp': '2026-05-27T01:08:05.733056', 'interaction_type': 'conversation', 'user_satisfaction': 0.7, 'response_quality': 0.6, 'latency_ms': 0.0, 'tokens_used': 0, 'was_proactive': False, 'context_relevance': 0.5, 'error_occurred': False, 'tags': [], 'metadata': {}}, user_satisfaction=None, response_quality=0.5, latency_ms=0.0, tokens_used=0, was_proactive=False, context_relevance=0.5, error_occurred=False, tags=[], metadata={}), InteractionRecord(id='ca369a5e2ad8', timestamp='2026-05-27T01:08:05.735054', interaction_type={'id': '022896fcc827', 'timestamp': '2026-05-27T01:08:05.735054', 'interaction_type': 'conversation', 'user_satisfaction': 0.7, 'response_quality': 0.6, 'latency_ms': 0.0, 'tokens_used': 0, 'was_proactive': False, 'context_relevance': 0.5, 'error_occurred': False, 'tags': [], 'metadata': {}}, user_satisfaction=None, response_quality=0.5, latency_ms=0.0, tokens_used=0, was_proactive=False, context_relevance=0.5, error_occurred=False, tags=[], metadata={}), InteractionRecord(id='5442f966d1f5', timestamp='2026-05-27T01:08:05.738564', interaction_type={'id': 'c4dcd936c9f3', 'timestamp': '2026-05-27T01:08:05.738564', 'interaction_type': 'conversation', 'user_satisfaction': 0.7, 'response_quality': 0.6, 'latency_ms': 0.0, 'tokens_used': 0, 'was_proactive': False, 'context_relevance': 0.5, 'error_occurred': False, 'tags': [], 'metadata': {}}, user_satisfaction=None, response_quality=0.5, latency_ms=0.0, tokens_used=0, was_proactive=False, context_relevance=0.5, error_occurred=False, tags=[], metadata={}), InteractionRecord(id='8bb2edfa241c', timestamp='2026-05-27T01:08:05.740564', interaction_type={'id': '1c799487bd76', 'timestamp': '2026-05-27T01:08:05.740564', 'interaction_type': 'conversation', 'user_satisfaction': 0.7, 'response_quality': 0.6, 'latency_ms': 0.0, 'tokens_used': 0, 'was_proactive': False, 'context_relevance': 0.5, 'error_occurred': False, 'tags': [], 'metadata': {}}, user_satisfaction=None, response_quality=0.5, latency_ms=0.0, tokens_used=0, was_proactive=False, context_relevance=0.5, error_occurred=False, tags=[], metadata={}), InteractionRecord(id='8f8860b74745', timestamp='2026-05-27T01:08:05.741565', interaction_type={'id': 'c860daedcd6e', 'timestamp': '2026-05-27T01:08:05.741565', 'interaction_type': 'conversation', 'user_satisfaction': 0.7, 'response_quality': 0.6, 'latency_ms': 0.0, 'tokens_used': 0, 'was_proactive': False, 'context_relevance': 0.5, 'error_occurred': False, 'tags': [], 'metadata': {}}, user_satisfaction=None, response_quality=0.5, latency_ms=0.0, tokens_used=0, was_proactive=False, context_relevance=0.5, error_occurred=False, tags=[], metadata={}), InteractionRecord(id='5b5e9d4ee310', timestamp='2026-05-27T01:08:05.745369', interaction_type={'id': 'fe3227220a34', 'timestamp': '2026-05-27T01:08:05.745369', 'interaction_type': 'conversation', 'user_satisfaction': 0.7, 'response_quality': 0.6, 'latency_ms': 0.0, 'tokens_used': 0, 'was_proactive': False, 'context_relevance': 0.5, 'error_occurred': False, 'tags': [], 'metadata': {}}, user_satisfaction=None, response_quality=0.5, latency_ms=0.0, tokens_used=0, was_proactive=False, context_relevance=0.5, error_occurred=False, tags=[], metadata={}), InteractionRecord(id='b890994dbe51', timestamp='2026-05-27T01:08:05.747369', interaction_type={'id': 'fd0c7b7febd2', 'timestamp': '2026-05-27T01:08:05.747369', 'interaction_type': 'conversation', 'user_satisfaction': 0.7, 'response_quality': 0.6, 'latency_ms': 0.0, 'tokens_used': 0, 'was_proactive': False, 'context_relevance': 0.5, 'error_occurred': False, 'tags': [], 'metadata': {}}, user_satisfaction=None, response_quality=0.5, latency_ms=0.0, tokens_used=0, was_proactive=False, context_relevance=0.5, error_occurred=False, tags=[], metadata={}), InteractionRecord(id='776bfc249de1', timestamp='2026-05-27T01:08:05.749369', interaction_type={'id': '6c992eeefb33', 'timestamp': '2026-05-27T01:08:05.749369', 'interaction_type': 'conversation', 'user_satisfaction': 0.7, 'response_quality': 0.6, 'latency_ms': 0.0, 'tokens_used': 0, 'was_proactive': False, 'context_relevance': 0.5, 'error_occurred': False, 'tags': [], 'metadata': {}}, user_satisfaction=None, response_quality=0.5, latency_ms=0.0, tokens_used=0, was_proactive=False, context_relevance=0.5, error_occurred=False, tags=[], metadata={}), InteractionRecord(id='932bcf3196c2', timestamp='2026-05-27T01:08:05.752374', interaction_type={'id': '1921a3e39d17', 'timestamp': '2026-05-27T01:08:05.752374', 'interaction_type': 'conversation', 'user_satisfaction': 0.7, 'response_quality': 0.6, 'latency_ms': 0.0, 'tokens_used': 0, 'was_proactive': False, 'context_relevance': 0.5, 'error_occurred': False, 'tags': [], 'metadata': {}}, user_satisfaction=None, response_quality=0.5, latency_ms=0.0, tokens_used=0, was_proactive=False, context_relevance=0.5, error_occurred=False, tags=[], metadata={}), InteractionRecord(id='e0c5c6ac0201', timestamp='2026-05-27T01:08:05.755376', interaction_type={'id': '845287ec99e7', 'timestamp': '2026-05-27T01:08:05.755376', 'interaction_type': 'conversation', 'user_satisfaction': 0.7, 'response_quality': 0.6, 'latency_ms': 0.0, 'tokens_used': 0, 'was_proactive': False, 'context_relevance': 0.5, 'error_occurred': False, 'tags': [], 'metadata': {}}, user_satisfaction=None, response_quality=0.5, latency_ms=0.0, tokens_used=0, was_proactive=False, context_relevance=0.5, error_occurred=False, tags=[], metadata={}), InteractionRecord(id='205a81778346', timestamp='2026-05-27T01:08:05.757681', interaction_type={'id': '9f8d94ea6069', 'timestamp': '2026-05-27T01:08:05.757681', 'interaction_type': 'conversation', 'user_satisfaction': 0.7, 'response_quality': 0.6, 'latency_ms': 0.0, 'tokens_used': 0, 'was_proactive': False, 'context_relevance': 0.5, 'error_occurred': False, 'tags': [], 'metadata': {}}, user_satisfaction=None, response_quality=0.5, latency_ms=0.0, tokens_used=0, was_proactive=False, context_relevance=0.5, error_occurred=False, tags=[], metadata={}), InteractionRecord(id='e71972760c28', timestamp='2026-05-27T01:08:05.758864', interaction_type={'id': 'ae944e17c581', 'timestamp': '2026-05-27T01:08:05.758864', 'interaction_type': 'conversation', 'user_satisfaction': 0.7, 'response_quality': 0.6, 'latency_ms': 0.0, 'tokens_used': 0, 'was_proactive': False, 'context_relevance': 0.5, 'error_occurred': False, 'tags': [], 'metadata': {}}, user_satisfaction=None, response_quality=0.5, latency_ms=0.0, tokens_used=0, was_proactive=False, context_relevance=0.5, error_occurred=False, tags=[], metadata={}), InteractionRecord(id='863eec0f714d', timestamp='2026-05-27T01:08:05.762194', interaction_type={'id': 'c267f71070e1', 'timestamp': '2026-05-27T01:08:05.762194', 'interaction_type': 'conversation', 'user_satisfaction': 0.7, 'response_quality': 0.6, 'latency_ms': 0.0, 'tokens_used': 0, 'was_proactive': False, 'context_relevance': 0.5, 'error_occurred': False, 'tags': [], 'metadata': {}}, user_satisfaction=None, response_quality=0.5, latency_ms=0.0, tokens_used=0, was_proactive=False, context_relevance=0.5, error_occurred=False, tags=[], metadata={}), InteractionRecord(id='809bb11c9322', timestamp='2026-05-27T01:08:05.762194', interaction_type={'id': '510f77f59cb0', 'timestamp': '2026-05-27T01:08:05.762194', 'interaction_type': 'conversation', 'user_satisfaction': 0.7, 'response_quality': 0.6, 'latency_ms': 0.0, 'tokens_used': 0, 'was_proactive': False, 'context_relevance': 0.5, 'error_occurred': False, 'tags': [], 'metadata': {}}, user_satisfaction=None, response_quality=0.5, latency_ms=0.0, tokens_used=0, was_proactive=False, context_relevance=0.5, error_occurred=False, tags=[], metadata={}), InteractionRecord(id='226cb8015a07', timestamp='2026-05-27T01:08:05.767295', interaction_type={'id': '6e54475fc963', 'timestamp': '2026-05-27T01:08:05.767295', 'interaction_type': 'conversation', 'user_satisfaction': 0.7, 'response_quality': 0.6, 'latency_ms': 0.0, 'tokens_used': 0, 'was_proactive': False, 'context_relevance': 0.5, 'error_occurred': False, 'tags': [], 'metadata': {}}, user_satisfaction=None, response_quality=0.5, latency_ms=0.0, tokens_used=0, was_proactive=False, context_relevance=0.5, error_occurred=False, tags=[], metadata={}), InteractionRecord(id='e423a6ee7d06', timestamp='2026-05-27T01:08:05.767295', interaction_type={'id': '9e4bde36cc73', 'timestamp': '2026-05-27T01:08:05.767295', 'interaction_type': 'conversation', 'user_satisfaction': 0.7, 'response_quality': 0.6, 'latency_ms': 0.0, 'tokens_used': 0, 'was_proactive': False, 'context_relevance': 0.5, 'error_occurred': False, 'tags': [], 'metadata': {}}, user_satisfaction=None, response_quality=0.5, latency_ms=0.0, tokens_used=0, was_proactive=False, context_relevance=0.5, error_occurred=False, tags=[], metadata={}), InteractionRecord(id='aa30b4225b64', timestamp='2026-05-27T01:08:05.767295', interaction_type={'id': 'f72750824659', 'timestamp': '2026-05-27T01:08:05.767295', 'interaction_type': 'conversation', 'user_satisfaction': 0.7, 'response_quality': 0.6, 'latency_ms': 0.0, 'tokens_used': 0, 'was_proactive': False, 'context_relevance': 0.5, 'error_occurred': False, 'tags': [], 'metadata': {}}, user_satisfaction=None, response_quality=0.5, latency_ms=0.0, tokens_used=0, was_proactive=False, context_relevance=0.5, error_occurred=False, tags=[], metadata={}), InteractionRecord(id='a6424d62cb13', timestamp='2026-05-27T01:08:05.767295', interaction_type={'id': '44f24a4cb5c0', 'timestamp': '2026-05-27T01:08:05.767295', 'interaction_type': 'conversation', 'user_satisfaction': 0.7, 'response_quality': 0.6, 'latency_ms': 0.0, 'tokens_used': 0, 'was_proactive': False, 'context_relevance': 0.5, 'error_occurred': False, 'tags': [], 'metadata': {}}, user_satisfaction=None, response_quality=0.5, latency_ms=0.0, tokens_used=0, was_proactive=False, context_relevance=0.5, error_occurred=False, tags=[], metadata={}), InteractionRecord(id='e09c7f385a9d', timestamp='2026-05-27T01:08:05.777881', interaction_type={'id': 'fa37337d17d0', 'timestamp': '2026-05-27T01:08:05.777881', 'interaction_type': 'conversation', 'user_satisfaction': 0.7, 'response_quality': 0.6, 'latency_ms': 0.0, 'tokens_used': 0, 'was_proactive': False, 'context_relevance': 0.5, 'error_occurred': False, 'tags': [], 'metadata': {}}, user_satisfaction=None, response_quality=0.5, latency_ms=0.0, tokens_used=0, was_proactive=False, context_relevance=0.5, error_occurred=False, tags=[], metadata={}), InteractionRecord(id='f67368525e10', timestamp='2026-05-27T01:08:05.777881', interaction_type={'id': '39ef78f89da1', 'timestamp': '2026-05-27T01:08:05.777881', 'interaction_type': 'conversation', 'user_satisfaction': 0.7, 'response_quality': 0.6, 'latency_ms': 0.0, 'tokens_used': 0, 'was_proactive': False, 'context_relevance': 0.5, 'error_occurred': False, 'tags': [], 'metadata': {}}, user_satisfaction=None, response_quality=0.5, latency_ms=0.0, tokens_used=0, was_proactive=False, context_relevance=0.5, error_occurred=False, tags=[], metadata={}), InteractionRecord(id='f3670a9c4ef2', timestamp='2026-05-27T01:08:05.777881', interaction_type={'id': '634fc0d85cf8', 'timestamp': '2026-05-27T01:08:05.777881', 'interaction_type': 'conversation', 'user_satisfaction': 0.7, 'response_quality': 0.6, 'latency_ms': 0.0, 'tokens_used': 0, 'was_proactive': False, 'context_relevance': 0.5, 'error_occurred': False, 'tags': [], 'metadata': {}}, user_satisfaction=None, response_quality=0.5, latency_ms=0.0, tokens_used=0, was_proactive=False, context_relevance=0.5, error_occurred=False, tags=[], metadata={}), InteractionRecord(id='f39ffcb9f7f4', timestamp='2026-05-27T01:08:05.777881', interaction_type={'id': '170c42416971', 'timestamp': '2026-05-27T01:08:05.777881', 'interaction_type': 'conversation', 'user_satisfaction': 0.7, 'response_quality': 0.6, 'latency_ms': 0.0, 'tokens_used': 0, 'was_proactive': False, 'context_relevance': 0.5, 'error_occurred': False, 'tags': [], 'metadata': {}}, user_satisfaction=None, response_quality=0.5, latency_ms=0.0, tokens_used=0, was_proactive=False, context_relevance=0.5, error_occurred=False, tags=[], metadata={}), InteractionRecord(id='186a8f53efb5', timestamp='2026-05-27T01:08:05.787956', interaction_type={'id': '914a302b1e90', 'timestamp': '2026-05-27T01:08:05.787956', 'interaction_type': 'conversation', 'user_satisfaction': 0.7, 'response_quality': 0.6, 'latency_ms': 0.0, 'tokens_used': 0, 'was_proactive': False, 'context_relevance': 0.5, 'error_occurred': False, 'tags': [], 'metadata': {}}, user_satisfaction=None, response_quality=0.5, latency_ms=0.0, tokens_used=0, was_proactive=False, context_relevance=0.5, error_occurred=False, tags=[], metadata={}), InteractionRecord(id='24e1d2c111a9', timestamp='2026-05-27T01:08:05.787956', interaction_type={'id': '3944bb7de7a0', 'timestamp': '2026-05-27T01:08:05.787956', 'interaction_type': 'conversation', 'user_satisfaction': 0.7, 'response_quality': 0.6, 'latency_ms': 0.0, 'tokens_used': 0, 'was_proactive': False, 'context_relevance': 0.5, 'error_occurred': False, 'tags': [], 'metadata': {}}, user_satisfaction=None, response_quality=0.5, latency_ms=0.0, tokens_used=0, was_proactive=False, context_relevance=0.5, error_occurred=False, tags=[], metadata={}), InteractionRecord(id='6b7d02505158', timestamp='2026-05-27T01:08:05.793979', interaction_type={'id': '15b0fab64e3f', 'timestamp': '2026-05-27T01:08:05.793979', 'interaction_type': 'conversation', 'user_satisfaction': 0.7, 'response_quality': 0.6, 'latency_ms': 0.0, 'tokens_used': 0, 'was_proactive': False, 'context_relevance': 0.5, 'error_occurred': False, 'tags': [], 'metadata': {}}, user_satisfaction=None, response_quality=0.5, latency_ms=0.0, tokens_used=0, was_proactive=False, context_relevance=0.5, error_occurred=False, tags=[], metadata={}), InteractionRecord(id='7e274348413f', timestamp='2026-05-27T01:08:05.793979', interaction_type={'id': '9c30487bdda1', 'timestamp': '2026-05-27T01:08:05.793979', 'interaction_type': 'conversation', 'user_satisfaction': 0.7, 'response_quality': 0.6, 'latency_ms': 0.0, 'tokens_used': 0, 'was_proactive': False, 'context_relevance': 0.5, 'error_occurred': False, 'tags': [], 'metadata': {}}, user_satisfaction=None, response_quality=0.5, latency_ms=0.0, tokens_used=0, was_proactive=False, context_relevance=0.5, error_occurred=False, tags=[], metadata={}), InteractionRecord(id='7d4109045e52', timestamp='2026-05-27T01:08:05.801466', interaction_type={'id': 'ceea58ae41f7', 'timestamp': '2026-05-27T01:08:05.801466', 'interaction_type': 'conversation', 'user_satisfaction': 0.7, 'response_quality': 0.6, 'latency_ms': 0.0, 'tokens_used': 0, 'was_proactive': False, 'context_relevance': 0.5, 'error_occurred': False, 'tags': [], 'metadata': {}}, user_satisfaction=None, response_quality=0.5, latency_ms=0.0, tokens_used=0, was_proactive=False, context_relevance=0.5, error_occurred=False, tags=[], metadata={}), InteractionRecord(id='fedcf8ba6ba3', timestamp='2026-05-27T01:08:05.801466', interaction_type={'id': 'd5251ca5e541', 'timestamp': '2026-05-27T01:08:05.801466', 'interaction_type': 'conversation', 'user_satisfaction': 0.7, 'response_quality': 0.6, 'latency_ms': 0.0, 'tokens_used': 0, 'was_proactive': False, 'context_relevance': 0.5, 'error_occurred': False, 'tags': [], 'metadata': {}}, user_satisfaction=None, response_quality=0.5, latency_ms=0.0, tokens_used=0, was_proactive=False, context_relevance=0.5, error_occurred=False, tags=[], metadata={}), InteractionRecord(id='3f45d4f4bce1', timestamp='2026-05-27T01:08:05.801466', interaction_type={'id': 'b1519b0c84f5', 'timestamp': '2026-05-27T01:08:05.801466', 'interaction_type': 'conversation', 'user_satisfaction': 0.7, 'response_quality': 0.6, 'latency_ms': 0.0, 'tokens_used': 0, 'was_proactive': False, 'context_relevance': 0.5, 'error_occurred': False, 'tags': [], 'metadata': {}}, user_satisfaction=None, response_quality=0.5, latency_ms=0.0, tokens_used=0, was_proactive=False, context_relevance=0.5, error_occurred=False, tags=[], metadata={}), InteractionRecord(id='542a2ac35232', timestamp='2026-05-27T01:08:05.809986', interaction_type={'id': 'a6e614e3f061', 'timestamp': '2026-05-27T01:08:05.809986', 'interaction_type': 'conversation', 'user_satisfaction': 0.7, 'response_quality': 0.6, 'latency_ms': 0.0, 'tokens_used': 0, 'was_proactive': False, 'context_relevance': 0.5, 'error_occurred': False, 'tags': [], 'metadata': {}}, user_satisfaction=None, response_quality=0.5, latency_ms=0.0, tokens_used=0, was_proactive=False, context_relevance=0.5, error_occurred=False, tags=[], metadata={}), InteractionRecord(id='566d4c836587', timestamp='2026-05-27T01:08:05.809986', interaction_type={'id': 'f980d8a33d65', 'timestamp': '2026-05-27T01:08:05.809986', 'interaction_type': 'conversation', 'user_satisfaction': 0.7, 'response_quality': 0.6, 'latency_ms': 0.0, 'tokens_used': 0, 'was_proactive': False, 'context_relevance': 0.5, 'error_occurred': False, 'tags': [], 'metadata': {}}, user_satisfaction=None, response_quality=0.5, latency_ms=0.0, tokens_used=0, was_proactive=False, context_relevance=0.5, error_occurred=False, tags=[], metadata={}), InteractionRecord(id='62327ffbc69e', timestamp='2026-05-27T01:08:05.816542', interaction_type={'id': 'cf0bd5426235', 'timestamp': '2026-05-27T01:08:05.816542', 'interaction_type': 'conversation', 'user_satisfaction': 0.7, 'response_quality': 0.6, 'latency_ms': 0.0, 'tokens_used': 0, 'was_proactive': False, 'context_relevance': 0.5, 'error_occurred': False, 'tags': [], 'metadata': {}}, user_satisfaction=None, response_quality=0.5, latency_ms=0.0, tokens_used=0, was_proactive=False, context_relevance=0.5, error_occurred=False, tags=[], metadata={}), InteractionRecord(id='4ac70cca0142', timestamp='2026-05-27T01:08:05.816542', interaction_type={'id': '2cfc069b9f61', 'timestamp': '2026-05-27T01:08:05.816542', 'interaction_type': 'conversation', 'user_satisfaction': 0.7, 'response_quality': 0.6, 'latency_ms': 0.0, 'tokens_used': 0, 'was_proactive': False, 'context_relevance': 0.5, 'error_occurred': False, 'tags': [], 'metadata': {}}, user_satisfaction=None, response_quality=0.5, latency_ms=0.0, tokens_used=0, was_proactive=False, context_relevance=0.5, error_occurred=False, tags=[], metadata={}), InteractionRecord(id='93529a564c73', timestamp='2026-05-27T01:08:05.816542', interaction_type={'id': '16c3b1445aa5', 'timestamp': '2026-05-27T01:08:05.816542', 'interaction_type': 'conversation', 'user_satisfaction': 0.7, 'response_quality': 0.6, 'latency_ms': 0.0, 'tokens_used': 0, 'was_proactive': False, 'context_relevance': 0.5, 'error_occurred': False, 'tags': [], 'metadata': {}}, user_satisfaction=None, response_quality=0.5, latency_ms=0.0, tokens_used=0, was_proactive=False, context_relevance=0.5, error_occurred=False, tags=[], metadata={}), InteractionRecord(id='2ce1c423e166', timestamp='2026-05-27T01:08:05.816542', interaction_type={'id': '4322a0b1ecc1', 'timestamp': '2026-05-27T01:08:05.816542', 'interaction_type': 'conversation', 'user_satisfaction': 0.7, 'response_quality': 0.6, 'latency_ms': 0.0, 'tokens_used': 0, 'was_proactive': False, 'context_relevance': 0.5, 'error_occurred': False, 'tags': [], 'metadata': {}}, user_satisfaction=None, response_quality=0.5, latency_ms=0.0, tokens_used=0, was_proactive=False, context_relevance=0.5, error_occurred=False, tags=[], metadata={}), InteractionRecord(id='b4efc4419542', timestamp='2026-05-27T01:08:05.827486', interaction_type={'id': '0f8edfbdf38d', 'timestamp': '2026-05-27T01:08:05.827486', 'interaction_type': 'conversation', 'user_satisfaction': 0.7, 'response_quality': 0.6, 'latency_ms': 0.0, 'tokens_used': 0, 'was_proactive': False, 'context_relevance': 0.5, 'error_occurred': False, 'tags': [], 'metadata': {}}, user_satisfaction=None, response_quality=0.5, latency_ms=0.0, tokens_used=0, was_proactive=False, context_relevance=0.5, error_occurred=False, tags=[], metadata={}), InteractionRecord(id='978baba2132f', timestamp='2026-05-27T01:08:05.827486', interaction_type={'id': 'b8e0de9741fb', 'timestamp': '2026-05-27T01:08:05.827486', 'interaction_type': 'conversation', 'user_satisfaction': 0.7, 'response_quality': 0.6, 'latency_ms': 0.0, 'tokens_used': 0, 'was_proactive': False, 'context_relevance': 0.5, 'error_occurred': False, 'tags': [], 'metadata': {}}, user_satisfaction=None, response_quality=0.5, latency_ms=0.0, tokens_used=0, was_proactive=False, context_relevance=0.5, error_occurred=False, tags=[], metadata={}), InteractionRecord(id='0225a4d3dcbe', timestamp='2026-05-27T01:08:05.834851', interaction_type={'id': 'dacd63531caf', 'timestamp': '2026-05-27T01:08:05.834851', 'interaction_type': 'conversation', 'user_satisfaction': 0.7, 'response_quality': 0.6, 'latency_ms': 0.0, 'tokens_used': 0, 'was_proactive': False, 'context_relevance': 0.5, 'error_occurred': False, 'tags': [], 'metadata': {}}, user_satisfaction=None, response_quality=0.5, latency_ms=0.0, tokens_used=0, was_proactive=False, context_relevance=0.5, error_occurred=False, tags=[], metadata={}), InteractionRecord(id='b366f097a6eb', timestamp='2026-05-27T01:08:05.838375', interaction_type={'id': '1ce0aa76745b', 'timestamp': '2026-05-27T01:08:05.838375', 'interaction_type': 'conversation', 'user_satisfaction': 0.7, 'response_quality': 0.6, 'latency_ms': 0.0, 'tokens_used': 0, 'was_proactive': False, 'context_relevance': 0.5, 'error_occurred': False, 'tags': [], 'metadata': {}}, user_satisfaction=None, response_quality=0.5, latency_ms=0.0, tokens_used=0, was_proactive=False, context_relevance=0.5, error_occurred=False, tags=[], metadata={}), InteractionRecord(id='1de2ce6e8ca5', timestamp='2026-05-27T01:08:05.838375', interaction_type={'id': 'd55f5b4efd97', 'timestamp': '2026-05-27T01:08:05.838375', 'interaction_type': 'conversation', 'user_satisfaction': 0.7, 'response_quality': 0.6, 'latency_ms': 0.0, 'tokens_used': 0, 'was_proactive': False, 'context_relevance': 0.5, 'error_occurred': False, 'tags': [], 'metadata': {}}, user_satisfaction=None, response_quality=0.5, latency_ms=0.0, tokens_used=0, was_proactive=False, context_relevance=0.5, error_occurred=False, tags=[], metadata={}), InteractionRecord(id='128cd2ef29a2', timestamp='2026-05-27T01:55:29.115062', interaction_type='conversation', user_satisfaction=1.0, response_quality=0.5, latency_ms=0.0, tokens_used=0, was_proactive=False, context_relevance=0.5, error_occurred=False, tags=[], metadata={}), InteractionRecord(id='f0df2a9e16b9', timestamp='2026-05-27T01:55:29.187742', interaction_type='conversation', user_satisfaction=-0.7, response_quality=0.5, latency_ms=0.0, tokens_used=0, was_proactive=False, context_relevance=0.5, error_occurred=False, tags=[], metadata={}), InteractionRecord(id='ceba479a209d', timestamp='2026-05-27T01:56:51.318195', interaction_type='conversation', user_satisfaction=1.0, response_quality=0.5, latency_ms=0.0, tokens_used=0, was_proactive=False, context_relevance=0.5, error_occurred=False, tags=[], metadata={}), InteractionRecord(id='d70408f92f8f', timestamp='2026-05-27T01:56:51.357519', interaction_type='conversation', user_satisfaction=-0.7, response_quality=0.5, latency_ms=0.0, tokens_used=0, was_proactive=False, context_relevance=0.5, error_occurred=False, tags=[], metadata={}), InteractionRecord(id='04bef9c01cd2', timestamp='2026-05-27T09:10:45.546336', interaction_type="InteractionRecord(id='6ef4f6a0c7f6', timestamp='2026-05-27T09:10:45.546336', interaction_type='conversation', user_satisfaction=0.8, response_quality=0.7, latency_ms=500, tokens_used=0, was_proactive=False, context_relevance=0.5, error_occurred=False, tags=[], metadata={})", user_satisfaction=None, response_quality=0.5, latency_ms=0.0, tokens_used=0, was_proactive=False, context_relevance=0.5, error_occurred=False, tags=[], metadata={}), InteractionRecord(id='cfeed52ac79d', timestamp='2026-05-27T09:10:45.646274', interaction_type="InteractionRecord(id='004c5b3341dc', timestamp='2026-05-27T09:10:45.646274', interaction_type='conversation', user_satisfaction=0.7, response_quality=0.6, latency_ms=400, tokens_used=0, was_proactive=False, context_relevance=0.5, error_occurred=False, tags=[], metadata={})", user_satisfaction=None, response_quality=0.5, latency_ms=0.0, tokens_used=0, was_proactive=False, context_relevance=0.5, error_occurred=False, tags=[], metadata={}), InteractionRecord(id='2d0376b2d8d6', timestamp='2026-05-27T09:10:45.646274', interaction_type="InteractionRecord(id='b8f8d8dcda8a', timestamp='2026-05-27T09:10:45.646274', interaction_type='conversation', user_satisfaction=0.7999999999999999, response_quality=0.8, latency_ms=450, tokens_used=0, was_proactive=False, context_relevance=0.5, error_occurred=False, tags=[], metadata={})", user_satisfaction=None, response_quality=0.5, latency_ms=0.0, tokens_used=0, was_proactive=False, context_relevance=0.5, error_occurred=False, tags=[], metadata={}), InteractionRecord(id='51eba0386522', timestamp='2026-05-27T09:10:45.646274', interaction_type="InteractionRecord(id='11642981b673', timestamp='2026-05-27T09:10:45.646274', interaction_type='conversation', user_satisfaction=0.8999999999999999, response_quality=0.6, latency_ms=500, tokens_used=0, was_proactive=False, context_relevance=0.5, error_occurred=False, tags=[], metadata={})", user_satisfaction=None, response_quality=0.5, latency_ms=0.0, tokens_used=0, was_proactive=False, context_relevance=0.5, error_occurred=False, tags=[], metadata={}), InteractionRecord(id='698c96e0a1a2', timestamp='2026-05-27T09:10:45.646274', interaction_type="InteractionRecord(id='ab8900a880d5', timestamp='2026-05-27T09:10:45.646274', interaction_type='conversation', user_satisfaction=0.7, response_quality=0.8, latency_ms=550, tokens_used=0, was_proactive=False, context_relevance=0.5, error_occurred=False, tags=[], metadata={})", user_satisfaction=None, response_quality=0.5, latency_ms=0.0, tokens_used=0, was_proactive=False, context_relevance=0.5, error_occurred=False, tags=[], metadata={}), InteractionRecord(id='09012ff7b26b', timestamp='2026-05-27T09:10:45.664222', interaction_type="InteractionRecord(id='31a815e3c92f', timestamp='2026-05-27T09:10:45.664222', interaction_type='conversation', user_satisfaction=0.7999999999999999, response_quality=0.6, latency_ms=600, tokens_used=0, was_proactive=False, context_relevance=0.5, error_occurred=False, tags=[], metadata={})", user_satisfaction=None, response_quality=0.5, latency_ms=0.0, tokens_used=0, was_proactive=False, context_relevance=0.5, error_occurred=False, tags=[], metadata={}), InteractionRecord(id='e43116528eb0', timestamp='2026-05-27T09:10:45.667277', interaction_type="InteractionRecord(id='1f94a661291f', timestamp='2026-05-27T09:10:45.667277', interaction_type='conversation', user_satisfaction=0.8999999999999999, response_quality=0.8, latency_ms=650, tokens_used=0, was_proactive=False, context_relevance=0.5, error_occurred=False, tags=[], metadata={})", user_satisfaction=None, response_quality=0.5, latency_ms=0.0, tokens_used=0, was_proactive=False, context_relevance=0.5, error_occurred=False, tags=[], metadata={}), InteractionRecord(id='2bb70aefdade', timestamp='2026-05-27T09:10:45.668278', interaction_type="InteractionRecord(id='92efc7b9d34e', timestamp='2026-05-27T09:10:45.668278', interaction_type='conversation', user_satisfaction=0.7, response_quality=0.6, latency_ms=700, tokens_used=0, was_proactive=False, context_relevance=0.5, error_occurred=False, tags=[], metadata={})", user_satisfaction=None, response_quality=0.5, latency_ms=0.0, tokens_used=0, was_proactive=False, context_relevance=0.5, error_occurred=False, tags=[], metadata={}), InteractionRecord(id='8eef67245321', timestamp='2026-05-27T09:10:45.668278', interaction_type="InteractionRecord(id='589d80559c25', timestamp='2026-05-27T09:10:45.668278', interaction_type='conversation', user_satisfaction=0.7999999999999999, response_quality=0.8, latency_ms=750, tokens_used=0, was_proactive=False, context_relevance=0.5, error_occurred=False, tags=[], metadata={})", user_satisfaction=None, response_quality=0.5, latency_ms=0.0, tokens_used=0, was_proactive=False, context_relevance=0.5, error_occurred=False, tags=[], metadata={}), InteractionRecord(id='8d40a7217cc8', timestamp='2026-05-27T09:10:45.668278', interaction_type="InteractionRecord(id='e7fcc520b900', timestamp='2026-05-27T09:10:45.668278', interaction_type='conversation', user_satisfaction=0.8999999999999999, response_quality=0.6, latency_ms=800, tokens_used=0, was_proactive=False, context_relevance=0.5, error_occurred=False, tags=[], metadata={})", user_satisfaction=None, response_quality=0.5, latency_ms=0.0, tokens_used=0, was_proactive=False, context_relevance=0.5, error_occurred=False, tags=[], metadata={}), InteractionRecord(id='e03aca632e2b', timestamp='2026-05-27T09:10:45.679198', interaction_type="InteractionRecord(id='4d08b10d8f77', timestamp='2026-05-27T09:10:45.679198', interaction_type='conversation', user_satisfaction=0.7, response_quality=0.8, latency_ms=850, tokens_used=0, was_proactive=False, context_relevance=0.5, error_occurred=False, tags=[], metadata={})", user_satisfaction=None, response_quality=0.5, latency_ms=0.0, tokens_used=0, was_proactive=False, context_relevance=0.5, error_occurred=False, tags=[], metadata={}), InteractionRecord(id='dd8827ae6a77', timestamp='2026-05-27T09:11:12.997869', interaction_type="InteractionRecord(id='f3cb8a4a824f', timestamp='2026-05-27T09:11:12.997869', interaction_type='conversation', user_satisfaction=0.8, response_quality=0.7, latency_ms=0.0, tokens_used=0, was_proactive=False, context_relevance=0.5, error_occurred=False, tags=[], metadata={})", user_satisfaction=None, response_quality=0.5, latency_ms=0.0, tokens_used=0, was_proactive=False, context_relevance=0.5, error_occurred=False, tags=[], metadata={}), InteractionRecord(id='c18e1b6120fa', timestamp='2026-05-27T09:11:12.997869', interaction_type="InteractionRecord(id='b56334fe61d7', timestamp='2026-05-27T09:11:12.997869', interaction_type='conversation', user_satisfaction=0.8, response_quality=0.7, latency_ms=0.0, tokens_used=0, was_proactive=False, context_relevance=0.5, error_occurred=False, tags=[], metadata={})", user_satisfaction=None, response_quality=0.5, latency_ms=0.0, tokens_used=0, was_proactive=False, context_relevance=0.5, error_occurred=False, tags=[], metadata={}), InteractionRecord(id='cfaed7df9aee', timestamp='2026-05-27T09:11:12.997869', interaction_type="InteractionRecord(id='6e17c9b9d78a', timestamp='2026-05-27T09:11:12.997869', interaction_type='conversation', user_satisfaction=0.8, response_quality=0.7, latency_ms=0.0, tokens_used=0, was_proactive=False, context_relevance=0.5, error_occurred=False, tags=[], metadata={})", user_satisfaction=None, response_quality=0.5, latency_ms=0.0, tokens_used=0, was_proactive=False, context_relevance=0.5, error_occurred=False, tags=[], metadata={}), InteractionRecord(id='2f3654c4af5a', timestamp='2026-05-27T09:11:12.997869', interaction_type="InteractionRecord(id='0f15704cc5a7', timestamp='2026-05-27T09:11:12.997869', interaction_type='conversation', user_satisfaction=0.8, response_quality=0.7, latency_ms=0.0, tokens_used=0, was_proactive=False, context_relevance=0.5, error_occurred=False, tags=[], metadata={})", user_satisfaction=None, response_quality=0.5, latency_ms=0.0, tokens_used=0, was_proactive=False, context_relevance=0.5, error_occurred=False, tags=[], metadata={}), InteractionRecord(id='645039a5522a', timestamp='2026-05-27T09:11:13.013971', interaction_type="InteractionRecord(id='178cb4c9caab', timestamp='2026-05-27T09:11:13.013971', interaction_type='conversation', user_satisfaction=0.8, response_quality=0.7, latency_ms=0.0, tokens_used=0, was_proactive=False, context_relevance=0.5, error_occurred=False, tags=[], metadata={})", user_satisfaction=None, response_quality=0.5, latency_ms=0.0, tokens_used=0, was_proactive=False, context_relevance=0.5, error_occurred=False, tags=[], metadata={}), InteractionRecord(id='c7180c536a40', timestamp='2026-05-27T09:11:13.034417', interaction_type="InteractionRecord(id='d69f3e2f0138', timestamp='2026-05-27T09:11:13.034417', interaction_type='conversation', user_satisfaction=0.7, response_quality=0.6, latency_ms=0.0, tokens_used=0, was_proactive=False, context_relevance=0.5, error_occurred=False, tags=[], metadata={})", user_satisfaction=None, response_quality=0.5, latency_ms=0.0, tokens_used=0, was_proactive=False, context_relevance=0.5, error_occurred=False, tags=[], metadata={}), InteractionRecord(id='831e84913b5d', timestamp='2026-05-27T09:11:13.038416', interaction_type="InteractionRecord(id='c1a9329f88af', timestamp='2026-05-27T09:11:13.038416', interaction_type='conversation', user_satisfaction=0.7, response_quality=0.6, latency_ms=0.0, tokens_used=0, was_proactive=False, context_relevance=0.5, error_occurred=False, tags=[], metadata={})", user_satisfaction=None, response_quality=0.5, latency_ms=0.0, tokens_used=0, was_proactive=False, context_relevance=0.5, error_occurred=False, tags=[], metadata={}), InteractionRecord(id='8402968d88fc', timestamp='2026-05-27T09:11:13.038416', interaction_type="InteractionRecord(id='ef9c013e10a9', timestamp='2026-05-27T09:11:13.038416', interaction_type='conversation', user_satisfaction=0.7, response_quality=0.6, latency_ms=0.0, tokens_used=0, was_proactive=False, context_relevance=0.5, error_occurred=False, tags=[], metadata={})", user_satisfaction=None, response_quality=0.5, latency_ms=0.0, tokens_used=0, was_proactive=False, context_relevance=0.5, error_occurred=False, tags=[], metadata={}), InteractionRecord(id='4151856d3c84', timestamp='2026-05-27T09:11:13.038416', interaction_type="InteractionRecord(id='46b625b25e27', timestamp='2026-05-27T09:11:13.038416', interaction_type='conversation', user_satisfaction=0.7, response_quality=0.6, latency_ms=0.0, tokens_used=0, was_proactive=False, context_relevance=0.5, error_occurred=False, tags=[], metadata={})", user_satisfaction=None, response_quality=0.5, latency_ms=0.0, tokens_used=0, was_proactive=False, context_relevance=0.5, error_occurred=False, tags=[], metadata={}), InteractionRecord(id='1823f7aecaed', timestamp='2026-05-27T09:11:13.048165', interaction_type="InteractionRecord(id='9232867121c4', timestamp='2026-05-27T09:11:13.048165', interaction_type='conversation', user_satisfaction=0.7, response_quality=0.6, latency_ms=0.0, tokens_used=0, was_proactive=False, context_relevance=0.5, error_occurred=False, tags=[], metadata={})", user_satisfaction=None, response_quality=0.5, latency_ms=0.0, tokens_used=0, was_proactive=False, context_relevance=0.5, error_occurred=False, tags=[], metadata={}), InteractionRecord(id='bec235a1b2aa', timestamp='2026-05-27T09:11:13.052991', interaction_type="InteractionRecord(id='58893ffbb99b', timestamp='2026-05-27T09:11:13.052991', interaction_type='conversation', user_satisfaction=0.7, response_quality=0.6, latency_ms=0.0, tokens_used=0, was_proactive=False, context_relevance=0.5, error_occurred=False, tags=[], metadata={})", user_satisfaction=None, response_quality=0.5, latency_ms=0.0, tokens_used=0, was_proactive=False, context_relevance=0.5, error_occurred=False, tags=[], metadata={}), InteractionRecord(id='696687b92ca5', timestamp='2026-05-27T09:11:13.114780', interaction_type="InteractionRecord(id='1887bdec3eef', timestamp='2026-05-27T09:11:13.114780', interaction_type='conversation', user_satisfaction=0.7, response_quality=0.6, latency_ms=0.0, tokens_used=0, was_proactive=False, context_relevance=0.5, error_occurred=False, tags=[], metadata={})", user_satisfaction=None, response_quality=0.5, latency_ms=0.0, tokens_used=0, was_proactive=False, context_relevance=0.5, error_occurred=False, tags=[], metadata={}), InteractionRecord(id='793565955edb', timestamp='2026-05-27T09:11:13.114780', interaction_type="InteractionRecord(id='21fe48d65516', timestamp='2026-05-27T09:11:13.114780', interaction_type='conversation', user_satisfaction=0.7, response_quality=0.6, latency_ms=0.0, tokens_used=0, was_proactive=False, context_relevance=0.5, error_occurred=False, tags=[], metadata={})", user_satisfaction=None, response_quality=0.5, latency_ms=0.0, tokens_used=0, was_proactive=False, context_relevance=0.5, error_occurred=False, tags=[], metadata={}), InteractionRecord(id='78e6d1d3b7f9', timestamp='2026-05-27T09:11:13.114780', interaction_type="InteractionRecord(id='c080a48931b9', timestamp='2026-05-27T09:11:13.114780', interaction_type='conversation', user_satisfaction=0.7, response_quality=0.6, latency_ms=0.0, tokens_used=0, was_proactive=False, context_relevance=0.5, error_occurred=False, tags=[], metadata={})", user_satisfaction=None, response_quality=0.5, latency_ms=0.0, tokens_used=0, was_proactive=False, context_relevance=0.5, error_occurred=False, tags=[], metadata={}), InteractionRecord(id='ff16ffd3ac04', timestamp='2026-05-27T09:11:13.114780', interaction_type="InteractionRecord(id='808aa61f33ad', timestamp='2026-05-27T09:11:13.114780', interaction_type='conversation', user_satisfaction=0.7, response_quality=0.6, latency_ms=0.0, tokens_used=0, was_proactive=False, context_relevance=0.5, error_occurred=False, tags=[], metadata={})", user_satisfaction=None, response_quality=0.5, latency_ms=0.0, tokens_used=0, was_proactive=False, context_relevance=0.5, error_occurred=False, tags=[], metadata={}), InteractionRecord(id='5c54ec77ef48', timestamp='2026-05-27T09:11:13.131507', interaction_type="InteractionRecord(id='9ba293584d33', timestamp='2026-05-27T09:11:13.131507', interaction_type='conversation', user_satisfaction=0.7, response_quality=0.6, latency_ms=0.0, tokens_used=0, was_proactive=False, context_relevance=0.5, error_occurred=False, tags=[], metadata={})", user_satisfaction=None, response_quality=0.5, latency_ms=0.0, tokens_used=0, was_proactive=False, context_relevance=0.5, error_occurred=False, tags=[], metadata={}), InteractionRecord(id='b630354552c3', timestamp='2026-05-27T09:11:13.131507', interaction_type="InteractionRecord(id='a4f4c51b5112', timestamp='2026-05-27T09:11:13.131507', interaction_type='conversation', user_satisfaction=0.7, response_quality=0.6, latency_ms=0.0, tokens_used=0, was_proactive=False, context_relevance=0.5, error_occurred=False, tags=[], metadata={})", user_satisfaction=None, response_quality=0.5, latency_ms=0.0, tokens_used=0, was_proactive=False, context_relevance=0.5, error_occurred=False, tags=[], metadata={}), InteractionRecord(id='a8fcd3892cb7', timestamp='2026-05-27T09:11:13.131507', interaction_type="InteractionRecord(id='d5022616bc27', timestamp='2026-05-27T09:11:13.131507', interaction_type='conversation', user_satisfaction=0.7, response_quality=0.6, latency_ms=0.0, tokens_used=0, was_proactive=False, context_relevance=0.5, error_occurred=False, tags=[], metadata={})", user_satisfaction=None, response_quality=0.5, latency_ms=0.0, tokens_used=0, was_proactive=False, context_relevance=0.5, error_occurred=False, tags=[], metadata={}), InteractionRecord(id='ab29265779b5', timestamp='2026-05-27T09:11:13.131507', interaction_type="InteractionRecord(id='bf16f3345710', timestamp='2026-05-27T09:11:13.131507', interaction_type='conversation', user_satisfaction=0.7, response_quality=0.6, latency_ms=0.0, tokens_used=0, was_proactive=False, context_relevance=0.5, error_occurred=False, tags=[], metadata={})", user_satisfaction=None, response_quality=0.5, latency_ms=0.0, tokens_used=0, was_proactive=False, context_relevance=0.5, error_occurred=False, tags=[], metadata={}), InteractionRecord(id='6bf11a0d9e9b', timestamp='2026-05-27T09:11:13.131507', interaction_type="InteractionRecord(id='52daeb6fc83b', timestamp='2026-05-27T09:11:13.131507', interaction_type='conversation', user_satisfaction=0.7, response_quality=0.6, latency_ms=0.0, tokens_used=0, was_proactive=False, context_relevance=0.5, error_occurred=False, tags=[], metadata={})", user_satisfaction=None, response_quality=0.5, latency_ms=0.0, tokens_used=0, was_proactive=False, context_relevance=0.5, error_occurred=False, tags=[], metadata={}), InteractionRecord(id='51de4fb89ebd', timestamp='2026-05-27T09:11:13.148081', interaction_type="InteractionRecord(id='f639d70ec7ba', timestamp='2026-05-27T09:11:13.148081', interaction_type='conversation', user_satisfaction=0.7, response_quality=0.6, latency_ms=0.0, tokens_used=0, was_proactive=False, context_relevance=0.5, error_occurred=False, tags=[], metadata={})", user_satisfaction=None, response_quality=0.5, latency_ms=0.0, tokens_used=0, was_proactive=False, context_relevance=0.5, error_occurred=False, tags=[], metadata={}), InteractionRecord(id='f5f62e7a450f', timestamp='2026-05-27T09:11:13.151238', interaction_type="InteractionRecord(id='7b50de47a850', timestamp='2026-05-27T09:11:13.151238', interaction_type='conversation', user_satisfaction=0.7, response_quality=0.6, latency_ms=0.0, tokens_used=0, was_proactive=False, context_relevance=0.5, error_occurred=False, tags=[], metadata={})", user_satisfaction=None, response_quality=0.5, latency_ms=0.0, tokens_used=0, was_proactive=False, context_relevance=0.5, error_occurred=False, tags=[], metadata={}), InteractionRecord(id='be179a3f47ee', timestamp='2026-05-27T09:11:13.151238', interaction_type="InteractionRecord(id='55a4c0c89797', timestamp='2026-05-27T09:11:13.151238', interaction_type='conversation', user_satisfaction=0.7, response_quality=0.6, latency_ms=0.0, tokens_used=0, was_proactive=False, context_relevance=0.5, error_occurred=False, tags=[], metadata={})", user_satisfaction=None, response_quality=0.5, latency_ms=0.0, tokens_used=0, was_proactive=False, context_relevance=0.5, error_occurred=False, tags=[], metadata={}), InteractionRecord(id='cde10e9f7424', timestamp='2026-05-27T09:11:13.151238', interaction_type="InteractionRecord(id='2b42c3d07f95', timestamp='2026-05-27T09:11:13.151238', interaction_type='conversation', user_satisfaction=0.7, response_quality=0.6, latency_ms=0.0, tokens_used=0, was_proactive=False, context_relevance=0.5, error_occurred=False, tags=[], metadata={})", user_satisfaction=None, response_quality=0.5, latency_ms=0.0, tokens_used=0, was_proactive=False, context_relevance=0.5, error_occurred=False, tags=[], metadata={}), InteractionRecord(id='54a1125caa5e', timestamp='2026-05-27T09:11:13.165214', interaction_type="InteractionRecord(id='bf1e178bdebb', timestamp='2026-05-27T09:11:13.165214', interaction_type='conversation', user_satisfaction=0.7, response_quality=0.6, latency_ms=0.0, tokens_used=0, was_proactive=False, context_relevance=0.5, error_occurred=False, tags=[], metadata={})", user_satisfaction=None, response_quality=0.5, latency_ms=0.0, tokens_used=0, was_proactive=False, context_relevance=0.5, error_occurred=False, tags=[], metadata={}), InteractionRecord(id='9b66518e8300', timestamp='2026-05-27T09:11:13.165214', interaction_type="InteractionRecord(id='b45bd9e1dae7', timestamp='2026-05-27T09:11:13.165214', interaction_type='conversation', user_satisfaction=0.7, response_quality=0.6, latency_ms=0.0, tokens_used=0, was_proactive=False, context_relevance=0.5, error_occurred=False, tags=[], metadata={})", user_satisfaction=None, response_quality=0.5, latency_ms=0.0, tokens_used=0, was_proactive=False, context_relevance=0.5, error_occurred=False, tags=[], metadata={}), InteractionRecord(id='5b6922f31256', timestamp='2026-05-27T09:11:13.165214', interaction_type="InteractionRecord(id='241867650155', timestamp='2026-05-27T09:11:13.165214', interaction_type='conversation', user_satisfaction=0.7, response_quality=0.6, latency_ms=0.0, tokens_used=0, was_proactive=False, context_relevance=0.5, error_occurred=False, tags=[], metadata={})", user_satisfaction=None, response_quality=0.5, latency_ms=0.0, tokens_used=0, was_proactive=False, context_relevance=0.5, error_occurred=False, tags=[], metadata={}), InteractionRecord(id='0d1c96ccfa02', timestamp='2026-05-27T09:11:13.165214', interaction_type="InteractionRecord(id='8456be72dd2a', timestamp='2026-05-27T09:11:13.165214', interaction_type='conversation', user_satisfaction=0.7, response_quality=0.6, latency_ms=0.0, tokens_used=0, was_proactive=False, context_relevance=0.5, error_occurred=False, tags=[], metadata={})", user_satisfaction=None, response_quality=0.5, latency_ms=0.0, tokens_used=0, was_proactive=False, context_relevance=0.5, error_occurred=False, tags=[], metadata={}), InteractionRecord(id='0973c610262c', timestamp='2026-05-27T09:11:13.180985', interaction_type="InteractionRecord(id='9cd3a58edd38', timestamp='2026-05-27T09:11:13.180985', interaction_type='conversation', user_satisfaction=0.7, response_quality=0.6, latency_ms=0.0, tokens_used=0, was_proactive=False, context_relevance=0.5, error_occurred=False, tags=[], metadata={})", user_satisfaction=None, response_quality=0.5, latency_ms=0.0, tokens_used=0, was_proactive=False, context_relevance=0.5, error_occurred=False, tags=[], metadata={}), InteractionRecord(id='8ebec8b9786c', timestamp='2026-05-27T09:11:13.185232', interaction_type="InteractionRecord(id='fb9924242b5b', timestamp='2026-05-27T09:11:13.185232', interaction_type='conversation', user_satisfaction=0.7, response_quality=0.6, latency_ms=0.0, tokens_used=0, was_proactive=False, context_relevance=0.5, error_occurred=False, tags=[], metadata={})", user_satisfaction=None, response_quality=0.5, latency_ms=0.0, tokens_used=0, was_proactive=False, context_relevance=0.5, error_occurred=False, tags=[], metadata={}), InteractionRecord(id='00049ef73072', timestamp='2026-05-27T09:11:13.185232', interaction_type="InteractionRecord(id='374d19c0706a', timestamp='2026-05-27T09:11:13.185232', interaction_type='conversation', user_satisfaction=0.7, response_quality=0.6, latency_ms=0.0, tokens_used=0, was_proactive=False, context_relevance=0.5, error_occurred=False, tags=[], metadata={})", user_satisfaction=None, response_quality=0.5, latency_ms=0.0, tokens_used=0, was_proactive=False, context_relevance=0.5, error_occurred=False, tags=[], metadata={}), InteractionRecord(id='4bb63e381de8', timestamp='2026-05-27T09:11:13.185232', interaction_type="InteractionRecord(id='558be7dc9caa', timestamp='2026-05-27T09:11:13.185232', interaction_type='conversation', user_satisfaction=0.7, response_quality=0.6, latency_ms=0.0, tokens_used=0, was_proactive=False, context_relevance=0.5, error_occurred=False, tags=[], metadata={})", user_satisfaction=None, response_quality=0.5, latency_ms=0.0, tokens_used=0, was_proactive=False, context_relevance=0.5, error_occurred=False, tags=[], metadata={}), InteractionRecord(id='721d680325ce', timestamp='2026-05-27T09:11:13.198072', interaction_type="InteractionRecord(id='39b38f46d0b0', timestamp='2026-05-27T09:11:13.198072', interaction_type='conversation', user_satisfaction=0.7, response_quality=0.6, latency_ms=0.0, tokens_used=0, was_proactive=False, context_relevance=0.5, error_occurred=False, tags=[], metadata={})", user_satisfaction=None, response_quality=0.5, latency_ms=0.0, tokens_used=0, was_proactive=False, context_relevance=0.5, error_occurred=False, tags=[], metadata={}), InteractionRecord(id='ef84a80e9afc', timestamp='2026-05-27T09:11:13.198072', interaction_type="InteractionRecord(id='329023aab274', timestamp='2026-05-27T09:11:13.198072', interaction_type='conversation', user_satisfaction=0.7, response_quality=0.6, latency_ms=0.0, tokens_used=0, was_proactive=False, context_relevance=0.5, error_occurred=False, tags=[], metadata={})", user_satisfaction=None, response_quality=0.5, latency_ms=0.0, tokens_used=0, was_proactive=False, context_relevance=0.5, error_occurred=False, tags=[], metadata={}), InteractionRecord(id='3a1ea63597b2', timestamp='2026-05-27T09:11:13.198072', interaction_type="InteractionRecord(id='72454c7677de', timestamp='2026-05-27T09:11:13.198072', interaction_type='conversation', user_satisfaction=0.7, response_quality=0.6, latency_ms=0.0, tokens_used=0, was_proactive=False, context_relevance=0.5, error_occurred=False, tags=[], metadata={})", user_satisfaction=None, response_quality=0.5, latency_ms=0.0, tokens_used=0, was_proactive=False, context_relevance=0.5, error_occurred=False, tags=[], metadata={}), InteractionRecord(id='3b2222d0627d', timestamp='2026-05-27T09:11:13.198072', interaction_type="InteractionRecord(id='5b8e51938a78', timestamp='2026-05-27T09:11:13.198072', interaction_type='conversation', user_satisfaction=0.7, response_quality=0.6, latency_ms=0.0, tokens_used=0, was_proactive=False, context_relevance=0.5, error_occurred=False, tags=[], metadata={})", user_satisfaction=None, response_quality=0.5, latency_ms=0.0, tokens_used=0, was_proactive=False, context_relevance=0.5, error_occurred=False, tags=[], metadata={}), InteractionRecord(id='b0a2904c2ace', timestamp='2026-05-27T09:11:13.198072', interaction_type="InteractionRecord(id='b529afcbe2dc', timestamp='2026-05-27T09:11:13.198072', interaction_type='conversation', user_satisfaction=0.7, response_quality=0.6, latency_ms=0.0, tokens_used=0, was_proactive=False, context_relevance=0.5, error_occurred=False, tags=[], metadata={})", user_satisfaction=None, response_quality=0.5, latency_ms=0.0, tokens_used=0, was_proactive=False, context_relevance=0.5, error_occurred=False, tags=[], metadata={}), InteractionRecord(id='5eb0a298e9ad', timestamp='2026-05-27T09:11:13.214721', interaction_type="InteractionRecord(id='b4f760d3fded', timestamp='2026-05-27T09:11:13.214721', interaction_type='conversation', user_satisfaction=0.7, response_quality=0.6, latency_ms=0.0, tokens_used=0, was_proactive=False, context_relevance=0.5, error_occurred=False, tags=[], metadata={})", user_satisfaction=None, response_quality=0.5, latency_ms=0.0, tokens_used=0, was_proactive=False, context_relevance=0.5, error_occurred=False, tags=[], metadata={}), InteractionRecord(id='963c7e655580', timestamp='2026-05-27T09:11:13.214721', interaction_type="InteractionRecord(id='7c844770d520', timestamp='2026-05-27T09:11:13.214721', interaction_type='conversation', user_satisfaction=0.7, response_quality=0.6, latency_ms=0.0, tokens_used=0, was_proactive=False, context_relevance=0.5, error_occurred=False, tags=[], metadata={})", user_satisfaction=None, response_quality=0.5, latency_ms=0.0, tokens_used=0, was_proactive=False, context_relevance=0.5, error_occurred=False, tags=[], metadata={}), InteractionRecord(id='f2cbf368b330', timestamp='2026-05-27T09:11:13.214721', interaction_type="InteractionRecord(id='aac969c75e88', timestamp='2026-05-27T09:11:13.214721', interaction_type='conversation', user_satisfaction=0.7, response_quality=0.6, latency_ms=0.0, tokens_used=0, was_proactive=False, context_relevance=0.5, error_occurred=False, tags=[], metadata={})", user_satisfaction=None, response_quality=0.5, latency_ms=0.0, tokens_used=0, was_proactive=False, context_relevance=0.5, error_occurred=False, tags=[], metadata={}), InteractionRecord(id='4b1ef5e412bd', timestamp='2026-05-27T09:11:13.231378', interaction_type="InteractionRecord(id='df98839f9839', timestamp='2026-05-27T09:11:13.231378', interaction_type='conversation', user_satisfaction=0.7, response_quality=0.6, latency_ms=0.0, tokens_used=0, was_proactive=False, context_relevance=0.5, error_occurred=False, tags=[], metadata={})", user_satisfaction=None, response_quality=0.5, latency_ms=0.0, tokens_used=0, was_proactive=False, context_relevance=0.5, error_occurred=False, tags=[], metadata={}), InteractionRecord(id='23e146b58d16', timestamp='2026-05-27T09:11:13.231378', interaction_type="InteractionRecord(id='4c3870ce998d', timestamp='2026-05-27T09:11:13.231378', interaction_type='conversation', user_satisfaction=0.7, response_quality=0.6, latency_ms=0.0, tokens_used=0, was_proactive=False, context_relevance=0.5, error_occurred=False, tags=[], metadata={})", user_satisfaction=None, response_quality=0.5, latency_ms=0.0, tokens_used=0, was_proactive=False, context_relevance=0.5, error_occurred=False, tags=[], metadata={}), InteractionRecord(id='53dcf455ec14', timestamp='2026-05-27T09:11:13.231378', interaction_type="InteractionRecord(id='12066bc9a109', timestamp='2026-05-27T09:11:13.231378', interaction_type='conversation', user_satisfaction=0.7, response_quality=0.6, latency_ms=0.0, tokens_used=0, was_proactive=False, context_relevance=0.5, error_occurred=False, tags=[], metadata={})", user_satisfaction=None, response_quality=0.5, latency_ms=0.0, tokens_used=0, was_proactive=False, context_relevance=0.5, error_occurred=False, tags=[], metadata={}), InteractionRecord(id='cbbc1b51681c', timestamp='2026-05-27T09:11:13.243081', interaction_type="InteractionRecord(id='1bf36abb9c9e', timestamp='2026-05-27T09:11:13.243081', interaction_type='conversation', user_satisfaction=0.7, response_quality=0.6, latency_ms=0.0, tokens_used=0, was_proactive=False, context_relevance=0.5, error_occurred=False, tags=[], metadata={})", user_satisfaction=None, response_quality=0.5, latency_ms=0.0, tokens_used=0, was_proactive=False, context_relevance=0.5, error_occurred=False, tags=[], metadata={}), InteractionRecord(id='5976280ba674', timestamp='2026-05-27T09:11:13.248258', interaction_type="InteractionRecord(id='91c6bf36bbf6', timestamp='2026-05-27T09:11:13.248258', interaction_type='conversation', user_satisfaction=0.7, response_quality=0.6, latency_ms=0.0, tokens_used=0, was_proactive=False, context_relevance=0.5, error_occurred=False, tags=[], metadata={})", user_satisfaction=None, response_quality=0.5, latency_ms=0.0, tokens_used=0, was_proactive=False, context_relevance=0.5, error_occurred=False, tags=[], metadata={}), InteractionRecord(id='fda2de4b7761', timestamp='2026-05-27T09:11:13.248258', interaction_type="InteractionRecord(id='cff39f12f663', timestamp='2026-05-27T09:11:13.248258', interaction_type='conversation', user_satisfaction=0.7, response_quality=0.6, latency_ms=0.0, tokens_used=0, was_proactive=False, context_relevance=0.5, error_occurred=False, tags=[], metadata={})", user_satisfaction=None, response_quality=0.5, latency_ms=0.0, tokens_used=0, was_proactive=False, context_relevance=0.5, error_occurred=False, tags=[], metadata={}), InteractionRecord(id='a3979a240759', timestamp='2026-05-27T09:11:13.248258', interaction_type="InteractionRecord(id='f1cdddae7267', timestamp='2026-05-27T09:11:13.248258', interaction_type='conversation', user_satisfaction=0.7, response_quality=0.6, latency_ms=0.0, tokens_used=0, was_proactive=False, context_relevance=0.5, error_occurred=False, tags=[], metadata={})", user_satisfaction=None, response_quality=0.5, latency_ms=0.0, tokens_used=0, was_proactive=False, context_relevance=0.5, error_occurred=False, tags=[], metadata={}), InteractionRecord(id='50ebb502472c', timestamp='2026-05-27T09:11:13.248258', interaction_type="InteractionRecord(id='d416429fd670', timestamp='2026-05-27T09:11:13.248258', interaction_type='conversation', user_satisfaction=0.7, response_quality=0.6, latency_ms=0.0, tokens_used=0, was_proactive=False, context_relevance=0.5, error_occurred=False, tags=[], metadata={})", user_satisfaction=None, response_quality=0.5, latency_ms=0.0, tokens_used=0, was_proactive=False, context_relevance=0.5, error_occurred=False, tags=[], metadata={}), InteractionRecord(id='e52fd0a8c939', timestamp='2026-05-27T09:11:13.264893', interaction_type="InteractionRecord(id='d335fd42e87b', timestamp='2026-05-27T09:11:13.264893', interaction_type='conversation', user_satisfaction=0.7, response_quality=0.6, latency_ms=0.0, tokens_used=0, was_proactive=False, context_relevance=0.5, error_occurred=False, tags=[], metadata={})", user_satisfaction=None, response_quality=0.5, latency_ms=0.0, tokens_used=0, was_proactive=False, context_relevance=0.5, error_occurred=False, tags=[], metadata={}), InteractionRecord(id='4a7e7e9bdd56', timestamp='2026-05-27T09:11:13.264893', interaction_type="InteractionRecord(id='4be44eae3f3a', timestamp='2026-05-27T09:11:13.264893', interaction_type='conversation', user_satisfaction=0.7, response_quality=0.6, latency_ms=0.0, tokens_used=0, was_proactive=False, context_relevance=0.5, error_occurred=False, tags=[], metadata={})", user_satisfaction=None, response_quality=0.5, latency_ms=0.0, tokens_used=0, was_proactive=False, context_relevance=0.5, error_occurred=False, tags=[], metadata={}), InteractionRecord(id='9461067cab9e', timestamp='2026-05-27T09:11:13.264893', interaction_type="InteractionRecord(id='d8812b8270c4', timestamp='2026-05-27T09:11:13.264893', interaction_type='conversation', user_satisfaction=0.7, response_quality=0.6, latency_ms=0.0, tokens_used=0, was_proactive=False, context_relevance=0.5, error_occurred=False, tags=[], metadata={})", user_satisfaction=None, response_quality=0.5, latency_ms=0.0, tokens_used=0, was_proactive=False, context_relevance=0.5, error_occurred=False, tags=[], metadata={}), InteractionRecord(id='ae1df6725a33', timestamp='2026-05-27T09:11:13.264893', interaction_type="InteractionRecord(id='648538c6e4ef', timestamp='2026-05-27T09:11:13.264893', interaction_type='conversation', user_satisfaction=0.7, response_quality=0.6, latency_ms=0.0, tokens_used=0, was_proactive=False, context_relevance=0.5, error_occurred=False, tags=[], metadata={})", user_satisfaction=None, response_quality=0.5, latency_ms=0.0, tokens_used=0, was_proactive=False, context_relevance=0.5, error_occurred=False, tags=[], metadata={}), InteractionRecord(id='5debe632e4bf', timestamp='2026-05-27T09:11:13.281398', interaction_type="InteractionRecord(id='22bff1fda873', timestamp='2026-05-27T09:11:13.281398', interaction_type='conversation', user_satisfaction=0.7, response_quality=0.6, latency_ms=0.0, tokens_used=0, was_proactive=False, context_relevance=0.5, error_occurred=False, tags=[], metadata={})", user_satisfaction=None, response_quality=0.5, latency_ms=0.0, tokens_used=0, was_proactive=False, context_relevance=0.5, error_occurred=False, tags=[], metadata={}), InteractionRecord(id='b860ea063949', timestamp='2026-05-27T09:11:13.285325', interaction_type="InteractionRecord(id='580787e1e420', timestamp='2026-05-27T09:11:13.285325', interaction_type='conversation', user_satisfaction=0.7, response_quality=0.6, latency_ms=0.0, tokens_used=0, was_proactive=False, context_relevance=0.5, error_occurred=False, tags=[], metadata={})", user_satisfaction=None, response_quality=0.5, latency_ms=0.0, tokens_used=0, was_proactive=False, context_relevance=0.5, error_occurred=False, tags=[], metadata={}), InteractionRecord(id='71e8253e3774', timestamp='2026-05-27T09:11:13.291734', interaction_type="InteractionRecord(id='7ba82738c5ae', timestamp='2026-05-27T09:11:13.291734', interaction_type='conversation', user_satisfaction=0.7, response_quality=0.6, latency_ms=0.0, tokens_used=0, was_proactive=False, context_relevance=0.5, error_occurred=False, tags=[], metadata={})", user_satisfaction=None, response_quality=0.5, latency_ms=0.0, tokens_used=0, was_proactive=False, context_relevance=0.5, error_occurred=False, tags=[], metadata={}), InteractionRecord(id='fbf367e2ddef', timestamp='2026-05-27T09:11:13.296750', interaction_type="InteractionRecord(id='c28e7ba001a9', timestamp='2026-05-27T09:11:13.296750', interaction_type='conversation', user_satisfaction=0.7, response_quality=0.6, latency_ms=0.0, tokens_used=0, was_proactive=False, context_relevance=0.5, error_occurred=False, tags=[], metadata={})", user_satisfaction=None, response_quality=0.5, latency_ms=0.0, tokens_used=0, was_proactive=False, context_relevance=0.5, error_occurred=False, tags=[], metadata={}), InteractionRecord(id='6f85022f7a68', timestamp='2026-05-27T09:11:13.298577', interaction_type="InteractionRecord(id='8d6c9075d1c8', timestamp='2026-05-27T09:11:13.298577', interaction_type='conversation', user_satisfaction=0.7, response_quality=0.6, latency_ms=0.0, tokens_used=0, was_proactive=False, context_relevance=0.5, error_occurred=False, tags=[], metadata={})", user_satisfaction=None, response_quality=0.5, latency_ms=0.0, tokens_used=0, was_proactive=False, context_relevance=0.5, error_occurred=False, tags=[], metadata={}), InteractionRecord(id='2de502a2a708', timestamp='2026-05-27T09:11:13.298577', interaction_type="InteractionRecord(id='9468897dc9cd', timestamp='2026-05-27T09:11:13.298577', interaction_type='conversation', user_satisfaction=0.7, response_quality=0.6, latency_ms=0.0, tokens_used=0, was_proactive=False, context_relevance=0.5, error_occurred=False, tags=[], metadata={})", user_satisfaction=None, response_quality=0.5, latency_ms=0.0, tokens_used=0, was_proactive=False, context_relevance=0.5, error_occurred=False, tags=[], metadata={}), InteractionRecord(id='a865ebfdec38', timestamp='2026-05-27T09:11:13.298577', interaction_type="InteractionRecord(id='5ee27f47bcd6', timestamp='2026-05-27T09:11:13.298577', interaction_type='conversation', user_satisfaction=0.7, response_quality=0.6, latency_ms=0.0, tokens_used=0, was_proactive=False, context_relevance=0.5, error_occurred=False, tags=[], metadata={})", user_satisfaction=None, response_quality=0.5, latency_ms=0.0, tokens_used=0, was_proactive=False, context_relevance=0.5, error_occurred=False, tags=[], metadata={}), InteractionRecord(id='a45f09a2f4b2', timestamp='2026-05-27T09:11:13.313977', interaction_type="InteractionRecord(id='e6e3e4455f00', timestamp='2026-05-27T09:11:13.313977', interaction_type='conversation', user_satisfaction=0.7, response_quality=0.6, latency_ms=0.0, tokens_used=0, was_proactive=False, context_relevance=0.5, error_occurred=False, tags=[], metadata={})", user_satisfaction=None, response_quality=0.5, latency_ms=0.0, tokens_used=0, was_proactive=False, context_relevance=0.5, error_occurred=False, tags=[], metadata={}), InteractionRecord(id='a2cc3880f781', timestamp='2026-05-27T09:11:13.314657', interaction_type="InteractionRecord(id='a07ebad7d0f6', timestamp='2026-05-27T09:11:13.314657', interaction_type='conversation', user_satisfaction=0.7, response_quality=0.6, latency_ms=0.0, tokens_used=0, was_proactive=False, context_relevance=0.5, error_occurred=False, tags=[], metadata={})", user_satisfaction=None, response_quality=0.5, latency_ms=0.0, tokens_used=0, was_proactive=False, context_relevance=0.5, error_occurred=False, tags=[], metadata={}), InteractionRecord(id='86c0911872e3', timestamp='2026-05-27T09:11:13.314657', interaction_type="InteractionRecord(id='4922539f499f', timestamp='2026-05-27T09:11:13.314657', interaction_type='conversation', user_satisfaction=0.7, response_quality=0.6, latency_ms=0.0, tokens_used=0, was_proactive=False, context_relevance=0.5, error_occurred=False, tags=[], metadata={})", user_satisfaction=None, response_quality=0.5, latency_ms=0.0, tokens_used=0, was_proactive=False, context_relevance=0.5, error_occurred=False, tags=[], metadata={}), InteractionRecord(id='ee78995cadb3', timestamp='2026-05-27T09:11:13.314657', interaction_type="InteractionRecord(id='39c4e8d226d9', timestamp='2026-05-27T09:11:13.314657', interaction_type='conversation', user_satisfaction=0.7, response_quality=0.6, latency_ms=0.0, tokens_used=0, was_proactive=False, context_relevance=0.5, error_occurred=False, tags=[], metadata={})", user_satisfaction=None, response_quality=0.5, latency_ms=0.0, tokens_used=0, was_proactive=False, context_relevance=0.5, error_occurred=False, tags=[], metadata={}), InteractionRecord(id='44fb7f0cdec0', timestamp='2026-05-27T09:11:13.329823', interaction_type="InteractionRecord(id='99852ffe3e1d', timestamp='2026-05-27T09:11:13.329823', interaction_type='conversation', user_satisfaction=0.7, response_quality=0.6, latency_ms=0.0, tokens_used=0, was_proactive=False, context_relevance=0.5, error_occurred=False, tags=[], metadata={})", user_satisfaction=None, response_quality=0.5, latency_ms=0.0, tokens_used=0, was_proactive=False, context_relevance=0.5, error_occurred=False, tags=[], metadata={}), InteractionRecord(id='e4db9874736e', timestamp='2026-05-27T09:11:13.331399', interaction_type="InteractionRecord(id='4bedc62c8fb3', timestamp='2026-05-27T09:11:13.331399', interaction_type='conversation', user_satisfaction=0.7, response_quality=0.6, latency_ms=0.0, tokens_used=0, was_proactive=False, context_relevance=0.5, error_occurred=False, tags=[], metadata={})", user_satisfaction=None, response_quality=0.5, latency_ms=0.0, tokens_used=0, was_proactive=False, context_relevance=0.5, error_occurred=False, tags=[], metadata={}), InteractionRecord(id='9c6ffb7cf155', timestamp='2026-05-27T09:11:13.331399', interaction_type="InteractionRecord(id='7bf857c858ea', timestamp='2026-05-27T09:11:13.331399', interaction_type='conversation', user_satisfaction=0.7, response_quality=0.6, latency_ms=0.0, tokens_used=0, was_proactive=False, context_relevance=0.5, error_occurred=False, tags=[], metadata={})", user_satisfaction=None, response_quality=0.5, latency_ms=0.0, tokens_used=0, was_proactive=False, context_relevance=0.5, error_occurred=False, tags=[], metadata={}), InteractionRecord(id='acbda23a8617', timestamp='2026-05-27T09:11:13.331399', interaction_type="InteractionRecord(id='da2d19f708dd', timestamp='2026-05-27T09:11:13.331399', interaction_type='conversation', user_satisfaction=0.7, response_quality=0.6, latency_ms=0.0, tokens_used=0, was_proactive=False, context_relevance=0.5, error_occurred=False, tags=[], metadata={})", user_satisfaction=None, response_quality=0.5, latency_ms=0.0, tokens_used=0, was_proactive=False, context_relevance=0.5, error_occurred=False, tags=[], metadata={}), InteractionRecord(id='6b06511a332b', timestamp='2026-05-27T09:11:13.331399', interaction_type="InteractionRecord(id='910c6badcad8', timestamp='2026-05-27T09:11:13.331399', interaction_type='conversation', user_satisfaction=0.7, response_quality=0.6, latency_ms=0.0, tokens_used=0, was_proactive=False, context_relevance=0.5, error_occurred=False, tags=[], metadata={})", user_satisfaction=None, response_quality=0.5, latency_ms=0.0, tokens_used=0, was_proactive=False, context_relevance=0.5, error_occurred=False, tags=[], metadata={}), InteractionRecord(id='168fb6cff1bc', timestamp='2026-05-27T09:11:13.348056', interaction_type="InteractionRecord(id='f794fdd428de', timestamp='2026-05-27T09:11:13.348056', interaction_type='conversation', user_satisfaction=0.7, response_quality=0.6, latency_ms=0.0, tokens_used=0, was_proactive=False, context_relevance=0.5, error_occurred=False, tags=[], metadata={})", user_satisfaction=None, response_quality=0.5, latency_ms=0.0, tokens_used=0, was_proactive=False, context_relevance=0.5, error_occurred=False, tags=[], metadata={}), InteractionRecord(id='88b7e75ce1fd', timestamp='2026-05-27T09:11:13.348056', interaction_type="InteractionRecord(id='35c22715be12', timestamp='2026-05-27T09:11:13.348056', interaction_type='conversation', user_satisfaction=0.7, response_quality=0.6, latency_ms=0.0, tokens_used=0, was_proactive=False, context_relevance=0.5, error_occurred=False, tags=[], metadata={})", user_satisfaction=None, response_quality=0.5, latency_ms=0.0, tokens_used=0, was_proactive=False, context_relevance=0.5, error_occurred=False, tags=[], metadata={}), InteractionRecord(id='551f13e2166f', timestamp='2026-05-27T09:11:13.348056', interaction_type="InteractionRecord(id='3dfe8f32b0a7', timestamp='2026-05-27T09:11:13.348056', interaction_type='conversation', user_satisfaction=0.7, response_quality=0.6, latency_ms=0.0, tokens_used=0, was_proactive=False, context_relevance=0.5, error_occurred=False, tags=[], metadata={})", user_satisfaction=None, response_quality=0.5, latency_ms=0.0, tokens_used=0, was_proactive=False, context_relevance=0.5, error_occurred=False, tags=[], metadata={}), InteractionRecord(id='b4f2b33f4b64', timestamp='2026-05-27T09:11:13.348056', interaction_type="InteractionRecord(id='3f4dfee1a363', timestamp='2026-05-27T09:11:13.348056', interaction_type='conversation', user_satisfaction=0.7, response_quality=0.6, latency_ms=0.0, tokens_used=0, was_proactive=False, context_relevance=0.5, error_occurred=False, tags=[], metadata={})", user_satisfaction=None, response_quality=0.5, latency_ms=0.0, tokens_used=0, was_proactive=False, context_relevance=0.5, error_occurred=False, tags=[], metadata={}), InteractionRecord(id='92b65fb0b1c3', timestamp='2026-05-27T09:11:13.364710', interaction_type="InteractionRecord(id='ebf5870b3cf5', timestamp='2026-05-27T09:11:13.364710', interaction_type='conversation', user_satisfaction=0.7, response_quality=0.6, latency_ms=0.0, tokens_used=0, was_proactive=False, context_relevance=0.5, error_occurred=False, tags=[], metadata={})", user_satisfaction=None, response_quality=0.5, latency_ms=0.0, tokens_used=0, was_proactive=False, context_relevance=0.5, error_occurred=False, tags=[], metadata={}), InteractionRecord(id='78fa0862b9e3', timestamp='2026-05-27T09:11:13.364710', interaction_type="InteractionRecord(id='62875523efd5', timestamp='2026-05-27T09:11:13.364710', interaction_type='conversation', user_satisfaction=0.7, response_quality=0.6, latency_ms=0.0, tokens_used=0, was_proactive=False, context_relevance=0.5, error_occurred=False, tags=[], metadata={})", user_satisfaction=None, response_quality=0.5, latency_ms=0.0, tokens_used=0, was_proactive=False, context_relevance=0.5, error_occurred=False, tags=[], metadata={}), InteractionRecord(id='93b08fceda83', timestamp='2026-05-27T09:11:13.364710', interaction_type="InteractionRecord(id='a24bb12bd559', timestamp='2026-05-27T09:11:13.364710', interaction_type='conversation', user_satisfaction=0.7, response_quality=0.6, latency_ms=0.0, tokens_used=0, was_proactive=False, context_relevance=0.5, error_occurred=False, tags=[], metadata={})", user_satisfaction=None, response_quality=0.5, latency_ms=0.0, tokens_used=0, was_proactive=False, context_relevance=0.5, error_occurred=False, tags=[], metadata={}), InteractionRecord(id='78ae72b04637', timestamp='2026-05-27T09:11:13.364710', interaction_type="InteractionRecord(id='1e38c93556c9', timestamp='2026-05-27T09:11:13.364710', interaction_type='conversation', user_satisfaction=0.7, response_quality=0.6, latency_ms=0.0, tokens_used=0, was_proactive=False, context_relevance=0.5, error_occurred=False, tags=[], metadata={})", user_satisfaction=None, response_quality=0.5, latency_ms=0.0, tokens_used=0, was_proactive=False, context_relevance=0.5, error_occurred=False, tags=[], metadata={}), InteractionRecord(id='7f5963b4d48d', timestamp='2026-05-27T09:11:13.381344', interaction_type="InteractionRecord(id='5276d28c6d4a', timestamp='2026-05-27T09:11:13.381344', interaction_type='conversation', user_satisfaction=0.7, response_quality=0.6, latency_ms=0.0, tokens_used=0, was_proactive=False, context_relevance=0.5, error_occurred=False, tags=[], metadata={})", user_satisfaction=None, response_quality=0.5, latency_ms=0.0, tokens_used=0, was_proactive=False, context_relevance=0.5, error_occurred=False, tags=[], metadata={}), InteractionRecord(id='3dcd512b1b51', timestamp='2026-05-27T09:11:13.385308', interaction_type="InteractionRecord(id='46825d59533d', timestamp='2026-05-27T09:11:13.385308', interaction_type='conversation', user_satisfaction=0.7, response_quality=0.6, latency_ms=0.0, tokens_used=0, was_proactive=False, context_relevance=0.5, error_occurred=False, tags=[], metadata={})", user_satisfaction=None, response_quality=0.5, latency_ms=0.0, tokens_used=0, was_proactive=False, context_relevance=0.5, error_occurred=False, tags=[], metadata={}), InteractionRecord(id='a194098b7e3f', timestamp='2026-05-27T09:11:13.391910', interaction_type="InteractionRecord(id='02869ad7f6a3', timestamp='2026-05-27T09:11:13.391910', interaction_type='conversation', user_satisfaction=0.7, response_quality=0.6, latency_ms=0.0, tokens_used=0, was_proactive=False, context_relevance=0.5, error_occurred=False, tags=[], metadata={})", user_satisfaction=None, response_quality=0.5, latency_ms=0.0, tokens_used=0, was_proactive=False, context_relevance=0.5, error_occurred=False, tags=[], metadata={}), InteractionRecord(id='03323b83126d', timestamp='2026-05-27T09:11:13.396924', interaction_type="InteractionRecord(id='e430ea1cd24e', timestamp='2026-05-27T09:11:13.396924', interaction_type='conversation', user_satisfaction=0.7, response_quality=0.6, latency_ms=0.0, tokens_used=0, was_proactive=False, context_relevance=0.5, error_occurred=False, tags=[], metadata={})", user_satisfaction=None, response_quality=0.5, latency_ms=0.0, tokens_used=0, was_proactive=False, context_relevance=0.5, error_occurred=False, tags=[], metadata={}), InteractionRecord(id='bf0bc7abcf2d', timestamp='2026-05-27T09:11:13.401305', interaction_type="InteractionRecord(id='1b70aeaceb6e', timestamp='2026-05-27T09:11:13.401305', interaction_type='conversation', user_satisfaction=0.7, response_quality=0.6, latency_ms=0.0, tokens_used=0, was_proactive=False, context_relevance=0.5, error_occurred=False, tags=[], metadata={})", user_satisfaction=None, response_quality=0.5, latency_ms=0.0, tokens_used=0, was_proactive=False, context_relevance=0.5, error_occurred=False, tags=[], metadata={}), InteractionRecord(id='ed475caf8aa4', timestamp='2026-05-27T09:11:13.405314', interaction_type="InteractionRecord(id='ac94814761bc', timestamp='2026-05-27T09:11:13.405314', interaction_type='conversation', user_satisfaction=0.7, response_quality=0.6, latency_ms=0.0, tokens_used=0, was_proactive=False, context_relevance=0.5, error_occurred=False, tags=[], metadata={})", user_satisfaction=None, response_quality=0.5, latency_ms=0.0, tokens_used=0, was_proactive=False, context_relevance=0.5, error_occurred=False, tags=[], metadata={}), InteractionRecord(id='a8028f1074ae', timestamp='2026-05-27T09:11:13.409324', interaction_type="InteractionRecord(id='0783347465ea', timestamp='2026-05-27T09:11:13.409324', interaction_type='conversation', user_satisfaction=0.7, response_quality=0.6, latency_ms=0.0, tokens_used=0, was_proactive=False, context_relevance=0.5, error_occurred=False, tags=[], metadata={})", user_satisfaction=None, response_quality=0.5, latency_ms=0.0, tokens_used=0, was_proactive=False, context_relevance=0.5, error_occurred=False, tags=[], metadata={}), InteractionRecord(id='ff1a2585f1e9', timestamp='2026-05-27T09:11:13.414689', interaction_type="InteractionRecord(id='221a15e098af', timestamp='2026-05-27T09:11:13.414689', interaction_type='conversation', user_satisfaction=0.7, response_quality=0.6, latency_ms=0.0, tokens_used=0, was_proactive=False, context_relevance=0.5, error_occurred=False, tags=[], metadata={})", user_satisfaction=None, response_quality=0.5, latency_ms=0.0, tokens_used=0, was_proactive=False, context_relevance=0.5, error_occurred=False, tags=[], metadata={}), InteractionRecord(id='bfd4416fd70c', timestamp='2026-05-27T09:11:13.414689', interaction_type="InteractionRecord(id='466c68daa808', timestamp='2026-05-27T09:11:13.414689', interaction_type='conversation', user_satisfaction=0.7, response_quality=0.6, latency_ms=0.0, tokens_used=0, was_proactive=False, context_relevance=0.5, error_occurred=False, tags=[], metadata={})", user_satisfaction=None, response_quality=0.5, latency_ms=0.0, tokens_used=0, was_proactive=False, context_relevance=0.5, error_occurred=False, tags=[], metadata={}), InteractionRecord(id='ed1b52d682e9', timestamp='2026-05-27T09:11:13.414689', interaction_type="InteractionRecord(id='c6f822de3f27', timestamp='2026-05-27T09:11:13.414689', interaction_type='conversation', user_satisfaction=0.7, response_quality=0.6, latency_ms=0.0, tokens_used=0, was_proactive=False, context_relevance=0.5, error_occurred=False, tags=[], metadata={})", user_satisfaction=None, response_quality=0.5, latency_ms=0.0, tokens_used=0, was_proactive=False, context_relevance=0.5, error_occurred=False, tags=[], metadata={}), InteractionRecord(id='b5875c7563df', timestamp='2026-05-27T09:11:13.414689', interaction_type="InteractionRecord(id='7ebeab24b572', timestamp='2026-05-27T09:11:13.414689', interaction_type='conversation', user_satisfaction=0.7, response_quality=0.6, latency_ms=0.0, tokens_used=0, was_proactive=False, context_relevance=0.5, error_occurred=False, tags=[], metadata={})", user_satisfaction=None, response_quality=0.5, latency_ms=0.0, tokens_used=0, was_proactive=False, context_relevance=0.5, error_occurred=False, tags=[], metadata={}), InteractionRecord(id='e5212255c712', timestamp='2026-05-27T09:11:13.431351', interaction_type="InteractionRecord(id='182ed8b93750', timestamp='2026-05-27T09:11:13.431351', interaction_type='conversation', user_satisfaction=0.7, response_quality=0.6, latency_ms=0.0, tokens_used=0, was_proactive=False, context_relevance=0.5, error_occurred=False, tags=[], metadata={})", user_satisfaction=None, response_quality=0.5, latency_ms=0.0, tokens_used=0, was_proactive=False, context_relevance=0.5, error_occurred=False, tags=[], metadata={}), InteractionRecord(id='10ab354e54a3', timestamp='2026-05-27T09:11:13.431351', interaction_type="InteractionRecord(id='71ee8eb58899', timestamp='2026-05-27T09:11:13.431351', interaction_type='conversation', user_satisfaction=0.7, response_quality=0.6, latency_ms=0.0, tokens_used=0, was_proactive=False, context_relevance=0.5, error_occurred=False, tags=[], metadata={})", user_satisfaction=None, response_quality=0.5, latency_ms=0.0, tokens_used=0, was_proactive=False, context_relevance=0.5, error_occurred=False, tags=[], metadata={}), InteractionRecord(id='8f82ed13b32c', timestamp='2026-05-27T09:11:13.431351', interaction_type="InteractionRecord(id='f4a1b4eab7fb', timestamp='2026-05-27T09:11:13.431351', interaction_type='conversation', user_satisfaction=0.7, response_quality=0.6, latency_ms=0.0, tokens_used=0, was_proactive=False, context_relevance=0.5, error_occurred=False, tags=[], metadata={})", user_satisfaction=None, response_quality=0.5, latency_ms=0.0, tokens_used=0, was_proactive=False, context_relevance=0.5, error_occurred=False, tags=[], metadata={}), InteractionRecord(id='6953407bb18d', timestamp='2026-05-27T09:11:13.431351', interaction_type="InteractionRecord(id='b954cb36358b', timestamp='2026-05-27T09:11:13.431351', interaction_type='conversation', user_satisfaction=0.7, response_quality=0.6, latency_ms=0.0, tokens_used=0, was_proactive=False, context_relevance=0.5, error_occurred=False, tags=[], metadata={})", user_satisfaction=None, response_quality=0.5, latency_ms=0.0, tokens_used=0, was_proactive=False, context_relevance=0.5, error_occurred=False, tags=[], metadata={}), InteractionRecord(id='797324c277a9', timestamp='2026-05-27T09:11:13.448075', interaction_type="InteractionRecord(id='e3c75e5ac87c', timestamp='2026-05-27T09:11:13.448075', interaction_type='conversation', user_satisfaction=0.7, response_quality=0.6, latency_ms=0.0, tokens_used=0, was_proactive=False, context_relevance=0.5, error_occurred=False, tags=[], metadata={})", user_satisfaction=None, response_quality=0.5, latency_ms=0.0, tokens_used=0, was_proactive=False, context_relevance=0.5, error_occurred=False, tags=[], metadata={}), InteractionRecord(id='19b01a0b312d', timestamp='2026-05-27T09:11:13.448075', interaction_type="InteractionRecord(id='6429e4f9be76', timestamp='2026-05-27T09:11:13.448075', interaction_type='conversation', user_satisfaction=0.7, response_quality=0.6, latency_ms=0.0, tokens_used=0, was_proactive=False, context_relevance=0.5, error_occurred=False, tags=[], metadata={})", user_satisfaction=None, response_quality=0.5, latency_ms=0.0, tokens_used=0, was_proactive=False, context_relevance=0.5, error_occurred=False, tags=[], metadata={}), InteractionRecord(id='99f6c3ea3029', timestamp='2026-05-27T09:11:13.448075', interaction_type="InteractionRecord(id='3faedcabc969', timestamp='2026-05-27T09:11:13.448075', interaction_type='conversation', user_satisfaction=0.7, response_quality=0.6, latency_ms=0.0, tokens_used=0, was_proactive=False, context_relevance=0.5, error_occurred=False, tags=[], metadata={})", user_satisfaction=None, response_quality=0.5, latency_ms=0.0, tokens_used=0, was_proactive=False, context_relevance=0.5, error_occurred=False, tags=[], metadata={}), InteractionRecord(id='ccb8b67f6c58', timestamp='2026-05-27T09:11:13.448075', interaction_type="InteractionRecord(id='955636202280', timestamp='2026-05-27T09:11:13.448075', interaction_type='conversation', user_satisfaction=0.7, response_quality=0.6, latency_ms=0.0, tokens_used=0, was_proactive=False, context_relevance=0.5, error_occurred=False, tags=[], metadata={})", user_satisfaction=None, response_quality=0.5, latency_ms=0.0, tokens_used=0, was_proactive=False, context_relevance=0.5, error_occurred=False, tags=[], metadata={}), InteractionRecord(id='564c9d40417b', timestamp='2026-05-27T09:11:13.464727', interaction_type="InteractionRecord(id='1097406c9726', timestamp='2026-05-27T09:11:13.464727', interaction_type='conversation', user_satisfaction=0.7, response_quality=0.6, latency_ms=0.0, tokens_used=0, was_proactive=False, context_relevance=0.5, error_occurred=False, tags=[], metadata={})", user_satisfaction=None, response_quality=0.5, latency_ms=0.0, tokens_used=0, was_proactive=False, context_relevance=0.5, error_occurred=False, tags=[], metadata={}), InteractionRecord(id='c36cd9a33949', timestamp='2026-05-27T09:11:13.464727', interaction_type="InteractionRecord(id='f8347554728d', timestamp='2026-05-27T09:11:13.464727', interaction_type='conversation', user_satisfaction=0.7, response_quality=0.6, latency_ms=0.0, tokens_used=0, was_proactive=False, context_relevance=0.5, error_occurred=False, tags=[], metadata={})", user_satisfaction=None, response_quality=0.5, latency_ms=0.0, tokens_used=0, was_proactive=False, context_relevance=0.5, error_occurred=False, tags=[], metadata={}), InteractionRecord(id='1992147b511a', timestamp='2026-05-27T09:11:13.464727', interaction_type="InteractionRecord(id='338b44eeeb5e', timestamp='2026-05-27T09:11:13.464727', interaction_type='conversation', user_satisfaction=0.7, response_quality=0.6, latency_ms=0.0, tokens_used=0, was_proactive=False, context_relevance=0.5, error_occurred=False, tags=[], metadata={})", user_satisfaction=None, response_quality=0.5, latency_ms=0.0, tokens_used=0, was_proactive=False, context_relevance=0.5, error_occurred=False, tags=[], metadata={}), InteractionRecord(id='2ecc1ab721dc', timestamp='2026-05-27T09:11:13.464727', interaction_type="InteractionRecord(id='aa0071765f72', timestamp='2026-05-27T09:11:13.464727', interaction_type='conversation', user_satisfaction=0.7, response_quality=0.6, latency_ms=0.0, tokens_used=0, was_proactive=False, context_relevance=0.5, error_occurred=False, tags=[], metadata={})", user_satisfaction=None, response_quality=0.5, latency_ms=0.0, tokens_used=0, was_proactive=False, context_relevance=0.5, error_occurred=False, tags=[], metadata={}), InteractionRecord(id='7fb306ef783e', timestamp='2026-05-27T09:11:13.481389', interaction_type="InteractionRecord(id='b6002622e1cd', timestamp='2026-05-27T09:11:13.481389', interaction_type='conversation', user_satisfaction=0.7, response_quality=0.6, latency_ms=0.0, tokens_used=0, was_proactive=False, context_relevance=0.5, error_occurred=False, tags=[], metadata={})", user_satisfaction=None, response_quality=0.5, latency_ms=0.0, tokens_used=0, was_proactive=False, context_relevance=0.5, error_occurred=False, tags=[], metadata={}), InteractionRecord(id='605cc36447a6', timestamp='2026-05-27T09:11:13.485354', interaction_type="InteractionRecord(id='db8fb03efff0', timestamp='2026-05-27T09:11:13.485354', interaction_type='conversation', user_satisfaction=0.7, response_quality=0.6, latency_ms=0.0, tokens_used=0, was_proactive=False, context_relevance=0.5, error_occurred=False, tags=[], metadata={})", user_satisfaction=None, response_quality=0.5, latency_ms=0.0, tokens_used=0, was_proactive=False, context_relevance=0.5, error_occurred=False, tags=[], metadata={}), InteractionRecord(id='cac7f9233e3b', timestamp='2026-05-27T09:11:13.485354', interaction_type="InteractionRecord(id='b315794b564c', timestamp='2026-05-27T09:11:13.485354', interaction_type='conversation', user_satisfaction=0.7, response_quality=0.6, latency_ms=0.0, tokens_used=0, was_proactive=False, context_relevance=0.5, error_occurred=False, tags=[], metadata={})", user_satisfaction=None, response_quality=0.5, latency_ms=0.0, tokens_used=0, was_proactive=False, context_relevance=0.5, error_occurred=False, tags=[], metadata={}), InteractionRecord(id='3f9d7e9f7f9f', timestamp='2026-05-27T09:11:13.485354', interaction_type="InteractionRecord(id='6a37f54ac2ea', timestamp='2026-05-27T09:11:13.485354', interaction_type='conversation', user_satisfaction=0.7, response_quality=0.6, latency_ms=0.0, tokens_used=0, was_proactive=False, context_relevance=0.5, error_occurred=False, tags=[], metadata={})", user_satisfaction=None, response_quality=0.5, latency_ms=0.0, tokens_used=0, was_proactive=False, context_relevance=0.5, error_occurred=False, tags=[], metadata={}), InteractionRecord(id='de7c549e378d', timestamp='2026-05-27T09:11:13.498061', interaction_type="InteractionRecord(id='8929c1a306f2', timestamp='2026-05-27T09:11:13.498061', interaction_type='conversation', user_satisfaction=0.7, response_quality=0.6, latency_ms=0.0, tokens_used=0, was_proactive=False, context_relevance=0.5, error_occurred=False, tags=[], metadata={})", user_satisfaction=None, response_quality=0.5, latency_ms=0.0, tokens_used=0, was_proactive=False, context_relevance=0.5, error_occurred=False, tags=[], metadata={}), InteractionRecord(id='50b23cd6a764', timestamp='2026-05-27T09:11:13.498061', interaction_type="InteractionRecord(id='a5b988daf23f', timestamp='2026-05-27T09:11:13.498061', interaction_type='conversation', user_satisfaction=0.7, response_quality=0.6, latency_ms=0.0, tokens_used=0, was_proactive=False, context_relevance=0.5, error_occurred=False, tags=[], metadata={})", user_satisfaction=None, response_quality=0.5, latency_ms=0.0, tokens_used=0, was_proactive=False, context_relevance=0.5, error_occurred=False, tags=[], metadata={}), InteractionRecord(id=573127408927, timestamp='2026-05-27T09:11:57.151003', interaction_type="InteractionRecord(id='2a369dc5e32f', timestamp='2026-05-27T09:11:57.151003', interaction_type='conversation', user_satisfaction=0.8, response_quality=0.7, latency_ms=500, tokens_used=0, was_proactive=False, context_relevance=0.5, error_occurred=False, tags=[], metadata={})", user_satisfaction=None, response_quality=0.5, latency_ms=0.0, tokens_used=0, was_proactive=False, context_relevance=0.5, error_occurred=False, tags=[], metadata={}), InteractionRecord(id='ca4f8f2da893', timestamp='2026-05-27T09:11:57.256857', interaction_type="InteractionRecord(id='34377fba0ada', timestamp='2026-05-27T09:11:57.256857', interaction_type='conversation', user_satisfaction=0.7, response_quality=0.6, latency_ms=400, tokens_used=0, was_proactive=False, context_relevance=0.5, error_occurred=False, tags=[], metadata={})", user_satisfaction=None, response_quality=0.5, latency_ms=0.0, tokens_used=0, was_proactive=False, context_relevance=0.5, error_occurred=False, tags=[], metadata={}), InteractionRecord(id='074efbd01f2f', timestamp='2026-05-27T09:11:57.267663', interaction_type="InteractionRecord(id='71927786a488', timestamp='2026-05-27T09:11:57.267663', interaction_type='conversation', user_satisfaction=0.7999999999999999, response_quality=0.8, latency_ms=450, tokens_used=0, was_proactive=False, context_relevance=0.5, error_occurred=False, tags=[], metadata={})", user_satisfaction=None, response_quality=0.5, latency_ms=0.0, tokens_used=0, was_proactive=False, context_relevance=0.5, error_occurred=False, tags=[], metadata={}), InteractionRecord(id='6e2a98bd3a3d', timestamp='2026-05-27T09:11:57.271938', interaction_type="InteractionRecord(id='04d3d5e0c1ef', timestamp='2026-05-27T09:11:57.271938', interaction_type='conversation', user_satisfaction=0.8999999999999999, response_quality=0.6, latency_ms=500, tokens_used=0, was_proactive=False, context_relevance=0.5, error_occurred=False, tags=[], metadata={})", user_satisfaction=None, response_quality=0.5, latency_ms=0.0, tokens_used=0, was_proactive=False, context_relevance=0.5, error_occurred=False, tags=[], metadata={}), InteractionRecord(id='e0bbb30b7bcb', timestamp='2026-05-27T09:11:57.272940', interaction_type="InteractionRecord(id='be68f3e5aa2c', timestamp='2026-05-27T09:11:57.272940', interaction_type='conversation', user_satisfaction=0.7, response_quality=0.8, latency_ms=550, tokens_used=0, was_proactive=False, context_relevance=0.5, error_occurred=False, tags=[], metadata={})", user_satisfaction=None, response_quality=0.5, latency_ms=0.0, tokens_used=0, was_proactive=False, context_relevance=0.5, error_occurred=False, tags=[], metadata={}), InteractionRecord(id='6689073e9e4a', timestamp='2026-05-27T09:11:57.272940', interaction_type="InteractionRecord(id='d2ebbad76acb', timestamp='2026-05-27T09:11:57.272940', interaction_type='conversation', user_satisfaction=0.7999999999999999, response_quality=0.6, latency_ms=600, tokens_used=0, was_proactive=False, context_relevance=0.5, error_occurred=False, tags=[], metadata={})", user_satisfaction=None, response_quality=0.5, latency_ms=0.0, tokens_used=0, was_proactive=False, context_relevance=0.5, error_occurred=False, tags=[], metadata={}), InteractionRecord(id='ee9baa513ff5', timestamp='2026-05-27T09:11:57.284233', interaction_type="InteractionRecord(id='4966037e445a', timestamp='2026-05-27T09:11:57.284233', interaction_type='conversation', user_satisfaction=0.8999999999999999, response_quality=0.8, latency_ms=650, tokens_used=0, was_proactive=False, context_relevance=0.5, error_occurred=False, tags=[], metadata={})", user_satisfaction=None, response_quality=0.5, latency_ms=0.0, tokens_used=0, was_proactive=False, context_relevance=0.5, error_occurred=False, tags=[], metadata={}), InteractionRecord(id='56780332626e', timestamp='2026-05-27T09:11:57.284233', interaction_type="InteractionRecord(id='47f390763bb7', timestamp='2026-05-27T09:11:57.284233', interaction_type='conversation', user_satisfaction=0.7, response_quality=0.6, latency_ms=700, tokens_used=0, was_proactive=False, context_relevance=0.5, error_occurred=False, tags=[], metadata={})", user_satisfaction=None, response_quality=0.5, latency_ms=0.0, tokens_used=0, was_proactive=False, context_relevance=0.5, error_occurred=False, tags=[], metadata={}), InteractionRecord(id='25efbb972345', timestamp='2026-05-27T09:11:57.284233', interaction_type="InteractionRecord(id='a969d0e7e173', timestamp='2026-05-27T09:11:57.284233', interaction_type='conversation', user_satisfaction=0.7999999999999999, response_quality=0.8, latency_ms=750, tokens_used=0, was_proactive=False, context_relevance=0.5, error_occurred=False, tags=[], metadata={})", user_satisfaction=None, response_quality=0.5, latency_ms=0.0, tokens_used=0, was_proactive=False, context_relevance=0.5, error_occurred=False, tags=[], metadata={}), InteractionRecord(id='3c23ff89cb11', timestamp='2026-05-27T09:11:57.284233', interaction_type="InteractionRecord(id='e4bdb8cb09e9', timestamp='2026-05-27T09:11:57.284233', interaction_type='conversation', user_satisfaction=0.8999999999999999, response_quality=0.6, latency_ms=800, tokens_used=0, was_proactive=False, context_relevance=0.5, error_occurred=False, tags=[], metadata={})", user_satisfaction=None, response_quality=0.5, latency_ms=0.0, tokens_used=0, was_proactive=False, context_relevance=0.5, error_occurred=False, tags=[], metadata={}), InteractionRecord(id='449980aca7df', timestamp='2026-05-27T09:11:57.300928', interaction_type="InteractionRecord(id='3e24882b8572', timestamp='2026-05-27T09:11:57.300928', interaction_type='conversation', user_satisfaction=0.7, response_quality=0.8, latency_ms=850, tokens_used=0, was_proactive=False, context_relevance=0.5, error_occurred=False, tags=[], metadata={})", user_satisfaction=None, response_quality=0.5, latency_ms=0.0, tokens_used=0, was_proactive=False, context_relevance=0.5, error_occurred=False, tags=[], metadata={}), InteractionRecord(id='d5b09fd029f6', timestamp='2026-05-27T09:12:16.732588', interaction_type="InteractionRecord(id='8089b69c9896', timestamp='2026-05-27T09:12:16.732588', interaction_type='conversation', user_satisfaction=0.8, response_quality=0.7, latency_ms=0.0, tokens_used=0, was_proactive=False, context_relevance=0.5, error_occurred=False, tags=[], metadata={})", user_satisfaction=None, response_quality=0.5, latency_ms=0.0, tokens_used=0, was_proactive=False, context_relevance=0.5, error_occurred=False, tags=[], metadata={}), InteractionRecord(id='6d6d56231cfa', timestamp='2026-05-27T09:12:16.736996', interaction_type="InteractionRecord(id='f15a36ca6a7a', timestamp='2026-05-27T09:12:16.736996', interaction_type='conversation', user_satisfaction=0.8, response_quality=0.7, latency_ms=0.0, tokens_used=0, was_proactive=False, context_relevance=0.5, error_occurred=False, tags=[], metadata={})", user_satisfaction=None, response_quality=0.5, latency_ms=0.0, tokens_used=0, was_proactive=False, context_relevance=0.5, error_occurred=False, tags=[], metadata={}), InteractionRecord(id='990c5684c16a', timestamp='2026-05-27T09:12:16.736996', interaction_type="InteractionRecord(id='ef440c688691', timestamp='2026-05-27T09:12:16.736996', interaction_type='conversation', user_satisfaction=0.8, response_quality=0.7, latency_ms=0.0, tokens_used=0, was_proactive=False, context_relevance=0.5, error_occurred=False, tags=[], metadata={})", user_satisfaction=None, response_quality=0.5, latency_ms=0.0, tokens_used=0, was_proactive=False, context_relevance=0.5, error_occurred=False, tags=[], metadata={}), InteractionRecord(id='a84b68ac5ca0', timestamp='2026-05-27T09:12:16.748556', interaction_type="InteractionRecord(id='1c952a6f8269', timestamp='2026-05-27T09:12:16.748556', interaction_type='conversation', user_satisfaction=0.8, response_quality=0.7, latency_ms=0.0, tokens_used=0, was_proactive=False, context_relevance=0.5, error_occurred=False, tags=[], metadata={})", user_satisfaction=None, response_quality=0.5, latency_ms=0.0, tokens_used=0, was_proactive=False, context_relevance=0.5, error_occurred=False, tags=[], metadata={}), InteractionRecord(id='14bd3265b42f', timestamp='2026-05-27T09:12:16.753853', interaction_type="InteractionRecord(id='0535a87cd5c1', timestamp='2026-05-27T09:12:16.753853', interaction_type='conversation', user_satisfaction=0.8, response_quality=0.7, latency_ms=0.0, tokens_used=0, was_proactive=False, context_relevance=0.5, error_occurred=False, tags=[], metadata={})", user_satisfaction=None, response_quality=0.5, latency_ms=0.0, tokens_used=0, was_proactive=False, context_relevance=0.5, error_occurred=False, tags=[], metadata={}), InteractionRecord(id='1c13f9df77c6', timestamp='2026-05-27T09:12:16.775536', interaction_type="InteractionRecord(id='18ee3895d3b6', timestamp='2026-05-27T09:12:16.775536', interaction_type='conversation', user_satisfaction=0.7, response_quality=0.6, latency_ms=0.0, tokens_used=0, was_proactive=False, context_relevance=0.5, error_occurred=False, tags=[], metadata={})", user_satisfaction=None, response_quality=0.5, latency_ms=0.0, tokens_used=0, was_proactive=False, context_relevance=0.5, error_occurred=False, tags=[], metadata={}), InteractionRecord(id='0dd73da0d595', timestamp='2026-05-27T09:12:16.780542', interaction_type="InteractionRecord(id='48e8ca78de6c', timestamp='2026-05-27T09:12:16.780542', interaction_type='conversation', user_satisfaction=0.7, response_quality=0.6, latency_ms=0.0, tokens_used=0, was_proactive=False, context_relevance=0.5, error_occurred=False, tags=[], metadata={})", user_satisfaction=None, response_quality=0.5, latency_ms=0.0, tokens_used=0, was_proactive=False, context_relevance=0.5, error_occurred=False, tags=[], metadata={}), InteractionRecord(id='95d91c6b6859', timestamp='2026-05-27T09:12:16.780542', interaction_type="InteractionRecord(id='4a27c3ef9033', timestamp='2026-05-27T09:12:16.780542', interaction_type='conversation', user_satisfaction=0.7, response_quality=0.6, latency_ms=0.0, tokens_used=0, was_proactive=False, context_relevance=0.5, error_occurred=False, tags=[], metadata={})", user_satisfaction=None, response_quality=0.5, latency_ms=0.0, tokens_used=0, was_proactive=False, context_relevance=0.5, error_occurred=False, tags=[], metadata={}), InteractionRecord(id='54dcdb28505b', timestamp='2026-05-27T09:12:16.780542', interaction_type="InteractionRecord(id='94f9d6a950dc', timestamp='2026-05-27T09:12:16.780542', interaction_type='conversation', user_satisfaction=0.7, response_quality=0.6, latency_ms=0.0, tokens_used=0, was_proactive=False, context_relevance=0.5, error_occurred=False, tags=[], metadata={})", user_satisfaction=None, response_quality=0.5, latency_ms=0.0, tokens_used=0, was_proactive=False, context_relevance=0.5, error_occurred=False, tags=[], metadata={}), InteractionRecord(id='451675794ccb', timestamp='2026-05-27T09:12:16.798457', interaction_type="InteractionRecord(id='38ae77cd1037', timestamp='2026-05-27T09:12:16.798457', interaction_type='conversation', user_satisfaction=0.7, response_quality=0.6, latency_ms=0.0, tokens_used=0, was_proactive=False, context_relevance=0.5, error_occurred=False, tags=[], metadata={})", user_satisfaction=None, response_quality=0.5, latency_ms=0.0, tokens_used=0, was_proactive=False, context_relevance=0.5, error_occurred=False, tags=[], metadata={}), InteractionRecord(id='5870ff45be03', timestamp='2026-05-27T09:12:16.803832', interaction_type="InteractionRecord(id='1f8af72e046b', timestamp='2026-05-27T09:12:16.803832', interaction_type='conversation', user_satisfaction=0.7, response_quality=0.6, latency_ms=0.0, tokens_used=0, was_proactive=False, context_relevance=0.5, error_occurred=False, tags=[], metadata={})", user_satisfaction=None, response_quality=0.5, latency_ms=0.0, tokens_used=0, was_proactive=False, context_relevance=0.5, error_occurred=False, tags=[], metadata={}), InteractionRecord(id='880fb94351f3', timestamp='2026-05-27T09:12:16.809904', interaction_type="InteractionRecord(id='acc97f1017c7', timestamp='2026-05-27T09:12:16.809904', interaction_type='conversation', user_satisfaction=0.7, response_quality=0.6, latency_ms=0.0, tokens_used=0, was_proactive=False, context_relevance=0.5, error_occurred=False, tags=[], metadata={})", user_satisfaction=None, response_quality=0.5, latency_ms=0.0, tokens_used=0, was_proactive=False, context_relevance=0.5, error_occurred=False, tags=[], metadata={}), InteractionRecord(id='23ad73cb0d8d', timestamp='2026-05-27T09:12:16.813919', interaction_type="InteractionRecord(id='43698976b73a', timestamp='2026-05-27T09:12:16.813919', interaction_type='conversation', user_satisfaction=0.7, response_quality=0.6, latency_ms=0.0, tokens_used=0, was_proactive=False, context_relevance=0.5, error_occurred=False, tags=[], metadata={})", user_satisfaction=None, response_quality=0.5, latency_ms=0.0, tokens_used=0, was_proactive=False, context_relevance=0.5, error_occurred=False, tags=[], metadata={}), InteractionRecord(id='ee0e635ed4cd', timestamp='2026-05-27T09:12:16.818445', interaction_type="InteractionRecord(id='f30038299409', timestamp='2026-05-27T09:12:16.818445', interaction_type='conversation', user_satisfaction=0.7, response_quality=0.6, latency_ms=0.0, tokens_used=0, was_proactive=False, context_relevance=0.5, error_occurred=False, tags=[], metadata={})", user_satisfaction=None, response_quality=0.5, latency_ms=0.0, tokens_used=0, was_proactive=False, context_relevance=0.5, error_occurred=False, tags=[], metadata={}), InteractionRecord(id='a1015be41dce', timestamp='2026-05-27T09:12:16.818445', interaction_type="InteractionRecord(id='23f41926ec5a', timestamp='2026-05-27T09:12:16.818445', interaction_type='conversation', user_satisfaction=0.7, response_quality=0.6, latency_ms=0.0, tokens_used=0, was_proactive=False, context_relevance=0.5, error_occurred=False, tags=[], metadata={})", user_satisfaction=None, response_quality=0.5, latency_ms=0.0, tokens_used=0, was_proactive=False, context_relevance=0.5, error_occurred=False, tags=[], metadata={}), InteractionRecord(id='4bd401f244e4', timestamp='2026-05-27T09:12:16.818445', interaction_type="InteractionRecord(id='fb3924acde6c', timestamp='2026-05-27T09:12:16.818445', interaction_type='conversation', user_satisfaction=0.7, response_quality=0.6, latency_ms=0.0, tokens_used=0, was_proactive=False, context_relevance=0.5, error_occurred=False, tags=[], metadata={})", user_satisfaction=None, response_quality=0.5, latency_ms=0.0, tokens_used=0, was_proactive=False, context_relevance=0.5, error_occurred=False, tags=[], metadata={}), InteractionRecord(id='1b62d5d637bf', timestamp='2026-05-27T09:12:16.834296', interaction_type="InteractionRecord(id='fd72d8d71696', timestamp='2026-05-27T09:12:16.834296', interaction_type='conversation', user_satisfaction=0.7, response_quality=0.6, latency_ms=0.0, tokens_used=0, was_proactive=False, context_relevance=0.5, error_occurred=False, tags=[], metadata={})", user_satisfaction=None, response_quality=0.5, latency_ms=0.0, tokens_used=0, was_proactive=False, context_relevance=0.5, error_occurred=False, tags=[], metadata={}), InteractionRecord(id='76e16826dbdc', timestamp='2026-05-27T09:12:16.834296', interaction_type="InteractionRecord(id='fc49ecf180a4', timestamp='2026-05-27T09:12:16.834296', interaction_type='conversation', user_satisfaction=0.7, response_quality=0.6, latency_ms=0.0, tokens_used=0, was_proactive=False, context_relevance=0.5, error_occurred=False, tags=[], metadata={})", user_satisfaction=None, response_quality=0.5, latency_ms=0.0, tokens_used=0, was_proactive=False, context_relevance=0.5, error_occurred=False, tags=[], metadata={}), InteractionRecord(id='849edcc23299', timestamp='2026-05-27T09:12:16.834296', interaction_type="InteractionRecord(id='d875cd64f158', timestamp='2026-05-27T09:12:16.834296', interaction_type='conversation', user_satisfaction=0.7, response_quality=0.6, latency_ms=0.0, tokens_used=0, was_proactive=False, context_relevance=0.5, error_occurred=False, tags=[], metadata={})", user_satisfaction=None, response_quality=0.5, latency_ms=0.0, tokens_used=0, was_proactive=False, context_relevance=0.5, error_occurred=False, tags=[], metadata={}), InteractionRecord(id='e493c46c7f4d', timestamp='2026-05-27T09:12:16.851845', interaction_type="InteractionRecord(id='a78a71b5b74b', timestamp='2026-05-27T09:12:16.851845', interaction_type='conversation', user_satisfaction=0.7, response_quality=0.6, latency_ms=0.0, tokens_used=0, was_proactive=False, context_relevance=0.5, error_occurred=False, tags=[], metadata={})", user_satisfaction=None, response_quality=0.5, latency_ms=0.0, tokens_used=0, was_proactive=False, context_relevance=0.5, error_occurred=False, tags=[], metadata={}), InteractionRecord(id='9c3df55eeb55', timestamp='2026-05-27T09:12:16.861098', interaction_type="InteractionRecord(id='adbf2f88b853', timestamp='2026-05-27T09:12:16.861098', interaction_type='conversation', user_satisfaction=0.7, response_quality=0.6, latency_ms=0.0, tokens_used=0, was_proactive=False, context_relevance=0.5, error_occurred=False, tags=[], metadata={})", user_satisfaction=None, response_quality=0.5, latency_ms=0.0, tokens_used=0, was_proactive=False, context_relevance=0.5, error_occurred=False, tags=[], metadata={}), InteractionRecord(id='c4604b37f237', timestamp='2026-05-27T09:12:16.867674', interaction_type="InteractionRecord(id='c2182d5d532f', timestamp='2026-05-27T09:12:16.867674', interaction_type='conversation', user_satisfaction=0.7, response_quality=0.6, latency_ms=0.0, tokens_used=0, was_proactive=False, context_relevance=0.5, error_occurred=False, tags=[], metadata={})", user_satisfaction=None, response_quality=0.5, latency_ms=0.0, tokens_used=0, was_proactive=False, context_relevance=0.5, error_occurred=False, tags=[], metadata={}), InteractionRecord(id='59920258217f', timestamp='2026-05-27T09:12:16.867674', interaction_type="InteractionRecord(id='e5bbf74b1572', timestamp='2026-05-27T09:12:16.867674', interaction_type='conversation', user_satisfaction=0.7, response_quality=0.6, latency_ms=0.0, tokens_used=0, was_proactive=False, context_relevance=0.5, error_occurred=False, tags=[], metadata={})", user_satisfaction=None, response_quality=0.5, latency_ms=0.0, tokens_used=0, was_proactive=False, context_relevance=0.5, error_occurred=False, tags=[], metadata={}), InteractionRecord(id='a8f344d711b7', timestamp='2026-05-27T09:12:16.867674', interaction_type="InteractionRecord(id='48ab64b17653', timestamp='2026-05-27T09:12:16.867674', interaction_type='conversation', user_satisfaction=0.7, response_quality=0.6, latency_ms=0.0, tokens_used=0, was_proactive=False, context_relevance=0.5, error_occurred=False, tags=[], metadata={})", user_satisfaction=None, response_quality=0.5, latency_ms=0.0, tokens_used=0, was_proactive=False, context_relevance=0.5, error_occurred=False, tags=[], metadata={}), InteractionRecord(id='ff4e4e018d24', timestamp='2026-05-27T09:12:16.883656', interaction_type="InteractionRecord(id='77ee7414c8cb', timestamp='2026-05-27T09:12:16.883656', interaction_type='conversation', user_satisfaction=0.7, response_quality=0.6, latency_ms=0.0, tokens_used=0, was_proactive=False, context_relevance=0.5, error_occurred=False, tags=[], metadata={})", user_satisfaction=None, response_quality=0.5, latency_ms=0.0, tokens_used=0, was_proactive=False, context_relevance=0.5, error_occurred=False, tags=[], metadata={}), InteractionRecord(id='0614c31f5fcc', timestamp='2026-05-27T09:12:16.885369', interaction_type="InteractionRecord(id='6dd4b15089ca', timestamp='2026-05-27T09:12:16.885369', interaction_type='conversation', user_satisfaction=0.7, response_quality=0.6, latency_ms=0.0, tokens_used=0, was_proactive=False, context_relevance=0.5, error_occurred=False, tags=[], metadata={})", user_satisfaction=None, response_quality=0.5, latency_ms=0.0, tokens_used=0, was_proactive=False, context_relevance=0.5, error_occurred=False, tags=[], metadata={}), InteractionRecord(id='d984dac253ea', timestamp='2026-05-27T09:12:16.896516', interaction_type="InteractionRecord(id='0b19ec67aa51', timestamp='2026-05-27T09:12:16.894510', interaction_type='conversation', user_satisfaction=0.7, response_quality=0.6, latency_ms=0.0, tokens_used=0, was_proactive=False, context_relevance=0.5, error_occurred=False, tags=[], metadata={})", user_satisfaction=None, response_quality=0.5, latency_ms=0.0, tokens_used=0, was_proactive=False, context_relevance=0.5, error_occurred=False, tags=[], metadata={}), InteractionRecord(id='89882fe7f919', timestamp='2026-05-27T09:12:16.901181', interaction_type="InteractionRecord(id='7b56dcf3005f', timestamp='2026-05-27T09:12:16.901181', interaction_type='conversation', user_satisfaction=0.7, response_quality=0.6, latency_ms=0.0, tokens_used=0, was_proactive=False, context_relevance=0.5, error_occurred=False, tags=[], metadata={})", user_satisfaction=None, response_quality=0.5, latency_ms=0.0, tokens_used=0, was_proactive=False, context_relevance=0.5, error_occurred=False, tags=[], metadata={}), InteractionRecord(id='b87f3b56168f', timestamp='2026-05-27T09:12:16.901181', interaction_type="InteractionRecord(id='23b9762b573b', timestamp='2026-05-27T09:12:16.901181', interaction_type='conversation', user_satisfaction=0.7, response_quality=0.6, latency_ms=0.0, tokens_used=0, was_proactive=False, context_relevance=0.5, error_occurred=False, tags=[], metadata={})", user_satisfaction=None, response_quality=0.5, latency_ms=0.0, tokens_used=0, was_proactive=False, context_relevance=0.5, error_occurred=False, tags=[], metadata={}), InteractionRecord(id='7e1b2663c09a', timestamp='2026-05-27T09:12:16.901181', interaction_type="InteractionRecord(id='314b9742b7c5', timestamp='2026-05-27T09:12:16.901181', interaction_type='conversation', user_satisfaction=0.7, response_quality=0.6, latency_ms=0.0, tokens_used=0, was_proactive=False, context_relevance=0.5, error_occurred=False, tags=[], metadata={})", user_satisfaction=None, response_quality=0.5, latency_ms=0.0, tokens_used=0, was_proactive=False, context_relevance=0.5, error_occurred=False, tags=[], metadata={}), InteractionRecord(id='2383cf221e99', timestamp='2026-05-27T09:12:16.918391', interaction_type="InteractionRecord(id='f3d6e2a8891d', timestamp='2026-05-27T09:12:16.918391', interaction_type='conversation', user_satisfaction=0.7, response_quality=0.6, latency_ms=0.0, tokens_used=0, was_proactive=False, context_relevance=0.5, error_occurred=False, tags=[], metadata={})", user_satisfaction=None, response_quality=0.5, latency_ms=0.0, tokens_used=0, was_proactive=False, context_relevance=0.5, error_occurred=False, tags=[], metadata={}), InteractionRecord(id='2690e434e030', timestamp='2026-05-27T09:12:16.925849', interaction_type="InteractionRecord(id='13531e80ece1', timestamp='2026-05-27T09:12:16.925849', interaction_type='conversation', user_satisfaction=0.7, response_quality=0.6, latency_ms=0.0, tokens_used=0, was_proactive=False, context_relevance=0.5, error_occurred=False, tags=[], metadata={})", user_satisfaction=None, response_quality=0.5, latency_ms=0.0, tokens_used=0, was_proactive=False, context_relevance=0.5, error_occurred=False, tags=[], metadata={}), InteractionRecord(id='b5c55b4d47ef', timestamp='2026-05-27T09:12:16.925849', interaction_type="InteractionRecord(id='923b838c9c88', timestamp='2026-05-27T09:12:16.925849', interaction_type='conversation', user_satisfaction=0.7, response_quality=0.6, latency_ms=0.0, tokens_used=0, was_proactive=False, context_relevance=0.5, error_occurred=False, tags=[], metadata={})", user_satisfaction=None, response_quality=0.5, latency_ms=0.0, tokens_used=0, was_proactive=False, context_relevance=0.5, error_occurred=False, tags=[], metadata={}), InteractionRecord(id='25b46f2b8bc5', timestamp='2026-05-27T09:12:16.998629', interaction_type="InteractionRecord(id='0174d6d9bd6c', timestamp='2026-05-27T09:12:16.998629', interaction_type='conversation', user_satisfaction=0.7, response_quality=0.6, latency_ms=0.0, tokens_used=0, was_proactive=False, context_relevance=0.5, error_occurred=False, tags=[], metadata={})", user_satisfaction=None, response_quality=0.5, latency_ms=0.0, tokens_used=0, was_proactive=False, context_relevance=0.5, error_occurred=False, tags=[], metadata={}), InteractionRecord(id='9e55ecc0a4e3', timestamp='2026-05-27T09:12:17.001769', interaction_type="InteractionRecord(id='8e81449fca4d', timestamp='2026-05-27T09:12:17.001769', interaction_type='conversation', user_satisfaction=0.7, response_quality=0.6, latency_ms=0.0, tokens_used=0, was_proactive=False, context_relevance=0.5, error_occurred=False, tags=[], metadata={})", user_satisfaction=None, response_quality=0.5, latency_ms=0.0, tokens_used=0, was_proactive=False, context_relevance=0.5, error_occurred=False, tags=[], metadata={}), InteractionRecord(id='a69f69b9e32a', timestamp='2026-05-27T09:12:17.001769', interaction_type="InteractionRecord(id='e95b52ac49ea', timestamp='2026-05-27T09:12:17.001769', interaction_type='conversation', user_satisfaction=0.7, response_quality=0.6, latency_ms=0.0, tokens_used=0, was_proactive=False, context_relevance=0.5, error_occurred=False, tags=[], metadata={})", user_satisfaction=None, response_quality=0.5, latency_ms=0.0, tokens_used=0, was_proactive=False, context_relevance=0.5, error_occurred=False, tags=[], metadata={}), InteractionRecord(id='2fc9c12b123f', timestamp='2026-05-27T09:12:17.001769', interaction_type="InteractionRecord(id='18a2441fed52', timestamp='2026-05-27T09:12:17.001769', interaction_type='conversation', user_satisfaction=0.7, response_quality=0.6, latency_ms=0.0, tokens_used=0, was_proactive=False, context_relevance=0.5, error_occurred=False, tags=[], metadata={})", user_satisfaction=None, response_quality=0.5, latency_ms=0.0, tokens_used=0, was_proactive=False, context_relevance=0.5, error_occurred=False, tags=[], metadata={}), InteractionRecord(id='14d82f29fe90', timestamp='2026-05-27T09:12:17.018435', interaction_type="InteractionRecord(id='370245dfef5f', timestamp='2026-05-27T09:12:17.018435', interaction_type='conversation', user_satisfaction=0.7, response_quality=0.6, latency_ms=0.0, tokens_used=0, was_proactive=False, context_relevance=0.5, error_occurred=False, tags=[], metadata={})", user_satisfaction=None, response_quality=0.5, latency_ms=0.0, tokens_used=0, was_proactive=False, context_relevance=0.5, error_occurred=False, tags=[], metadata={}), InteractionRecord(id='57242e112a04', timestamp='2026-05-27T09:12:17.018435', interaction_type="InteractionRecord(id='aca7c090e5f8', timestamp='2026-05-27T09:12:17.018435', interaction_type='conversation', user_satisfaction=0.7, response_quality=0.6, latency_ms=0.0, tokens_used=0, was_proactive=False, context_relevance=0.5, error_occurred=False, tags=[], metadata={})", user_satisfaction=None, response_quality=0.5, latency_ms=0.0, tokens_used=0, was_proactive=False, context_relevance=0.5, error_occurred=False, tags=[], metadata={}), InteractionRecord(id='9d79a4e6b4f7', timestamp='2026-05-27T09:12:17.018435', interaction_type="InteractionRecord(id='d430dc6a2f13', timestamp='2026-05-27T09:12:17.018435', interaction_type='conversation', user_satisfaction=0.7, response_quality=0.6, latency_ms=0.0, tokens_used=0, was_proactive=False, context_relevance=0.5, error_occurred=False, tags=[], metadata={})", user_satisfaction=None, response_quality=0.5, latency_ms=0.0, tokens_used=0, was_proactive=False, context_relevance=0.5, error_occurred=False, tags=[], metadata={}), InteractionRecord(id='d172fd053e4d', timestamp='2026-05-27T09:12:17.034539', interaction_type="InteractionRecord(id='8cc0c96b754e', timestamp='2026-05-27T09:12:17.034539', interaction_type='conversation', user_satisfaction=0.7, response_quality=0.6, latency_ms=0.0, tokens_used=0, was_proactive=False, context_relevance=0.5, error_occurred=False, tags=[], metadata={})", user_satisfaction=None, response_quality=0.5, latency_ms=0.0, tokens_used=0, was_proactive=False, context_relevance=0.5, error_occurred=False, tags=[], metadata={}), InteractionRecord(id='97aa3d2d454d', timestamp='2026-05-27T09:12:17.035093', interaction_type="InteractionRecord(id='3a98135da3e7', timestamp='2026-05-27T09:12:17.035093', interaction_type='conversation', user_satisfaction=0.7, response_quality=0.6, latency_ms=0.0, tokens_used=0, was_proactive=False, context_relevance=0.5, error_occurred=False, tags=[], metadata={})", user_satisfaction=None, response_quality=0.5, latency_ms=0.0, tokens_used=0, was_proactive=False, context_relevance=0.5, error_occurred=False, tags=[], metadata={}), InteractionRecord(id='8f0cb5372fd8', timestamp='2026-05-27T09:12:17.035093', interaction_type="InteractionRecord(id='3da27632a209', timestamp='2026-05-27T09:12:17.035093', interaction_type='conversation', user_satisfaction=0.7, response_quality=0.6, latency_ms=0.0, tokens_used=0, was_proactive=False, context_relevance=0.5, error_occurred=False, tags=[], metadata={})", user_satisfaction=None, response_quality=0.5, latency_ms=0.0, tokens_used=0, was_proactive=False, context_relevance=0.5, error_occurred=False, tags=[], metadata={}), InteractionRecord(id='22501f6998ed', timestamp='2026-05-27T09:12:17.035093', interaction_type="InteractionRecord(id='c48c0dc2e557', timestamp='2026-05-27T09:12:17.035093', interaction_type='conversation', user_satisfaction=0.7, response_quality=0.6, latency_ms=0.0, tokens_used=0, was_proactive=False, context_relevance=0.5, error_occurred=False, tags=[], metadata={})", user_satisfaction=None, response_quality=0.5, latency_ms=0.0, tokens_used=0, was_proactive=False, context_relevance=0.5, error_occurred=False, tags=[], metadata={}), InteractionRecord(id='6d8742d6596b', timestamp='2026-05-27T09:12:17.053292', interaction_type="InteractionRecord(id='cbed851c7ff9', timestamp='2026-05-27T09:12:17.053292', interaction_type='conversation', user_satisfaction=0.7, response_quality=0.6, latency_ms=0.0, tokens_used=0, was_proactive=False, context_relevance=0.5, error_occurred=False, tags=[], metadata={})", user_satisfaction=None, response_quality=0.5, latency_ms=0.0, tokens_used=0, was_proactive=False, context_relevance=0.5, error_occurred=False, tags=[], metadata={}), InteractionRecord(id='ab30485a7b6a', timestamp='2026-05-27T09:12:17.061310', interaction_type="InteractionRecord(id='f9ffe8b2b28e', timestamp='2026-05-27T09:12:17.061310', interaction_type='conversation', user_satisfaction=0.7, response_quality=0.6, latency_ms=0.0, tokens_used=0, was_proactive=False, context_relevance=0.5, error_occurred=False, tags=[], metadata={})", user_satisfaction=None, response_quality=0.5, latency_ms=0.0, tokens_used=0, was_proactive=False, context_relevance=0.5, error_occurred=False, tags=[], metadata={}), InteractionRecord(id='a9909376e1fc', timestamp='2026-05-27T09:12:17.061310', interaction_type="InteractionRecord(id='c1b24e7f2641', timestamp='2026-05-27T09:12:17.061310', interaction_type='conversation', user_satisfaction=0.7, response_quality=0.6, latency_ms=0.0, tokens_used=0, was_proactive=False, context_relevance=0.5, error_occurred=False, tags=[], metadata={})", user_satisfaction=None, response_quality=0.5, latency_ms=0.0, tokens_used=0, was_proactive=False, context_relevance=0.5, error_occurred=False, tags=[], metadata={}), InteractionRecord(id='9ea70c418e9f', timestamp='2026-05-27T09:12:17.068412', interaction_type="InteractionRecord(id='4cfc0669b645', timestamp='2026-05-27T09:12:17.068412', interaction_type='conversation', user_satisfaction=0.7, response_quality=0.6, latency_ms=0.0, tokens_used=0, was_proactive=False, context_relevance=0.5, error_occurred=False, tags=[], metadata={})", user_satisfaction=None, response_quality=0.5, latency_ms=0.0, tokens_used=0, was_proactive=False, context_relevance=0.5, error_occurred=False, tags=[], metadata={}), InteractionRecord(id='3eba14d3bc6c', timestamp='2026-05-27T09:12:17.068412', interaction_type="InteractionRecord(id='3e1c36c91c5e', timestamp='2026-05-27T09:12:17.068412', interaction_type='conversation', user_satisfaction=0.7, response_quality=0.6, latency_ms=0.0, tokens_used=0, was_proactive=False, context_relevance=0.5, error_occurred=False, tags=[], metadata={})", user_satisfaction=None, response_quality=0.5, latency_ms=0.0, tokens_used=0, was_proactive=False, context_relevance=0.5, error_occurred=False, tags=[], metadata={}), InteractionRecord(id='111fc5bf0917', timestamp='2026-05-27T09:12:17.068412', interaction_type="InteractionRecord(id='a734fc9575fc', timestamp='2026-05-27T09:12:17.068412', interaction_type='conversation', user_satisfaction=0.7, response_quality=0.6, latency_ms=0.0, tokens_used=0, was_proactive=False, context_relevance=0.5, error_occurred=False, tags=[], metadata={})", user_satisfaction=None, response_quality=0.5, latency_ms=0.0, tokens_used=0, was_proactive=False, context_relevance=0.5, error_occurred=False, tags=[], metadata={}), InteractionRecord(id='c38c1147cfd8', timestamp='2026-05-27T09:12:17.085112', interaction_type="InteractionRecord(id='cc5968f9c120', timestamp='2026-05-27T09:12:17.085112', interaction_type='conversation', user_satisfaction=0.7, response_quality=0.6, latency_ms=0.0, tokens_used=0, was_proactive=False, context_relevance=0.5, error_occurred=False, tags=[], metadata={})", user_satisfaction=None, response_quality=0.5, latency_ms=0.0, tokens_used=0, was_proactive=False, context_relevance=0.5, error_occurred=False, tags=[], metadata={}), InteractionRecord(id='343e03c8febe', timestamp='2026-05-27T09:12:17.085112', interaction_type="InteractionRecord(id='f2e8b070140f', timestamp='2026-05-27T09:12:17.085112', interaction_type='conversation', user_satisfaction=0.7, response_quality=0.6, latency_ms=0.0, tokens_used=0, was_proactive=False, context_relevance=0.5, error_occurred=False, tags=[], metadata={})", user_satisfaction=None, response_quality=0.5, latency_ms=0.0, tokens_used=0, was_proactive=False, context_relevance=0.5, error_occurred=False, tags=[], metadata={}), InteractionRecord(id='23bf01082e72', timestamp='2026-05-27T09:12:17.085112', interaction_type="InteractionRecord(id='708e1eb02025', timestamp='2026-05-27T09:12:17.085112', interaction_type='conversation', user_satisfaction=0.7, response_quality=0.6, latency_ms=0.0, tokens_used=0, was_proactive=False, context_relevance=0.5, error_occurred=False, tags=[], metadata={})", user_satisfaction=None, response_quality=0.5, latency_ms=0.0, tokens_used=0, was_proactive=False, context_relevance=0.5, error_occurred=False, tags=[], metadata={}), InteractionRecord(id='c025f75107c2', timestamp='2026-05-27T09:12:17.101799', interaction_type="InteractionRecord(id='cf33c44eed42', timestamp='2026-05-27T09:12:17.101799', interaction_type='conversation', user_satisfaction=0.7, response_quality=0.6, latency_ms=0.0, tokens_used=0, was_proactive=False, context_relevance=0.5, error_occurred=False, tags=[], metadata={})", user_satisfaction=None, response_quality=0.5, latency_ms=0.0, tokens_used=0, was_proactive=False, context_relevance=0.5, error_occurred=False, tags=[], metadata={}), InteractionRecord(id='f67374c2b530', timestamp='2026-05-27T09:12:17.101799', interaction_type="InteractionRecord(id='bc53d42217fb', timestamp='2026-05-27T09:12:17.101799', interaction_type='conversation', user_satisfaction=0.7, response_quality=0.6, latency_ms=0.0, tokens_used=0, was_proactive=False, context_relevance=0.5, error_occurred=False, tags=[], metadata={})", user_satisfaction=None, response_quality=0.5, latency_ms=0.0, tokens_used=0, was_proactive=False, context_relevance=0.5, error_occurred=False, tags=[], metadata={}), InteractionRecord(id='1ee7c262a568', timestamp='2026-05-27T09:12:17.101799', interaction_type="InteractionRecord(id='5b2cb02daee5', timestamp='2026-05-27T09:12:17.101799', interaction_type='conversation', user_satisfaction=0.7, response_quality=0.6, latency_ms=0.0, tokens_used=0, was_proactive=False, context_relevance=0.5, error_occurred=False, tags=[], metadata={})", user_satisfaction=None, response_quality=0.5, latency_ms=0.0, tokens_used=0, was_proactive=False, context_relevance=0.5, error_occurred=False, tags=[], metadata={}), InteractionRecord(id='d14dbe3c7acc', timestamp='2026-05-27T09:12:17.118441', interaction_type="InteractionRecord(id='195f4c3b676e', timestamp='2026-05-27T09:12:17.118441', interaction_type='conversation', user_satisfaction=0.7, response_quality=0.6, latency_ms=0.0, tokens_used=0, was_proactive=False, context_relevance=0.5, error_occurred=False, tags=[], metadata={})", user_satisfaction=None, response_quality=0.5, latency_ms=0.0, tokens_used=0, was_proactive=False, context_relevance=0.5, error_occurred=False, tags=[], metadata={}), InteractionRecord(id='d587c44b0702', timestamp='2026-05-27T09:12:17.118441', interaction_type="InteractionRecord(id='fe8330f9635e', timestamp='2026-05-27T09:12:17.118441', interaction_type='conversation', user_satisfaction=0.7, response_quality=0.6, latency_ms=0.0, tokens_used=0, was_proactive=False, context_relevance=0.5, error_occurred=False, tags=[], metadata={})", user_satisfaction=None, response_quality=0.5, latency_ms=0.0, tokens_used=0, was_proactive=False, context_relevance=0.5, error_occurred=False, tags=[], metadata={}), InteractionRecord(id='11db29da926e', timestamp='2026-05-27T09:12:17.118441', interaction_type="InteractionRecord(id='f9d469e16fe2', timestamp='2026-05-27T09:12:17.118441', interaction_type='conversation', user_satisfaction=0.7, response_quality=0.6, latency_ms=0.0, tokens_used=0, was_proactive=False, context_relevance=0.5, error_occurred=False, tags=[], metadata={})", user_satisfaction=None, response_quality=0.5, latency_ms=0.0, tokens_used=0, was_proactive=False, context_relevance=0.5, error_occurred=False, tags=[], metadata={}), InteractionRecord(id='e4c35d24eaf2', timestamp='2026-05-27T09:12:17.135106', interaction_type="InteractionRecord(id='220360fe1a97', timestamp='2026-05-27T09:12:17.135106', interaction_type='conversation', user_satisfaction=0.7, response_quality=0.6, latency_ms=0.0, tokens_used=0, was_proactive=False, context_relevance=0.5, error_occurred=False, tags=[], metadata={})", user_satisfaction=None, response_quality=0.5, latency_ms=0.0, tokens_used=0, was_proactive=False, context_relevance=0.5, error_occurred=False, tags=[], metadata={}), InteractionRecord(id='a61fb569407a', timestamp='2026-05-27T09:12:17.135106', interaction_type="InteractionRecord(id='1bea0ff15fa6', timestamp='2026-05-27T09:12:17.135106', interaction_type='conversation', user_satisfaction=0.7, response_quality=0.6, latency_ms=0.0, tokens_used=0, was_proactive=False, context_relevance=0.5, error_occurred=False, tags=[], metadata={})", user_satisfaction=None, response_quality=0.5, latency_ms=0.0, tokens_used=0, was_proactive=False, context_relevance=0.5, error_occurred=False, tags=[], metadata={}), InteractionRecord(id='9f7a16a986ca', timestamp='2026-05-27T09:12:17.135106', interaction_type="InteractionRecord(id='fa03009a625a', timestamp='2026-05-27T09:12:17.135106', interaction_type='conversation', user_satisfaction=0.7, response_quality=0.6, latency_ms=0.0, tokens_used=0, was_proactive=False, context_relevance=0.5, error_occurred=False, tags=[], metadata={})", user_satisfaction=None, response_quality=0.5, latency_ms=0.0, tokens_used=0, was_proactive=False, context_relevance=0.5, error_occurred=False, tags=[], metadata={}), InteractionRecord(id='6d8875eb62d6', timestamp='2026-05-27T09:12:17.150737', interaction_type="InteractionRecord(id='d0a4e579e1fc', timestamp='2026-05-27T09:12:17.150737', interaction_type='conversation', user_satisfaction=0.7, response_quality=0.6, latency_ms=0.0, tokens_used=0, was_proactive=False, context_relevance=0.5, error_occurred=False, tags=[], metadata={})", user_satisfaction=None, response_quality=0.5, latency_ms=0.0, tokens_used=0, was_proactive=False, context_relevance=0.5, error_occurred=False, tags=[], metadata={}), InteractionRecord(id='3a55b3ef2291', timestamp='2026-05-27T09:12:17.150737', interaction_type="InteractionRecord(id='af23fdd07bd5', timestamp='2026-05-27T09:12:17.150737', interaction_type='conversation', user_satisfaction=0.7, response_quality=0.6, latency_ms=0.0, tokens_used=0, was_proactive=False, context_relevance=0.5, error_occurred=False, tags=[], metadata={})", user_satisfaction=None, response_quality=0.5, latency_ms=0.0, tokens_used=0, was_proactive=False, context_relevance=0.5, error_occurred=False, tags=[], metadata={}), InteractionRecord(id='441b6d48e7c9', timestamp='2026-05-27T09:12:17.161251', interaction_type="InteractionRecord(id='49e9759b12bc', timestamp='2026-05-27T09:12:17.161251', interaction_type='conversation', user_satisfaction=0.7, response_quality=0.6, latency_ms=0.0, tokens_used=0, was_proactive=False, context_relevance=0.5, error_occurred=False, tags=[], metadata={})", user_satisfaction=None, response_quality=0.5, latency_ms=0.0, tokens_used=0, was_proactive=False, context_relevance=0.5, error_occurred=False, tags=[], metadata={}), InteractionRecord(id='467a1fb08681', timestamp='2026-05-27T09:12:17.168425', interaction_type="InteractionRecord(id='28c2468dffdd', timestamp='2026-05-27T09:12:17.168425', interaction_type='conversation', user_satisfaction=0.7, response_quality=0.6, latency_ms=0.0, tokens_used=0, was_proactive=False, context_relevance=0.5, error_occurred=False, tags=[], metadata={})", user_satisfaction=None, response_quality=0.5, latency_ms=0.0, tokens_used=0, was_proactive=False, context_relevance=0.5, error_occurred=False, tags=[], metadata={}), InteractionRecord(id='d7d66f23385a', timestamp='2026-05-27T09:12:17.168425', interaction_type="InteractionRecord(id='b85b1d37d21d', timestamp='2026-05-27T09:12:17.168425', interaction_type='conversation', user_satisfaction=0.7, response_quality=0.6, latency_ms=0.0, tokens_used=0, was_proactive=False, context_relevance=0.5, error_occurred=False, tags=[], metadata={})", user_satisfaction=None, response_quality=0.5, latency_ms=0.0, tokens_used=0, was_proactive=False, context_relevance=0.5, error_occurred=False, tags=[], metadata={}), InteractionRecord(id='2bbe7189d531', timestamp='2026-05-27T09:12:17.168425', interaction_type="InteractionRecord(id='de85325697ab', timestamp='2026-05-27T09:12:17.168425', interaction_type='conversation', user_satisfaction=0.7, response_quality=0.6, latency_ms=0.0, tokens_used=0, was_proactive=False, context_relevance=0.5, error_occurred=False, tags=[], metadata={})", user_satisfaction=None, response_quality=0.5, latency_ms=0.0, tokens_used=0, was_proactive=False, context_relevance=0.5, error_occurred=False, tags=[], metadata={}), InteractionRecord(id='65bdc884cdf9', timestamp='2026-05-27T09:12:17.185090', interaction_type="InteractionRecord(id='701b9c948d58', timestamp='2026-05-27T09:12:17.185090', interaction_type='conversation', user_satisfaction=0.7, response_quality=0.6, latency_ms=0.0, tokens_used=0, was_proactive=False, context_relevance=0.5, error_occurred=False, tags=[], metadata={})", user_satisfaction=None, response_quality=0.5, latency_ms=0.0, tokens_used=0, was_proactive=False, context_relevance=0.5, error_occurred=False, tags=[], metadata={}), InteractionRecord(id='31820064e9d9', timestamp='2026-05-27T09:12:17.185090', interaction_type="InteractionRecord(id='a42ad4e1f2a3', timestamp='2026-05-27T09:12:17.185090', interaction_type='conversation', user_satisfaction=0.7, response_quality=0.6, latency_ms=0.0, tokens_used=0, was_proactive=False, context_relevance=0.5, error_occurred=False, tags=[], metadata={})", user_satisfaction=None, response_quality=0.5, latency_ms=0.0, tokens_used=0, was_proactive=False, context_relevance=0.5, error_occurred=False, tags=[], metadata={}), InteractionRecord(id='4f09fb5c0318', timestamp='2026-05-27T09:12:17.185090', interaction_type="InteractionRecord(id='a67385caa0e5', timestamp='2026-05-27T09:12:17.185090', interaction_type='conversation', user_satisfaction=0.7, response_quality=0.6, latency_ms=0.0, tokens_used=0, was_proactive=False, context_relevance=0.5, error_occurred=False, tags=[], metadata={})", user_satisfaction=None, response_quality=0.5, latency_ms=0.0, tokens_used=0, was_proactive=False, context_relevance=0.5, error_occurred=False, tags=[], metadata={}), InteractionRecord(id='35fa771b34ee', timestamp='2026-05-27T09:12:17.204173', interaction_type="InteractionRecord(id='0fac26b4a342', timestamp='2026-05-27T09:12:17.204173', interaction_type='conversation', user_satisfaction=0.7, response_quality=0.6, latency_ms=0.0, tokens_used=0, was_proactive=False, context_relevance=0.5, error_occurred=False, tags=[], metadata={})", user_satisfaction=None, response_quality=0.5, latency_ms=0.0, tokens_used=0, was_proactive=False, context_relevance=0.5, error_occurred=False, tags=[], metadata={}), InteractionRecord(id='b5bf80c7cd0b', timestamp='2026-05-27T09:12:17.205189', interaction_type="InteractionRecord(id='e0368e483043', timestamp='2026-05-27T09:12:17.205189', interaction_type='conversation', user_satisfaction=0.7, response_quality=0.6, latency_ms=0.0, tokens_used=0, was_proactive=False, context_relevance=0.5, error_occurred=False, tags=[], metadata={})", user_satisfaction=None, response_quality=0.5, latency_ms=0.0, tokens_used=0, was_proactive=False, context_relevance=0.5, error_occurred=False, tags=[], metadata={}), InteractionRecord(id='1672ba5409e0', timestamp='2026-05-27T09:12:17.205189', interaction_type="InteractionRecord(id='c82f487a0662', timestamp='2026-05-27T09:12:17.205189', interaction_type='conversation', user_satisfaction=0.7, response_quality=0.6, latency_ms=0.0, tokens_used=0, was_proactive=False, context_relevance=0.5, error_occurred=False, tags=[], metadata={})", user_satisfaction=None, response_quality=0.5, latency_ms=0.0, tokens_used=0, was_proactive=False, context_relevance=0.5, error_occurred=False, tags=[], metadata={}), InteractionRecord(id='2a2ea197b5ac', timestamp='2026-05-27T09:12:17.221250', interaction_type="InteractionRecord(id='9fa491b53b74', timestamp='2026-05-27T09:12:17.221250', interaction_type='conversation', user_satisfaction=0.7, response_quality=0.6, latency_ms=0.0, tokens_used=0, was_proactive=False, context_relevance=0.5, error_occurred=False, tags=[], metadata={})", user_satisfaction=None, response_quality=0.5, latency_ms=0.0, tokens_used=0, was_proactive=False, context_relevance=0.5, error_occurred=False, tags=[], metadata={}), InteractionRecord(id='b254e50e6925', timestamp='2026-05-27T09:12:17.221250', interaction_type="InteractionRecord(id='aebd9b9780b1', timestamp='2026-05-27T09:12:17.221250', interaction_type='conversation', user_satisfaction=0.7, response_quality=0.6, latency_ms=0.0, tokens_used=0, was_proactive=False, context_relevance=0.5, error_occurred=False, tags=[], metadata={})", user_satisfaction=None, response_quality=0.5, latency_ms=0.0, tokens_used=0, was_proactive=False, context_relevance=0.5, error_occurred=False, tags=[], metadata={}), InteractionRecord(id='43892cfa200e', timestamp='2026-05-27T09:12:17.221250', interaction_type="InteractionRecord(id='7768d90de4db', timestamp='2026-05-27T09:12:17.221250', interaction_type='conversation', user_satisfaction=0.7, response_quality=0.6, latency_ms=0.0, tokens_used=0, was_proactive=False, context_relevance=0.5, error_occurred=False, tags=[], metadata={})", user_satisfaction=None, response_quality=0.5, latency_ms=0.0, tokens_used=0, was_proactive=False, context_relevance=0.5, error_occurred=False, tags=[], metadata={}), InteractionRecord(id='3d0de90f7e05', timestamp='2026-05-27T09:12:17.236944', interaction_type="InteractionRecord(id='08d4538a2277', timestamp='2026-05-27T09:12:17.236944', interaction_type='conversation', user_satisfaction=0.7, response_quality=0.6, latency_ms=0.0, tokens_used=0, was_proactive=False, context_relevance=0.5, error_occurred=False, tags=[], metadata={})", user_satisfaction=None, response_quality=0.5, latency_ms=0.0, tokens_used=0, was_proactive=False, context_relevance=0.5, error_occurred=False, tags=[], metadata={}), InteractionRecord(id='0e33ba892884', timestamp='2026-05-27T09:12:17.236944', interaction_type="InteractionRecord(id='681cea105a6a', timestamp='2026-05-27T09:12:17.236944', interaction_type='conversation', user_satisfaction=0.7, response_quality=0.6, latency_ms=0.0, tokens_used=0, was_proactive=False, context_relevance=0.5, error_occurred=False, tags=[], metadata={})", user_satisfaction=None, response_quality=0.5, latency_ms=0.0, tokens_used=0, was_proactive=False, context_relevance=0.5, error_occurred=False, tags=[], metadata={}), InteractionRecord(id='773b91e21d56', timestamp='2026-05-27T09:12:17.236944', interaction_type="InteractionRecord(id='b73bb2998b63', timestamp='2026-05-27T09:12:17.236944', interaction_type='conversation', user_satisfaction=0.7, response_quality=0.6, latency_ms=0.0, tokens_used=0, was_proactive=False, context_relevance=0.5, error_occurred=False, tags=[], metadata={})", user_satisfaction=None, response_quality=0.5, latency_ms=0.0, tokens_used=0, was_proactive=False, context_relevance=0.5, error_occurred=False, tags=[], metadata={}), InteractionRecord(id='e55fb284fb33', timestamp='2026-05-27T09:12:17.251787', interaction_type="InteractionRecord(id='228a391ac531', timestamp='2026-05-27T09:12:17.251787', interaction_type='conversation', user_satisfaction=0.7, response_quality=0.6, latency_ms=0.0, tokens_used=0, was_proactive=False, context_relevance=0.5, error_occurred=False, tags=[], metadata={})", user_satisfaction=None, response_quality=0.5, latency_ms=0.0, tokens_used=0, was_proactive=False, context_relevance=0.5, error_occurred=False, tags=[], metadata={}), InteractionRecord(id='bde76d3de09f', timestamp='2026-05-27T09:12:17.261459', interaction_type="InteractionRecord(id='71f62393cd78', timestamp='2026-05-27T09:12:17.261459', interaction_type='conversation', user_satisfaction=0.7, response_quality=0.6, latency_ms=0.0, tokens_used=0, was_proactive=False, context_relevance=0.5, error_occurred=False, tags=[], metadata={})", user_satisfaction=None, response_quality=0.5, latency_ms=0.0, tokens_used=0, was_proactive=False, context_relevance=0.5, error_occurred=False, tags=[], metadata={}), InteractionRecord(id='908b1c212a84', timestamp='2026-05-27T09:12:17.267541', interaction_type="InteractionRecord(id='78006f3abb54', timestamp='2026-05-27T09:12:17.267541', interaction_type='conversation', user_satisfaction=0.7, response_quality=0.6, latency_ms=0.0, tokens_used=0, was_proactive=False, context_relevance=0.5, error_occurred=False, tags=[], metadata={})", user_satisfaction=None, response_quality=0.5, latency_ms=0.0, tokens_used=0, was_proactive=False, context_relevance=0.5, error_occurred=False, tags=[], metadata={}), InteractionRecord(id='536b2ef4acf4', timestamp='2026-05-27T09:12:17.268426', interaction_type="InteractionRecord(id='7d858265ca4a', timestamp='2026-05-27T09:12:17.268426', interaction_type='conversation', user_satisfaction=0.7, response_quality=0.6, latency_ms=0.0, tokens_used=0, was_proactive=False, context_relevance=0.5, error_occurred=False, tags=[], metadata={})", user_satisfaction=None, response_quality=0.5, latency_ms=0.0, tokens_used=0, was_proactive=False, context_relevance=0.5, error_occurred=False, tags=[], metadata={}), InteractionRecord(id='f62e20e67fb8', timestamp='2026-05-27T09:12:17.268426', interaction_type="InteractionRecord(id='945f1169dd95', timestamp='2026-05-27T09:12:17.268426', interaction_type='conversation', user_satisfaction=0.7, response_quality=0.6, latency_ms=0.0, tokens_used=0, was_proactive=False, context_relevance=0.5, error_occurred=False, tags=[], metadata={})", user_satisfaction=None, response_quality=0.5, latency_ms=0.0, tokens_used=0, was_proactive=False, context_relevance=0.5, error_occurred=False, tags=[], metadata={}), InteractionRecord(id='d184dcc9d944', timestamp='2026-05-27T09:12:17.284471', interaction_type="InteractionRecord(id='b994d912c855', timestamp='2026-05-27T09:12:17.284471', interaction_type='conversation', user_satisfaction=0.7, response_quality=0.6, latency_ms=0.0, tokens_used=0, was_proactive=False, context_relevance=0.5, error_occurred=False, tags=[], metadata={})", user_satisfaction=None, response_quality=0.5, latency_ms=0.0, tokens_used=0, was_proactive=False, context_relevance=0.5, error_occurred=False, tags=[], metadata={}), InteractionRecord(id='b1c2bbabddac', timestamp='2026-05-27T09:12:17.285099', interaction_type="InteractionRecord(id='3979d4e26a9c', timestamp='2026-05-27T09:12:17.285099', interaction_type='conversation', user_satisfaction=0.7, response_quality=0.6, latency_ms=0.0, tokens_used=0, was_proactive=False, context_relevance=0.5, error_occurred=False, tags=[], metadata={})", user_satisfaction=None, response_quality=0.5, latency_ms=0.0, tokens_used=0, was_proactive=False, context_relevance=0.5, error_occurred=False, tags=[], metadata={}), InteractionRecord(id='9c9d60b74b8c', timestamp='2026-05-27T09:12:17.285099', interaction_type="InteractionRecord(id='72069d8835e3', timestamp='2026-05-27T09:12:17.285099', interaction_type='conversation', user_satisfaction=0.7, response_quality=0.6, latency_ms=0.0, tokens_used=0, was_proactive=False, context_relevance=0.5, error_occurred=False, tags=[], metadata={})", user_satisfaction=None, response_quality=0.5, latency_ms=0.0, tokens_used=0, was_proactive=False, context_relevance=0.5, error_occurred=False, tags=[], metadata={}), InteractionRecord(id='92d7cfd34b5f', timestamp='2026-05-27T09:12:17.301749', interaction_type="InteractionRecord(id='95eafd55e74f', timestamp='2026-05-27T09:12:17.301749', interaction_type='conversation', user_satisfaction=0.7, response_quality=0.6, latency_ms=0.0, tokens_used=0, was_proactive=False, context_relevance=0.5, error_occurred=False, tags=[], metadata={})", user_satisfaction=None, response_quality=0.5, latency_ms=0.0, tokens_used=0, was_proactive=False, context_relevance=0.5, error_occurred=False, tags=[], metadata={}), InteractionRecord(id='6e1d3866a02f', timestamp='2026-05-27T09:12:17.301749', interaction_type="InteractionRecord(id='73cad0037d48', timestamp='2026-05-27T09:12:17.301749', interaction_type='conversation', user_satisfaction=0.7, response_quality=0.6, latency_ms=0.0, tokens_used=0, was_proactive=False, context_relevance=0.5, error_occurred=False, tags=[], metadata={})", user_satisfaction=None, response_quality=0.5, latency_ms=0.0, tokens_used=0, was_proactive=False, context_relevance=0.5, error_occurred=False, tags=[], metadata={}), InteractionRecord(id='60e6c7c631fd', timestamp='2026-05-27T09:12:17.301749', interaction_type="InteractionRecord(id='d4dad25cba31', timestamp='2026-05-27T09:12:17.301749', interaction_type='conversation', user_satisfaction=0.7, response_quality=0.6, latency_ms=0.0, tokens_used=0, was_proactive=False, context_relevance=0.5, error_occurred=False, tags=[], metadata={})", user_satisfaction=None, response_quality=0.5, latency_ms=0.0, tokens_used=0, was_proactive=False, context_relevance=0.5, error_occurred=False, tags=[], metadata={}), InteractionRecord(id='0cd6346f8ef8', timestamp='2026-05-27T09:12:17.318485', interaction_type="InteractionRecord(id='c0caacb93c66', timestamp='2026-05-27T09:12:17.318485', interaction_type='conversation', user_satisfaction=0.7, response_quality=0.6, latency_ms=0.0, tokens_used=0, was_proactive=False, context_relevance=0.5, error_occurred=False, tags=[], metadata={})", user_satisfaction=None, response_quality=0.5, latency_ms=0.0, tokens_used=0, was_proactive=False, context_relevance=0.5, error_occurred=False, tags=[], metadata={}), InteractionRecord(id='bf8289dae552', timestamp='2026-05-27T09:12:17.321991', interaction_type="InteractionRecord(id='c5c75706174a', timestamp='2026-05-27T09:12:17.321991', interaction_type='conversation', user_satisfaction=0.7, response_quality=0.6, latency_ms=0.0, tokens_used=0, was_proactive=False, context_relevance=0.5, error_occurred=False, tags=[], metadata={})", user_satisfaction=None, response_quality=0.5, latency_ms=0.0, tokens_used=0, was_proactive=False, context_relevance=0.5, error_occurred=False, tags=[], metadata={}), InteractionRecord(id='8fe144bdab16', timestamp='2026-05-27T09:12:17.321991', interaction_type="InteractionRecord(id='388b5d255d95', timestamp='2026-05-27T09:12:17.321991', interaction_type='conversation', user_satisfaction=0.7, response_quality=0.6, latency_ms=0.0, tokens_used=0, was_proactive=False, context_relevance=0.5, error_occurred=False, tags=[], metadata={})", user_satisfaction=None, response_quality=0.5, latency_ms=0.0, tokens_used=0, was_proactive=False, context_relevance=0.5, error_occurred=False, tags=[], metadata={}), InteractionRecord(id='e67121d5eed7', timestamp='2026-05-27T09:12:17.335096', interaction_type="InteractionRecord(id='7a4c0f6b29b4', timestamp='2026-05-27T09:12:17.335096', interaction_type='conversation', user_satisfaction=0.7, response_quality=0.6, latency_ms=0.0, tokens_used=0, was_proactive=False, context_relevance=0.5, error_occurred=False, tags=[], metadata={})", user_satisfaction=None, response_quality=0.5, latency_ms=0.0, tokens_used=0, was_proactive=False, context_relevance=0.5, error_occurred=False, tags=[], metadata={}), InteractionRecord(id='a6d1efe79e5a', timestamp='2026-05-27T09:12:17.335096', interaction_type="InteractionRecord(id='5980e957267e', timestamp='2026-05-27T09:12:17.335096', interaction_type='conversation', user_satisfaction=0.7, response_quality=0.6, latency_ms=0.0, tokens_used=0, was_proactive=False, context_relevance=0.5, error_occurred=False, tags=[], metadata={})", user_satisfaction=None, response_quality=0.5, latency_ms=0.0, tokens_used=0, was_proactive=False, context_relevance=0.5, error_occurred=False, tags=[], metadata={}), InteractionRecord(id='716f3ca7192b', timestamp='2026-05-27T09:12:17.335096', interaction_type="InteractionRecord(id='17730d91617b', timestamp='2026-05-27T09:12:17.335096', interaction_type='conversation', user_satisfaction=0.7, response_quality=0.6, latency_ms=0.0, tokens_used=0, was_proactive=False, context_relevance=0.5, error_occurred=False, tags=[], metadata={})", user_satisfaction=None, response_quality=0.5, latency_ms=0.0, tokens_used=0, was_proactive=False, context_relevance=0.5, error_occurred=False, tags=[], metadata={}), InteractionRecord(id='5f3225a9ddea', timestamp='2026-05-27T09:12:17.351746', interaction_type="InteractionRecord(id='314911e8bc11', timestamp='2026-05-27T09:12:17.351746', interaction_type='conversation', user_satisfaction=0.7, response_quality=0.6, latency_ms=0.0, tokens_used=0, was_proactive=False, context_relevance=0.5, error_occurred=False, tags=[], metadata={})", user_satisfaction=None, response_quality=0.5, latency_ms=0.0, tokens_used=0, was_proactive=False, context_relevance=0.5, error_occurred=False, tags=[], metadata={}), InteractionRecord(id='91aee50bff10', timestamp='2026-05-27T09:12:17.361868', interaction_type="InteractionRecord(id='cb31d2e9b25f', timestamp='2026-05-27T09:12:17.361868', interaction_type='conversation', user_satisfaction=0.7, response_quality=0.6, latency_ms=0.0, tokens_used=0, was_proactive=False, context_relevance=0.5, error_occurred=False, tags=[], metadata={})", user_satisfaction=None, response_quality=0.5, latency_ms=0.0, tokens_used=0, was_proactive=False, context_relevance=0.5, error_occurred=False, tags=[], metadata={}), InteractionRecord(id='11678ddf09c4', timestamp='2026-05-27T09:12:17.367620', interaction_type="InteractionRecord(id='643d2b8aa516', timestamp='2026-05-27T09:12:17.367620', interaction_type='conversation', user_satisfaction=0.7, response_quality=0.6, latency_ms=0.0, tokens_used=0, was_proactive=False, context_relevance=0.5, error_occurred=False, tags=[], metadata={})", user_satisfaction=None, response_quality=0.5, latency_ms=0.0, tokens_used=0, was_proactive=False, context_relevance=0.5, error_occurred=False, tags=[], metadata={}), InteractionRecord(id='f9548e0831a8', timestamp='2026-05-27T09:12:17.373636', interaction_type="InteractionRecord(id='effd114fc64e', timestamp='2026-05-27T09:12:17.373636', interaction_type='conversation', user_satisfaction=0.7, response_quality=0.6, latency_ms=0.0, tokens_used=0, was_proactive=False, context_relevance=0.5, error_occurred=False, tags=[], metadata={})", user_satisfaction=None, response_quality=0.5, latency_ms=0.0, tokens_used=0, was_proactive=False, context_relevance=0.5, error_occurred=False, tags=[], metadata={}), InteractionRecord(id='45ee983efe82', timestamp='2026-05-27T09:12:17.379648', interaction_type="InteractionRecord(id='bc505cf7e934', timestamp='2026-05-27T09:12:17.379648', interaction_type='conversation', user_satisfaction=0.7, response_quality=0.6, latency_ms=0.0, tokens_used=0, was_proactive=False, context_relevance=0.5, error_occurred=False, tags=[], metadata={})", user_satisfaction=None, response_quality=0.5, latency_ms=0.0, tokens_used=0, was_proactive=False, context_relevance=0.5, error_occurred=False, tags=[], metadata={}), InteractionRecord(id='b58eb9f622b0', timestamp='2026-05-27T09:12:17.385140', interaction_type="InteractionRecord(id='0b7f28f1ee18', timestamp='2026-05-27T09:12:17.385140', interaction_type='conversation', user_satisfaction=0.7, response_quality=0.6, latency_ms=0.0, tokens_used=0, was_proactive=False, context_relevance=0.5, error_occurred=False, tags=[], metadata={})", user_satisfaction=None, response_quality=0.5, latency_ms=0.0, tokens_used=0, was_proactive=False, context_relevance=0.5, error_occurred=False, tags=[], metadata={}), InteractionRecord(id='cb57e3e2b883', timestamp='2026-05-27T09:12:17.392414', interaction_type="InteractionRecord(id='c84823e94dab', timestamp='2026-05-27T09:12:17.392414', interaction_type='conversation', user_satisfaction=0.7, response_quality=0.6, latency_ms=0.0, tokens_used=0, was_proactive=False, context_relevance=0.5, error_occurred=False, tags=[], metadata={})", user_satisfaction=None, response_quality=0.5, latency_ms=0.0, tokens_used=0, was_proactive=False, context_relevance=0.5, error_occurred=False, tags=[], metadata={}), InteractionRecord(id='28e796ec9543', timestamp='2026-05-27T09:12:17.392414', interaction_type="InteractionRecord(id='dbf6a6e8fb7a', timestamp='2026-05-27T09:12:17.392414', interaction_type='conversation', user_satisfaction=0.7, response_quality=0.6, latency_ms=0.0, tokens_used=0, was_proactive=False, context_relevance=0.5, error_occurred=False, tags=[], metadata={})", user_satisfaction=None, response_quality=0.5, latency_ms=0.0, tokens_used=0, was_proactive=False, context_relevance=0.5, error_occurred=False, tags=[], metadata={}), InteractionRecord(id='5b84abf04da4', timestamp='2026-05-27T09:12:37.979488', interaction_type="InteractionRecord(id='e45b4cef9e0f', timestamp='2026-05-27T09:12:37.979488', interaction_type='conversation', user_satisfaction=0.8, response_quality=0.7, latency_ms=500, tokens_used=0, was_proactive=False, context_relevance=0.5, error_occurred=False, tags=[], metadata={})", user_satisfaction=None, response_quality=0.5, latency_ms=0.0, tokens_used=0, was_proactive=False, context_relevance=0.5, error_occurred=False, tags=[], metadata={}), InteractionRecord(id='da432232769b', timestamp='2026-05-27T09:12:38.091688', interaction_type="InteractionRecord(id='20712f5a3552', timestamp='2026-05-27T09:12:38.091688', interaction_type='conversation', user_satisfaction=0.7, response_quality=0.6, latency_ms=400, tokens_used=0, was_proactive=False, context_relevance=0.5, error_occurred=False, tags=[], metadata={})", user_satisfaction=None, response_quality=0.5, latency_ms=0.0, tokens_used=0, was_proactive=False, context_relevance=0.5, error_occurred=False, tags=[], metadata={}), InteractionRecord(id='1dd644e904ee', timestamp='2026-05-27T09:12:38.097700', interaction_type="InteractionRecord(id='1241be701811', timestamp='2026-05-27T09:12:38.097700', interaction_type='conversation', user_satisfaction=0.7999999999999999, response_quality=0.8, latency_ms=450, tokens_used=0, was_proactive=False, context_relevance=0.5, error_occurred=False, tags=[], metadata={})", user_satisfaction=None, response_quality=0.5, latency_ms=0.0, tokens_used=0, was_proactive=False, context_relevance=0.5, error_occurred=False, tags=[], metadata={}), InteractionRecord(id='cf27fc6058e2', timestamp='2026-05-27T09:12:38.103144', interaction_type="InteractionRecord(id='2f1cf79b0b1f', timestamp='2026-05-27T09:12:38.103144', interaction_type='conversation', user_satisfaction=0.8999999999999999, response_quality=0.6, latency_ms=500, tokens_used=0, was_proactive=False, context_relevance=0.5, error_occurred=False, tags=[], metadata={})", user_satisfaction=None, response_quality=0.5, latency_ms=0.0, tokens_used=0, was_proactive=False, context_relevance=0.5, error_occurred=False, tags=[], metadata={}), InteractionRecord(id='493cd291fb0d', timestamp='2026-05-27T09:12:38.109362', interaction_type="InteractionRecord(id='f344ec16181c', timestamp='2026-05-27T09:12:38.109362', interaction_type='conversation', user_satisfaction=0.7, response_quality=0.8, latency_ms=550, tokens_used=0, was_proactive=False, context_relevance=0.5, error_occurred=False, tags=[], metadata={})", user_satisfaction=None, response_quality=0.5, latency_ms=0.0, tokens_used=0, was_proactive=False, context_relevance=0.5, error_occurred=False, tags=[], metadata={}), InteractionRecord(id='aa78251350a8', timestamp='2026-05-27T09:12:38.153169', interaction_type="InteractionRecord(id='cc7bd63d8e67', timestamp='2026-05-27T09:12:38.153169', interaction_type='conversation', user_satisfaction=0.7999999999999999, response_quality=0.6, latency_ms=600, tokens_used=0, was_proactive=False, context_relevance=0.5, error_occurred=False, tags=[], metadata={})", user_satisfaction=None, response_quality=0.5, latency_ms=0.0, tokens_used=0, was_proactive=False, context_relevance=0.5, error_occurred=False, tags=[], metadata={}), InteractionRecord(id='fd62f96f894e', timestamp='2026-05-27T09:12:38.153169', interaction_type="InteractionRecord(id='a8ef917e0e07', timestamp='2026-05-27T09:12:38.153169', interaction_type='conversation', user_satisfaction=0.8999999999999999, response_quality=0.8, latency_ms=650, tokens_used=0, was_proactive=False, context_relevance=0.5, error_occurred=False, tags=[], metadata={})", user_satisfaction=None, response_quality=0.5, latency_ms=0.0, tokens_used=0, was_proactive=False, context_relevance=0.5, error_occurred=False, tags=[], metadata={}), InteractionRecord(id='fdb4a24f527d', timestamp='2026-05-27T09:12:38.153169', interaction_type="InteractionRecord(id='ada42165040f', timestamp='2026-05-27T09:12:38.153169', interaction_type='conversation', user_satisfaction=0.7, response_quality=0.6, latency_ms=700, tokens_used=0, was_proactive=False, context_relevance=0.5, error_occurred=False, tags=[], metadata={})", user_satisfaction=None, response_quality=0.5, latency_ms=0.0, tokens_used=0, was_proactive=False, context_relevance=0.5, error_occurred=False, tags=[], metadata={}), InteractionRecord(id='99a7d0dd0562', timestamp='2026-05-27T09:12:38.173291', interaction_type="InteractionRecord(id='f7ffb1695bd8', timestamp='2026-05-27T09:12:38.173291', interaction_type='conversation', user_satisfaction=0.7999999999999999, response_quality=0.8, latency_ms=750, tokens_used=0, was_proactive=False, context_relevance=0.5, error_occurred=False, tags=[], metadata={})", user_satisfaction=None, response_quality=0.5, latency_ms=0.0, tokens_used=0, was_proactive=False, context_relevance=0.5, error_occurred=False, tags=[], metadata={}), InteractionRecord(id='5861f40529fc', timestamp='2026-05-27T09:12:38.179304', interaction_type="InteractionRecord(id='aee9ef19662d', timestamp='2026-05-27T09:12:38.179304', interaction_type='conversation', user_satisfaction=0.8999999999999999, response_quality=0.6, latency_ms=800, tokens_used=0, was_proactive=False, context_relevance=0.5, error_occurred=False, tags=[], metadata={})", user_satisfaction=None, response_quality=0.5, latency_ms=0.0, tokens_used=0, was_proactive=False, context_relevance=0.5, error_occurred=False, tags=[], metadata={}), InteractionRecord(id='1d8e269daa94', timestamp='2026-05-27T09:12:38.183310', interaction_type="InteractionRecord(id='5257d0267dc0', timestamp='2026-05-27T09:12:38.183310', interaction_type='conversation', user_satisfaction=0.7, response_quality=0.8, latency_ms=850, tokens_used=0, was_proactive=False, context_relevance=0.5, error_occurred=False, tags=[], metadata={})", user_satisfaction=None, response_quality=0.5, latency_ms=0.0, tokens_used=0, was_proactive=False, context_relevance=0.5, error_occurred=False, tags=[], metadata={}), InteractionRecord(id='c096518175e8', timestamp='2026-05-27T09:12:58.722019', interaction_type="InteractionRecord(id='59852e3a9b5e', timestamp='2026-05-27T09:12:58.722019', interaction_type='conversation', user_satisfaction=0.8, response_quality=0.7, latency_ms=0.0, tokens_used=0, was_proactive=False, context_relevance=0.5, error_occurred=False, tags=[], metadata={})", user_satisfaction=None, response_quality=0.5, latency_ms=0.0, tokens_used=0, was_proactive=False, context_relevance=0.5, error_occurred=False, tags=[], metadata={}), InteractionRecord(id='06cdec58b619', timestamp='2026-05-27T09:12:58.738241', interaction_type="InteractionRecord(id='1d53a62de915', timestamp='2026-05-27T09:12:58.738241', interaction_type='conversation', user_satisfaction=0.8, response_quality=0.7, latency_ms=0.0, tokens_used=0, was_proactive=False, context_relevance=0.5, error_occurred=False, tags=[], metadata={})", user_satisfaction=None, response_quality=0.5, latency_ms=0.0, tokens_used=0, was_proactive=False, context_relevance=0.5, error_occurred=False, tags=[], metadata={}), InteractionRecord(id='c986be003eee', timestamp='2026-05-27T09:12:58.741626', interaction_type="InteractionRecord(id='85c496f90ae8', timestamp='2026-05-27T09:12:58.741626', interaction_type='conversation', user_satisfaction=0.8, response_quality=0.7, latency_ms=0.0, tokens_used=0, was_proactive=False, context_relevance=0.5, error_occurred=False, tags=[], metadata={})", user_satisfaction=None, response_quality=0.5, latency_ms=0.0, tokens_used=0, was_proactive=False, context_relevance=0.5, error_occurred=False, tags=[], metadata={}), InteractionRecord(id='af84710a7fe4', timestamp='2026-05-27T09:12:58.741626', interaction_type="InteractionRecord(id='a2e9d0524436', timestamp='2026-05-27T09:12:58.741626', interaction_type='conversation', user_satisfaction=0.8, response_quality=0.7, latency_ms=0.0, tokens_used=0, was_proactive=False, context_relevance=0.5, error_occurred=False, tags=[], metadata={})", user_satisfaction=None, response_quality=0.5, latency_ms=0.0, tokens_used=0, was_proactive=False, context_relevance=0.5, error_occurred=False, tags=[], metadata={}), InteractionRecord(id='a8aff4569298', timestamp='2026-05-27T09:12:58.754858', interaction_type="InteractionRecord(id='74aa81752854', timestamp='2026-05-27T09:12:58.754858', interaction_type='conversation', user_satisfaction=0.8, response_quality=0.7, latency_ms=0.0, tokens_used=0, was_proactive=False, context_relevance=0.5, error_occurred=False, tags=[], metadata={})", user_satisfaction=None, response_quality=0.5, latency_ms=0.0, tokens_used=0, was_proactive=False, context_relevance=0.5, error_occurred=False, tags=[], metadata={}), InteractionRecord(id='895c782a199b', timestamp='2026-05-27T09:12:58.771584', interaction_type="InteractionRecord(id='904ea6b286ea', timestamp='2026-05-27T09:12:58.771584', interaction_type='conversation', user_satisfaction=0.7, response_quality=0.6, latency_ms=0.0, tokens_used=0, was_proactive=False, context_relevance=0.5, error_occurred=False, tags=[], metadata={})", user_satisfaction=None, response_quality=0.5, latency_ms=0.0, tokens_used=0, was_proactive=False, context_relevance=0.5, error_occurred=False, tags=[], metadata={}), InteractionRecord(id='0fdf8c0d78e5', timestamp='2026-05-27T09:12:58.788131', interaction_type="InteractionRecord(id='9c9212c059a2', timestamp='2026-05-27T09:12:58.788131', interaction_type='conversation', user_satisfaction=0.7, response_quality=0.6, latency_ms=0.0, tokens_used=0, was_proactive=False, context_relevance=0.5, error_occurred=False, tags=[], metadata={})", user_satisfaction=None, response_quality=0.5, latency_ms=0.0, tokens_used=0, was_proactive=False, context_relevance=0.5, error_occurred=False, tags=[], metadata={}), InteractionRecord(id='35ae3feb668b', timestamp='2026-05-27T09:12:58.788131', interaction_type="InteractionRecord(id='904ae170f2dc', timestamp='2026-05-27T09:12:58.788131', interaction_type='conversation', user_satisfaction=0.7, response_quality=0.6, latency_ms=0.0, tokens_used=0, was_proactive=False, context_relevance=0.5, error_occurred=False, tags=[], metadata={})", user_satisfaction=None, response_quality=0.5, latency_ms=0.0, tokens_used=0, was_proactive=False, context_relevance=0.5, error_occurred=False, tags=[], metadata={}), InteractionRecord(id='5b905f7ae66a', timestamp='2026-05-27T09:12:58.788131', interaction_type="InteractionRecord(id='af3dcf9cb40a', timestamp='2026-05-27T09:12:58.788131', interaction_type='conversation', user_satisfaction=0.7, response_quality=0.6, latency_ms=0.0, tokens_used=0, was_proactive=False, context_relevance=0.5, error_occurred=False, tags=[], metadata={})", user_satisfaction=None, response_quality=0.5, latency_ms=0.0, tokens_used=0, was_proactive=False, context_relevance=0.5, error_occurred=False, tags=[], metadata={}), InteractionRecord(id='4093e3ec7697', timestamp='2026-05-27T09:12:58.804857', interaction_type="InteractionRecord(id='df273b7e91aa', timestamp='2026-05-27T09:12:58.804857', interaction_type='conversation', user_satisfaction=0.7, response_quality=0.6, latency_ms=0.0, tokens_used=0, was_proactive=False, context_relevance=0.5, error_occurred=False, tags=[], metadata={})", user_satisfaction=None, response_quality=0.5, latency_ms=0.0, tokens_used=0, was_proactive=False, context_relevance=0.5, error_occurred=False, tags=[], metadata={}), InteractionRecord(id='90b4accadcb0', timestamp='2026-05-27T09:12:58.804857', interaction_type="InteractionRecord(id='b6b61f52eb81', timestamp='2026-05-27T09:12:58.804857', interaction_type='conversation', user_satisfaction=0.7, response_quality=0.6, latency_ms=0.0, tokens_used=0, was_proactive=False, context_relevance=0.5, error_occurred=False, tags=[], metadata={})", user_satisfaction=None, response_quality=0.5, latency_ms=0.0, tokens_used=0, was_proactive=False, context_relevance=0.5, error_occurred=False, tags=[], metadata={}), InteractionRecord(id='5ea22ca19b70', timestamp='2026-05-27T09:12:58.871531', interaction_type="InteractionRecord(id='06d8231f11a8', timestamp='2026-05-27T09:12:58.871531', interaction_type='conversation', user_satisfaction=0.7, response_quality=0.6, latency_ms=0.0, tokens_used=0, was_proactive=False, context_relevance=0.5, error_occurred=False, tags=[], metadata={})", user_satisfaction=None, response_quality=0.5, latency_ms=0.0, tokens_used=0, was_proactive=False, context_relevance=0.5, error_occurred=False, tags=[], metadata={}), InteractionRecord(id='70d95692efbf', timestamp='2026-05-27T09:12:58.888208', interaction_type="InteractionRecord(id='3e2d4b13487a', timestamp='2026-05-27T09:12:58.888208', interaction_type='conversation', user_satisfaction=0.7, response_quality=0.6, latency_ms=0.0, tokens_used=0, was_proactive=False, context_relevance=0.5, error_occurred=False, tags=[], metadata={})", user_satisfaction=None, response_quality=0.5, latency_ms=0.0, tokens_used=0, was_proactive=False, context_relevance=0.5, error_occurred=False, tags=[], metadata={}), InteractionRecord(id='3766e2d77924', timestamp='2026-05-27T09:12:58.888208', interaction_type="InteractionRecord(id='82eab43552de', timestamp='2026-05-27T09:12:58.888208', interaction_type='conversation', user_satisfaction=0.7, response_quality=0.6, latency_ms=0.0, tokens_used=0, was_proactive=False, context_relevance=0.5, error_occurred=False, tags=[], metadata={})", user_satisfaction=None, response_quality=0.5, latency_ms=0.0, tokens_used=0, was_proactive=False, context_relevance=0.5, error_occurred=False, tags=[], metadata={}), InteractionRecord(id='ddc4e398c87d', timestamp='2026-05-27T09:12:58.904841', interaction_type="InteractionRecord(id='a8868b9d157c', timestamp='2026-05-27T09:12:58.904841', interaction_type='conversation', user_satisfaction=0.7, response_quality=0.6, latency_ms=0.0, tokens_used=0, was_proactive=False, context_relevance=0.5, error_occurred=False, tags=[], metadata={})", user_satisfaction=None, response_quality=0.5, latency_ms=0.0, tokens_used=0, was_proactive=False, context_relevance=0.5, error_occurred=False, tags=[], metadata={}), InteractionRecord(id='4fd0ac9d2be1', timestamp='2026-05-27T09:12:58.904841', interaction_type="InteractionRecord(id='324d92137a7e', timestamp='2026-05-27T09:12:58.904841', interaction_type='conversation', user_satisfaction=0.7, response_quality=0.6, latency_ms=0.0, tokens_used=0, was_proactive=False, context_relevance=0.5, error_occurred=False, tags=[], metadata={})", user_satisfaction=None, response_quality=0.5, latency_ms=0.0, tokens_used=0, was_proactive=False, context_relevance=0.5, error_occurred=False, tags=[], metadata={}), InteractionRecord(id='4da900ae97a6', timestamp='2026-05-27T09:12:58.921515', interaction_type="InteractionRecord(id='8d4c0579dcfc', timestamp='2026-05-27T09:12:58.921515', interaction_type='conversation', user_satisfaction=0.7, response_quality=0.6, latency_ms=0.0, tokens_used=0, was_proactive=False, context_relevance=0.5, error_occurred=False, tags=[], metadata={})", user_satisfaction=None, response_quality=0.5, latency_ms=0.0, tokens_used=0, was_proactive=False, context_relevance=0.5, error_occurred=False, tags=[], metadata={}), InteractionRecord(id='706d78fb7426', timestamp='2026-05-27T09:12:58.921515', interaction_type="InteractionRecord(id='3176575b21fb', timestamp='2026-05-27T09:12:58.921515', interaction_type='conversation', user_satisfaction=0.7, response_quality=0.6, latency_ms=0.0, tokens_used=0, was_proactive=False, context_relevance=0.5, error_occurred=False, tags=[], metadata={})", user_satisfaction=None, response_quality=0.5, latency_ms=0.0, tokens_used=0, was_proactive=False, context_relevance=0.5, error_occurred=False, tags=[], metadata={}), InteractionRecord(id='89df0befad19', timestamp='2026-05-27T09:12:58.921515', interaction_type="InteractionRecord(id='aa885b3a6503', timestamp='2026-05-27T09:12:58.921515', interaction_type='conversation', user_satisfaction=0.7, response_quality=0.6, latency_ms=0.0, tokens_used=0, was_proactive=False, context_relevance=0.5, error_occurred=False, tags=[], metadata={})", user_satisfaction=None, response_quality=0.5, latency_ms=0.0, tokens_used=0, was_proactive=False, context_relevance=0.5, error_occurred=False, tags=[], metadata={}), InteractionRecord(id=658954774415, timestamp='2026-05-27T09:12:58.942116', interaction_type="InteractionRecord(id='67879e50aa14', timestamp='2026-05-27T09:12:58.942116', interaction_type='conversation', user_satisfaction=0.7, response_quality=0.6, latency_ms=0.0, tokens_used=0, was_proactive=False, context_relevance=0.5, error_occurred=False, tags=[], metadata={})", user_satisfaction=None, response_quality=0.5, latency_ms=0.0, tokens_used=0, was_proactive=False, context_relevance=0.5, error_occurred=False, tags=[], metadata={}), InteractionRecord(id='f835a0c54145', timestamp='2026-05-27T09:12:58.942116', interaction_type="InteractionRecord(id='2b811184fccb', timestamp='2026-05-27T09:12:58.942116', interaction_type='conversation', user_satisfaction=0.7, response_quality=0.6, latency_ms=0.0, tokens_used=0, was_proactive=False, context_relevance=0.5, error_occurred=False, tags=[], metadata={})", user_satisfaction=None, response_quality=0.5, latency_ms=0.0, tokens_used=0, was_proactive=False, context_relevance=0.5, error_occurred=False, tags=[], metadata={}), InteractionRecord(id='03f2689effac', timestamp='2026-05-27T09:12:58.954888', interaction_type="InteractionRecord(id='3db4a8458625', timestamp='2026-05-27T09:12:58.954888', interaction_type='conversation', user_satisfaction=0.7, response_quality=0.6, latency_ms=0.0, tokens_used=0, was_proactive=False, context_relevance=0.5, error_occurred=False, tags=[], metadata={})", user_satisfaction=None, response_quality=0.5, latency_ms=0.0, tokens_used=0, was_proactive=False, context_relevance=0.5, error_occurred=False, tags=[], metadata={}), InteractionRecord(id='e4b9ee29d9a3', timestamp='2026-05-27T09:12:58.954888', interaction_type="InteractionRecord(id='4ef273b63985', timestamp='2026-05-27T09:12:58.954888', interaction_type='conversation', user_satisfaction=0.7, response_quality=0.6, latency_ms=0.0, tokens_used=0, was_proactive=False, context_relevance=0.5, error_occurred=False, tags=[], metadata={})", user_satisfaction=None, response_quality=0.5, latency_ms=0.0, tokens_used=0, was_proactive=False, context_relevance=0.5, error_occurred=False, tags=[], metadata={}), InteractionRecord(id='06da97f7d858', timestamp='2026-05-27T09:12:58.971574', interaction_type="InteractionRecord(id='99312cc4a5fa', timestamp='2026-05-27T09:12:58.971574', interaction_type='conversation', user_satisfaction=0.7, response_quality=0.6, latency_ms=0.0, tokens_used=0, was_proactive=False, context_relevance=0.5, error_occurred=False, tags=[], metadata={})", user_satisfaction=None, response_quality=0.5, latency_ms=0.0, tokens_used=0, was_proactive=False, context_relevance=0.5, error_occurred=False, tags=[], metadata={}), InteractionRecord(id='abe2c1ce1cbb', timestamp='2026-05-27T09:12:58.971574', interaction_type="InteractionRecord(id='e9fc448042f7', timestamp='2026-05-27T09:12:58.971574', interaction_type='conversation', user_satisfaction=0.7, response_quality=0.6, latency_ms=0.0, tokens_used=0, was_proactive=False, context_relevance=0.5, error_occurred=False, tags=[], metadata={})", user_satisfaction=None, response_quality=0.5, latency_ms=0.0, tokens_used=0, was_proactive=False, context_relevance=0.5, error_occurred=False, tags=[], metadata={}), InteractionRecord(id='3b0e16bf6b76', timestamp='2026-05-27T09:12:58.971574', interaction_type="InteractionRecord(id='1f6d60c788d9', timestamp='2026-05-27T09:12:58.971574', interaction_type='conversation', user_satisfaction=0.7, response_quality=0.6, latency_ms=0.0, tokens_used=0, was_proactive=False, context_relevance=0.5, error_occurred=False, tags=[], metadata={})", user_satisfaction=None, response_quality=0.5, latency_ms=0.0, tokens_used=0, was_proactive=False, context_relevance=0.5, error_occurred=False, tags=[], metadata={}), InteractionRecord(id='3d7660a8dcd9', timestamp='2026-05-27T09:12:58.988208', interaction_type="InteractionRecord(id='d342e0560a01', timestamp='2026-05-27T09:12:58.988208', interaction_type='conversation', user_satisfaction=0.7, response_quality=0.6, latency_ms=0.0, tokens_used=0, was_proactive=False, context_relevance=0.5, error_occurred=False, tags=[], metadata={})", user_satisfaction=None, response_quality=0.5, latency_ms=0.0, tokens_used=0, was_proactive=False, context_relevance=0.5, error_occurred=False, tags=[], metadata={}), InteractionRecord(id='714bc86356ec', timestamp='2026-05-27T09:12:58.988208', interaction_type="InteractionRecord(id='d49370dfbf7f', timestamp='2026-05-27T09:12:58.988208', interaction_type='conversation', user_satisfaction=0.7, response_quality=0.6, latency_ms=0.0, tokens_used=0, was_proactive=False, context_relevance=0.5, error_occurred=False, tags=[], metadata={})", user_satisfaction=None, response_quality=0.5, latency_ms=0.0, tokens_used=0, was_proactive=False, context_relevance=0.5, error_occurred=False, tags=[], metadata={}), InteractionRecord(id='94fb0f293598', timestamp='2026-05-27T09:12:59.004873', interaction_type="InteractionRecord(id='a4fc4ab672e0', timestamp='2026-05-27T09:12:59.004873', interaction_type='conversation', user_satisfaction=0.7, response_quality=0.6, latency_ms=0.0, tokens_used=0, was_proactive=False, context_relevance=0.5, error_occurred=False, tags=[], metadata={})", user_satisfaction=None, response_quality=0.5, latency_ms=0.0, tokens_used=0, was_proactive=False, context_relevance=0.5, error_occurred=False, tags=[], metadata={}), InteractionRecord(id='93f3a6702940', timestamp='2026-05-27T09:12:59.004873', interaction_type="InteractionRecord(id='2d8b1117533f', timestamp='2026-05-27T09:12:59.004873', interaction_type='conversation', user_satisfaction=0.7, response_quality=0.6, latency_ms=0.0, tokens_used=0, was_proactive=False, context_relevance=0.5, error_occurred=False, tags=[], metadata={})", user_satisfaction=None, response_quality=0.5, latency_ms=0.0, tokens_used=0, was_proactive=False, context_relevance=0.5, error_occurred=False, tags=[], metadata={}), InteractionRecord(id='3664a09d2e26', timestamp='2026-05-27T09:12:59.021542', interaction_type="InteractionRecord(id='7cec96699184', timestamp='2026-05-27T09:12:59.021542', interaction_type='conversation', user_satisfaction=0.7, response_quality=0.6, latency_ms=0.0, tokens_used=0, was_proactive=False, context_relevance=0.5, error_occurred=False, tags=[], metadata={})", user_satisfaction=None, response_quality=0.5, latency_ms=0.0, tokens_used=0, was_proactive=False, context_relevance=0.5, error_occurred=False, tags=[], metadata={}), InteractionRecord(id='f9bf40dd346d', timestamp='2026-05-27T09:12:59.021542', interaction_type="InteractionRecord(id='38150988a6d7', timestamp='2026-05-27T09:12:59.021542', interaction_type='conversation', user_satisfaction=0.7, response_quality=0.6, latency_ms=0.0, tokens_used=0, was_proactive=False, context_relevance=0.5, error_occurred=False, tags=[], metadata={})", user_satisfaction=None, response_quality=0.5, latency_ms=0.0, tokens_used=0, was_proactive=False, context_relevance=0.5, error_occurred=False, tags=[], metadata={}), InteractionRecord(id='ee925806bab6', timestamp='2026-05-27T09:12:59.036924', interaction_type="InteractionRecord(id='3ce27a307bfe', timestamp='2026-05-27T09:12:59.036924', interaction_type='conversation', user_satisfaction=0.7, response_quality=0.6, latency_ms=0.0, tokens_used=0, was_proactive=False, context_relevance=0.5, error_occurred=False, tags=[], metadata={})", user_satisfaction=None, response_quality=0.5, latency_ms=0.0, tokens_used=0, was_proactive=False, context_relevance=0.5, error_occurred=False, tags=[], metadata={}), InteractionRecord(id='431a2807a604', timestamp='2026-05-27T09:12:59.042024', interaction_type="InteractionRecord(id='fdbc1515dbf8', timestamp='2026-05-27T09:12:59.042024', interaction_type='conversation', user_satisfaction=0.7, response_quality=0.6, latency_ms=0.0, tokens_used=0, was_proactive=False, context_relevance=0.5, error_occurred=False, tags=[], metadata={})", user_satisfaction=None, response_quality=0.5, latency_ms=0.0, tokens_used=0, was_proactive=False, context_relevance=0.5, error_occurred=False, tags=[], metadata={}), InteractionRecord(id='a1e2ae5312a6', timestamp='2026-05-27T09:12:59.053596', interaction_type="InteractionRecord(id='6edc6c9582d6', timestamp='2026-05-27T09:12:59.053596', interaction_type='conversation', user_satisfaction=0.7, response_quality=0.6, latency_ms=0.0, tokens_used=0, was_proactive=False, context_relevance=0.5, error_occurred=False, tags=[], metadata={})", user_satisfaction=None, response_quality=0.5, latency_ms=0.0, tokens_used=0, was_proactive=False, context_relevance=0.5, error_occurred=False, tags=[], metadata={}), InteractionRecord(id='fc0229474fc6', timestamp='2026-05-27T09:12:59.055118', interaction_type="InteractionRecord(id='bc80f7e302f3', timestamp='2026-05-27T09:12:59.055118', interaction_type='conversation', user_satisfaction=0.7, response_quality=0.6, latency_ms=0.0, tokens_used=0, was_proactive=False, context_relevance=0.5, error_occurred=False, tags=[], metadata={})", user_satisfaction=None, response_quality=0.5, latency_ms=0.0, tokens_used=0, was_proactive=False, context_relevance=0.5, error_occurred=False, tags=[], metadata={}), InteractionRecord(id='17eea09f0b3d', timestamp='2026-05-27T09:12:59.055118', interaction_type="InteractionRecord(id='e89f30c14562', timestamp='2026-05-27T09:12:59.055118', interaction_type='conversation', user_satisfaction=0.7, response_quality=0.6, latency_ms=0.0, tokens_used=0, was_proactive=False, context_relevance=0.5, error_occurred=False, tags=[], metadata={})", user_satisfaction=None, response_quality=0.5, latency_ms=0.0, tokens_used=0, was_proactive=False, context_relevance=0.5, error_occurred=False, tags=[], metadata={}), InteractionRecord(id='7785cedc2f59', timestamp='2026-05-27T09:12:59.071699', interaction_type="InteractionRecord(id='69239108b29c', timestamp='2026-05-27T09:12:59.071699', interaction_type='conversation', user_satisfaction=0.7, response_quality=0.6, latency_ms=0.0, tokens_used=0, was_proactive=False, context_relevance=0.5, error_occurred=False, tags=[], metadata={})", user_satisfaction=None, response_quality=0.5, latency_ms=0.0, tokens_used=0, was_proactive=False, context_relevance=0.5, error_occurred=False, tags=[], metadata={}), InteractionRecord(id='a8f08f65c470', timestamp='2026-05-27T09:12:59.082112', interaction_type="InteractionRecord(id='b4558a53c2a3', timestamp='2026-05-27T09:12:59.082112', interaction_type='conversation', user_satisfaction=0.7, response_quality=0.6, latency_ms=0.0, tokens_used=0, was_proactive=False, context_relevance=0.5, error_occurred=False, tags=[], metadata={})", user_satisfaction=None, response_quality=0.5, latency_ms=0.0, tokens_used=0, was_proactive=False, context_relevance=0.5, error_occurred=False, tags=[], metadata={}), InteractionRecord(id='3b480746e19f', timestamp='2026-05-27T09:12:59.088327', interaction_type="InteractionRecord(id='6fcfacec4019', timestamp='2026-05-27T09:12:59.088327', interaction_type='conversation', user_satisfaction=0.7, response_quality=0.6, latency_ms=0.0, tokens_used=0, was_proactive=False, context_relevance=0.5, error_occurred=False, tags=[], metadata={})", user_satisfaction=None, response_quality=0.5, latency_ms=0.0, tokens_used=0, was_proactive=False, context_relevance=0.5, error_occurred=False, tags=[], metadata={}), InteractionRecord(id=inf, timestamp='2026-05-27T09:12:59.105504', interaction_type="InteractionRecord(id='3571fa26aaa2', timestamp='2026-05-27T09:12:59.105504', interaction_type='conversation', user_satisfaction=0.7, response_quality=0.6, latency_ms=0.0, tokens_used=0, was_proactive=False, context_relevance=0.5, error_occurred=False, tags=[], metadata={})", user_satisfaction=None, response_quality=0.5, latency_ms=0.0, tokens_used=0, was_proactive=False, context_relevance=0.5, error_occurred=False, tags=[], metadata={}), InteractionRecord(id='b86189ebd7b6', timestamp='2026-05-27T09:12:59.105504', interaction_type="InteractionRecord(id='410999815c30', timestamp='2026-05-27T09:12:59.105504', interaction_type='conversation', user_satisfaction=0.7, response_quality=0.6, latency_ms=0.0, tokens_used=0, was_proactive=False, context_relevance=0.5, error_occurred=False, tags=[], metadata={})", user_satisfaction=None, response_quality=0.5, latency_ms=0.0, tokens_used=0, was_proactive=False, context_relevance=0.5, error_occurred=False, tags=[], metadata={}), InteractionRecord(id='51f589da7309', timestamp='2026-05-27T09:12:59.121698', interaction_type="InteractionRecord(id='e63362e84196', timestamp='2026-05-27T09:12:59.121698', interaction_type='conversation', user_satisfaction=0.7, response_quality=0.6, latency_ms=0.0, tokens_used=0, was_proactive=False, context_relevance=0.5, error_occurred=False, tags=[], metadata={})", user_satisfaction=None, response_quality=0.5, latency_ms=0.0, tokens_used=0, was_proactive=False, context_relevance=0.5, error_occurred=False, tags=[], metadata={}), InteractionRecord(id='a420140392fd', timestamp='2026-05-27T09:12:59.121698', interaction_type="InteractionRecord(id='771ddf992423', timestamp='2026-05-27T09:12:59.121698', interaction_type='conversation', user_satisfaction=0.7, response_quality=0.6, latency_ms=0.0, tokens_used=0, was_proactive=False, context_relevance=0.5, error_occurred=False, tags=[], metadata={})", user_satisfaction=None, response_quality=0.5, latency_ms=0.0, tokens_used=0, was_proactive=False, context_relevance=0.5, error_occurred=False, tags=[], metadata={}), InteractionRecord(id='04098b2996df', timestamp='2026-05-27T09:12:59.142270', interaction_type="InteractionRecord(id='9b0413e2e9db', timestamp='2026-05-27T09:12:59.142270', interaction_type='conversation', user_satisfaction=0.7, response_quality=0.6, latency_ms=0.0, tokens_used=0, was_proactive=False, context_relevance=0.5, error_occurred=False, tags=[], metadata={})", user_satisfaction=None, response_quality=0.5, latency_ms=0.0, tokens_used=0, was_proactive=False, context_relevance=0.5, error_occurred=False, tags=[], metadata={}), InteractionRecord(id='36790b1a291e', timestamp='2026-05-27T09:12:59.153381', interaction_type="InteractionRecord(id='b56969882de3', timestamp='2026-05-27T09:12:59.153381', interaction_type='conversation', user_satisfaction=0.7, response_quality=0.6, latency_ms=0.0, tokens_used=0, was_proactive=False, context_relevance=0.5, error_occurred=False, tags=[], metadata={})", user_satisfaction=None, response_quality=0.5, latency_ms=0.0, tokens_used=0, was_proactive=False, context_relevance=0.5, error_occurred=False, tags=[], metadata={}), InteractionRecord(id='c2a36ab3e1e5', timestamp='2026-05-27T09:12:59.154901', interaction_type="InteractionRecord(id='f873c7a36f57', timestamp='2026-05-27T09:12:59.154901', interaction_type='conversation', user_satisfaction=0.7, response_quality=0.6, latency_ms=0.0, tokens_used=0, was_proactive=False, context_relevance=0.5, error_occurred=False, tags=[], metadata={})", user_satisfaction=None, response_quality=0.5, latency_ms=0.0, tokens_used=0, was_proactive=False, context_relevance=0.5, error_occurred=False, tags=[], metadata={}), InteractionRecord(id='712905c2253e', timestamp='2026-05-27T09:12:59.169662', interaction_type="InteractionRecord(id='ad043c6b300d', timestamp='2026-05-27T09:12:59.169662', interaction_type='conversation', user_satisfaction=0.7, response_quality=0.6, latency_ms=0.0, tokens_used=0, was_proactive=False, context_relevance=0.5, error_occurred=False, tags=[], metadata={})", user_satisfaction=None, response_quality=0.5, latency_ms=0.0, tokens_used=0, was_proactive=False, context_relevance=0.5, error_occurred=False, tags=[], metadata={}), InteractionRecord(id='65312d3cb8a4', timestamp='2026-05-27T09:12:59.180072', interaction_type="InteractionRecord(id='55eb77b298b5', timestamp='2026-05-27T09:12:59.180072', interaction_type='conversation', user_satisfaction=0.7, response_quality=0.6, latency_ms=0.0, tokens_used=0, was_proactive=False, context_relevance=0.5, error_occurred=False, tags=[], metadata={})", user_satisfaction=None, response_quality=0.5, latency_ms=0.0, tokens_used=0, was_proactive=False, context_relevance=0.5, error_occurred=False, tags=[], metadata={}), InteractionRecord(id='e56a03ab0a4b', timestamp='2026-05-27T09:12:59.192737', interaction_type="InteractionRecord(id='dfc90ec2ebfc', timestamp='2026-05-27T09:12:59.192737', interaction_type='conversation', user_satisfaction=0.7, response_quality=0.6, latency_ms=0.0, tokens_used=0, was_proactive=False, context_relevance=0.5, error_occurred=False, tags=[], metadata={})", user_satisfaction=None, response_quality=0.5, latency_ms=0.0, tokens_used=0, was_proactive=False, context_relevance=0.5, error_occurred=False, tags=[], metadata={}), InteractionRecord(id='db5a78fa44ff', timestamp='2026-05-27T09:12:59.196773', interaction_type="InteractionRecord(id='4316a12e41fe', timestamp='2026-05-27T09:12:59.196773', interaction_type='conversation', user_satisfaction=0.7, response_quality=0.6, latency_ms=0.0, tokens_used=0, was_proactive=False, context_relevance=0.5, error_occurred=False, tags=[], metadata={})", user_satisfaction=None, response_quality=0.5, latency_ms=0.0, tokens_used=0, was_proactive=False, context_relevance=0.5, error_occurred=False, tags=[], metadata={}), InteractionRecord(id='d0be3732773f', timestamp='2026-05-27T09:12:59.212456', interaction_type="InteractionRecord(id='a6870ac47782', timestamp='2026-05-27T09:12:59.212456', interaction_type='conversation', user_satisfaction=0.7, response_quality=0.6, latency_ms=0.0, tokens_used=0, was_proactive=False, context_relevance=0.5, error_occurred=False, tags=[], metadata={})", user_satisfaction=None, response_quality=0.5, latency_ms=0.0, tokens_used=0, was_proactive=False, context_relevance=0.5, error_occurred=False, tags=[], metadata={}), InteractionRecord(id='1bc7e4b4ecf1', timestamp='2026-05-27T09:12:59.220455', interaction_type="InteractionRecord(id='c5d7897cf5ee', timestamp='2026-05-27T09:12:59.220455', interaction_type='conversation', user_satisfaction=0.7, response_quality=0.6, latency_ms=0.0, tokens_used=0, was_proactive=False, context_relevance=0.5, error_occurred=False, tags=[], metadata={})", user_satisfaction=None, response_quality=0.5, latency_ms=0.0, tokens_used=0, was_proactive=False, context_relevance=0.5, error_occurred=False, tags=[], metadata={}), InteractionRecord(id='9136c27ef509', timestamp='2026-05-27T09:12:59.230462', interaction_type="InteractionRecord(id='3fba03fbd2b7', timestamp='2026-05-27T09:12:59.230462', interaction_type='conversation', user_satisfaction=0.7, response_quality=0.6, latency_ms=0.0, tokens_used=0, was_proactive=False, context_relevance=0.5, error_occurred=False, tags=[], metadata={})", user_satisfaction=None, response_quality=0.5, latency_ms=0.0, tokens_used=0, was_proactive=False, context_relevance=0.5, error_occurred=False, tags=[], metadata={}), InteractionRecord(id='127c509a1ff4', timestamp='2026-05-27T09:12:59.237492', interaction_type="InteractionRecord(id='a620cc390112', timestamp='2026-05-27T09:12:59.237492', interaction_type='conversation', user_satisfaction=0.7, response_quality=0.6, latency_ms=0.0, tokens_used=0, was_proactive=False, context_relevance=0.5, error_occurred=False, tags=[], metadata={})", user_satisfaction=None, response_quality=0.5, latency_ms=0.0, tokens_used=0, was_proactive=False, context_relevance=0.5, error_occurred=False, tags=[], metadata={}), InteractionRecord(id='ea25b76271ec', timestamp='2026-05-27T09:12:59.242548', interaction_type="InteractionRecord(id='6496ea3b444b', timestamp='2026-05-27T09:12:59.242548', interaction_type='conversation', user_satisfaction=0.7, response_quality=0.6, latency_ms=0.0, tokens_used=0, was_proactive=False, context_relevance=0.5, error_occurred=False, tags=[], metadata={})", user_satisfaction=None, response_quality=0.5, latency_ms=0.0, tokens_used=0, was_proactive=False, context_relevance=0.5, error_occurred=False, tags=[], metadata={}), InteractionRecord(id='53b7ba403f88', timestamp='2026-05-27T09:12:59.242548', interaction_type="InteractionRecord(id='692a8a14123b', timestamp='2026-05-27T09:12:59.242548', interaction_type='conversation', user_satisfaction=0.7, response_quality=0.6, latency_ms=0.0, tokens_used=0, was_proactive=False, context_relevance=0.5, error_occurred=False, tags=[], metadata={})", user_satisfaction=None, response_quality=0.5, latency_ms=0.0, tokens_used=0, was_proactive=False, context_relevance=0.5, error_occurred=False, tags=[], metadata={}), InteractionRecord(id='f2aa141d3867', timestamp='2026-05-27T09:12:59.254989', interaction_type="InteractionRecord(id='37519ba78c06', timestamp='2026-05-27T09:12:59.254989', interaction_type='conversation', user_satisfaction=0.7, response_quality=0.6, latency_ms=0.0, tokens_used=0, was_proactive=False, context_relevance=0.5, error_occurred=False, tags=[], metadata={})", user_satisfaction=None, response_quality=0.5, latency_ms=0.0, tokens_used=0, was_proactive=False, context_relevance=0.5, error_occurred=False, tags=[], metadata={}), InteractionRecord(id='e9f2782ffc4b', timestamp='2026-05-27T09:12:59.254989', interaction_type="InteractionRecord(id='2e48c80a6b8b', timestamp='2026-05-27T09:12:59.254989', interaction_type='conversation', user_satisfaction=0.7, response_quality=0.6, latency_ms=0.0, tokens_used=0, was_proactive=False, context_relevance=0.5, error_occurred=False, tags=[], metadata={})", user_satisfaction=None, response_quality=0.5, latency_ms=0.0, tokens_used=0, was_proactive=False, context_relevance=0.5, error_occurred=False, tags=[], metadata={}), InteractionRecord(id='6f250e1fb18b', timestamp='2026-05-27T09:12:59.275983', interaction_type="InteractionRecord(id='92ce7801920c', timestamp='2026-05-27T09:12:59.275983', interaction_type='conversation', user_satisfaction=0.7, response_quality=0.6, latency_ms=0.0, tokens_used=0, was_proactive=False, context_relevance=0.5, error_occurred=False, tags=[], metadata={})", user_satisfaction=None, response_quality=0.5, latency_ms=0.0, tokens_used=0, was_proactive=False, context_relevance=0.5, error_occurred=False, tags=[], metadata={}), InteractionRecord(id='cbf16f2cecc4', timestamp='2026-05-27T09:12:59.275983', interaction_type="InteractionRecord(id='249693b68fbb', timestamp='2026-05-27T09:12:59.275983', interaction_type='conversation', user_satisfaction=0.7, response_quality=0.6, latency_ms=0.0, tokens_used=0, was_proactive=False, context_relevance=0.5, error_occurred=False, tags=[], metadata={})", user_satisfaction=None, response_quality=0.5, latency_ms=0.0, tokens_used=0, was_proactive=False, context_relevance=0.5, error_occurred=False, tags=[], metadata={}), InteractionRecord(id='8ee27abbf338', timestamp='2026-05-27T09:12:59.288427', interaction_type="InteractionRecord(id='980fe317d413', timestamp='2026-05-27T09:12:59.288427', interaction_type='conversation', user_satisfaction=0.7, response_quality=0.6, latency_ms=0.0, tokens_used=0, was_proactive=False, context_relevance=0.5, error_occurred=False, tags=[], metadata={})", user_satisfaction=None, response_quality=0.5, latency_ms=0.0, tokens_used=0, was_proactive=False, context_relevance=0.5, error_occurred=False, tags=[], metadata={}), InteractionRecord(id='10456720d7b8', timestamp='2026-05-27T09:12:59.303476', interaction_type="InteractionRecord(id='a7493c516c69', timestamp='2026-05-27T09:12:59.303476', interaction_type='conversation', user_satisfaction=0.7, response_quality=0.6, latency_ms=0.0, tokens_used=0, was_proactive=False, context_relevance=0.5, error_occurred=False, tags=[], metadata={})", user_satisfaction=None, response_quality=0.5, latency_ms=0.0, tokens_used=0, was_proactive=False, context_relevance=0.5, error_occurred=False, tags=[], metadata={}), InteractionRecord(id='04f04c49e2ea', timestamp='2026-05-27T09:12:59.304962', interaction_type="InteractionRecord(id='040fb17439bc', timestamp='2026-05-27T09:12:59.304962', interaction_type='conversation', user_satisfaction=0.7, response_quality=0.6, latency_ms=0.0, tokens_used=0, was_proactive=False, context_relevance=0.5, error_occurred=False, tags=[], metadata={})", user_satisfaction=None, response_quality=0.5, latency_ms=0.0, tokens_used=0, was_proactive=False, context_relevance=0.5, error_occurred=False, tags=[], metadata={}), InteractionRecord(id='792f8d709c43', timestamp='2026-05-27T09:12:59.321679', interaction_type="InteractionRecord(id='c6cf2f4f46ac', timestamp='2026-05-27T09:12:59.321679', interaction_type='conversation', user_satisfaction=0.7, response_quality=0.6, latency_ms=0.0, tokens_used=0, was_proactive=False, context_relevance=0.5, error_occurred=False, tags=[], metadata={})", user_satisfaction=None, response_quality=0.5, latency_ms=0.0, tokens_used=0, was_proactive=False, context_relevance=0.5, error_occurred=False, tags=[], metadata={}), InteractionRecord(id='a551d5b9f7ff', timestamp='2026-05-27T09:12:59.321679', interaction_type="InteractionRecord(id='e0d8d763c3c3', timestamp='2026-05-27T09:12:59.321679', interaction_type='conversation', user_satisfaction=0.7, response_quality=0.6, latency_ms=0.0, tokens_used=0, was_proactive=False, context_relevance=0.5, error_occurred=False, tags=[], metadata={})", user_satisfaction=None, response_quality=0.5, latency_ms=0.0, tokens_used=0, was_proactive=False, context_relevance=0.5, error_occurred=False, tags=[], metadata={}), InteractionRecord(id='2961cf0e6c47', timestamp='2026-05-27T09:12:59.342439', interaction_type="InteractionRecord(id='e0c0c09d21e6', timestamp='2026-05-27T09:12:59.342439', interaction_type='conversation', user_satisfaction=0.7, response_quality=0.6, latency_ms=0.0, tokens_used=0, was_proactive=False, context_relevance=0.5, error_occurred=False, tags=[], metadata={})", user_satisfaction=None, response_quality=0.5, latency_ms=0.0, tokens_used=0, was_proactive=False, context_relevance=0.5, error_occurred=False, tags=[], metadata={}), InteractionRecord(id='85ca605c08f1', timestamp='2026-05-27T09:12:59.354904', interaction_type="InteractionRecord(id='4ae373822d13', timestamp='2026-05-27T09:12:59.354904', interaction_type='conversation', user_satisfaction=0.7, response_quality=0.6, latency_ms=0.0, tokens_used=0, was_proactive=False, context_relevance=0.5, error_occurred=False, tags=[], metadata={})", user_satisfaction=None, response_quality=0.5, latency_ms=0.0, tokens_used=0, was_proactive=False, context_relevance=0.5, error_occurred=False, tags=[], metadata={}), InteractionRecord(id='49d8213fe177', timestamp='2026-05-27T09:12:59.368191', interaction_type="InteractionRecord(id='bb723c9087de', timestamp='2026-05-27T09:12:59.368191', interaction_type='conversation', user_satisfaction=0.7, response_quality=0.6, latency_ms=0.0, tokens_used=0, was_proactive=False, context_relevance=0.5, error_occurred=False, tags=[], metadata={})", user_satisfaction=None, response_quality=0.5, latency_ms=0.0, tokens_used=0, was_proactive=False, context_relevance=0.5, error_occurred=False, tags=[], metadata={}), InteractionRecord(id='93fb4ac4676d', timestamp='2026-05-27T09:12:59.379113', interaction_type="InteractionRecord(id='8b902d777c91', timestamp='2026-05-27T09:12:59.379113', interaction_type='conversation', user_satisfaction=0.7, response_quality=0.6, latency_ms=0.0, tokens_used=0, was_proactive=False, context_relevance=0.5, error_occurred=False, tags=[], metadata={})", user_satisfaction=None, response_quality=0.5, latency_ms=0.0, tokens_used=0, was_proactive=False, context_relevance=0.5, error_occurred=False, tags=[], metadata={}), InteractionRecord(id='78becf26b21c', timestamp='2026-05-27T09:12:59.389784', interaction_type="InteractionRecord(id='06c755a78432', timestamp='2026-05-27T09:12:59.389784', interaction_type='conversation', user_satisfaction=0.7, response_quality=0.6, latency_ms=0.0, tokens_used=0, was_proactive=False, context_relevance=0.5, error_occurred=False, tags=[], metadata={})", user_satisfaction=None, response_quality=0.5, latency_ms=0.0, tokens_used=0, was_proactive=False, context_relevance=0.5, error_occurred=False, tags=[], metadata={}), InteractionRecord(id='ed396d97c512', timestamp='2026-05-27T09:12:59.402035', interaction_type="InteractionRecord(id='368a01e0e7e1', timestamp='2026-05-27T09:12:59.402035', interaction_type='conversation', user_satisfaction=0.7, response_quality=0.6, latency_ms=0.0, tokens_used=0, was_proactive=False, context_relevance=0.5, error_occurred=False, tags=[], metadata={})", user_satisfaction=None, response_quality=0.5, latency_ms=0.0, tokens_used=0, was_proactive=False, context_relevance=0.5, error_occurred=False, tags=[], metadata={}), InteractionRecord(id='c76da2090116', timestamp='2026-05-27T09:12:59.407165', interaction_type="InteractionRecord(id='32484b38227d', timestamp='2026-05-27T09:12:59.407165', interaction_type='conversation', user_satisfaction=0.7, response_quality=0.6, latency_ms=0.0, tokens_used=0, was_proactive=False, context_relevance=0.5, error_occurred=False, tags=[], metadata={})", user_satisfaction=None, response_quality=0.5, latency_ms=0.0, tokens_used=0, was_proactive=False, context_relevance=0.5, error_occurred=False, tags=[], metadata={}), InteractionRecord(id='ee4d836fb8e6', timestamp='2026-05-27T09:12:59.429098', interaction_type="InteractionRecord(id='737e15b91a35', timestamp='2026-05-27T09:12:59.429098', interaction_type='conversation', user_satisfaction=0.7, response_quality=0.6, latency_ms=0.0, tokens_used=0, was_proactive=False, context_relevance=0.5, error_occurred=False, tags=[], metadata={})", user_satisfaction=None, response_quality=0.5, latency_ms=0.0, tokens_used=0, was_proactive=False, context_relevance=0.5, error_occurred=False, tags=[], metadata={}), InteractionRecord(id='c705a53daddd', timestamp='2026-05-27T09:12:59.441098', interaction_type="InteractionRecord(id='07b06f86061b', timestamp='2026-05-27T09:12:59.441098', interaction_type='conversation', user_satisfaction=0.7, response_quality=0.6, latency_ms=0.0, tokens_used=0, was_proactive=False, context_relevance=0.5, error_occurred=False, tags=[], metadata={})", user_satisfaction=None, response_quality=0.5, latency_ms=0.0, tokens_used=0, was_proactive=False, context_relevance=0.5, error_occurred=False, tags=[], metadata={}), InteractionRecord(id='9c97f1317e86', timestamp='2026-05-27T09:12:59.455405', interaction_type="InteractionRecord(id='92aedd8acdd8', timestamp='2026-05-27T09:12:59.455405', interaction_type='conversation', user_satisfaction=0.7, response_quality=0.6, latency_ms=0.0, tokens_used=0, was_proactive=False, context_relevance=0.5, error_occurred=False, tags=[], metadata={})", user_satisfaction=None, response_quality=0.5, latency_ms=0.0, tokens_used=0, was_proactive=False, context_relevance=0.5, error_occurred=False, tags=[], metadata={}), InteractionRecord(id='0b1c4d6681a0', timestamp='2026-05-27T09:12:59.467953', interaction_type="InteractionRecord(id='242ce263b604', timestamp='2026-05-27T09:12:59.467953', interaction_type='conversation', user_satisfaction=0.7, response_quality=0.6, latency_ms=0.0, tokens_used=0, was_proactive=False, context_relevance=0.5, error_occurred=False, tags=[], metadata={})", user_satisfaction=None, response_quality=0.5, latency_ms=0.0, tokens_used=0, was_proactive=False, context_relevance=0.5, error_occurred=False, tags=[], metadata={}), InteractionRecord(id='b2e610154dd8', timestamp='2026-05-27T09:12:59.478994', interaction_type="InteractionRecord(id='5adac2d5f8ae', timestamp='2026-05-27T09:12:59.478994', interaction_type='conversation', user_satisfaction=0.7, response_quality=0.6, latency_ms=0.0, tokens_used=0, was_proactive=False, context_relevance=0.5, error_occurred=False, tags=[], metadata={})", user_satisfaction=None, response_quality=0.5, latency_ms=0.0, tokens_used=0, was_proactive=False, context_relevance=0.5, error_occurred=False, tags=[], metadata={}), InteractionRecord(id='177968a997fc', timestamp='2026-05-27T09:12:59.487994', interaction_type="InteractionRecord(id='6d4ffc54e3f3', timestamp='2026-05-27T09:12:59.487994', interaction_type='conversation', user_satisfaction=0.7, response_quality=0.6, latency_ms=0.0, tokens_used=0, was_proactive=False, context_relevance=0.5, error_occurred=False, tags=[], metadata={})", user_satisfaction=None, response_quality=0.5, latency_ms=0.0, tokens_used=0, was_proactive=False, context_relevance=0.5, error_occurred=False, tags=[], metadata={}), InteractionRecord(id='8763728bec7a', timestamp='2026-05-27T09:12:59.496993', interaction_type="InteractionRecord(id='5bbd55d6f243', timestamp='2026-05-27T09:12:59.496993', interaction_type='conversation', user_satisfaction=0.7, response_quality=0.6, latency_ms=0.0, tokens_used=0, was_proactive=False, context_relevance=0.5, error_occurred=False, tags=[], metadata={})", user_satisfaction=None, response_quality=0.5, latency_ms=0.0, tokens_used=0, was_proactive=False, context_relevance=0.5, error_occurred=False, tags=[], metadata={}), InteractionRecord(id='8c56cb83b529', timestamp='2026-05-27T09:12:59.505994', interaction_type="InteractionRecord(id='971f6c23728e', timestamp='2026-05-27T09:12:59.505994', interaction_type='conversation', user_satisfaction=0.7, response_quality=0.6, latency_ms=0.0, tokens_used=0, was_proactive=False, context_relevance=0.5, error_occurred=False, tags=[], metadata={})", user_satisfaction=None, response_quality=0.5, latency_ms=0.0, tokens_used=0, was_proactive=False, context_relevance=0.5, error_occurred=False, tags=[], metadata={}), InteractionRecord(id='28d8310b5b35', timestamp='2026-05-27T09:12:59.505994', interaction_type="InteractionRecord(id='bc28282fd11a', timestamp='2026-05-27T09:12:59.505994', interaction_type='conversation', user_satisfaction=0.7, response_quality=0.6, latency_ms=0.0, tokens_used=0, was_proactive=False, context_relevance=0.5, error_occurred=False, tags=[], metadata={})", user_satisfaction=None, response_quality=0.5, latency_ms=0.0, tokens_used=0, was_proactive=False, context_relevance=0.5, error_occurred=False, tags=[], metadata={}), InteractionRecord(id='2d092e1f6952', timestamp='2026-05-27T09:12:59.522195', interaction_type="InteractionRecord(id='d002d399abdf', timestamp='2026-05-27T09:12:59.522195', interaction_type='conversation', user_satisfaction=0.7, response_quality=0.6, latency_ms=0.0, tokens_used=0, was_proactive=False, context_relevance=0.5, error_occurred=False, tags=[], metadata={})", user_satisfaction=None, response_quality=0.5, latency_ms=0.0, tokens_used=0, was_proactive=False, context_relevance=0.5, error_occurred=False, tags=[], metadata={}), InteractionRecord(id='8278d174157e', timestamp='2026-05-27T09:12:59.542849', interaction_type="InteractionRecord(id='5525dc14504f', timestamp='2026-05-27T09:12:59.542849', interaction_type='conversation', user_satisfaction=0.7, response_quality=0.6, latency_ms=0.0, tokens_used=0, was_proactive=False, context_relevance=0.5, error_occurred=False, tags=[], metadata={})", user_satisfaction=None, response_quality=0.5, latency_ms=0.0, tokens_used=0, was_proactive=False, context_relevance=0.5, error_occurred=False, tags=[], metadata={}), InteractionRecord(id='1ae3606e3402', timestamp='2026-05-27T09:12:59.542849', interaction_type="InteractionRecord(id='828ecb79fda0', timestamp='2026-05-27T09:12:59.542849', interaction_type='conversation', user_satisfaction=0.7, response_quality=0.6, latency_ms=0.0, tokens_used=0, was_proactive=False, context_relevance=0.5, error_occurred=False, tags=[], metadata={})", user_satisfaction=None, response_quality=0.5, latency_ms=0.0, tokens_used=0, was_proactive=False, context_relevance=0.5, error_occurred=False, tags=[], metadata={}), InteractionRecord(id='cdb676cad5b2', timestamp='2026-05-27T09:12:59.555401', interaction_type="InteractionRecord(id='a905bf003636', timestamp='2026-05-27T09:12:59.555401', interaction_type='conversation', user_satisfaction=0.7, response_quality=0.6, latency_ms=0.0, tokens_used=0, was_proactive=False, context_relevance=0.5, error_occurred=False, tags=[], metadata={})", user_satisfaction=None, response_quality=0.5, latency_ms=0.0, tokens_used=0, was_proactive=False, context_relevance=0.5, error_occurred=False, tags=[], metadata={}), InteractionRecord(id='bd41d0263dda', timestamp='2026-05-27T09:12:59.572278', interaction_type="InteractionRecord(id='db806dc0f151', timestamp='2026-05-27T09:12:59.572278', interaction_type='conversation', user_satisfaction=0.7, response_quality=0.6, latency_ms=0.0, tokens_used=0, was_proactive=False, context_relevance=0.5, error_occurred=False, tags=[], metadata={})", user_satisfaction=None, response_quality=0.5, latency_ms=0.0, tokens_used=0, was_proactive=False, context_relevance=0.5, error_occurred=False, tags=[], metadata={}), InteractionRecord(id='b2d5c0f1768e', timestamp='2026-05-27T09:12:59.582175', interaction_type="InteractionRecord(id='30f4e1e25b5f', timestamp='2026-05-27T09:12:59.582175', interaction_type='conversation', user_satisfaction=0.7, response_quality=0.6, latency_ms=0.0, tokens_used=0, was_proactive=False, context_relevance=0.5, error_occurred=False, tags=[], metadata={})", user_satisfaction=None, response_quality=0.5, latency_ms=0.0, tokens_used=0, was_proactive=False, context_relevance=0.5, error_occurred=False, tags=[], metadata={}), InteractionRecord(id='e035d628a585', timestamp='2026-05-27T09:12:59.588741', interaction_type="InteractionRecord(id='cc3a99e8306f', timestamp='2026-05-27T09:12:59.588741', interaction_type='conversation', user_satisfaction=0.7, response_quality=0.6, latency_ms=0.0, tokens_used=0, was_proactive=False, context_relevance=0.5, error_occurred=False, tags=[], metadata={})", user_satisfaction=None, response_quality=0.5, latency_ms=0.0, tokens_used=0, was_proactive=False, context_relevance=0.5, error_occurred=False, tags=[], metadata={}), InteractionRecord(id='c0f21d4d0641', timestamp='2026-05-27T09:12:59.588741', interaction_type="InteractionRecord(id='c91b0052732f', timestamp='2026-05-27T09:12:59.588741', interaction_type='conversation', user_satisfaction=0.7, response_quality=0.6, latency_ms=0.0, tokens_used=0, was_proactive=False, context_relevance=0.5, error_occurred=False, tags=[], metadata={})", user_satisfaction=None, response_quality=0.5, latency_ms=0.0, tokens_used=0, was_proactive=False, context_relevance=0.5, error_occurred=False, tags=[], metadata={}), InteractionRecord(id='61713e03588d', timestamp='2026-05-27T09:12:59.612311', interaction_type="InteractionRecord(id='b1c47b67ff95', timestamp='2026-05-27T09:12:59.612311', interaction_type='conversation', user_satisfaction=0.7, response_quality=0.6, latency_ms=0.0, tokens_used=0, was_proactive=False, context_relevance=0.5, error_occurred=False, tags=[], metadata={})", user_satisfaction=None, response_quality=0.5, latency_ms=0.0, tokens_used=0, was_proactive=False, context_relevance=0.5, error_occurred=False, tags=[], metadata={}), InteractionRecord(id='1519ec68e213', timestamp='2026-05-27T09:12:59.625120', interaction_type="InteractionRecord(id='edc3f6d4779e', timestamp='2026-05-27T09:12:59.624120', interaction_type='conversation', user_satisfaction=0.7, response_quality=0.6, latency_ms=0.0, tokens_used=0, was_proactive=False, context_relevance=0.5, error_occurred=False, tags=[], metadata={})", user_satisfaction=None, response_quality=0.5, latency_ms=0.0, tokens_used=0, was_proactive=False, context_relevance=0.5, error_occurred=False, tags=[], metadata={}), InteractionRecord(id='2f8774af1832', timestamp='2026-05-27T09:12:59.634124', interaction_type="InteractionRecord(id='26c980c81e67', timestamp='2026-05-27T09:12:59.634124', interaction_type='conversation', user_satisfaction=0.7, response_quality=0.6, latency_ms=0.0, tokens_used=0, was_proactive=False, context_relevance=0.5, error_occurred=False, tags=[], metadata={})", user_satisfaction=None, response_quality=0.5, latency_ms=0.0, tokens_used=0, was_proactive=False, context_relevance=0.5, error_occurred=False, tags=[], metadata={}), InteractionRecord(id='fe00cc00e099', timestamp='2026-05-27T09:12:59.645633', interaction_type="InteractionRecord(id='880f716f6a00', timestamp='2026-05-27T09:12:59.645633', interaction_type='conversation', user_satisfaction=0.7, response_quality=0.6, latency_ms=0.0, tokens_used=0, was_proactive=False, context_relevance=0.5, error_occurred=False, tags=[], metadata={})", user_satisfaction=None, response_quality=0.5, latency_ms=0.0, tokens_used=0, was_proactive=False, context_relevance=0.5, error_occurred=False, tags=[], metadata={}), InteractionRecord(id='86c26972ab30', timestamp='2026-05-27T09:12:59.655657', interaction_type="InteractionRecord(id='7c50e00fe662', timestamp='2026-05-27T09:12:59.655657', interaction_type='conversation', user_satisfaction=0.7, response_quality=0.6, latency_ms=0.0, tokens_used=0, was_proactive=False, context_relevance=0.5, error_occurred=False, tags=[], metadata={})", user_satisfaction=None, response_quality=0.5, latency_ms=0.0, tokens_used=0, was_proactive=False, context_relevance=0.5, error_occurred=False, tags=[], metadata={}), InteractionRecord(id='e27ca8e528a2', timestamp='2026-05-27T09:12:59.655657', interaction_type="InteractionRecord(id='bc791295facf', timestamp='2026-05-27T09:12:59.655657', interaction_type='conversation', user_satisfaction=0.7, response_quality=0.6, latency_ms=0.0, tokens_used=0, was_proactive=False, context_relevance=0.5, error_occurred=False, tags=[], metadata={})", user_satisfaction=None, response_quality=0.5, latency_ms=0.0, tokens_used=0, was_proactive=False, context_relevance=0.5, error_occurred=False, tags=[], metadata={}), InteractionRecord(id='d8b6529686c6', timestamp='2026-05-27T09:12:59.672158', interaction_type="InteractionRecord(id='8ae94a8122ce', timestamp='2026-05-27T09:12:59.672158', interaction_type='conversation', user_satisfaction=0.7, response_quality=0.6, latency_ms=0.0, tokens_used=0, was_proactive=False, context_relevance=0.5, error_occurred=False, tags=[], metadata={})", user_satisfaction=None, response_quality=0.5, latency_ms=0.0, tokens_used=0, was_proactive=False, context_relevance=0.5, error_occurred=False, tags=[], metadata={}), InteractionRecord(id='a01290506102', timestamp='2026-05-27T09:12:59.688288', interaction_type="InteractionRecord(id='14353aa866a0', timestamp='2026-05-27T09:12:59.688288', interaction_type='conversation', user_satisfaction=0.7, response_quality=0.6, latency_ms=0.0, tokens_used=0, was_proactive=False, context_relevance=0.5, error_occurred=False, tags=[], metadata={})", user_satisfaction=None, response_quality=0.5, latency_ms=0.0, tokens_used=0, was_proactive=False, context_relevance=0.5, error_occurred=False, tags=[], metadata={}), InteractionRecord(id='f613edeae038', timestamp='2026-05-27T09:12:59.704973', interaction_type="InteractionRecord(id='4e2448efebf4', timestamp='2026-05-27T09:12:59.704973', interaction_type='conversation', user_satisfaction=0.7, response_quality=0.6, latency_ms=0.0, tokens_used=0, was_proactive=False, context_relevance=0.5, error_occurred=False, tags=[], metadata={})", user_satisfaction=None, response_quality=0.5, latency_ms=0.0, tokens_used=0, was_proactive=False, context_relevance=0.5, error_occurred=False, tags=[], metadata={}), InteractionRecord(id='dfc735fb2093', timestamp='2026-05-27T09:12:59.721610', interaction_type="InteractionRecord(id='ecab598815b5', timestamp='2026-05-27T09:12:59.721610', interaction_type='conversation', user_satisfaction=0.7, response_quality=0.6, latency_ms=0.0, tokens_used=0, was_proactive=False, context_relevance=0.5, error_occurred=False, tags=[], metadata={})", user_satisfaction=None, response_quality=0.5, latency_ms=0.0, tokens_used=0, was_proactive=False, context_relevance=0.5, error_occurred=False, tags=[], metadata={}), InteractionRecord(id='fe4ef7ca08eb', timestamp='2026-05-27T09:12:59.721610', interaction_type="InteractionRecord(id='80c8c8207ba1', timestamp='2026-05-27T09:12:59.721610', interaction_type='conversation', user_satisfaction=0.7, response_quality=0.6, latency_ms=0.0, tokens_used=0, was_proactive=False, context_relevance=0.5, error_occurred=False, tags=[], metadata={})", user_satisfaction=None, response_quality=0.5, latency_ms=0.0, tokens_used=0, was_proactive=False, context_relevance=0.5, error_occurred=False, tags=[], metadata={}), InteractionRecord(id='3afb5a805f31', timestamp='2026-05-27T09:12:59.737030', interaction_type="InteractionRecord(id='72472fbd1217', timestamp='2026-05-27T09:12:59.737030', interaction_type='conversation', user_satisfaction=0.7, response_quality=0.6, latency_ms=0.0, tokens_used=0, was_proactive=False, context_relevance=0.5, error_occurred=False, tags=[], metadata={})", user_satisfaction=None, response_quality=0.5, latency_ms=0.0, tokens_used=0, was_proactive=False, context_relevance=0.5, error_occurred=False, tags=[], metadata={}), InteractionRecord(id='283e21e90033', timestamp='2026-05-27T09:12:59.743190', interaction_type="InteractionRecord(id='c3f772ae2c56', timestamp='2026-05-27T09:12:59.743190', interaction_type='conversation', user_satisfaction=0.7, response_quality=0.6, latency_ms=0.0, tokens_used=0, was_proactive=False, context_relevance=0.5, error_occurred=False, tags=[], metadata={})", user_satisfaction=None, response_quality=0.5, latency_ms=0.0, tokens_used=0, was_proactive=False, context_relevance=0.5, error_occurred=False, tags=[], metadata={}), InteractionRecord(id='fb126514cb98', timestamp='2026-05-27T09:12:59.743190', interaction_type="InteractionRecord(id='ee4657014fda', timestamp='2026-05-27T09:12:59.743190', interaction_type='conversation', user_satisfaction=0.7, response_quality=0.6, latency_ms=0.0, tokens_used=0, was_proactive=False, context_relevance=0.5, error_occurred=False, tags=[], metadata={})", user_satisfaction=None, response_quality=0.5, latency_ms=0.0, tokens_used=0, was_proactive=False, context_relevance=0.5, error_occurred=False, tags=[], metadata={}), InteractionRecord(id='0e738b8d19a0', timestamp='2026-05-27T09:12:59.755656', interaction_type="InteractionRecord(id='488231092a2f', timestamp='2026-05-27T09:12:59.755656', interaction_type='conversation', user_satisfaction=0.7, response_quality=0.6, latency_ms=0.0, tokens_used=0, was_proactive=False, context_relevance=0.5, error_occurred=False, tags=[], metadata={})", user_satisfaction=None, response_quality=0.5, latency_ms=0.0, tokens_used=0, was_proactive=False, context_relevance=0.5, error_occurred=False, tags=[], metadata={}), InteractionRecord(id='ac25f59080c0', timestamp='2026-05-27T09:13:46.370191', interaction_type="InteractionRecord(id='f77a3070d970', timestamp='2026-05-27T09:13:46.370191', interaction_type='conversation', user_satisfaction=0.8, response_quality=0.7, latency_ms=500, tokens_used=0, was_proactive=False, context_relevance=0.5, error_occurred=False, tags=[], metadata={})", user_satisfaction=None, response_quality=0.5, latency_ms=0.0, tokens_used=0, was_proactive=False, context_relevance=0.5, error_occurred=False, tags=[], metadata={})] = <core.evolution_engine.EvolutionEngine object at 0x00000000074D67E0>._interactions
FAILED tests/test_evolution_systems.py::TestEvolutionEngine::test_generate_performance_report - AttributeError: 'EvolutionEngine' object has no attribute 'generate_performance_report'
FAILED tests/test_evolution_systems.py::TestEvolutionEngine::test_create_hypothesis - AttributeError: 'EvolutionEngine' object has no attribute 'create_hypothesis'. Did you mean: 'generate_hypotheses'?
FAILED tests/test_evolution_systems.py::TestEvolutionEngine::test_create_mutation - AttributeError: 'EvolutionEngine' object has no attribute 'create_mutation'. Did you mean: 'revert_mutation'?
FAILED tests/test_evolution_systems.py::TestMetaEvolutionEngine::test_record_strategy_outcome - AssertionError: assert 5 == 1
 +  where 5 = LearningStrategy(id='a05f229f2e', name='correction_based', description='Generate hypotheses from user correction patterns', success_rate=0.763804, avg_effect_size=0.122853, usage_count=5, last_used='2026-05-27T09:13:46.672649', domain_effectiveness={'factual_accuracy': 0.822853, 'context_usage': 0.5}).usage_count
FAILED tests/test_evolution_systems.py::TestMetaEvolutionEngine::test_update_evolutionary_pressures - AssertionError: assert ('career' in {} or 'health' in {})
FAILED tests/test_evolution_systems.py::TestMetaEvolutionEngine::test_get_evolutionary_priorities - assert 0 > 0
 +  where 0 = len([])
FAILED tests/test_evolution_systems.py::TestSwarmEvolutionEngine::test_spawn_swarms - assert 0 == 2
 +  where 0 = len([])
FAILED tests/test_evolution_systems.py::TestSwarmEvolutionEngine::test_update_swarm_performance - IndexError: list index out of range
FAILED tests/test_evolution_systems.py::TestSwarmEvolutionEngine::test_start_competition - AssertionError: assert '' in {'8b9e25f657': Competition(id='8b9e25f657', swarms=['9def7039be', '56bf9c52ee'], started_at='2026-05-27T01:07:38.308946', ended_at=None, winner_swarm_id=None, winning_mutation='', criteria=['user_satisfaction', 'effectiveness', 'efficiency'], results={})}
 +  where {'8b9e25f657': Competition(id='8b9e25f657', swarms=['9def7039be', '56bf9c52ee'], started_at='2026-05-27T01:07:38.308946', ended_at=None, winner_swarm_id=None, winning_mutation='', criteria=['user_satisfaction', 'effectiveness', 'efficiency'], results={})} = <core.swarm_evolution.SwarmEvolutionEngine object at 0x0000000028146C00>._competitions
FAILED tests/test_evolution_systems.py::TestSwarmEvolutionEngine::test_optimize_swarm_allocation - IndexError: list index out of range
FAILED tests/test_evolution_systems.py::TestCapabilityGapDetector::test_prioritize_gaps - AssertionError: assert 10 == 2
 +  where 10 = len([CapabilityGap(id='ee3a239ffd', domain='health', subdomain='test', description='Test gap 1', severity=0.8, impact=0.7, urgency=0.6, root_causes=[], related_gaps=[], suggested_fixes=[], evidence=[], first_detected='2026-05-27T01:08:05.088988', last_updated='2026-05-27T01:08:05.088988', status='open', resolution_notes='', trend='stable'), CapabilityGap(id='f5e4a8bdb8', domain='health', subdomain='test', description='Test gap 1', severity=0.8, impact=0.7, urgency=0.6, root_causes=[], related_gaps=[], suggested_fixes=[], evidence=[], first_detected='2026-05-27T09:11:12.410650', last_updated='2026-05-27T09:11:12.410650', status='open', resolution_notes='', trend='stable'), CapabilityGap(id='eac79fc3bd', domain='health', subdomain='test', description='Test gap 1', severity=0.8, impact=0.7, urgency=0.6, root_causes=[], related_gaps=[], suggested_fixes=[], evidence=[], first_detected='2026-05-27T09:12:16.401747', last_updated='2026-05-27T09:12:16.401747', status='open', resolution_notes='', trend='stable'), CapabilityGap(id='9cfff3d8f0', domain='health', subdomain='test', description='Test gap 1', severity=0.8, impact=0.7, urgency=0.6, root_causes=[], related_gaps=[], suggested_fixes=[], evidence=[], first_detected='2026-05-27T09:12:58.371323', last_updated='2026-05-27T09:12:58.371323', status='open', resolution_notes='', trend='stable'), CapabilityGap(id='8528f14e8b', domain='health', subdomain='test', description='Test gap 1', severity=0.8, impact=0.7, urgency=0.6, root_causes=[], related_gaps=[], suggested_fixes=[], evidence=[], first_detected='2026-05-27T09:14:09.552677', last_updated='2026-05-27T09:14:09.552677', status='open', resolution_notes='', trend='stable'), CapabilityGap(id='03bb1750ba', domain='career', subdomain='test', description='Test gap 2', severity=0.5, impact=0.4, urgency=0.3, root_causes=[], related_gaps=[], suggested_fixes=[], evidence=[], first_detected='2026-05-27T01:08:05.088988', last_updated='2026-05-27T01:08:05.088988', status='open', resolution_notes='', trend='stable'), CapabilityGap(id='192860cf23', domain='career', subdomain='test', description='Test gap 2', severity=0.5, impact=0.4, urgency=0.3, root_causes=[], related_gaps=[], suggested_fixes=[], evidence=[], first_detected='2026-05-27T09:11:12.410650', last_updated='2026-05-27T09:11:12.410650', status='open', resolution_notes='', trend='stable'), CapabilityGap(id='2232077ae9', domain='career', subdomain='test', description='Test gap 2', severity=0.5, impact=0.4, urgency=0.3, root_causes=[], related_gaps=[], suggested_fixes=[], evidence=[], first_detected='2026-05-27T09:12:16.401747', last_updated='2026-05-27T09:12:16.401747', status='open', resolution_notes='', trend='stable'), CapabilityGap(id='4c711067ee', domain='career', subdomain='test', description='Test gap 2', severity=0.5, impact=0.4, urgency=0.3, root_causes=[], related_gaps=[], suggested_fixes=[], evidence=[], first_detected='2026-05-27T09:12:58.371323', last_updated='2026-05-27T09:12:58.371323', status='open', resolution_notes='', trend='stable'), CapabilityGap(id='269a824e14', domain='career', subdomain='test', description='Test gap 2', severity=0.5, impact=0.4, urgency=0.3, root_causes=[], related_gaps=[], suggested_fixes=[], evidence=[], first_detected='2026-05-27T09:14:09.552677', last_updated='2026-05-27T09:14:09.552677', status='open', resolution_notes='', trend='stable')])
FAILED tests/test_evolution_systems.py::TestAutonomousCICD::test_check_rollback_triggers - AssertionError: assert ('error_rate' in 'User satisfaction drops below 30% (current: 0.0, threshold: 0.3)' or 'satisfaction_rate' in 'User satisfaction drops below 30% (current: 0.0, threshold: 0.3)')
FAILED tests/test_evolution_systems.py::TestEvolutionIntegration::test_meta_evolution_with_base_evolution - AttributeError: 'EvolutionEngine' object has no attribute 'generate_performance_report'
FAILED tests/test_evolution_systems.py::TestEvolutionIntegration::test_swarm_with_hypotheses - AssertionError: assert '' in {'8b9e25f657': Competition(id='8b9e25f657', swarms=['9def7039be', '56bf9c52ee'], started_at='2026-05-27T01:07:38.308946', ended_at=None, winner_swarm_id=None, winning_mutation='', criteria=['user_satisfaction', 'effectiveness', 'efficiency'], results={})}
 +  where {'8b9e25f657': Competition(id='8b9e25f657', swarms=['9def7039be', '56bf9c52ee'], started_at='2026-05-27T01:07:38.308946', ended_at=None, winner_swarm_id=None, winning_mutation='', criteria=['user_satisfaction', 'effectiveness', 'efficiency'], results={})} = <core.swarm_evolution.SwarmEvolutionEngine object at 0x0000000028146C00>._competitions
FAILED tests/test_evolution_systems.py::TestEvolutionPerformance::test_interaction_recording_performance - assert 1.0883989334106445 < 1.0
FAILED tests/test_evolution_systems.py::TestEvolutionPerformance::test_hypothesis_generation_performance - AttributeError: 'EvolutionEngine' object has no attribute 'create_hypothesis'. Did you mean: 'generate_hypotheses'?
======================= 17 failed, 22 passed in 25.66s ========================
